IQ-TREE multicore version 2.3.6 for MacOS ARM 64-bit built Jul 30 2024
Developed by Bui Quang Minh, Nguyen Lam Tung, Olga Chernomor, Heiko Schmidt,
Dominik Schrempf, Michael Woodhams, Ly Trong Nhan, Thomas Wong

Host:    Bushras-MacBook-Air.local (SSE4.2, 16 GB RAM)
Command: iqtree2 -s /Users/bushrakhan/Desktop/NIPGR-data/MADS-box-Evolutionary-gene-detection/Simultaneous_Phylogenetic_Analysis/Results_v4/Oryza_sativa/Oryza_sativa_MAFFT.fa -m LG+G -B 1000 -T AUTO --abayes -pre /Users/bushrakhan/Desktop/NIPGR-data/MADS-box-Evolutionary-gene-detection/Simultaneous_Phylogenetic_Analysis/Results_v4/Oryza_sativa/Oryza_sativa_MAFFT_Bayes -redo
Seed:    26322 (Using SPRNG - Scalable Parallel Random Number Generator)
Time:    Tue Apr  7 17:34:38 2026
Kernel:  SSE2 - auto-detect threads (10 CPU cores detected)

Reading alignment file /Users/bushrakhan/Desktop/NIPGR-data/MADS-box-Evolutionary-gene-detection/Simultaneous_Phylogenetic_Analysis/Results_v4/Oryza_sativa/Oryza_sativa_MAFFT.fa ... Fasta format detected
Reading fasta file: done in 0.00214505 secs using 88.62% CPU
Alignment most likely contains protein sequences
Alignment has 118 sequences with 962 columns, 773 distinct patterns
362 parsimony-informative, 214 singleton sites, 386 constant sites
                  Gap/Ambiguity  Composition  p-value
Analyzing sequences: done in 9.70364e-05 secs using 282.4% CPU
   1  LOC_Os10g39130.1   75.78%    passed     16.76%
   2  LOC_Os08g41950.1   67.78%    passed     64.63%
   3  LOC_Os08g41960.1   80.98%    passed     51.94%
   4  LOC_Os08g33488.1   83.47%    passed     95.30%
   5  LOC_Os08g02070.1   76.92%    passed     38.84%
   6  LOC_Os04g31804.1   74.12%    failed      0.51%
   7  LOC_Os04g23910.1   76.40%    passed     94.07%
   8  LOC_Os04g49150.1   73.60%    passed     83.86%
   9  LOC_Os04g52410.2   75.05%    passed     18.34%
  10  LOC_Os07g41370.1   74.12%    passed     41.47%
  11  LOC_Os07g01820.1   69.23%    passed     34.67%
  12  LOC_Os01g10504.1   70.17%    passed      8.24%
  13  LOC_Os01g66290.1   72.45%    failed      1.94%
  14  LOC_Os01g52680.1   79.63%    passed     70.42%
  15  LOC_Os01g66030.1   78.27%    passed     83.71%
  16  LOC_Os03g54170.1   75.16%    passed     10.73%
  17  LOC_Os03g11614.1   73.28%    passed     12.88%
  18  LOC_Os03g54160.1   73.70%    passed     93.08%
  19  LOC_Os03g08754.1   74.01%    passed      6.69%
  20  LOC_Os02g52340.1   76.30%    passed     57.11%
  21  LOC_Os02g07430.1   72.97%    passed     37.97%
  22  LOC_Os02g49840.1   74.95%    passed     84.07%
  23  LOC_Os02g45770.1   74.01%    passed     65.97%
  24  LOC_Os02g01355.1   71.83%    passed      8.91%
  25  LOC_Os02g36924.1   75.05%    passed     99.50%
  26  LOC_Os02g01365.1   49.79%    failed      0.07%
  27  LOC_Os09g32948.1   74.22%    passed     77.72%
  28  LOC_Os06g49840.1   76.72%    passed     12.52%
  29  LOC_Os06g01890.1   77.86%    passed     74.89%
  30  LOC_Os06g45650.1   77.03%    passed     15.74%
  31  LOC_Os06g11330.1   79.31%    passed     60.31%
  32  LOC_Os06g06750.1   76.61%    passed     91.19%
  33  LOC_Os12g10520.1   79.00%    passed     22.98%
  34  LOC_Os12g31748.2   74.32%    passed     93.50%
  35  LOC_Os12g10540.3   71.93%    failed      0.03%
  36  LOC_Os05g11414.1   70.06%    passed     52.07%
  37  LOC_Os05g34940.1   77.65%    passed     91.69%
  38  LOC_Os05g11380.1   84.62%    passed     43.66%
  39  LOC_Os11g43740.1   59.25%    failed      0.00%
  40  AT5G65080.1        78.69%    passed     26.94%
  41  AT5G65050.2        81.50%    passed     20.53%
  42  AT2G03710.3        80.56%    passed     75.01%
  43  AT5G20240.1        78.38%    passed     15.79%
  44  AT4G09960.3        73.39%    passed     38.79%
  45  AT3G58780.1        74.22%    passed     69.16%
  46  AT5G15800.1        73.91%    passed     26.40%
  47  AT5G62165.1        78.17%    passed     64.78%
  48  AT3G58780.2        74.95%    passed     72.40%
  49  AT5G23260.2        73.80%    failed      3.59%
  50  AT5G23260.1        74.32%    passed      5.01%
  51  AT5G65060.1        79.63%    passed     17.55%
  52  AT1G24260.3        75.36%    passed     40.53%
  53  AT5G65070.1        79.21%    passed      9.58%
  54  AT5G10140.2        82.64%    passed      6.36%
  55  AT3G57230.1        75.05%    passed     49.60%
  56  AT1G77080.5        82.02%    passed     11.78%
  57  AT5G51870.1        78.48%    passed     44.48%
  58  AT5G62165.3        78.17%    passed     64.78%
  59  AT3G58780.3        71.62%    passed     62.59%
  60  AT5G65050.3        79.63%    passed     39.31%
  61  AT4G09960.4        75.68%    passed     26.28%
  62  AT5G65060.2        80.77%    passed     27.37%
  63  AT2G03710.1        73.18%    passed     89.32%
  64  AT2G22540.1        75.05%    passed     75.01%
  65  AT2G03060.2        59.88%    failed      0.05%
  66  AT1G77950.1        73.80%    passed     49.62%
  67  AT1G77950.2        73.80%    passed     49.62%
  68  AT1G24260.2        73.91%    passed     47.71%
  69  AT5G23260.3        75.26%    passed      6.61%
  70  AT4G37940.1        76.30%    passed     95.35%
  71  AT1G26310.1        73.49%    passed     76.44%
  72  AT5G51860.1        78.07%    passed     16.62%
  73  AT5G62165.4        79.63%    passed     86.62%
  74  AT2G14210.1        75.68%    passed     76.22%
  75  AT1G59810.1        70.58%    failed      0.16%
  76  AT4G09960.2        77.55%    passed     23.42%
  77  AT5G51870.3        77.23%    passed     58.88%
  78  AT1G71692.1        78.07%    passed     59.08%
  79  AT3G02310.1        74.01%    passed     27.82%
  80  AT5G65050.1        81.08%    passed     38.09%
  81  AT4G09960.1        76.09%    passed     25.66%
  82  AT2G42830.1        74.43%    passed     34.91%
  83  AT3G57390.1        73.39%    passed     58.28%
  84  AT5G10140.3        80.67%    passed     12.31%
  85  AT1G22130.1        65.18%    passed     29.33%
  86  AT1G77080.4        79.63%    passed     41.71%
  87  AT3G54340.1        75.88%    passed     46.39%
  88  AT5G65070.3        75.88%    passed     19.86%
  89  AT4G18960.1        73.80%    passed     24.01%
  90  AT1G69540.1        64.24%    passed     54.91%
  91  AT1G31140.1        77.86%    passed     78.50%
  92  AT5G10140.4        81.08%    passed     15.49%
  93  AT4G22950.1        77.23%    passed     61.93%
  94  AT2G03710.2        73.28%    passed     90.42%
  95  AT1G77080.2        80.04%    passed     40.50%
  96  AT1G31140.2        77.65%    passed     77.96%
  97  AT2G42830.2        74.22%    passed     34.04%
  98  AT5G13790.1        72.14%    passed     46.92%
  99  AT1G77980.1        65.49%    passed     43.10%
 100  AT5G60910.1        74.84%    passed     91.90%
 101  AT5G65070.2        75.99%    passed     20.93%
 102  AT5G10140.1        79.63%    passed     10.14%
 103  AT5G15800.2        72.77%    passed     19.77%
 104  AT5G65080.2        79.52%    passed     32.26%
 105  AT2G45650.1        73.80%    passed     79.05%
 106  AT2G22630.1        76.40%    passed     89.42%
 107  AT3G30260.1        74.12%    passed     31.35%
 108  AT4G11880.1        77.03%    passed     57.85%
 109  AT5G51860.2        79.00%    passed     11.34%
 110  AT5G62165.2        78.17%    passed     64.78%
 111  AT4G24540.1        77.13%    failed      3.04%
 112  AT2G45660.1        77.75%    passed     52.69%
 113  AT1G24260.1        74.01%    passed     42.38%
 114  AT3G57230.2        75.16%    passed     58.80%
 115  AT1G69120.1        73.39%    passed     45.93%
 116  AT5G51870.2        82.12%    passed     30.07%
 117  AT2G22540.2        75.57%    passed     73.29%
 118  AT3G61120.1        74.64%    passed     22.51%
WARNING: 117 sequences contain more than 50% gaps/ambiguity
****  TOTAL              75.37%  9 sequences failed composition chi2 test (p-value<5%; df=19)
NOTE: AT5G62165.3 is identical to AT5G62165.1 but kept for subsequent analysis
NOTE: AT1G77950.2 is identical to AT1G77950.1 but kept for subsequent analysis
NOTE: 1 identical sequences (see below) will be ignored for subsequent analysis
NOTE: AT5G62165.2 (identical to AT5G62165.1) is ignored but added at the end
Alignment was printed to /Users/bushrakhan/Desktop/NIPGR-data/MADS-box-Evolutionary-gene-detection/Simultaneous_Phylogenetic_Analysis/Results_v4/Oryza_sativa/Oryza_sativa_MAFFT_Bayes.uniqueseq.phy

For your convenience alignment with unique sequences printed to /Users/bushrakhan/Desktop/NIPGR-data/MADS-box-Evolutionary-gene-detection/Simultaneous_Phylogenetic_Analysis/Results_v4/Oryza_sativa/Oryza_sativa_MAFFT_Bayes.uniqueseq.phy

Create initial parsimony tree by phylogenetic likelihood library (PLL)... 0.037 seconds
Generating 1000 samples for ultrafast bootstrap (seed: 26322)...

NOTE: 60 MB RAM (0 GB) is required!
Measuring multi-threading efficiency up to 10 CPU cores
Increase to 10 rounds for branch lengths
3 trees examined
Threads: 1 / Time: 14.353 sec / Speedup: 1.000 / Efficiency: 100% / LogL: -54288
Threads: 2 / Time: 9.199 sec / Speedup: 1.560 / Efficiency: 78% / LogL: -54288
Threads: 3 / Time: 6.326 sec / Speedup: 2.269 / Efficiency: 76% / LogL: -54288
Threads: 4 / Time: 5.818 sec / Speedup: 2.467 / Efficiency: 62% / LogL: -54288
Threads: 5 / Time: 5.835 sec / Speedup: 2.460 / Efficiency: 49% / LogL: -54288
BEST NUMBER OF THREADS: 4

Estimate model parameters (epsilon = 0.100)
1. Initial log-likelihood: -38574.015
2. Current log-likelihood: -34934.464
3. Current log-likelihood: -34866.593
4. Current log-likelihood: -34864.186
5. Current log-likelihood: -34864.033
Optimal log-likelihood: -34864.013
Gamma shape alpha: 0.856
Parameters optimization took 5 rounds (5.212 sec)
Wrote distance file to... 
Computing ML distances based on estimated model parameters...
Calculating distance matrix: done in 1.06098 secs using 395.9% CPU
Computing ML distances took 1.061229 sec (of wall-clock time) 4.200529 sec (of CPU time)
Setting up auxiliary I and S matrices: done in 0.00020504 secs using 213.1% CPU
Computing RapidNJ tree took 0.008023 sec (of wall-clock time) 0.008181 sec (of CPU time)
Log-likelihood of RapidNJ tree: -35054.292
--------------------------------------------------------------------
|             INITIALIZING CANDIDATE TREE SET                      |
--------------------------------------------------------------------
Generating 98 parsimony trees... 3.944 second
Computing log-likelihood of 98 initial trees ... 23.880 seconds
Current best score: -34864.013

Do NNI search on 20 best initial trees
Estimate model parameters (epsilon = 0.100)
BETTER TREE FOUND at iteration 1: -34778.720
Estimate model parameters (epsilon = 0.100)
BETTER TREE FOUND at iteration 2: -34769.446
Iteration 10 / LogL: -34776.301 / Time: 0h:2m:31s
Iteration 20 / LogL: -34772.581 / Time: 0h:3m:47s
Finish initializing candidate tree set (20)
Current best tree score: -34769.446 / CPU time: 178.146
Number of iterations: 20
--------------------------------------------------------------------
|               OPTIMIZING CANDIDATE TREE SET                      |
--------------------------------------------------------------------
Estimate model parameters (epsilon = 0.100)
BETTER TREE FOUND at iteration 25: -34767.160
Iteration 30 / LogL: -34767.560 / Time: 0h:5m:3s (0h:16m:35s left)
Estimate model parameters (epsilon = 0.100)
BETTER TREE FOUND at iteration 31: -34766.441
Iteration 40 / LogL: -34767.162 / Time: 0h:6m:14s (0h:14m:34s left)
Iteration 50 / LogL: -34788.492 / Time: 0h:7m:35s (0h:12m:32s left)
Log-likelihood cutoff on original alignment: -34819.047
Iteration 60 / LogL: -34766.933 / Time: 0h:8m:49s (0h:10m:36s left)
Iteration 70 / LogL: -34766.927 / Time: 0h:10m:1s (0h:8m:51s left)
Iteration 80 / LogL: -34766.931 / Time: 0h:11m:15s (0h:7m:16s left)
Iteration 90 / LogL: -34767.964 / Time: 0h:12m:30s (0h:5m:45s left)
Iteration 100 / LogL: -34766.761 / Time: 0h:13m:44s (0h:4m:18s left)
Log-likelihood cutoff on original alignment: -34819.047
NOTE: Bootstrap correlation coefficient of split occurrence frequencies: 0.999
Iteration 110 / LogL: -34769.004 / Time: 0h:14m:57s (0h:12m:21s left)
Iteration 120 / LogL: -34766.640 / Time: 0h:16m:11s (0h:10m:52s left)
Iteration 130 / LogL: -34767.439 / Time: 0h:17m:25s (0h:9m:27s left)
TREE SEARCH COMPLETED AFTER 132 ITERATIONS / Time: 0h:17m:41s

--------------------------------------------------------------------
|                    FINALIZING TREE SEARCH                        |
--------------------------------------------------------------------
Performs final model parameters optimization
Estimate model parameters (epsilon = 0.010)
1. Initial log-likelihood: -34766.441
Optimal log-likelihood: -34766.441
Gamma shape alpha: 0.862
Parameters optimization took 1 rounds (0.666 sec)
BEST SCORE FOUND : -34766.441

Testing tree branches by aBayes parametric test...
1.132 sec.
Creating bootstrap support values...
Split supports printed to NEXUS file /Users/bushrakhan/Desktop/NIPGR-data/MADS-box-Evolutionary-gene-detection/Simultaneous_Phylogenetic_Analysis/Results_v4/Oryza_sativa/Oryza_sativa_MAFFT_Bayes.splits.nex
Total tree length: 62.903

Total number of iterations: 132
CPU time used for tree search: 2999.128 sec (0h:49m:59s)
Wall-clock time used for tree search: 1011.888 sec (0h:16m:51s)
Total CPU time used: 3109.596 sec (0h:51m:49s)
Total wall-clock time used: 1063.156 sec (0h:17m:43s)

Computing bootstrap consensus tree...
Reading input file /Users/bushrakhan/Desktop/NIPGR-data/MADS-box-Evolutionary-gene-detection/Simultaneous_Phylogenetic_Analysis/Results_v4/Oryza_sativa/Oryza_sativa_MAFFT_Bayes.splits.nex...
117 taxa and 644 splits.
Consensus tree written to /Users/bushrakhan/Desktop/NIPGR-data/MADS-box-Evolutionary-gene-detection/Simultaneous_Phylogenetic_Analysis/Results_v4/Oryza_sativa/Oryza_sativa_MAFFT_Bayes.contree
Reading input trees file /Users/bushrakhan/Desktop/NIPGR-data/MADS-box-Evolutionary-gene-detection/Simultaneous_Phylogenetic_Analysis/Results_v4/Oryza_sativa/Oryza_sativa_MAFFT_Bayes.contree
Log-likelihood of consensus tree: -34766.728

Analysis results written to: 
  IQ-TREE report:                /Users/bushrakhan/Desktop/NIPGR-data/MADS-box-Evolutionary-gene-detection/Simultaneous_Phylogenetic_Analysis/Results_v4/Oryza_sativa/Oryza_sativa_MAFFT_Bayes.iqtree
  Maximum-likelihood tree:       /Users/bushrakhan/Desktop/NIPGR-data/MADS-box-Evolutionary-gene-detection/Simultaneous_Phylogenetic_Analysis/Results_v4/Oryza_sativa/Oryza_sativa_MAFFT_Bayes.treefile
  Likelihood distances:          /Users/bushrakhan/Desktop/NIPGR-data/MADS-box-Evolutionary-gene-detection/Simultaneous_Phylogenetic_Analysis/Results_v4/Oryza_sativa/Oryza_sativa_MAFFT_Bayes.mldist

Ultrafast bootstrap approximation results written to:
  Split support values:          /Users/bushrakhan/Desktop/NIPGR-data/MADS-box-Evolutionary-gene-detection/Simultaneous_Phylogenetic_Analysis/Results_v4/Oryza_sativa/Oryza_sativa_MAFFT_Bayes.splits.nex
  Consensus tree:                /Users/bushrakhan/Desktop/NIPGR-data/MADS-box-Evolutionary-gene-detection/Simultaneous_Phylogenetic_Analysis/Results_v4/Oryza_sativa/Oryza_sativa_MAFFT_Bayes.contree
  Screen log file:               /Users/bushrakhan/Desktop/NIPGR-data/MADS-box-Evolutionary-gene-detection/Simultaneous_Phylogenetic_Analysis/Results_v4/Oryza_sativa/Oryza_sativa_MAFFT_Bayes.log

Date and Time: Tue Apr  7 17:52:23 2026
