IQ-TREE multicore version 2.3.6 for MacOS ARM 64-bit built Jul 30 2024
Developed by Bui Quang Minh, Nguyen Lam Tung, Olga Chernomor, Heiko Schmidt,
Dominik Schrempf, Michael Woodhams, Ly Trong Nhan, Thomas Wong

Host:    Bushras-MacBook-Air.local (SSE4.2, 16 GB RAM)
Command: iqtree2 -s /Users/bushrakhan/Desktop/NIPGR-data/MADS-box-Evolutionary-gene-detection/Simultaneous_Phylogenetic_Analysis/Results_v4/Oryza_sativa/Oryza_sativa_MUSCLE.fa -m JTT+G -B 1000 -T AUTO -pre /Users/bushrakhan/Desktop/NIPGR-data/MADS-box-Evolutionary-gene-detection/Simultaneous_Phylogenetic_Analysis/Results_v4/Oryza_sativa/Oryza_sativa_MUSCLE_NJ -redo
Seed:    329051 (Using SPRNG - Scalable Parallel Random Number Generator)
Time:    Tue Apr  7 16:10:59 2026
Kernel:  SSE2 - auto-detect threads (10 CPU cores detected)

Reading alignment file /Users/bushrakhan/Desktop/NIPGR-data/MADS-box-Evolutionary-gene-detection/Simultaneous_Phylogenetic_Analysis/Results_v4/Oryza_sativa/Oryza_sativa_MUSCLE.fa ... Fasta format detected
Reading fasta file: done in 0.00317502 secs using 81.57% CPU
Alignment most likely contains protein sequences
Alignment has 118 sequences with 1411 columns, 923 distinct patterns
313 parsimony-informative, 332 singleton sites, 766 constant sites
                  Gap/Ambiguity  Composition  p-value
Analyzing sequences: done in 9.39369e-05 secs using 326.8% CPU
   1  AT1G59810.1        79.94%    failed      0.32%
   2  AT2G03060.2        72.64%    failed      0.18%
   3  AT1G69540.1        75.62%    passed     57.25%
   4  LOC_Os11g43740.1   72.22%    failed      0.01%
   5  LOC_Os08g41960.1   87.03%    passed     34.42%
   6  AT1G77980.1        76.47%    passed     38.99%
   7  AT1G77950.1        82.14%    passed     27.50%
   8  AT1G77950.2        82.14%    passed     27.50%
   9  AT1G22130.1        76.26%    passed     27.40%
  10  LOC_Os04g31804.1   82.35%    failed      0.37%
  11  AT1G31140.1        84.90%    passed     82.36%
  12  AT1G31140.2        84.76%    passed     81.52%
  13  LOC_Os02g07430.1   81.57%    passed     43.89%
  14  AT5G13790.1        81.01%    passed     16.23%
  15  AT1G71692.1        85.05%    passed     54.03%
  16  AT5G51870.2        87.81%    passed     23.59%
  17  LOC_Os03g11614.1   81.79%    passed     17.35%
  18  LOC_Os01g66290.1   81.22%    failed      0.86%
  19  LOC_Os06g06750.1   84.05%    passed     75.91%
  20  LOC_Os05g11380.1   89.51%    passed     47.15%
  21  AT4G24540.1        84.41%    failed      0.43%
  22  AT3G61120.1        82.71%    passed     12.64%
  23  LOC_Os05g11414.1   79.59%    passed     41.15%
  24  AT2G42830.1        82.57%    passed     16.50%
  25  AT2G42830.2        82.42%    passed     15.83%
  26  AT3G58780.3        80.65%    passed     36.69%
  27  AT3G58780.1        82.42%    passed     45.72%
  28  AT3G58780.2        82.92%    passed     50.55%
  29  LOC_Os01g10504.1   79.66%    failed      4.81%
  30  AT5G60910.1        82.85%    passed     62.12%
  31  AT3G57230.2        83.06%    passed     32.80%
  32  LOC_Os03g08754.1   82.28%    failed      0.93%
  33  AT3G30260.1        82.35%    passed     16.96%
  34  AT5G51870.1        85.33%    passed     21.80%
  35  AT5G51870.3        84.48%    passed     29.76%
  36  AT5G51860.1        85.05%    passed      8.92%
  37  AT5G51860.2        85.68%    passed      5.13%
  38  AT5G62165.1        85.12%    passed     30.27%
  39  AT5G62165.3        85.12%    passed     30.27%
  40  AT5G62165.2        85.12%    passed     30.27%
  41  AT5G62165.4        86.11%    passed     59.97%
  42  AT4G09960.2        84.69%    passed     12.47%
  43  AT4G09960.4        83.42%    passed     11.66%
  44  AT4G09960.3        81.86%    passed     18.49%
  45  AT4G09960.1        83.70%    passed     12.07%
  46  AT2G45650.1        82.14%    passed     75.13%
  47  LOC_Os04g49150.1   82.00%    passed     75.00%
  48  LOC_Os03g54160.1   82.07%    passed     75.33%
  49  LOC_Os07g01820.1   79.02%    passed     18.70%
  50  AT2G45660.1        84.83%    passed     24.37%
  51  AT2G22540.1        82.99%    passed     34.30%
  52  AT2G22540.2        83.35%    passed     33.25%
  53  AT4G18960.1        82.14%    passed     11.87%
  54  LOC_Os02g49840.1   82.92%    passed     40.63%
  55  LOC_Os12g10520.1   85.68%    passed     14.91%
  56  LOC_Os07g41370.1   82.35%    passed     23.00%
  57  LOC_Os04g23910.1   83.91%    passed     71.01%
  58  LOC_Os06g11330.1   85.90%    passed     35.57%
  59  AT2G14210.1        83.42%    passed     41.21%
  60  LOC_Os02g52340.1   83.84%    passed     21.96%
  61  LOC_Os02g45770.1   82.28%    passed     52.58%
  62  LOC_Os02g36924.1   82.99%    passed     91.96%
  63  AT3G57230.1        82.99%    passed     27.82%
  64  LOC_Os08g33488.1   88.73%    passed     78.79%
  65  AT4G37940.1        83.84%    passed     75.71%
  66  AT2G22630.1        83.91%    passed     62.28%
  67  LOC_Os06g01890.1   84.90%    passed     49.59%
  68  LOC_Os02g01355.1   80.79%    failed      3.03%
  69  LOC_Os02g01365.1   65.77%    failed      0.02%
  70  LOC_Os06g49840.1   84.12%    passed     16.11%
  71  AT5G23260.3        83.13%    passed      6.31%
  72  AT5G23260.2        82.14%    failed      2.46%
  73  AT5G23260.1        82.49%    failed      3.76%
  74  AT5G20240.1        85.26%    passed     12.29%
  75  LOC_Os01g66030.1   85.19%    passed     75.76%
  76  LOC_Os05g34940.1   84.76%    passed     91.46%
  77  AT3G54340.1        83.56%    passed     44.36%
  78  LOC_Os01g52680.1   86.11%    passed     59.58%
  79  LOC_Os12g31748.2   82.49%    passed     87.95%
  80  LOC_Os12g10540.3   80.86%    failed      0.01%
  81  LOC_Os06g45650.1   84.34%    passed     16.78%
  82  LOC_Os04g52410.2   82.99%    passed     19.25%
  83  LOC_Os10g39130.1   83.49%    passed      6.03%
  84  AT4G22950.1        84.48%    passed     25.37%
  85  AT4G11880.1        84.34%    passed     29.91%
  86  LOC_Os08g41950.1   78.03%    passed     55.18%
  87  LOC_Os09g32948.1   82.42%    passed     64.50%
  88  AT3G57390.1        81.86%    passed     22.13%
  89  LOC_Os08g02070.1   84.27%    passed     31.49%
  90  LOC_Os03g54170.1   83.06%    passed     12.75%
  91  AT3G02310.1        82.28%    passed     21.09%
  92  AT5G15800.1        82.21%    passed     17.67%
  93  AT5G15800.2        81.43%    passed     17.30%
  94  AT1G26310.1        81.93%    passed     55.95%
  95  AT1G69120.1        81.86%    passed     41.71%
  96  AT2G03710.1        81.72%    passed     75.86%
  97  AT2G03710.2        81.79%    passed     78.26%
  98  AT2G03710.3        86.75%    passed     49.49%
  99  AT1G24260.3        83.20%    passed     27.60%
 100  AT1G24260.2        82.21%    passed     29.14%
 101  AT1G24260.1        82.28%    passed     25.02%
 102  AT5G65080.2        86.04%    passed     10.23%
 103  AT1G77080.2        86.39%    passed     13.30%
 104  AT5G65060.2        86.89%    passed      7.96%
 105  AT5G10140.4        87.10%    failed      4.86%
 106  AT5G65050.1        87.10%    passed     12.88%
 107  AT5G10140.1        86.11%    failed      2.38%
 108  AT1G77080.4        86.11%    passed     12.98%
 109  AT5G65060.1        86.11%    failed      3.94%
 110  AT5G65050.3        86.11%    passed     11.07%
 111  AT5G65070.3        83.56%    passed      5.19%
 112  AT5G65070.1        85.83%    failed      1.78%
 113  AT5G65070.2        83.63%    failed      4.69%
 114  AT1G77080.5        87.74%    failed      2.32%
 115  AT5G65050.2        87.38%    failed      4.88%
 116  AT5G65080.1        85.47%    passed      6.73%
 117  AT5G10140.2        88.16%    failed      1.29%
 118  AT5G10140.3        86.82%    failed      3.41%
WARNING: 118 sequences contain more than 50% gaps/ambiguity
****  TOTAL              83.21%  22 sequences failed composition chi2 test (p-value<5%; df=19)
NOTE: AT1G77950.2 is identical to AT1G77950.1 but kept for subsequent analysis
NOTE: AT5G62165.3 is identical to AT5G62165.1 but kept for subsequent analysis
NOTE: 1 identical sequences (see below) will be ignored for subsequent analysis
NOTE: AT5G62165.2 (identical to AT5G62165.1) is ignored but added at the end
Alignment was printed to /Users/bushrakhan/Desktop/NIPGR-data/MADS-box-Evolutionary-gene-detection/Simultaneous_Phylogenetic_Analysis/Results_v4/Oryza_sativa/Oryza_sativa_MUSCLE_NJ.uniqueseq.phy

For your convenience alignment with unique sequences printed to /Users/bushrakhan/Desktop/NIPGR-data/MADS-box-Evolutionary-gene-detection/Simultaneous_Phylogenetic_Analysis/Results_v4/Oryza_sativa/Oryza_sativa_MUSCLE_NJ.uniqueseq.phy

Create initial parsimony tree by phylogenetic likelihood library (PLL)... 0.029 seconds
Generating 1000 samples for ultrafast bootstrap (seed: 329051)...

NOTE: 71 MB RAM (0 GB) is required!
Measuring multi-threading efficiency up to 10 CPU cores
Increase to 10 rounds for branch lengths
2 trees examined
Threads: 1 / Time: 11.097 sec / Speedup: 1.000 / Efficiency: 100% / LogL: -55607
Threads: 2 / Time: 6.946 sec / Speedup: 1.598 / Efficiency: 80% / LogL: -55607
Threads: 3 / Time: 4.765 sec / Speedup: 2.329 / Efficiency: 78% / LogL: -55607
Threads: 4 / Time: 4.403 sec / Speedup: 2.520 / Efficiency: 63% / LogL: -55607
Threads: 5 / Time: 4.343 sec / Speedup: 2.555 / Efficiency: 51% / LogL: -55607
Threads: 6 / Time: 4.324 sec / Speedup: 2.567 / Efficiency: 43% / LogL: -55607
BEST NUMBER OF THREADS: 4

Estimate model parameters (epsilon = 0.100)
1. Initial log-likelihood: -42826.184
2. Current log-likelihood: -36816.077
3. Current log-likelihood: -36711.621
4. Current log-likelihood: -36711.228
Optimal log-likelihood: -36711.201
Gamma shape alpha: 0.872
Parameters optimization took 4 rounds (4.938 sec)
Wrote distance file to... 
Computing ML distances based on estimated model parameters...
Calculating distance matrix: done in 1.08009 secs using 393.5% CPU
Computing ML distances took 1.080350 sec (of wall-clock time) 4.250121 sec (of CPU time)
WARNING: Some pairwise ML distances are too long (saturated)
Setting up auxiliary I and S matrices: done in 0.000227928 secs using 273.8% CPU
Computing RapidNJ tree took 0.008531 sec (of wall-clock time) 0.008208 sec (of CPU time)
Log-likelihood of RapidNJ tree: -36928.620
--------------------------------------------------------------------
|             INITIALIZING CANDIDATE TREE SET                      |
--------------------------------------------------------------------
Generating 98 parsimony trees... 3.878 second
Computing log-likelihood of 98 initial trees ... 29.135 seconds
Current best score: -36711.201

Do NNI search on 20 best initial trees
Estimate model parameters (epsilon = 0.100)
BETTER TREE FOUND at iteration 1: -36623.784
Iteration 10 / LogL: -36630.974 / Time: 0h:2m:58s
Estimate model parameters (epsilon = 0.100)
BETTER TREE FOUND at iteration 12: -36621.801
Iteration 20 / LogL: -36635.702 / Time: 0h:4m:31s
Finish initializing candidate tree set (20)
Current best tree score: -36621.801 / CPU time: 219.840
Number of iterations: 20
--------------------------------------------------------------------
|               OPTIMIZING CANDIDATE TREE SET                      |
--------------------------------------------------------------------
Iteration 30 / LogL: -36621.872 / Time: 0h:5m:59s (0h:16m:56s left)
UPDATE BEST LOG-LIKELIHOOD: -36621.801
Iteration 40 / LogL: -36623.049 / Time: 0h:7m:28s (0h:13m:48s left)
Estimate model parameters (epsilon = 0.100)
BETTER TREE FOUND at iteration 42: -36620.507
Iteration 50 / LogL: -36621.316 / Time: 0h:8m:55s (0h:16m:44s left)
Log-likelihood cutoff on original alignment: -36678.607
Estimate model parameters (epsilon = 0.100)
BETTER TREE FOUND at iteration 56: -36620.395
Estimate model parameters (epsilon = 0.100)
BETTER TREE FOUND at iteration 57: -36620.093
Iteration 60 / LogL: -36786.533 / Time: 0h:10m:24s (0h:17m:6s left)
Estimate model parameters (epsilon = 0.100)
BETTER TREE FOUND at iteration 69: -36619.786
Iteration 70 / LogL: -36621.454 / Time: 0h:11m:54s (0h:17m:4s left)
Estimate model parameters (epsilon = 0.100)
BETTER TREE FOUND at iteration 73: -36619.687
Iteration 80 / LogL: -36620.451 / Time: 0h:13m:25s (0h:15m:48s left)
Iteration 90 / LogL: -36620.562 / Time: 0h:14m:56s (0h:13m:56s left)
Iteration 100 / LogL: -36619.787 / Time: 0h:16m:23s (0h:12m:4s left)
Log-likelihood cutoff on original alignment: -36678.607
NOTE: Bootstrap correlation coefficient of split occurrence frequencies: 0.992
Iteration 110 / LogL: -36621.952 / Time: 0h:17m:46s (0h:14m:40s left)
Estimate model parameters (epsilon = 0.100)
BETTER TREE FOUND at iteration 114: -36619.590
Iteration 120 / LogL: -36619.942 / Time: 0h:19m:17s (0h:15m:14s left)
UPDATE BEST LOG-LIKELIHOOD: -36619.589
Iteration 130 / LogL: -36620.797 / Time: 0h:20m:39s (0h:13m:27s left)
Iteration 140 / LogL: -36620.512 / Time: 0h:22m:6s (0h:11m:46s left)
Iteration 150 / LogL: -36623.894 / Time: 0h:23m:31s (0h:10m:6s left)
Log-likelihood cutoff on original alignment: -36678.607
Iteration 160 / LogL: -36619.951 / Time: 0h:24m:57s (0h:8m:28s left)
Estimate model parameters (epsilon = 0.100)
BETTER TREE FOUND at iteration 168: -36619.470
Iteration 170 / LogL: -36628.360 / Time: 0h:26m:25s (0h:15m:19s left)
Estimate model parameters (epsilon = 0.100)
BETTER TREE FOUND at iteration 174: -36619.153
Estimate model parameters (epsilon = 0.100)
BETTER TREE FOUND at iteration 175: -36618.608
Iteration 180 / LogL: -36623.764 / Time: 0h:28m:1s (0h:14m:52s left)
Iteration 190 / LogL: -36622.997 / Time: 0h:29m:40s (0h:13m:20s left)
UPDATE BEST LOG-LIKELIHOOD: -36618.608
Iteration 200 / LogL: -36636.329 / Time: 0h:31m:17s (0h:11m:47s left)
Log-likelihood cutoff on original alignment: -36667.611
NOTE: Bootstrap correlation coefficient of split occurrence frequencies: 0.994
Estimate model parameters (epsilon = 0.100)
BETTER TREE FOUND at iteration 208: -36618.574
Iteration 210 / LogL: -36618.625 / Time: 0h:32m:50s (0h:15m:23s left)
Iteration 220 / LogL: -36619.950 / Time: 0h:34m:18s (0h:13m:47s left)
Iteration 230 / LogL: -36627.693 / Time: 0h:35m:51s (0h:12m:12s left)
Iteration 240 / LogL: -36636.252 / Time: 0h:37m:27s (0h:10m:39s left)
Iteration 250 / LogL: -36618.636 / Time: 0h:39m:4s (0h:9m:6s left)
Log-likelihood cutoff on original alignment: -36667.611
Iteration 260 / LogL: -36634.611 / Time: 0h:40m:39s (0h:7m:32s left)
Iteration 270 / LogL: -36619.148 / Time: 0h:42m:18s (0h:5m:58s left)
Iteration 280 / LogL: -36618.684 / Time: 0h:43m:52s (0h:4m:24s left)
Iteration 290 / LogL: -36619.551 / Time: 0h:45m:29s (0h:2m:50s left)
Iteration 300 / LogL: -36619.298 / Time: 0h:47m:9s (0h:1m:15s left)
Log-likelihood cutoff on original alignment: -36667.611
NOTE: Bootstrap correlation coefficient of split occurrence frequencies: 0.989
NOTE: UFBoot does not converge, continue at least 100 more iterations
Iteration 310 / LogL: -36619.963 / Time: 0h:48m:42s (0h:14m:11s left)
Iteration 320 / LogL: -36623.045 / Time: 0h:50m:12s (0h:12m:35s left)
Iteration 330 / LogL: -36622.017 / Time: 0h:51m:52s (0h:11m:2s left)
Iteration 340 / LogL: -36620.456 / Time: 0h:53m:24s (0h:9m:27s left)
Iteration 350 / LogL: -36619.068 / Time: 0h:55m:0s (0h:7m:52s left)
Log-likelihood cutoff on original alignment: -36667.611
Iteration 360 / LogL: -36619.502 / Time: 0h:56m:41s (0h:6m:18s left)
Iteration 370 / LogL: -36627.055 / Time: 0h:58m:10s (0h:4m:43s left)
Iteration 380 / LogL: -36618.636 / Time: 0h:59m:48s (0h:3m:9s left)
Iteration 390 / LogL: -36619.317 / Time: 1h:1m:18s (0h:1m:34s left)
Iteration 400 / LogL: -36618.608 / Time: 1h:2m:56s (0h:0m:0s left)
Log-likelihood cutoff on original alignment: -36667.611
NOTE: Bootstrap correlation coefficient of split occurrence frequencies: 0.998
TREE SEARCH COMPLETED AFTER 400 ITERATIONS / Time: 1h:2m:56s

--------------------------------------------------------------------
|                    FINALIZING TREE SEARCH                        |
--------------------------------------------------------------------
Performs final model parameters optimization
Estimate model parameters (epsilon = 0.010)
1. Initial log-likelihood: -36618.574
Optimal log-likelihood: -36618.574
Gamma shape alpha: 0.873
Parameters optimization took 1 rounds (0.694 sec)
BEST SCORE FOUND : -36618.574
Creating bootstrap support values...
Split supports printed to NEXUS file /Users/bushrakhan/Desktop/NIPGR-data/MADS-box-Evolutionary-gene-detection/Simultaneous_Phylogenetic_Analysis/Results_v4/Oryza_sativa/Oryza_sativa_MUSCLE_NJ.splits.nex
Total tree length: 77.877

Total number of iterations: 400
CPU time used for tree search: 11159.275 sec (3h:5m:59s)
Wall-clock time used for tree search: 3725.099 sec (1h:2m:5s)
Total CPU time used: 11286.651 sec (3h:8m:6s)
Total wall-clock time used: 3777.285 sec (1h:2m:57s)

Computing bootstrap consensus tree...
Reading input file /Users/bushrakhan/Desktop/NIPGR-data/MADS-box-Evolutionary-gene-detection/Simultaneous_Phylogenetic_Analysis/Results_v4/Oryza_sativa/Oryza_sativa_MUSCLE_NJ.splits.nex...
117 taxa and 673 splits.
Consensus tree written to /Users/bushrakhan/Desktop/NIPGR-data/MADS-box-Evolutionary-gene-detection/Simultaneous_Phylogenetic_Analysis/Results_v4/Oryza_sativa/Oryza_sativa_MUSCLE_NJ.contree
Reading input trees file /Users/bushrakhan/Desktop/NIPGR-data/MADS-box-Evolutionary-gene-detection/Simultaneous_Phylogenetic_Analysis/Results_v4/Oryza_sativa/Oryza_sativa_MUSCLE_NJ.contree
Log-likelihood of consensus tree: -36619.089

Analysis results written to: 
  IQ-TREE report:                /Users/bushrakhan/Desktop/NIPGR-data/MADS-box-Evolutionary-gene-detection/Simultaneous_Phylogenetic_Analysis/Results_v4/Oryza_sativa/Oryza_sativa_MUSCLE_NJ.iqtree
  Maximum-likelihood tree:       /Users/bushrakhan/Desktop/NIPGR-data/MADS-box-Evolutionary-gene-detection/Simultaneous_Phylogenetic_Analysis/Results_v4/Oryza_sativa/Oryza_sativa_MUSCLE_NJ.treefile
  Likelihood distances:          /Users/bushrakhan/Desktop/NIPGR-data/MADS-box-Evolutionary-gene-detection/Simultaneous_Phylogenetic_Analysis/Results_v4/Oryza_sativa/Oryza_sativa_MUSCLE_NJ.mldist

Ultrafast bootstrap approximation results written to:
  Split support values:          /Users/bushrakhan/Desktop/NIPGR-data/MADS-box-Evolutionary-gene-detection/Simultaneous_Phylogenetic_Analysis/Results_v4/Oryza_sativa/Oryza_sativa_MUSCLE_NJ.splits.nex
  Consensus tree:                /Users/bushrakhan/Desktop/NIPGR-data/MADS-box-Evolutionary-gene-detection/Simultaneous_Phylogenetic_Analysis/Results_v4/Oryza_sativa/Oryza_sativa_MUSCLE_NJ.contree
  Screen log file:               /Users/bushrakhan/Desktop/NIPGR-data/MADS-box-Evolutionary-gene-detection/Simultaneous_Phylogenetic_Analysis/Results_v4/Oryza_sativa/Oryza_sativa_MUSCLE_NJ.log

Date and Time: Tue Apr  7 17:13:58 2026
