Output directory: /Users/bushrakhan/Desktop/NIPGR-data/MADS-box-Evolutionary-gene-detection/Simultaneous_Phylogenetic_Analysis/Results_v4
--- Phase 1: Generating AT_deligient_candidates ---
AT MADS hits: 147, K-box hits: 91
Intersection (AT Deligient Candidates): 79
Saved 79 AT candidates to /Users/bushrakhan/Desktop/NIPGR-data/MADS-box-Evolutionary-gene-detection/Simultaneous_Phylogenetic_Analysis/Results_v4/AT_deligient_candidates.fa


--- Phase 2: Processing Amborella_trichopoda ---
  -> Combining with AT_deligient_candidates...
  -> Skipping merge (already exists): Amborella_trichopoda_with_AT_aligned_input.fa
  -> Skipping alignments (all 3 already exist).
  -> Constructing NJ Trees (BIONJ)...
  -> Skipping (already done): Amborella_trichopoda_MAFFT_NJ.treefile
  -> Skipping (already done): Amborella_trichopoda_MUSCLE_NJ.treefile
  -> Skipping (already done): Amborella_trichopoda_ClustalO_NJ.treefile
  -> Constructing Bayesian Trees (aBayes)...
  -> Skipping (already done): Amborella_trichopoda_MAFFT_Bayes.treefile
  -> Skipping (already done): Amborella_trichopoda_MUSCLE_Bayes.treefile
  -> Skipping (already done): Amborella_trichopoda_ClustalO_Bayes.treefile
[Amborella_trichopoda] Construction complete.

--- Phase 2: Processing Cinnamomum_kanehirae ---
  -> Combining with AT_deligient_candidates...
  -> Skipping merge (already exists): Cinnamomum_kanehirae_with_AT_aligned_input.fa
  -> Skipping alignments (all 3 already exist).
  -> Constructing NJ Trees (BIONJ)...
  -> Skipping (already done): Cinnamomum_kanehirae_MAFFT_NJ.treefile
  -> Skipping (already done): Cinnamomum_kanehirae_MUSCLE_NJ.treefile
  -> Skipping (already done): Cinnamomum_kanehirae_ClustalO_NJ.treefile
  -> Constructing Bayesian Trees (aBayes)...
  -> Skipping (already done): Cinnamomum_kanehirae_MAFFT_Bayes.treefile
[Cinnamomum_kanehirae] Construction complete.

--- Phase 2: Processing Glycine_max ---
  -> Combining with AT_deligient_candidates...
  -> Skipping merge (already exists): Glycine_max_with_AT_aligned_input.fa
  -> Skipping alignments (all 3 already exist).
  -> Constructing NJ Trees (BIONJ)...
  -> Constructing Bayesian Trees (aBayes)...
[Glycine_max] Construction complete.

--- Phase 2: Processing Helianthus_annuuss ---
  -> Combining with AT_deligient_candidates...
  -> Skipping merge (already exists): Helianthus_annuuss_with_AT_aligned_input.fa
  -> Skipping alignments (all 3 already exist).
  -> Constructing NJ Trees (BIONJ)...
  -> Constructing Bayesian Trees (aBayes)...
[Helianthus_annuuss] Construction complete.

--- Phase 2: Processing Medicago_truncatula ---
  -> Combining with AT_deligient_candidates...
  -> Skipping merge (already exists): Medicago_truncatula_with_AT_aligned_input.fa
  -> Skipping alignments (all 3 already exist).
  -> Constructing NJ Trees (BIONJ)...
  -> Constructing Bayesian Trees (aBayes)...
[Medicago_truncatula] Construction complete.

--- Phase 2: Processing Nelumbo_nucifera ---
  -> Combining with AT_deligient_candidates...
  -> Skipping merge (already exists): Nelumbo_nucifera_with_AT_aligned_input.fa
  -> Skipping alignments (all 3 already exist).
  -> Constructing NJ Trees (BIONJ)...
  -> Constructing Bayesian Trees (aBayes)...
[Nelumbo_nucifera] Construction complete.

--- Phase 2: Processing Nymphaea_colorata ---
  -> Combining with AT_deligient_candidates...
  -> Skipping merge (already exists): Nymphaea_colorata_with_AT_aligned_input.fa
  -> Skipping alignments (all 3 already exist).
  -> Constructing NJ Trees (BIONJ)...
  -> Constructing Bayesian Trees (aBayes)...
[Nymphaea_colorata] Construction complete.

--- Phase 2: Processing Oryza_sativa ---
  -> Combining with AT_deligient_candidates...
  -> Skipping merge (already exists): Oryza_sativa_with_AT_aligned_input.fa
  -> Skipping alignments (all 3 already exist).
  -> Constructing NJ Trees (BIONJ)...
  -> Constructing Bayesian Trees (aBayes)...
[Oryza_sativa] Construction complete.

--- Phase 2: Processing Prunus_persica ---
  -> Combining with AT_deligient_candidates...
  -> Skipping merge (already exists): Prunus_persica_with_AT_aligned_input.fa
  -> Skipping alignments (all 3 already exist).
  -> Constructing NJ Trees (BIONJ)...
  -> Constructing Bayesian Trees (aBayes)...
[Prunus_persica] Construction complete.

--- BATCH PROCESSING COMPLETE ---
