Rendering Amborella_trichopoda...
  -> Successfully generated Colored & Legend-Safe Focus Tree: /Users/bushrakhan/Desktop/NIPGR-data/MADS-box-Evolutionary-gene-detection/Simultaneous_Phylogenetic_Analysis/Results_v4/Gallery/Amborella_trichopoda/Amborella_trichopoda_MUSCLE_NJ.png
  -> Successfully generated Colored & Legend-Safe Focus Tree: /Users/bushrakhan/Desktop/NIPGR-data/MADS-box-Evolutionary-gene-detection/Simultaneous_Phylogenetic_Analysis/Results_v4/Gallery/Amborella_trichopoda/Amborella_trichopoda_MAFFT_Bayes.png
  -> Successfully generated Colored & Legend-Safe Focus Tree: /Users/bushrakhan/Desktop/NIPGR-data/MADS-box-Evolutionary-gene-detection/Simultaneous_Phylogenetic_Analysis/Results_v4/Gallery/Amborella_trichopoda/Amborella_trichopoda_MUSCLE_Bayes.png
  -> Successfully generated Colored & Legend-Safe Focus Tree: /Users/bushrakhan/Desktop/NIPGR-data/MADS-box-Evolutionary-gene-detection/Simultaneous_Phylogenetic_Analysis/Results_v4/Gallery/Amborella_trichopoda/Amborella_trichopoda_ClustalO_Bayes.png
  -> Successfully generated Colored & Legend-Safe Focus Tree: /Users/bushrakhan/Desktop/NIPGR-data/MADS-box-Evolutionary-gene-detection/Simultaneous_Phylogenetic_Analysis/Results_v4/Gallery/Amborella_trichopoda/Amborella_trichopoda_MAFFT_NJ.png
  -> Successfully generated Colored & Legend-Safe Focus Tree: /Users/bushrakhan/Desktop/NIPGR-data/MADS-box-Evolutionary-gene-detection/Simultaneous_Phylogenetic_Analysis/Results_v4/Gallery/Amborella_trichopoda/Amborella_trichopoda_ClustalO_NJ.png
Rendering Cinnamomum_kanehirae...
  -> Successfully generated Colored & Legend-Safe Focus Tree: /Users/bushrakhan/Desktop/NIPGR-data/MADS-box-Evolutionary-gene-detection/Simultaneous_Phylogenetic_Analysis/Results_v4/Gallery/Cinnamomum_kanehirae/Cinnamomum_kanehirae_MAFFT_Bayes.png
  -> Successfully generated Colored & Legend-Safe Focus Tree: /Users/bushrakhan/Desktop/NIPGR-data/MADS-box-Evolutionary-gene-detection/Simultaneous_Phylogenetic_Analysis/Results_v4/Gallery/Cinnamomum_kanehirae/Cinnamomum_kanehirae_MAFFT_NJ.png
  -> Successfully generated Colored & Legend-Safe Focus Tree: /Users/bushrakhan/Desktop/NIPGR-data/MADS-box-Evolutionary-gene-detection/Simultaneous_Phylogenetic_Analysis/Results_v4/Gallery/Cinnamomum_kanehirae/Cinnamomum_kanehirae_MUSCLE_Bayes.png
  -> Successfully generated Colored & Legend-Safe Focus Tree: /Users/bushrakhan/Desktop/NIPGR-data/MADS-box-Evolutionary-gene-detection/Simultaneous_Phylogenetic_Analysis/Results_v4/Gallery/Cinnamomum_kanehirae/Cinnamomum_kanehirae_ClustalO_Bayes.png
  -> Successfully generated Colored & Legend-Safe Focus Tree: /Users/bushrakhan/Desktop/NIPGR-data/MADS-box-Evolutionary-gene-detection/Simultaneous_Phylogenetic_Analysis/Results_v4/Gallery/Cinnamomum_kanehirae/Cinnamomum_kanehirae_MUSCLE_NJ.png
  -> Successfully generated Colored & Legend-Safe Focus Tree: /Users/bushrakhan/Desktop/NIPGR-data/MADS-box-Evolutionary-gene-detection/Simultaneous_Phylogenetic_Analysis/Results_v4/Gallery/Cinnamomum_kanehirae/Cinnamomum_kanehirae_ClustalO_NJ.png
Rendering Glycine_max...
  -> Successfully generated Colored & Legend-Safe Focus Tree: /Users/bushrakhan/Desktop/NIPGR-data/MADS-box-Evolutionary-gene-detection/Simultaneous_Phylogenetic_Analysis/Results_v4/Gallery/Glycine_max/Glycine_max_ClustalO_Bayes.png
  -> Successfully generated Colored & Legend-Safe Focus Tree: /Users/bushrakhan/Desktop/NIPGR-data/MADS-box-Evolutionary-gene-detection/Simultaneous_Phylogenetic_Analysis/Results_v4/Gallery/Glycine_max/Glycine_max_MAFFT_Bayes.png
  -> Successfully generated Colored & Legend-Safe Focus Tree: /Users/bushrakhan/Desktop/NIPGR-data/MADS-box-Evolutionary-gene-detection/Simultaneous_Phylogenetic_Analysis/Results_v4/Gallery/Glycine_max/Glycine_max_MAFFT_NJ.png
  -> Successfully generated Colored & Legend-Safe Focus Tree: /Users/bushrakhan/Desktop/NIPGR-data/MADS-box-Evolutionary-gene-detection/Simultaneous_Phylogenetic_Analysis/Results_v4/Gallery/Glycine_max/Glycine_max_MUSCLE_Bayes.png
  -> Successfully generated Colored & Legend-Safe Focus Tree: /Users/bushrakhan/Desktop/NIPGR-data/MADS-box-Evolutionary-gene-detection/Simultaneous_Phylogenetic_Analysis/Results_v4/Gallery/Glycine_max/Glycine_max_MUSCLE_NJ.png
  -> Successfully generated Colored & Legend-Safe Focus Tree: /Users/bushrakhan/Desktop/NIPGR-data/MADS-box-Evolutionary-gene-detection/Simultaneous_Phylogenetic_Analysis/Results_v4/Gallery/Glycine_max/Glycine_max_ClustalO_NJ.png
Rendering Helianthus_annuuss...
  -> Successfully generated Colored & Legend-Safe Focus Tree: /Users/bushrakhan/Desktop/NIPGR-data/MADS-box-Evolutionary-gene-detection/Simultaneous_Phylogenetic_Analysis/Results_v4/Gallery/Helianthus_annuuss/Helianthus_annuuss_MAFFT_Bayes.png
  -> Successfully generated Colored & Legend-Safe Focus Tree: /Users/bushrakhan/Desktop/NIPGR-data/MADS-box-Evolutionary-gene-detection/Simultaneous_Phylogenetic_Analysis/Results_v4/Gallery/Helianthus_annuuss/Helianthus_annuuss_MAFFT_NJ.png
  -> Successfully generated Colored & Legend-Safe Focus Tree: /Users/bushrakhan/Desktop/NIPGR-data/MADS-box-Evolutionary-gene-detection/Simultaneous_Phylogenetic_Analysis/Results_v4/Gallery/Helianthus_annuuss/Helianthus_annuuss_ClustalO_Bayes.png
  -> Successfully generated Colored & Legend-Safe Focus Tree: /Users/bushrakhan/Desktop/NIPGR-data/MADS-box-Evolutionary-gene-detection/Simultaneous_Phylogenetic_Analysis/Results_v4/Gallery/Helianthus_annuuss/Helianthus_annuuss_MUSCLE_NJ.png
  -> Successfully generated Colored & Legend-Safe Focus Tree: /Users/bushrakhan/Desktop/NIPGR-data/MADS-box-Evolutionary-gene-detection/Simultaneous_Phylogenetic_Analysis/Results_v4/Gallery/Helianthus_annuuss/Helianthus_annuuss_ClustalO_NJ.png
  -> Successfully generated Colored & Legend-Safe Focus Tree: /Users/bushrakhan/Desktop/NIPGR-data/MADS-box-Evolutionary-gene-detection/Simultaneous_Phylogenetic_Analysis/Results_v4/Gallery/Helianthus_annuuss/Helianthus_annuuss_MUSCLE_Bayes.png
Rendering Medicago_truncatula...
  -> Successfully generated Colored & Legend-Safe Focus Tree: /Users/bushrakhan/Desktop/NIPGR-data/MADS-box-Evolutionary-gene-detection/Simultaneous_Phylogenetic_Analysis/Results_v4/Gallery/Medicago_truncatula/Medicago_truncatula_MAFFT_NJ.png
  -> Successfully generated Colored & Legend-Safe Focus Tree: /Users/bushrakhan/Desktop/NIPGR-data/MADS-box-Evolutionary-gene-detection/Simultaneous_Phylogenetic_Analysis/Results_v4/Gallery/Medicago_truncatula/Medicago_truncatula_ClustalO_NJ.png
  -> Successfully generated Colored & Legend-Safe Focus Tree: /Users/bushrakhan/Desktop/NIPGR-data/MADS-box-Evolutionary-gene-detection/Simultaneous_Phylogenetic_Analysis/Results_v4/Gallery/Medicago_truncatula/Medicago_truncatula_MAFFT_Bayes.png
  -> Successfully generated Colored & Legend-Safe Focus Tree: /Users/bushrakhan/Desktop/NIPGR-data/MADS-box-Evolutionary-gene-detection/Simultaneous_Phylogenetic_Analysis/Results_v4/Gallery/Medicago_truncatula/Medicago_truncatula_MUSCLE_Bayes.png
  -> Successfully generated Colored & Legend-Safe Focus Tree: /Users/bushrakhan/Desktop/NIPGR-data/MADS-box-Evolutionary-gene-detection/Simultaneous_Phylogenetic_Analysis/Results_v4/Gallery/Medicago_truncatula/Medicago_truncatula_MUSCLE_NJ.png
  -> Successfully generated Colored & Legend-Safe Focus Tree: /Users/bushrakhan/Desktop/NIPGR-data/MADS-box-Evolutionary-gene-detection/Simultaneous_Phylogenetic_Analysis/Results_v4/Gallery/Medicago_truncatula/Medicago_truncatula_ClustalO_Bayes.png
Rendering Nelumbo_nucifera...
  -> Successfully generated Colored & Legend-Safe Focus Tree: /Users/bushrakhan/Desktop/NIPGR-data/MADS-box-Evolutionary-gene-detection/Simultaneous_Phylogenetic_Analysis/Results_v4/Gallery/Nelumbo_nucifera/Nelumbo_nucifera_MUSCLE_Bayes.png
  -> Successfully generated Colored & Legend-Safe Focus Tree: /Users/bushrakhan/Desktop/NIPGR-data/MADS-box-Evolutionary-gene-detection/Simultaneous_Phylogenetic_Analysis/Results_v4/Gallery/Nelumbo_nucifera/Nelumbo_nucifera_MUSCLE_NJ.png
  -> Successfully generated Colored & Legend-Safe Focus Tree: /Users/bushrakhan/Desktop/NIPGR-data/MADS-box-Evolutionary-gene-detection/Simultaneous_Phylogenetic_Analysis/Results_v4/Gallery/Nelumbo_nucifera/Nelumbo_nucifera_MAFFT_Bayes.png
  -> Successfully generated Colored & Legend-Safe Focus Tree: /Users/bushrakhan/Desktop/NIPGR-data/MADS-box-Evolutionary-gene-detection/Simultaneous_Phylogenetic_Analysis/Results_v4/Gallery/Nelumbo_nucifera/Nelumbo_nucifera_ClustalO_Bayes.png
  -> Successfully generated Colored & Legend-Safe Focus Tree: /Users/bushrakhan/Desktop/NIPGR-data/MADS-box-Evolutionary-gene-detection/Simultaneous_Phylogenetic_Analysis/Results_v4/Gallery/Nelumbo_nucifera/Nelumbo_nucifera_MAFFT_NJ.png
  -> Successfully generated Colored & Legend-Safe Focus Tree: /Users/bushrakhan/Desktop/NIPGR-data/MADS-box-Evolutionary-gene-detection/Simultaneous_Phylogenetic_Analysis/Results_v4/Gallery/Nelumbo_nucifera/Nelumbo_nucifera_ClustalO_NJ.png
Rendering Nymphaea_colorata...
  -> Successfully generated Colored & Legend-Safe Focus Tree: /Users/bushrakhan/Desktop/NIPGR-data/MADS-box-Evolutionary-gene-detection/Simultaneous_Phylogenetic_Analysis/Results_v4/Gallery/Nymphaea_colorata/Nymphaea_colorata_MAFFT_NJ.png
  -> Successfully generated Colored & Legend-Safe Focus Tree: /Users/bushrakhan/Desktop/NIPGR-data/MADS-box-Evolutionary-gene-detection/Simultaneous_Phylogenetic_Analysis/Results_v4/Gallery/Nymphaea_colorata/Nymphaea_colorata_MUSCLE_NJ.png
  -> Successfully generated Colored & Legend-Safe Focus Tree: /Users/bushrakhan/Desktop/NIPGR-data/MADS-box-Evolutionary-gene-detection/Simultaneous_Phylogenetic_Analysis/Results_v4/Gallery/Nymphaea_colorata/Nymphaea_colorata_ClustalO_NJ.png
  -> Successfully generated Colored & Legend-Safe Focus Tree: /Users/bushrakhan/Desktop/NIPGR-data/MADS-box-Evolutionary-gene-detection/Simultaneous_Phylogenetic_Analysis/Results_v4/Gallery/Nymphaea_colorata/Nymphaea_colorata_MAFFT_Bayes.png
  -> Successfully generated Colored & Legend-Safe Focus Tree: /Users/bushrakhan/Desktop/NIPGR-data/MADS-box-Evolutionary-gene-detection/Simultaneous_Phylogenetic_Analysis/Results_v4/Gallery/Nymphaea_colorata/Nymphaea_colorata_MUSCLE_Bayes.png
  -> Successfully generated Colored & Legend-Safe Focus Tree: /Users/bushrakhan/Desktop/NIPGR-data/MADS-box-Evolutionary-gene-detection/Simultaneous_Phylogenetic_Analysis/Results_v4/Gallery/Nymphaea_colorata/Nymphaea_colorata_ClustalO_Bayes.png
Rendering Oryza_sativa...
  -> Successfully generated Colored & Legend-Safe Focus Tree: /Users/bushrakhan/Desktop/NIPGR-data/MADS-box-Evolutionary-gene-detection/Simultaneous_Phylogenetic_Analysis/Results_v4/Gallery/Oryza_sativa/Oryza_sativa_MUSCLE_Bayes.png
  -> Successfully generated Colored & Legend-Safe Focus Tree: /Users/bushrakhan/Desktop/NIPGR-data/MADS-box-Evolutionary-gene-detection/Simultaneous_Phylogenetic_Analysis/Results_v4/Gallery/Oryza_sativa/Oryza_sativa_ClustalO_NJ.png
  -> Successfully generated Colored & Legend-Safe Focus Tree: /Users/bushrakhan/Desktop/NIPGR-data/MADS-box-Evolutionary-gene-detection/Simultaneous_Phylogenetic_Analysis/Results_v4/Gallery/Oryza_sativa/Oryza_sativa_MUSCLE_NJ.png
  -> Successfully generated Colored & Legend-Safe Focus Tree: /Users/bushrakhan/Desktop/NIPGR-data/MADS-box-Evolutionary-gene-detection/Simultaneous_Phylogenetic_Analysis/Results_v4/Gallery/Oryza_sativa/Oryza_sativa_ClustalO_Bayes.png
  -> Successfully generated Colored & Legend-Safe Focus Tree: /Users/bushrakhan/Desktop/NIPGR-data/MADS-box-Evolutionary-gene-detection/Simultaneous_Phylogenetic_Analysis/Results_v4/Gallery/Oryza_sativa/Oryza_sativa_MAFFT_NJ.png
  -> Successfully generated Colored & Legend-Safe Focus Tree: /Users/bushrakhan/Desktop/NIPGR-data/MADS-box-Evolutionary-gene-detection/Simultaneous_Phylogenetic_Analysis/Results_v4/Gallery/Oryza_sativa/Oryza_sativa_MAFFT_Bayes.png
Rendering Prunus_persica...
  -> Successfully generated Colored & Legend-Safe Focus Tree: /Users/bushrakhan/Desktop/NIPGR-data/MADS-box-Evolutionary-gene-detection/Simultaneous_Phylogenetic_Analysis/Results_v4/Gallery/Prunus_persica/Prunus_persica_MUSCLE_Bayes.png
  -> Successfully generated Colored & Legend-Safe Focus Tree: /Users/bushrakhan/Desktop/NIPGR-data/MADS-box-Evolutionary-gene-detection/Simultaneous_Phylogenetic_Analysis/Results_v4/Gallery/Prunus_persica/Prunus_persica_ClustalO_Bayes.png
  -> Successfully generated Colored & Legend-Safe Focus Tree: /Users/bushrakhan/Desktop/NIPGR-data/MADS-box-Evolutionary-gene-detection/Simultaneous_Phylogenetic_Analysis/Results_v4/Gallery/Prunus_persica/Prunus_persica_MAFFT_Bayes.png
  -> Successfully generated Colored & Legend-Safe Focus Tree: /Users/bushrakhan/Desktop/NIPGR-data/MADS-box-Evolutionary-gene-detection/Simultaneous_Phylogenetic_Analysis/Results_v4/Gallery/Prunus_persica/Prunus_persica_MUSCLE_NJ.png
  -> Successfully generated Colored & Legend-Safe Focus Tree: /Users/bushrakhan/Desktop/NIPGR-data/MADS-box-Evolutionary-gene-detection/Simultaneous_Phylogenetic_Analysis/Results_v4/Gallery/Prunus_persica/Prunus_persica_MAFFT_NJ.png
  -> Successfully generated Colored & Legend-Safe Focus Tree: /Users/bushrakhan/Desktop/NIPGR-data/MADS-box-Evolutionary-gene-detection/Simultaneous_Phylogenetic_Analysis/Results_v4/Gallery/Prunus_persica/Prunus_persica_ClustalO_NJ.png
Gallery completely processed.
