IQ-TREE multicore version 2.3.6 for MacOS ARM 64-bit built Jul 30 2024
Developed by Bui Quang Minh, Nguyen Lam Tung, Olga Chernomor, Heiko Schmidt,
Dominik Schrempf, Michael Woodhams, Ly Trong Nhan, Thomas Wong

Host:    Bushras-MacBook-Air.local (SSE4.2, 16 GB RAM)
Command: iqtree2 -s /Users/bushrakhan/Desktop/NIPGR-data/MADS-box-Evolutionary-gene-detection/Simultaneous_Phylogenetic_Analysis/Results_v4/Glycine_max/Glycine_max_MAFFT.fa -m JTT+G -B 1000 -T AUTO -pre /Users/bushrakhan/Desktop/NIPGR-data/MADS-box-Evolutionary-gene-detection/Simultaneous_Phylogenetic_Analysis/Results_v4/Glycine_max/Glycine_max_MAFFT_NJ -redo
Seed:    95559 (Using SPRNG - Scalable Parallel Random Number Generator)
Time:    Tue Apr  7 01:15:42 2026
Kernel:  SSE2 - auto-detect threads (10 CPU cores detected)

Reading alignment file /Users/bushrakhan/Desktop/NIPGR-data/MADS-box-Evolutionary-gene-detection/Simultaneous_Phylogenetic_Analysis/Results_v4/Glycine_max/Glycine_max_MAFFT.fa ... Fasta format detected
Reading fasta file: done in 0.00211692 secs using 88.67% CPU
Alignment most likely contains protein sequences
Alignment has 166 sequences with 637 columns, 611 distinct patterns
401 parsimony-informative, 101 singleton sites, 135 constant sites
                      Gap/Ambiguity  Composition  p-value
Analyzing sequences: done in 9.70364e-05 secs using 297.8% CPU
   1  Glyma.16G091300.1.p    62.95%    passed     98.01%
   2  Glyma.16G200700.1.p    62.95%    passed     23.29%
   3  Glyma.04G027200.1.p    64.36%    passed     97.18%
   4  Glyma.04G245500.2.p    71.59%    passed     58.39%
   5  Glyma.04G159300.1.p    61.70%    passed     99.10%
   6  Glyma.04G257100.1.p    65.15%    passed     88.81%
   7  Glyma.17G081200.1.p    62.48%    passed     80.70%
   8  Glyma.17G132700.5.p    64.99%    passed     33.20%
   9  Glyma.17G080900.1.p    61.85%    passed     79.85%
  10  Glyma.20G034000.3.p    44.90%    passed      7.91%
  11  Glyma.20G154200.3.p    66.41%    passed     53.30%
  12  Glyma.20G153700.3.p    62.95%    passed     19.21%
  13  Glyma.20G001900.1.p    61.54%    passed     29.47%
  14  Glyma.02G216600.13.p   58.87%    passed     75.46%
  15  Glyma.02G041500.1.p    64.36%    passed     89.30%
  16  Glyma.02G121500.1.p    61.70%    passed     80.64%
  17  Glyma.02G185500.3.p    61.22%    passed     76.11%
  18  Glyma.02G287700.3.p    61.38%    passed     53.06%
  19  Glyma.02G121600.1.p    61.85%    passed     98.37%
  20  Glyma.12G005000.1.p    67.97%    passed     38.79%
  21  Glyma.10G240500.1.p    66.41%    passed     38.91%
  22  Glyma.10G240900.1.p    63.58%    passed     80.31%
  23  Glyma.08G068200.8.p    67.50%    passed     60.71%
  24  Glyma.08G250700.1.p    60.60%    passed     97.67%
  25  Glyma.08G105400.1.p    70.80%    passed     57.69%
  26  Glyma.08G120600.1.p    61.85%    passed     33.63%
  27  Glyma.08G269800.1.p    62.95%    passed     96.44%
  28  Glyma.08G105500.1.p    61.70%    passed     54.42%
  29  Glyma.08G310100.1.p    61.22%    passed     78.87%
  30  Glyma.08G065300.1.p    62.17%    passed     90.85%
  31  Glyma.08G250800.3.p    61.07%    passed     29.03%
  32  Glyma.08G065400.2.p    65.31%    passed     96.99%
  33  Glyma.01G023500.1.p    64.36%    passed     86.53%
  34  Glyma.01G020500.3.p    64.21%    passed     99.12%
  35  Glyma.01G064100.1.p    61.38%    passed     72.14%
  36  Glyma.01G169600.1.p    61.85%    passed      6.91%
  37  Glyma.01G064200.1.p    61.85%    passed     98.08%
  38  Glyma.15G059600.2.p    62.48%    passed     93.38%
  39  Glyma.15G058000.2.p    66.88%    passed     98.40%
  40  Glyma.15G057900.2.p    67.35%    passed     30.77%
  41  Glyma.15G088600.1.p    61.85%    passed     78.43%
  42  Glyma.07G080900.4.p    64.52%    passed     84.95%
  43  Glyma.07G181600.7.p    63.89%    passed     97.62%
  44  Glyma.07G081300.1.p    61.54%    passed     98.60%
  45  Glyma.07G228900.1.p    44.74%    failed      3.77%
  46  Glyma.11G158812.1.p    62.01%    passed     53.52%
  47  Glyma.11G252300.1.p    61.85%    passed     61.41%
  48  Glyma.11G073700.5.p    61.22%    passed     10.98%
  49  Glyma.09G149000.1.p    61.70%    passed     42.67%
  50  Glyma.09G231600.4.p    65.62%    passed      6.13%
  51  Glyma.09G266200.6.p    66.88%    passed     88.91%
  52  Glyma.09G201700.1.p    65.31%    passed     92.68%
  53  Glyma.09G283800.3.p    61.38%    passed     84.22%
  54  Glyma.09G266400.4.p    62.48%    passed     50.18%
  55  Glyma.13G052700.1.p    60.91%    passed     83.39%
  56  Glyma.13G257000.7.p    67.03%    passed     59.77%
  57  Glyma.13G223300.1.p    61.85%    passed     51.44%
  58  Glyma.13G255200.6.p    62.17%    passed     91.58%
  59  Glyma.13G086400.1.p    47.57%    failed      0.01%
  60  Glyma.13G256900.1.p    61.07%    passed     65.98%
  61  Glyma.13G034100.2.p    67.35%    passed     86.26%
  62  Glyma.13G052100.1.p    61.70%    passed     14.54%
  63  Glyma.05G018900.1.p    61.85%    passed     85.17%
  64  Glyma.05G018800.1.p    61.70%    passed     83.30%
  65  Glyma.05G050700.1.p    64.36%    passed     43.91%
  66  Glyma.05G163200.1.p    61.85%    passed     31.11%
  67  Glyma.05G148700.2.p    68.92%    passed     77.73%
  68  Glyma.05G148800.1.p    61.70%    passed     60.28%
  69  Glyma.14G027251.1.p    62.01%    passed     82.37%
  70  Glyma.14G155100.1.p    67.35%    passed     90.30%
  71  Glyma.14G183800.2.p    62.48%    passed     93.83%
  72  Glyma.14G168700.1.p    45.53%    failed      0.01%
  73  Glyma.06G205800.1.p    61.70%    passed     99.59%
  74  Glyma.06G095700.1.p    63.27%    passed     10.18%
  75  Glyma.06G027200.1.p    64.36%    passed     92.73%
  76  Glyma.06G324400.2.p    65.15%    passed     89.24%
  77  Glyma.06G117600.1.p    71.59%    passed     62.85%
  78  Glyma.03G019400.1.p    61.54%    passed     94.42%
  79  Glyma.03G019300.1.p    62.79%    passed     84.38%
  80  Glyma.19G034600.1.p    61.70%    passed     45.00%
  81  Glyma.19G034500.1.p    60.91%    passed     86.45%
  82  Glyma.18G004700.4.p    61.85%    passed     64.46%
  83  Glyma.18G224300.2.p    61.85%    passed     76.70%
  84  Glyma.18G224500.1.p    67.19%    passed     92.07%
  85  Glyma.18G273500.1.p    59.97%    passed     99.26%
  86  Glyma.18G105800.1.p    61.38%    passed     82.11%
  87  Glyma.18G273600.2.p    54.95%    failed      3.98%
  88  AT5G65080.1            67.82%    passed     42.89%
  89  AT5G65050.2            72.06%    passed     33.67%
  90  AT2G03710.3            70.64%    passed     83.41%
  91  AT5G20240.1            67.35%    passed     10.56%
  92  AT4G09960.3            59.81%    passed     53.26%
  93  AT3G58780.1            61.07%    passed     80.37%
  94  AT5G15800.1            60.60%    passed     24.63%
  95  AT5G62165.1            67.03%    passed     90.01%
  96  AT3G58780.2            62.17%    passed     83.20%
  97  AT5G23260.2            60.44%    failed      4.74%
  98  AT5G23260.1            61.22%    passed      5.96%
  99  AT5G65060.1            69.23%    passed     27.41%
 100  AT1G24260.3            62.79%    passed     45.28%
 101  AT5G65070.1            68.60%    passed     19.49%
 102  AT5G10140.2            73.78%    passed      9.80%
 103  AT3G57230.1            62.32%    passed     59.67%
 104  AT1G77080.5            72.84%    passed     19.33%
 105  AT5G51870.1            67.50%    passed     54.76%
 106  AT5G62165.3            67.03%    passed     90.01%
 107  AT3G58780.3            57.14%    passed     80.56%
 108  AT5G65050.3            69.23%    passed     58.67%
 109  AT4G09960.4            63.27%    passed     36.27%
 110  AT5G65060.2            70.96%    passed     38.82%
 111  AT2G03710.1            59.50%    passed     85.34%
 112  AT2G22540.1            62.32%    passed     84.51%
 113  AT2G03060.2            39.40%    failed      0.06%
 114  AT1G77950.1            60.44%    passed     61.56%
 115  AT1G77950.2            60.44%    passed     61.56%
 116  AT1G24260.2            60.60%    passed     58.65%
 117  AT5G23260.3            62.64%    passed      6.24%
 118  AT4G37940.1            64.21%    passed     98.57%
 119  AT1G26310.1            59.97%    passed     89.35%
 120  AT5G51860.1            66.88%    passed     20.10%
 121  AT5G62165.4            69.23%    passed     97.26%
 122  AT2G14210.1            63.27%    passed     93.55%
 123  AT1G59810.1            55.57%    failed      0.02%
 124  AT4G09960.2            66.09%    passed     29.01%
 125  AT5G51870.3            65.62%    passed     70.54%
 126  AT1G71692.1            66.88%    passed     61.42%
 127  AT3G02310.1            60.75%    passed     21.28%
 128  AT5G65050.1            71.43%    passed     51.26%
 129  AT4G09960.1            63.89%    passed     33.77%
 130  AT2G42830.1            61.38%    passed     55.09%
 131  AT3G57390.1            59.81%    passed     75.37%
 132  AT5G10140.3            70.80%    passed     13.53%
 133  AT1G22130.1            47.41%    passed     21.40%
 134  AT1G77080.4            69.23%    passed     56.25%
 135  AT3G54340.1            63.58%    passed     48.05%
 136  AT5G65070.3            63.58%    passed     38.12%
 137  AT4G18960.1            60.44%    passed     38.91%
 138  AT1G69540.1            46.00%    passed     32.88%
 139  AT1G31140.1            66.56%    passed     60.74%
 140  AT5G10140.4            71.43%    passed     16.37%
 141  AT4G22950.1            65.62%    passed     85.86%
 142  AT2G03710.2            59.65%    passed     86.41%
 143  AT1G77080.2            69.86%    passed     59.13%
 144  AT1G31140.2            66.25%    passed     60.11%
 145  AT2G42830.2            61.07%    passed     53.62%
 146  AT5G13790.1            57.93%    passed     66.20%
 147  AT1G77980.1            47.88%    passed     34.90%
 148  AT5G60910.1            62.01%    passed     94.90%
 149  AT5G65070.2            63.74%    passed     37.41%
 150  AT5G10140.1            69.23%    passed     12.20%
 151  AT5G15800.2            58.87%    passed     11.46%
 152  AT5G65080.2            69.07%    passed     45.05%
 153  AT2G45650.1            60.44%    passed     70.58%
 154  AT2G22630.1            64.36%    passed     97.49%
 155  AT3G30260.1            60.91%    passed     27.46%
 156  AT4G11880.1            65.31%    passed     78.30%
 157  AT5G51860.2            68.29%    passed     14.51%
 158  AT5G62165.2            67.03%    passed     90.01%
 159  AT4G24540.1            65.46%    passed      6.74%
 160  AT2G45660.1            66.41%    passed     66.73%
 161  AT1G24260.1            60.75%    passed     53.55%
 162  AT3G57230.2            62.48%    passed     67.66%
 163  AT1G69120.1            59.81%    passed     41.79%
 164  AT5G51870.2            73.00%    passed     25.02%
 165  AT2G22540.2            63.11%    passed     81.92%
 166  AT3G61120.1            61.70%    passed     31.65%
WARNING: 158 sequences contain more than 50% gaps/ambiguity
****  TOTAL                  63.03%  7 sequences failed composition chi2 test (p-value<5%; df=19)
NOTE: AT5G62165.3 is identical to AT5G62165.1 but kept for subsequent analysis
NOTE: AT1G77950.2 is identical to AT1G77950.1 but kept for subsequent analysis
NOTE: 1 identical sequences (see below) will be ignored for subsequent analysis
NOTE: AT5G62165.2 (identical to AT5G62165.1) is ignored but added at the end
Alignment was printed to /Users/bushrakhan/Desktop/NIPGR-data/MADS-box-Evolutionary-gene-detection/Simultaneous_Phylogenetic_Analysis/Results_v4/Glycine_max/Glycine_max_MAFFT_NJ.uniqueseq.phy

For your convenience alignment with unique sequences printed to /Users/bushrakhan/Desktop/NIPGR-data/MADS-box-Evolutionary-gene-detection/Simultaneous_Phylogenetic_Analysis/Results_v4/Glycine_max/Glycine_max_MAFFT_NJ.uniqueseq.phy

Create initial parsimony tree by phylogenetic likelihood library (PLL)... 0.072 seconds
Generating 1000 samples for ultrafast bootstrap (seed: 95559)...

NOTE: 66 MB RAM (0 GB) is required!
Measuring multi-threading efficiency up to 10 CPU cores
Increase to 10 rounds for branch lengths
2 trees examined
Threads: 1 / Time: 10.796 sec / Speedup: 1.000 / Efficiency: 100% / LogL: -74205
Threads: 2 / Time: 6.949 sec / Speedup: 1.554 / Efficiency: 78% / LogL: -74205
Threads: 3 / Time: 4.762 sec / Speedup: 2.267 / Efficiency: 76% / LogL: -74205
Threads: 4 / Time: 4.327 sec / Speedup: 2.495 / Efficiency: 62% / LogL: -74205
Threads: 5 / Time: 4.419 sec / Speedup: 2.443 / Efficiency: 49% / LogL: -74205
BEST NUMBER OF THREADS: 4

Estimate model parameters (epsilon = 0.100)
1. Initial log-likelihood: -39304.237
2. Current log-likelihood: -37484.255
3. Current log-likelihood: -37412.886
4. Current log-likelihood: -37412.039
Optimal log-likelihood: -37412.029
Gamma shape alpha: 1.133
Parameters optimization took 4 rounds (4.146 sec)
Wrote distance file to... 
Computing ML distances based on estimated model parameters...
Calculating distance matrix: done in 1.91611 secs using 394.9% CPU
Computing ML distances took 1.916402 sec (of wall-clock time) 7.566494 sec (of CPU time)
Setting up auxiliary I and S matrices: done in 0.000313044 secs using 257.8% CPU
Computing RapidNJ tree took 0.012082 sec (of wall-clock time) 0.013162 sec (of CPU time)
Log-likelihood of RapidNJ tree: -37596.973
--------------------------------------------------------------------
|             INITIALIZING CANDIDATE TREE SET                      |
--------------------------------------------------------------------
Generating 98 parsimony trees... 5.804 second
Computing log-likelihood of 98 initial trees ... 27.178 seconds
Current best score: -37412.029

Do NNI search on 20 best initial trees
Estimate model parameters (epsilon = 0.100)
BETTER TREE FOUND at iteration 1: -37384.985
Estimate model parameters (epsilon = 0.100)
BETTER TREE FOUND at iteration 2: -37382.755
Estimate model parameters (epsilon = 0.100)
BETTER TREE FOUND at iteration 3: -37380.686
Estimate model parameters (epsilon = 0.100)
BETTER TREE FOUND at iteration 7: -37380.382
Iteration 10 / LogL: -37383.715 / Time: 0h:2m:37s
Iteration 20 / LogL: -37390.055 / Time: 0h:4m:12s
Finish initializing candidate tree set (19)
Current best tree score: -37380.382 / CPU time: 213.389
Number of iterations: 20
--------------------------------------------------------------------
|               OPTIMIZING CANDIDATE TREE SET                      |
--------------------------------------------------------------------
Estimate model parameters (epsilon = 0.100)
BETTER TREE FOUND at iteration 27: -37379.080
Iteration 30 / LogL: -37383.245 / Time: 0h:5m:51s (0h:19m:36s left)
BETTER TREE FOUND at iteration 38: -37379.079
Iteration 40 / LogL: -37379.090 / Time: 0h:7m:26s (0h:18m:41s left)
Estimate model parameters (epsilon = 0.100)
BETTER TREE FOUND at iteration 45: -37379.069
Iteration 50 / LogL: -37390.884 / Time: 0h:8m:58s (0h:17m:24s left)
Log-likelihood cutoff on original alignment: -37461.475
Iteration 60 / LogL: -37381.186 / Time: 0h:10m:29s (0h:15m:6s left)
UPDATE BEST LOG-LIKELIHOOD: -37379.067
Iteration 70 / LogL: -37383.718 / Time: 0h:12m:2s (0h:13m:5s left)
Iteration 80 / LogL: -37380.243 / Time: 0h:13m:37s (0h:11m:12s left)
Iteration 90 / LogL: -37379.069 / Time: 0h:15m:9s (0h:9m:22s left)
Iteration 100 / LogL: -37380.479 / Time: 0h:16m:47s (0h:7m:37s left)
Log-likelihood cutoff on original alignment: -37461.475
NOTE: Bootstrap correlation coefficient of split occurrence frequencies: 0.999
Iteration 110 / LogL: -37379.069 / Time: 0h:18m:20s (0h:15m:8s left)
Iteration 120 / LogL: -37379.794 / Time: 0h:19m:56s (0h:13m:24s left)
Iteration 130 / LogL: -37379.068 / Time: 0h:21m:30s (0h:11m:40s left)
Iteration 140 / LogL: -37379.081 / Time: 0h:22m:59s (0h:9m:55s left)
TREE SEARCH COMPLETED AFTER 146 ITERATIONS / Time: 0h:23m:56s

--------------------------------------------------------------------
|                    FINALIZING TREE SEARCH                        |
--------------------------------------------------------------------
Performs final model parameters optimization
Estimate model parameters (epsilon = 0.010)
1. Initial log-likelihood: -37379.067
Optimal log-likelihood: -37379.067
Gamma shape alpha: 1.128
Parameters optimization took 1 rounds (0.821 sec)
BEST SCORE FOUND : -37379.067
Creating bootstrap support values...
Split supports printed to NEXUS file /Users/bushrakhan/Desktop/NIPGR-data/MADS-box-Evolutionary-gene-detection/Simultaneous_Phylogenetic_Analysis/Results_v4/Glycine_max/Glycine_max_MAFFT_NJ.splits.nex
Total tree length: 53.891

Total number of iterations: 146
CPU time used for tree search: 4045.582 sec (1h:7m:25s)
Wall-clock time used for tree search: 1397.096 sec (0h:23m:17s)
Total CPU time used: 4134.623 sec (1h:8m:54s)
Total wall-clock time used: 1437.565 sec (0h:23m:57s)

Computing bootstrap consensus tree...
Reading input file /Users/bushrakhan/Desktop/NIPGR-data/MADS-box-Evolutionary-gene-detection/Simultaneous_Phylogenetic_Analysis/Results_v4/Glycine_max/Glycine_max_MAFFT_NJ.splits.nex...
165 taxa and 598 splits.
Consensus tree written to /Users/bushrakhan/Desktop/NIPGR-data/MADS-box-Evolutionary-gene-detection/Simultaneous_Phylogenetic_Analysis/Results_v4/Glycine_max/Glycine_max_MAFFT_NJ.contree
Reading input trees file /Users/bushrakhan/Desktop/NIPGR-data/MADS-box-Evolutionary-gene-detection/Simultaneous_Phylogenetic_Analysis/Results_v4/Glycine_max/Glycine_max_MAFFT_NJ.contree
Log-likelihood of consensus tree: -37379.081

Analysis results written to: 
  IQ-TREE report:                /Users/bushrakhan/Desktop/NIPGR-data/MADS-box-Evolutionary-gene-detection/Simultaneous_Phylogenetic_Analysis/Results_v4/Glycine_max/Glycine_max_MAFFT_NJ.iqtree
  Maximum-likelihood tree:       /Users/bushrakhan/Desktop/NIPGR-data/MADS-box-Evolutionary-gene-detection/Simultaneous_Phylogenetic_Analysis/Results_v4/Glycine_max/Glycine_max_MAFFT_NJ.treefile
  Likelihood distances:          /Users/bushrakhan/Desktop/NIPGR-data/MADS-box-Evolutionary-gene-detection/Simultaneous_Phylogenetic_Analysis/Results_v4/Glycine_max/Glycine_max_MAFFT_NJ.mldist

Ultrafast bootstrap approximation results written to:
  Split support values:          /Users/bushrakhan/Desktop/NIPGR-data/MADS-box-Evolutionary-gene-detection/Simultaneous_Phylogenetic_Analysis/Results_v4/Glycine_max/Glycine_max_MAFFT_NJ.splits.nex
  Consensus tree:                /Users/bushrakhan/Desktop/NIPGR-data/MADS-box-Evolutionary-gene-detection/Simultaneous_Phylogenetic_Analysis/Results_v4/Glycine_max/Glycine_max_MAFFT_NJ.contree
  Screen log file:               /Users/bushrakhan/Desktop/NIPGR-data/MADS-box-Evolutionary-gene-detection/Simultaneous_Phylogenetic_Analysis/Results_v4/Glycine_max/Glycine_max_MAFFT_NJ.log

Date and Time: Tue Apr  7 01:39:42 2026
