IQ-TREE multicore version 2.3.6 for MacOS ARM 64-bit built Jul 30 2024
Developed by Bui Quang Minh, Nguyen Lam Tung, Olga Chernomor, Heiko Schmidt,
Dominik Schrempf, Michael Woodhams, Ly Trong Nhan, Thomas Wong

Host:    Bushras-MacBook-Air.local (SSE4.2, 16 GB RAM)
Command: iqtree2 -s /Users/bushrakhan/Desktop/NIPGR-data/MADS-box-Evolutionary-gene-detection/Simultaneous_Phylogenetic_Analysis/Results_v4/Nelumbo_nucifera/Nelumbo_nucifera_MUSCLE.fa -m JTT+G -B 1000 -T AUTO -pre /Users/bushrakhan/Desktop/NIPGR-data/MADS-box-Evolutionary-gene-detection/Simultaneous_Phylogenetic_Analysis/Results_v4/Nelumbo_nucifera/Nelumbo_nucifera_MUSCLE_NJ -redo
Seed:    484924 (Using SPRNG - Scalable Parallel Random Number Generator)
Time:    Tue Apr  7 11:53:38 2026
Kernel:  SSE2 - auto-detect threads (10 CPU cores detected)

Reading alignment file /Users/bushrakhan/Desktop/NIPGR-data/MADS-box-Evolutionary-gene-detection/Simultaneous_Phylogenetic_Analysis/Results_v4/Nelumbo_nucifera/Nelumbo_nucifera_MUSCLE.fa ... Fasta format detected
Reading fasta file: done in 0.0024569 secs using 78.23% CPU
Alignment most likely contains protein sequences
Alignment has 126 sequences with 1103 columns, 793 distinct patterns
329 parsimony-informative, 230 singleton sites, 544 constant sites
                Gap/Ambiguity  Composition  p-value
Analyzing sequences: done in 8.01086e-05 secs using 313.3% CPU
   1  AT1G59810.1      74.34%    failed      0.09%
   2  AT2G03060.2      65.00%    failed      0.29%
   3  AT1G69540.1      68.81%    passed     61.83%
   4  XP_010258316.1   78.51%    passed     72.46%
   5  XP_010258315.1   68.00%    passed     37.69%
   6  XP_010257792.1   69.63%    passed     35.90%
   7  XP_010258314.1   67.09%    passed     17.65%
   8  AT1G77980.1      69.90%    passed     43.78%
   9  AT1G77950.1      77.15%    passed     55.77%
  10  AT1G77950.2      77.15%    passed     55.77%
  11  AT1G22130.1      69.63%    passed     31.02%
  12  XP_010274370.1   72.98%    passed      6.16%
  13  AT1G31140.1      80.69%    passed     86.37%
  14  AT1G31140.2      80.51%    passed     85.55%
  15  XP_010269101.1   60.29%    failed      1.57%
  16  XP_010269077.1   80.87%    passed     84.03%
  17  AT5G20240.1      81.14%    passed     11.60%
  18  AT5G23260.3      78.42%    passed     10.46%
  19  AT5G23260.2      77.15%    passed      6.06%
  20  AT5G23260.1      77.61%    passed      8.19%
  21  XP_010275495.1   77.24%    passed     11.67%
  22  XP_019053529.1   78.15%    passed     21.54%
  23  AT3G54340.1      78.97%    passed     57.24%
  24  XP_019055004.1   83.95%    passed     25.20%
  25  XP_010240899.1   79.15%    passed     44.04%
  26  XP_010263856.1   79.60%    passed     89.87%
  27  XP_010271509.1   79.60%    passed     68.64%
  28  XP_019056051.1   78.15%    passed     22.28%
  29  XP_010269745.1   76.88%    passed     51.47%
  30  XP_010279516.1   76.88%    passed     21.78%
  31  XP_019056050.1   76.88%    passed     21.78%
  32  AT5G60910.1      78.06%    passed     84.57%
  33  AT5G51870.2      84.41%    passed     23.65%
  34  AT1G71692.1      80.87%    passed     61.31%
  35  AT3G61120.1      77.88%    passed     23.03%
  36  XP_010249057.1   81.60%    passed     27.26%
  37  XP_010249055.1   81.50%    passed     29.69%
  38  XP_010249056.1   81.60%    passed     29.08%
  39  AT2G45650.1      77.15%    passed     75.29%
  40  XP_010255596.1   78.15%    passed     99.67%
  41  XP_010272608.1   78.06%    passed     83.78%
  42  XP_010245525.1   81.87%    passed     11.39%
  43  AT4G22950.1      80.15%    passed     59.53%
  44  AT4G11880.1      79.96%    passed     60.60%
  45  XP_010257957.1   77.52%    passed     57.41%
  46  XP_010260844.1   77.33%    passed     76.38%
  47  AT2G45660.1      80.60%    passed     47.95%
  48  AT5G51870.1      81.23%    passed     37.23%
  49  AT5G51870.3      80.15%    passed     49.77%
  50  AT5G51860.1      80.87%    passed     11.84%
  51  AT5G51860.2      81.69%    passed      7.00%
  52  AT5G62165.1      80.96%    passed     69.36%
  53  AT5G62165.3      80.96%    passed     69.36%
  54  AT5G62165.2      80.96%    passed     69.36%
  55  AT5G62165.4      82.23%    passed     90.46%
  56  XP_010255589.1   79.69%    passed     89.80%
  57  XP_010255590.1   79.69%    passed     89.80%
  58  XP_010272601.1   80.33%    passed     92.93%
  59  AT5G13790.1      75.70%    passed     42.46%
  60  AT2G42830.1      77.70%    passed     36.58%
  61  AT2G42830.2      77.52%    passed     34.53%
  62  AT3G58780.3      75.25%    passed     62.37%
  63  AT3G58780.1      77.52%    passed     65.27%
  64  AT3G58780.2      78.15%    passed     69.41%
  65  AT4G09960.2      80.42%    passed     21.63%
  66  AT4G09960.4      78.79%    passed     24.44%
  67  AT4G09960.3      76.79%    passed     38.00%
  68  AT4G09960.1      79.15%    passed     23.03%
  69  AT4G18960.1      77.15%    passed     28.48%
  70  XP_010272685.1   79.69%    passed     41.68%
  71  XP_010273432.1   79.60%    passed     82.60%
  72  XP_010273433.1   79.60%    passed     82.60%
  73  AT3G57230.2      78.33%    passed     51.47%
  74  AT2G14210.1      78.79%    passed     78.87%
  75  AT4G37940.1      79.33%    passed     93.41%
  76  AT2G22630.1      79.42%    passed     88.86%
  77  AT3G57230.1      78.24%    passed     45.90%
  78  XP_010254615.1   78.24%    passed     90.10%
  79  XP_010254616.1   78.33%    passed     90.88%
  80  XP_010244698.1   78.33%    passed     85.14%
  81  XP_019051694.1   78.33%    passed     85.14%
  82  XP_010244699.1   78.42%    passed     82.21%
  83  XP_010244700.1   79.60%    passed     88.16%
  84  XP_010254617.1   79.51%    passed     96.63%
  85  AT4G24540.1      80.05%    failed      2.52%
  86  AT3G57390.1      76.79%    passed     57.27%
  87  AT3G30260.1      77.43%    passed     25.84%
  88  AT2G22540.1      78.24%    passed     60.48%
  89  AT2G22540.2      78.69%    passed     56.62%
  90  XP_010277487.1   79.24%    passed     50.17%
  91  XP_010277488.1   79.24%    passed     50.17%
  92  XP_010277489.1   79.42%    passed     52.22%
  93  XP_010254524.1   79.51%    passed     63.56%
  94  XP_010254525.1   79.69%    passed     64.68%
  95  XP_010257958.1   77.97%    passed     64.36%
  96  XP_010260833.1   77.97%    passed     71.93%
  97  XP_019053922.1   77.97%    passed     71.93%
  98  AT3G02310.1      77.33%    passed     30.26%
  99  AT5G15800.1      77.24%    passed     27.16%
 100  AT5G15800.2      76.25%    passed     19.06%
 101  AT1G26310.1      76.88%    passed     84.97%
 102  AT1G69120.1      76.79%    passed     53.01%
 103  AT2G03710.1      76.61%    passed     81.48%
 104  AT2G03710.2      76.70%    passed     82.94%
 105  XP_010250667.1   78.33%    passed     84.61%
 106  AT2G03710.3      83.05%    passed     69.40%
 107  AT1G24260.3      78.51%    passed     45.27%
 108  AT1G24260.2      77.24%    passed     54.30%
 109  AT1G24260.1      77.33%    passed     49.40%
 110  AT5G65080.2      82.14%    passed     26.98%
 111  AT1G77080.2      82.59%    passed     33.40%
 112  AT5G65060.2      83.23%    passed     20.30%
 113  AT5G10140.4      83.50%    passed      7.05%
 114  AT5G65050.1      83.50%    passed     27.86%
 115  AT5G10140.1      82.23%    failed      4.09%
 116  AT1G77080.4      82.23%    passed     32.05%
 117  AT5G65060.1      82.23%    passed     11.63%
 118  AT5G65050.3      82.23%    passed     29.51%
 119  AT5G65070.3      78.97%    passed     21.07%
 120  AT5G65070.1      81.87%    passed      8.13%
 121  AT5G65070.2      79.06%    passed     19.54%
 122  AT1G77080.5      84.32%    passed      7.69%
 123  AT5G65050.2      83.86%    passed     13.80%
 124  AT5G65080.1      81.41%    passed     20.92%
 125  AT5G10140.2      84.86%    failed      2.91%
 126  AT5G10140.3      83.14%    passed      5.22%
WARNING: 126 sequences contain more than 50% gaps/ambiguity
****  TOTAL            78.57%  6 sequences failed composition chi2 test (p-value<5%; df=19)
NOTE: AT1G77950.2 is identical to AT1G77950.1 but kept for subsequent analysis
NOTE: XP_019056050.1 is identical to XP_010279516.1 but kept for subsequent analysis
NOTE: AT5G62165.3 is identical to AT5G62165.1 but kept for subsequent analysis
NOTE: XP_010255590.1 is identical to XP_010255589.1 but kept for subsequent analysis
NOTE: XP_010273433.1 is identical to XP_010273432.1 but kept for subsequent analysis
NOTE: XP_019051694.1 is identical to XP_010244698.1 but kept for subsequent analysis
NOTE: XP_010277488.1 is identical to XP_010277487.1 but kept for subsequent analysis
NOTE: XP_019053922.1 is identical to XP_010260833.1 but kept for subsequent analysis
NOTE: 1 identical sequences (see below) will be ignored for subsequent analysis
NOTE: AT5G62165.2 (identical to AT5G62165.1) is ignored but added at the end
Alignment was printed to /Users/bushrakhan/Desktop/NIPGR-data/MADS-box-Evolutionary-gene-detection/Simultaneous_Phylogenetic_Analysis/Results_v4/Nelumbo_nucifera/Nelumbo_nucifera_MUSCLE_NJ.uniqueseq.phy

For your convenience alignment with unique sequences printed to /Users/bushrakhan/Desktop/NIPGR-data/MADS-box-Evolutionary-gene-detection/Simultaneous_Phylogenetic_Analysis/Results_v4/Nelumbo_nucifera/Nelumbo_nucifera_MUSCLE_NJ.uniqueseq.phy

Create initial parsimony tree by phylogenetic likelihood library (PLL)... 0.041 seconds
Generating 1000 samples for ultrafast bootstrap (seed: 484924)...

NOTE: 65 MB RAM (0 GB) is required!
Measuring multi-threading efficiency up to 10 CPU cores
Increase to 10 rounds for branch lengths
2 trees examined
Threads: 1 / Time: 10.668 sec / Speedup: 1.000 / Efficiency: 100% / LogL: -57165
Threads: 2 / Time: 6.784 sec / Speedup: 1.573 / Efficiency: 79% / LogL: -57165
Threads: 3 / Time: 4.738 sec / Speedup: 2.252 / Efficiency: 75% / LogL: -57165
Threads: 4 / Time: 4.630 sec / Speedup: 2.304 / Efficiency: 58% / LogL: -57165
Threads: 5 / Time: 4.950 sec / Speedup: 2.155 / Efficiency: 43% / LogL: -57165
BEST NUMBER OF THREADS: 3

Estimate model parameters (epsilon = 0.100)
1. Initial log-likelihood: -32841.040
2. Current log-likelihood: -29338.806
3. Current log-likelihood: -29232.644
4. Current log-likelihood: -29226.811
5. Current log-likelihood: -29225.852
6. Current log-likelihood: -29225.675
Optimal log-likelihood: -29225.619
Gamma shape alpha: 0.849
Parameters optimization took 6 rounds (9.495 sec)
Wrote distance file to... 
Computing ML distances based on estimated model parameters...
Calculating distance matrix: done in 1.58007 secs using 296.5% CPU
Computing ML distances took 1.580385 sec (of wall-clock time) 4.685980 sec (of CPU time)
WARNING: Some pairwise ML distances are too long (saturated)
Setting up auxiliary I and S matrices: done in 0.000232935 secs using 270.5% CPU
Computing RapidNJ tree took 0.009038 sec (of wall-clock time) 0.008640 sec (of CPU time)
Log-likelihood of RapidNJ tree: -29575.960
--------------------------------------------------------------------
|             INITIALIZING CANDIDATE TREE SET                      |
--------------------------------------------------------------------
Generating 98 parsimony trees... 3.955 second
Computing log-likelihood of 98 initial trees ... 29.147 seconds
Current best score: -29225.619

Do NNI search on 20 best initial trees
Estimate model parameters (epsilon = 0.100)
BETTER TREE FOUND at iteration 1: -29179.162
Estimate model parameters (epsilon = 0.100)
BETTER TREE FOUND at iteration 2: -29172.057
Estimate model parameters (epsilon = 0.100)
BETTER TREE FOUND at iteration 4: -29169.865
Estimate model parameters (epsilon = 0.100)
BETTER TREE FOUND at iteration 9: -29168.822
Iteration 10 / LogL: -29177.052 / Time: 0h:3m:9s
Estimate model parameters (epsilon = 0.100)
BETTER TREE FOUND at iteration 11: -29168.468
Estimate model parameters (epsilon = 0.100)
BETTER TREE FOUND at iteration 12: -29167.304
Iteration 20 / LogL: -29180.156 / Time: 0h:5m:13s
Finish initializing candidate tree set (20)
Current best tree score: -29167.304 / CPU time: 267.330
Number of iterations: 20
--------------------------------------------------------------------
|               OPTIMIZING CANDIDATE TREE SET                      |
--------------------------------------------------------------------
Estimate model parameters (epsilon = 0.100)
BETTER TREE FOUND at iteration 21: -29167.081
Estimate model parameters (epsilon = 0.100)
BETTER TREE FOUND at iteration 30: -29166.579
Iteration 30 / LogL: -29166.579 / Time: 0h:7m:2s (0h:24m:15s left)
Estimate model parameters (epsilon = 0.100)
BETTER TREE FOUND at iteration 35: -29166.302
Estimate model parameters (epsilon = 0.100)
BETTER TREE FOUND at iteration 40: -29165.324
Iteration 40 / LogL: -29165.324 / Time: 0h:8m:43s (0h:22m:21s left)
Estimate model parameters (epsilon = 0.100)
BETTER TREE FOUND at iteration 44: -29163.862
Iteration 50 / LogL: -29166.026 / Time: 0h:10m:23s (0h:19m:56s left)
Log-likelihood cutoff on original alignment: -29221.569
Iteration 60 / LogL: -29166.887 / Time: 0h:12m:8s (0h:17m:17s left)
Iteration 70 / LogL: -29167.743 / Time: 0h:13m:48s (0h:14m:47s left)
Iteration 80 / LogL: -29164.259 / Time: 0h:15m:37s (0h:12m:39s left)
Iteration 90 / LogL: -29163.863 / Time: 0h:17m:19s (0h:10m:30s left)
UPDATE BEST LOG-LIKELIHOOD: -29163.862
Iteration 100 / LogL: -29194.013 / Time: 0h:18m:56s (0h:8m:25s left)
Log-likelihood cutoff on original alignment: -29221.569
NOTE: Bootstrap correlation coefficient of split occurrence frequencies: 0.995
BETTER TREE FOUND at iteration 105: -29163.862
Iteration 110 / LogL: -29166.725 / Time: 0h:20m:40s (0h:18m:1s left)
Iteration 120 / LogL: -29165.197 / Time: 0h:22m:23s (0h:15m:59s left)
Iteration 130 / LogL: -29164.775 / Time: 0h:24m:3s (0h:13m:59s left)
Iteration 140 / LogL: -29173.144 / Time: 0h:25m:42s (0h:12m:1s left)
Iteration 150 / LogL: -29170.826 / Time: 0h:27m:20s (0h:10m:5s left)
Log-likelihood cutoff on original alignment: -29221.569
Iteration 160 / LogL: -29168.204 / Time: 0h:29m:0s (0h:8m:12s left)
Iteration 170 / LogL: -29163.938 / Time: 0h:30m:42s (0h:6m:21s left)
UPDATE BEST LOG-LIKELIHOOD: -29163.862
Iteration 180 / LogL: -29164.131 / Time: 0h:32m:20s (0h:4m:31s left)
Iteration 190 / LogL: -29165.707 / Time: 0h:33m:59s (0h:2m:41s left)
Iteration 200 / LogL: -29165.695 / Time: 0h:35m:41s (0h:0m:53s left)
Log-likelihood cutoff on original alignment: -29221.569
NOTE: Bootstrap correlation coefficient of split occurrence frequencies: 0.999
TREE SEARCH COMPLETED AFTER 206 ITERATIONS / Time: 0h:36m:46s

--------------------------------------------------------------------
|                    FINALIZING TREE SEARCH                        |
--------------------------------------------------------------------
Performs final model parameters optimization
Estimate model parameters (epsilon = 0.010)
1. Initial log-likelihood: -29163.862
Optimal log-likelihood: -29163.861
Gamma shape alpha: 0.824
Parameters optimization took 1 rounds (0.769 sec)
BEST SCORE FOUND : -29163.861
Creating bootstrap support values...
Split supports printed to NEXUS file /Users/bushrakhan/Desktop/NIPGR-data/MADS-box-Evolutionary-gene-detection/Simultaneous_Phylogenetic_Analysis/Results_v4/Nelumbo_nucifera/Nelumbo_nucifera_MUSCLE_NJ.splits.nex
Total tree length: 64.701

Total number of iterations: 206
CPU time used for tree search: 4930.626 sec (1h:22m:10s)
Wall-clock time used for tree search: 2160.338 sec (0h:36m:0s)
Total CPU time used: 5027.672 sec (1h:23m:47s)
Total wall-clock time used: 2207.009 sec (0h:36m:47s)

Computing bootstrap consensus tree...
Reading input file /Users/bushrakhan/Desktop/NIPGR-data/MADS-box-Evolutionary-gene-detection/Simultaneous_Phylogenetic_Analysis/Results_v4/Nelumbo_nucifera/Nelumbo_nucifera_MUSCLE_NJ.splits.nex...
125 taxa and 621 splits.
Consensus tree written to /Users/bushrakhan/Desktop/NIPGR-data/MADS-box-Evolutionary-gene-detection/Simultaneous_Phylogenetic_Analysis/Results_v4/Nelumbo_nucifera/Nelumbo_nucifera_MUSCLE_NJ.contree
Reading input trees file /Users/bushrakhan/Desktop/NIPGR-data/MADS-box-Evolutionary-gene-detection/Simultaneous_Phylogenetic_Analysis/Results_v4/Nelumbo_nucifera/Nelumbo_nucifera_MUSCLE_NJ.contree
Log-likelihood of consensus tree: -29164.224

Analysis results written to: 
  IQ-TREE report:                /Users/bushrakhan/Desktop/NIPGR-data/MADS-box-Evolutionary-gene-detection/Simultaneous_Phylogenetic_Analysis/Results_v4/Nelumbo_nucifera/Nelumbo_nucifera_MUSCLE_NJ.iqtree
  Maximum-likelihood tree:       /Users/bushrakhan/Desktop/NIPGR-data/MADS-box-Evolutionary-gene-detection/Simultaneous_Phylogenetic_Analysis/Results_v4/Nelumbo_nucifera/Nelumbo_nucifera_MUSCLE_NJ.treefile
  Likelihood distances:          /Users/bushrakhan/Desktop/NIPGR-data/MADS-box-Evolutionary-gene-detection/Simultaneous_Phylogenetic_Analysis/Results_v4/Nelumbo_nucifera/Nelumbo_nucifera_MUSCLE_NJ.mldist

Ultrafast bootstrap approximation results written to:
  Split support values:          /Users/bushrakhan/Desktop/NIPGR-data/MADS-box-Evolutionary-gene-detection/Simultaneous_Phylogenetic_Analysis/Results_v4/Nelumbo_nucifera/Nelumbo_nucifera_MUSCLE_NJ.splits.nex
  Consensus tree:                /Users/bushrakhan/Desktop/NIPGR-data/MADS-box-Evolutionary-gene-detection/Simultaneous_Phylogenetic_Analysis/Results_v4/Nelumbo_nucifera/Nelumbo_nucifera_MUSCLE_NJ.contree
  Screen log file:               /Users/bushrakhan/Desktop/NIPGR-data/MADS-box-Evolutionary-gene-detection/Simultaneous_Phylogenetic_Analysis/Results_v4/Nelumbo_nucifera/Nelumbo_nucifera_MUSCLE_NJ.log

Date and Time: Tue Apr  7 12:30:28 2026
