IQ-TREE multicore version 2.3.6 for MacOS ARM 64-bit built Jul 30 2024
Developed by Bui Quang Minh, Nguyen Lam Tung, Olga Chernomor, Heiko Schmidt,
Dominik Schrempf, Michael Woodhams, Ly Trong Nhan, Thomas Wong

Host:    Bushras-MacBook-Air.local (SSE4.2, 16 GB RAM)
Command: iqtree2 -s /Users/bushrakhan/Desktop/NIPGR-data/MADS-box-Evolutionary-gene-detection/Simultaneous_Phylogenetic_Analysis/Results_v4/Nelumbo_nucifera/Nelumbo_nucifera_MAFFT.fa -m JTT+G -B 1000 -T AUTO -pre /Users/bushrakhan/Desktop/NIPGR-data/MADS-box-Evolutionary-gene-detection/Simultaneous_Phylogenetic_Analysis/Results_v4/Nelumbo_nucifera/Nelumbo_nucifera_MAFFT_NJ -redo
Seed:    199813 (Using SPRNG - Scalable Parallel Random Number Generator)
Time:    Tue Apr  7 08:54:19 2026
Kernel:  SSE2 - auto-detect threads (10 CPU cores detected)

Reading alignment file /Users/bushrakhan/Desktop/NIPGR-data/MADS-box-Evolutionary-gene-detection/Simultaneous_Phylogenetic_Analysis/Results_v4/Nelumbo_nucifera/Nelumbo_nucifera_MAFFT.fa ... Fasta format detected
Reading fasta file: done in 0.00190306 secs using 76.88% CPU
Alignment most likely contains protein sequences
Alignment has 126 sequences with 651 columns, 605 distinct patterns
377 parsimony-informative, 138 singleton sites, 136 constant sites
                Gap/Ambiguity  Composition  p-value
Analyzing sequences: done in 9.58443e-05 secs using 233.7% CPU
   1  XP_010240899.1   64.67%    passed     39.15%
   2  XP_010244698.1   63.29%    passed     95.40%
   3  XP_010244699.1   63.44%    passed     93.68%
   4  XP_010244700.1   65.44%    passed     95.97%
   5  XP_010245525.1   69.28%    passed      9.81%
   6  XP_010249055.1   68.66%    passed     36.34%
   7  XP_010249056.1   68.82%    passed     35.31%
   8  XP_010249057.1   68.82%    passed     33.16%
   9  XP_010250667.1   63.29%    passed     77.90%
  10  XP_010254524.1   65.28%    passed     93.11%
  11  XP_010254525.1   65.59%    passed     93.07%
  12  XP_010254615.1   63.13%    passed     98.28%
  13  XP_010254616.1   63.29%    passed     98.44%
  14  XP_010254617.1   65.28%    passed     99.54%
  15  XP_010255589.1   65.59%    passed     98.66%
  16  XP_010255590.1   65.59%    passed     98.66%
  17  XP_010255596.1   62.98%    passed     97.39%
  18  XP_010257792.1   48.54%    passed     11.16%
  19  XP_010257957.1   61.90%    passed     62.47%
  20  XP_010257958.1   62.67%    passed     81.03%
  21  XP_010258314.1   44.24%    passed      6.61%
  22  XP_010258315.1   45.78%    passed     23.29%
  23  XP_010258316.1   63.59%    passed     76.63%
  24  XP_010260833.1   62.67%    passed     77.76%
  25  XP_010260844.1   61.60%    passed     87.69%
  26  XP_010263856.1   65.44%    passed     92.13%
  27  XP_010269077.1   67.59%    passed     89.82%
  28  XP_010269101.1   32.72%    failed      0.10%
  29  XP_010269745.1   60.83%    passed     80.78%
  30  XP_010271509.1   65.44%    passed     70.65%
  31  XP_010272601.1   66.67%    passed     98.84%
  32  XP_010272608.1   62.83%    passed     76.65%
  33  XP_010272685.1   65.59%    passed     56.63%
  34  XP_010273432.1   65.44%    passed     92.57%
  35  XP_010273433.1   65.44%    passed     92.57%
  36  XP_010274370.1   54.22%    failed      1.83%
  37  XP_010275495.1   61.44%    passed     10.90%
  38  XP_010277487.1   64.82%    passed     89.45%
  39  XP_010277488.1   64.82%    passed     89.45%
  40  XP_010277489.1   65.13%    passed     89.97%
  41  XP_010279516.1   60.83%    passed     19.97%
  42  XP_019051694.1   63.29%    passed     95.40%
  43  XP_019053529.1   62.98%    passed     24.37%
  44  XP_019053922.1   62.67%    passed     77.76%
  45  XP_019055004.1   72.81%    passed     27.71%
  46  XP_019056050.1   60.83%    passed     19.97%
  47  XP_019056051.1   62.98%    passed     15.66%
  48  AT5G65080.1      68.51%    passed     47.24%
  49  AT5G65050.2      72.66%    passed     35.91%
  50  AT2G03710.3      71.27%    passed     83.74%
  51  AT5G20240.1      68.05%    passed      9.81%
  52  AT4G09960.3      60.68%    passed     55.61%
  53  AT3G58780.1      61.90%    passed     78.33%
  54  AT5G15800.1      61.44%    passed     24.39%
  55  AT5G62165.1      67.74%    passed     89.96%
  56  AT3G58780.2      62.98%    passed     80.67%
  57  AT5G23260.2      61.29%    passed      5.14%
  58  AT5G23260.1      62.06%    passed      6.54%
  59  AT5G65060.1      69.89%    passed     31.03%
  60  AT1G24260.3      63.59%    passed     47.37%
  61  AT5G65070.1      69.28%    passed     22.60%
  62  AT5G10140.2      74.35%    passed      8.72%
  63  AT3G57230.1      63.13%    passed     57.72%
  64  AT1G77080.5      73.43%    passed     23.22%
  65  AT5G51870.1      68.20%    passed     54.05%
  66  AT5G62165.3      67.74%    passed     89.96%
  67  AT3G58780.3      58.06%    passed     76.90%
  68  AT5G65050.3      69.89%    passed     60.60%
  69  AT4G09960.4      64.06%    passed     38.78%
  70  AT5G65060.2      71.58%    passed     44.29%
  71  AT2G03710.1      60.37%    passed     81.38%
  72  AT2G22540.1      63.13%    passed     87.23%
  73  AT2G03060.2      40.71%    failed      0.03%
  74  AT1G77950.1      61.29%    passed     66.77%
  75  AT1G77950.2      61.29%    passed     66.77%
  76  AT1G24260.2      61.44%    passed     61.84%
  77  AT5G23260.3      63.44%    passed      6.79%
  78  AT4G37940.1      64.98%    passed     98.85%
  79  AT1G26310.1      60.83%    passed     89.97%
  80  AT5G51860.1      67.59%    passed     15.15%
  81  AT5G62165.4      69.89%    passed     97.82%
  82  AT2G14210.1      64.06%    passed     95.31%
  83  AT1G59810.1      56.53%    failed      0.01%
  84  AT4G09960.2      66.82%    passed     30.60%
  85  AT5G51870.3      66.36%    passed     69.97%
  86  AT1G71692.1      67.59%    passed     54.94%
  87  AT3G02310.1      61.60%    passed     23.35%
  88  AT5G65050.1      72.04%    passed     52.71%
  89  AT4G09960.1      64.67%    passed     35.29%
  90  AT2G42830.1      62.21%    passed     54.52%
  91  AT3G57390.1      60.68%    passed     84.15%
  92  AT5G10140.3      71.43%    passed     11.31%
  93  AT1G22130.1      48.54%    passed     19.50%
  94  AT1G77080.4      69.89%    passed     63.01%
  95  AT3G54340.1      64.36%    passed     49.36%
  96  AT5G65070.3      64.36%    passed     41.81%
  97  AT4G18960.1      61.29%    passed     41.53%
  98  AT1G69540.1      47.16%    passed     30.42%
  99  AT1G31140.1      67.28%    passed     57.22%
 100  AT5G10140.4      72.04%    passed     14.72%
 101  AT4G22950.1      66.36%    passed     86.92%
 102  AT2G03710.2      60.52%    passed     82.20%
 103  AT1G77080.2      70.51%    passed     62.00%
 104  AT1G31140.2      66.97%    passed     56.60%
 105  AT2G42830.2      61.90%    passed     52.21%
 106  AT5G13790.1      58.83%    passed     70.02%
 107  AT1G77980.1      49.00%    passed     31.93%
 108  AT5G60910.1      62.83%    passed     94.58%
 109  AT5G65070.2      64.52%    passed     43.28%
 110  AT5G10140.1      69.89%    passed     10.50%
 111  AT5G15800.2      59.75%    passed     11.38%
 112  AT5G65080.2      69.74%    passed     45.57%
 113  AT2G45650.1      61.29%    passed     55.22%
 114  AT2G22630.1      65.13%    passed     97.52%
 115  AT3G30260.1      61.75%    passed     32.38%
 116  AT4G11880.1      66.05%    passed     80.69%
 117  AT5G51860.2      68.97%    passed     10.47%
 118  AT5G62165.2      67.74%    passed     89.96%
 119  AT4G24540.1      66.21%    passed      8.57%
 120  AT2G45660.1      67.13%    passed     63.23%
 121  AT1G24260.1      61.60%    passed     57.05%
 122  AT3G57230.2      63.29%    passed     67.49%
 123  AT1G69120.1      60.68%    passed     39.79%
 124  AT5G51870.2      73.58%    passed     23.94%
 125  AT2G22540.2      63.90%    passed     84.60%
 126  AT3G61120.1      62.52%    passed     27.80%
WARNING: 118 sequences contain more than 50% gaps/ambiguity
****  TOTAL            63.69%  4 sequences failed composition chi2 test (p-value<5%; df=19)
NOTE: XP_019051694.1 is identical to XP_010244698.1 but kept for subsequent analysis
NOTE: XP_010255590.1 is identical to XP_010255589.1 but kept for subsequent analysis
NOTE: XP_019053922.1 is identical to XP_010260833.1 but kept for subsequent analysis
NOTE: XP_010273433.1 is identical to XP_010273432.1 but kept for subsequent analysis
NOTE: XP_010277488.1 is identical to XP_010277487.1 but kept for subsequent analysis
NOTE: XP_019056050.1 is identical to XP_010279516.1 but kept for subsequent analysis
NOTE: AT5G62165.3 is identical to AT5G62165.1 but kept for subsequent analysis
NOTE: AT1G77950.2 is identical to AT1G77950.1 but kept for subsequent analysis
NOTE: 1 identical sequences (see below) will be ignored for subsequent analysis
NOTE: AT5G62165.2 (identical to AT5G62165.1) is ignored but added at the end
Alignment was printed to /Users/bushrakhan/Desktop/NIPGR-data/MADS-box-Evolutionary-gene-detection/Simultaneous_Phylogenetic_Analysis/Results_v4/Nelumbo_nucifera/Nelumbo_nucifera_MAFFT_NJ.uniqueseq.phy

For your convenience alignment with unique sequences printed to /Users/bushrakhan/Desktop/NIPGR-data/MADS-box-Evolutionary-gene-detection/Simultaneous_Phylogenetic_Analysis/Results_v4/Nelumbo_nucifera/Nelumbo_nucifera_MAFFT_NJ.uniqueseq.phy

Create initial parsimony tree by phylogenetic likelihood library (PLL)... 0.033 seconds
Generating 1000 samples for ultrafast bootstrap (seed: 199813)...

NOTE: 50 MB RAM (0 GB) is required!
Measuring multi-threading efficiency up to 10 CPU cores
Increase to 10 rounds for branch lengths
3 trees examined
Threads: 1 / Time: 12.245 sec / Speedup: 1.000 / Efficiency: 100% / LogL: -56274
Threads: 2 / Time: 7.885 sec / Speedup: 1.553 / Efficiency: 78% / LogL: -56274
Threads: 3 / Time: 5.411 sec / Speedup: 2.263 / Efficiency: 75% / LogL: -56274
Threads: 4 / Time: 4.794 sec / Speedup: 2.554 / Efficiency: 64% / LogL: -56274
Threads: 5 / Time: 5.015 sec / Speedup: 2.442 / Efficiency: 49% / LogL: -56274
BEST NUMBER OF THREADS: 4

Estimate model parameters (epsilon = 0.100)
1. Initial log-likelihood: -29139.893
2. Current log-likelihood: -27618.483
3. Current log-likelihood: -27573.278
4. Current log-likelihood: -27570.313
5. Current log-likelihood: -27570.018
Optimal log-likelihood: -27569.909
Gamma shape alpha: 1.111
Parameters optimization took 5 rounds (4.053 sec)
Wrote distance file to... 
Computing ML distances based on estimated model parameters...
Calculating distance matrix: done in 1.03793 secs using 395.1% CPU
Computing ML distances took 1.038164 sec (of wall-clock time) 4.100720 sec (of CPU time)
Setting up auxiliary I and S matrices: done in 0.0002141 secs using 218.6% CPU
Computing RapidNJ tree took 0.009086 sec (of wall-clock time) 0.009032 sec (of CPU time)
Log-likelihood of RapidNJ tree: -27865.880
--------------------------------------------------------------------
|             INITIALIZING CANDIDATE TREE SET                      |
--------------------------------------------------------------------
Generating 98 parsimony trees... 3.775 second
Computing log-likelihood of 98 initial trees ... 19.233 seconds
Current best score: -27569.909

Do NNI search on 20 best initial trees
Estimate model parameters (epsilon = 0.100)
BETTER TREE FOUND at iteration 1: -27526.795
Estimate model parameters (epsilon = 0.100)
BETTER TREE FOUND at iteration 2: -27518.563
Iteration 10 / LogL: -27520.330 / Time: 0h:2m:37s
Iteration 20 / LogL: -27520.822 / Time: 0h:4m:17s
Finish initializing candidate tree set (20)
Current best tree score: -27518.563 / CPU time: 214.610
Number of iterations: 20
--------------------------------------------------------------------
|               OPTIMIZING CANDIDATE TREE SET                      |
--------------------------------------------------------------------
Estimate model parameters (epsilon = 0.100)
BETTER TREE FOUND at iteration 23: -27515.364
Iteration 30 / LogL: -27519.885 / Time: 0h:5m:47s (0h:18m:34s left)
Iteration 40 / LogL: -27520.239 / Time: 0h:7m:9s (0h:15m:13s left)
Estimate model parameters (epsilon = 0.100)
UPDATE BEST LOG-LIKELIHOOD: -27515.323
Iteration 50 / LogL: -27517.095 / Time: 0h:8m:33s (0h:12m:44s left)
Log-likelihood cutoff on original alignment: -27563.010
Estimate model parameters (epsilon = 0.100)
BETTER TREE FOUND at iteration 59: -27515.286
Iteration 60 / LogL: -27516.915 / Time: 0h:9m:54s (0h:16m:37s left)
BETTER TREE FOUND at iteration 62: -27515.286
Iteration 70 / LogL: -27517.888 / Time: 0h:11m:16s (0h:15m:1s left)
Estimate model parameters (epsilon = 0.100)
BETTER TREE FOUND at iteration 80: -27515.224
Iteration 80 / LogL: -27515.224 / Time: 0h:12m:33s (0h:15m:53s left)
Iteration 90 / LogL: -27525.884 / Time: 0h:13m:48s (0h:13m:58s left)
Iteration 100 / LogL: -27518.804 / Time: 0h:15m:5s (0h:12m:11s left)
Log-likelihood cutoff on original alignment: -27561.432
NOTE: Bootstrap correlation coefficient of split occurrence frequencies: 0.993
Iteration 110 / LogL: -27518.255 / Time: 0h:16m:27s (0h:13m:35s left)
Iteration 120 / LogL: -27541.050 / Time: 0h:17m:47s (0h:11m:57s left)
Iteration 130 / LogL: -27515.226 / Time: 0h:19m:0s (0h:10m:18s left)
Iteration 140 / LogL: -27525.970 / Time: 0h:20m:15s (0h:8m:44s left)
Iteration 150 / LogL: -27515.374 / Time: 0h:21m:36s (0h:7m:14s left)
Log-likelihood cutoff on original alignment: -27561.432
Iteration 160 / LogL: -27520.508 / Time: 0h:22m:50s (0h:5m:44s left)
Iteration 170 / LogL: -27536.963 / Time: 2h:57m:45s (0h:31m:33s left)
Iteration 180 / LogL: -27515.318 / Time: 2h:59m:8s (0h:20m:0s left)
TREE SEARCH COMPLETED AFTER 181 ITERATIONS / Time: 2h:59m:15s

--------------------------------------------------------------------
|                    FINALIZING TREE SEARCH                        |
--------------------------------------------------------------------
Performs final model parameters optimization
Estimate model parameters (epsilon = 0.010)
1. Initial log-likelihood: -27515.224
Optimal log-likelihood: -27515.224
Gamma shape alpha: 1.050
Parameters optimization took 1 rounds (0.546 sec)
BEST SCORE FOUND : -27515.224
Creating bootstrap support values...
Split supports printed to NEXUS file /Users/bushrakhan/Desktop/NIPGR-data/MADS-box-Evolutionary-gene-detection/Simultaneous_Phylogenetic_Analysis/Results_v4/Nelumbo_nucifera/Nelumbo_nucifera_MAFFT_NJ.splits.nex
Total tree length: 48.125

Total number of iterations: 181
CPU time used for tree search: 4385.796 sec (1h:13m:5s)
Wall-clock time used for tree search: 10712.914 sec (2h:58m:32s)
Total CPU time used: 4479.110 sec (1h:14m:39s)
Total wall-clock time used: 10756.672 sec (2h:59m:16s)

Computing bootstrap consensus tree...
Reading input file /Users/bushrakhan/Desktop/NIPGR-data/MADS-box-Evolutionary-gene-detection/Simultaneous_Phylogenetic_Analysis/Results_v4/Nelumbo_nucifera/Nelumbo_nucifera_MAFFT_NJ.splits.nex...
125 taxa and 536 splits.
Consensus tree written to /Users/bushrakhan/Desktop/NIPGR-data/MADS-box-Evolutionary-gene-detection/Simultaneous_Phylogenetic_Analysis/Results_v4/Nelumbo_nucifera/Nelumbo_nucifera_MAFFT_NJ.contree
Reading input trees file /Users/bushrakhan/Desktop/NIPGR-data/MADS-box-Evolutionary-gene-detection/Simultaneous_Phylogenetic_Analysis/Results_v4/Nelumbo_nucifera/Nelumbo_nucifera_MAFFT_NJ.contree
Log-likelihood of consensus tree: -27515.794

Analysis results written to: 
  IQ-TREE report:                /Users/bushrakhan/Desktop/NIPGR-data/MADS-box-Evolutionary-gene-detection/Simultaneous_Phylogenetic_Analysis/Results_v4/Nelumbo_nucifera/Nelumbo_nucifera_MAFFT_NJ.iqtree
  Maximum-likelihood tree:       /Users/bushrakhan/Desktop/NIPGR-data/MADS-box-Evolutionary-gene-detection/Simultaneous_Phylogenetic_Analysis/Results_v4/Nelumbo_nucifera/Nelumbo_nucifera_MAFFT_NJ.treefile
  Likelihood distances:          /Users/bushrakhan/Desktop/NIPGR-data/MADS-box-Evolutionary-gene-detection/Simultaneous_Phylogenetic_Analysis/Results_v4/Nelumbo_nucifera/Nelumbo_nucifera_MAFFT_NJ.mldist

Ultrafast bootstrap approximation results written to:
  Split support values:          /Users/bushrakhan/Desktop/NIPGR-data/MADS-box-Evolutionary-gene-detection/Simultaneous_Phylogenetic_Analysis/Results_v4/Nelumbo_nucifera/Nelumbo_nucifera_MAFFT_NJ.splits.nex
  Consensus tree:                /Users/bushrakhan/Desktop/NIPGR-data/MADS-box-Evolutionary-gene-detection/Simultaneous_Phylogenetic_Analysis/Results_v4/Nelumbo_nucifera/Nelumbo_nucifera_MAFFT_NJ.contree
  Screen log file:               /Users/bushrakhan/Desktop/NIPGR-data/MADS-box-Evolutionary-gene-detection/Simultaneous_Phylogenetic_Analysis/Results_v4/Nelumbo_nucifera/Nelumbo_nucifera_MAFFT_NJ.log

Date and Time: Tue Apr  7 11:53:38 2026
