IQ-TREE multicore version 2.3.6 for MacOS ARM 64-bit built Jul 30 2024
Developed by Bui Quang Minh, Nguyen Lam Tung, Olga Chernomor, Heiko Schmidt,
Dominik Schrempf, Michael Woodhams, Ly Trong Nhan, Thomas Wong

Host:    Bushras-MacBook-Air.local (SSE4.2, 16 GB RAM)
Command: iqtree2 -s /Users/bushrakhan/Desktop/NIPGR-data/MADS-box-Evolutionary-gene-detection/Simultaneous_Phylogenetic_Analysis/Results_v4/Nelumbo_nucifera/Nelumbo_nucifera_MUSCLE.fa -m LG+G -B 1000 -T AUTO --abayes -pre /Users/bushrakhan/Desktop/NIPGR-data/MADS-box-Evolutionary-gene-detection/Simultaneous_Phylogenetic_Analysis/Results_v4/Nelumbo_nucifera/Nelumbo_nucifera_MUSCLE_Bayes -redo
Seed:    552129 (Using SPRNG - Scalable Parallel Random Number Generator)
Time:    Tue Apr  7 13:23:42 2026
Kernel:  SSE2 - auto-detect threads (10 CPU cores detected)

Reading alignment file /Users/bushrakhan/Desktop/NIPGR-data/MADS-box-Evolutionary-gene-detection/Simultaneous_Phylogenetic_Analysis/Results_v4/Nelumbo_nucifera/Nelumbo_nucifera_MUSCLE.fa ... Fasta format detected
Reading fasta file: done in 0.00243592 secs using 79.52% CPU
Alignment most likely contains protein sequences
Alignment has 126 sequences with 1103 columns, 793 distinct patterns
329 parsimony-informative, 230 singleton sites, 544 constant sites
                Gap/Ambiguity  Composition  p-value
Analyzing sequences: done in 9.20296e-05 secs using 280.3% CPU
   1  AT1G59810.1      74.34%    failed      0.09%
   2  AT2G03060.2      65.00%    failed      0.29%
   3  AT1G69540.1      68.81%    passed     61.83%
   4  XP_010258316.1   78.51%    passed     72.46%
   5  XP_010258315.1   68.00%    passed     37.69%
   6  XP_010257792.1   69.63%    passed     35.90%
   7  XP_010258314.1   67.09%    passed     17.65%
   8  AT1G77980.1      69.90%    passed     43.78%
   9  AT1G77950.1      77.15%    passed     55.77%
  10  AT1G77950.2      77.15%    passed     55.77%
  11  AT1G22130.1      69.63%    passed     31.02%
  12  XP_010274370.1   72.98%    passed      6.16%
  13  AT1G31140.1      80.69%    passed     86.37%
  14  AT1G31140.2      80.51%    passed     85.55%
  15  XP_010269101.1   60.29%    failed      1.57%
  16  XP_010269077.1   80.87%    passed     84.03%
  17  AT5G20240.1      81.14%    passed     11.60%
  18  AT5G23260.3      78.42%    passed     10.46%
  19  AT5G23260.2      77.15%    passed      6.06%
  20  AT5G23260.1      77.61%    passed      8.19%
  21  XP_010275495.1   77.24%    passed     11.67%
  22  XP_019053529.1   78.15%    passed     21.54%
  23  AT3G54340.1      78.97%    passed     57.24%
  24  XP_019055004.1   83.95%    passed     25.20%
  25  XP_010240899.1   79.15%    passed     44.04%
  26  XP_010263856.1   79.60%    passed     89.87%
  27  XP_010271509.1   79.60%    passed     68.64%
  28  XP_019056051.1   78.15%    passed     22.28%
  29  XP_010269745.1   76.88%    passed     51.47%
  30  XP_010279516.1   76.88%    passed     21.78%
  31  XP_019056050.1   76.88%    passed     21.78%
  32  AT5G60910.1      78.06%    passed     84.57%
  33  AT5G51870.2      84.41%    passed     23.65%
  34  AT1G71692.1      80.87%    passed     61.31%
  35  AT3G61120.1      77.88%    passed     23.03%
  36  XP_010249057.1   81.60%    passed     27.26%
  37  XP_010249055.1   81.50%    passed     29.69%
  38  XP_010249056.1   81.60%    passed     29.08%
  39  AT2G45650.1      77.15%    passed     75.29%
  40  XP_010255596.1   78.15%    passed     99.67%
  41  XP_010272608.1   78.06%    passed     83.78%
  42  XP_010245525.1   81.87%    passed     11.39%
  43  AT4G22950.1      80.15%    passed     59.53%
  44  AT4G11880.1      79.96%    passed     60.60%
  45  XP_010257957.1   77.52%    passed     57.41%
  46  XP_010260844.1   77.33%    passed     76.38%
  47  AT2G45660.1      80.60%    passed     47.95%
  48  AT5G51870.1      81.23%    passed     37.23%
  49  AT5G51870.3      80.15%    passed     49.77%
  50  AT5G51860.1      80.87%    passed     11.84%
  51  AT5G51860.2      81.69%    passed      7.00%
  52  AT5G62165.1      80.96%    passed     69.36%
  53  AT5G62165.3      80.96%    passed     69.36%
  54  AT5G62165.2      80.96%    passed     69.36%
  55  AT5G62165.4      82.23%    passed     90.46%
  56  XP_010255589.1   79.69%    passed     89.80%
  57  XP_010255590.1   79.69%    passed     89.80%
  58  XP_010272601.1   80.33%    passed     92.93%
  59  AT5G13790.1      75.70%    passed     42.46%
  60  AT2G42830.1      77.70%    passed     36.58%
  61  AT2G42830.2      77.52%    passed     34.53%
  62  AT3G58780.3      75.25%    passed     62.37%
  63  AT3G58780.1      77.52%    passed     65.27%
  64  AT3G58780.2      78.15%    passed     69.41%
  65  AT4G09960.2      80.42%    passed     21.63%
  66  AT4G09960.4      78.79%    passed     24.44%
  67  AT4G09960.3      76.79%    passed     38.00%
  68  AT4G09960.1      79.15%    passed     23.03%
  69  AT4G18960.1      77.15%    passed     28.48%
  70  XP_010272685.1   79.69%    passed     41.68%
  71  XP_010273432.1   79.60%    passed     82.60%
  72  XP_010273433.1   79.60%    passed     82.60%
  73  AT3G57230.2      78.33%    passed     51.47%
  74  AT2G14210.1      78.79%    passed     78.87%
  75  AT4G37940.1      79.33%    passed     93.41%
  76  AT2G22630.1      79.42%    passed     88.86%
  77  AT3G57230.1      78.24%    passed     45.90%
  78  XP_010254615.1   78.24%    passed     90.10%
  79  XP_010254616.1   78.33%    passed     90.88%
  80  XP_010244698.1   78.33%    passed     85.14%
  81  XP_019051694.1   78.33%    passed     85.14%
  82  XP_010244699.1   78.42%    passed     82.21%
  83  XP_010244700.1   79.60%    passed     88.16%
  84  XP_010254617.1   79.51%    passed     96.63%
  85  AT4G24540.1      80.05%    failed      2.52%
  86  AT3G57390.1      76.79%    passed     57.27%
  87  AT3G30260.1      77.43%    passed     25.84%
  88  AT2G22540.1      78.24%    passed     60.48%
  89  AT2G22540.2      78.69%    passed     56.62%
  90  XP_010277487.1   79.24%    passed     50.17%
  91  XP_010277488.1   79.24%    passed     50.17%
  92  XP_010277489.1   79.42%    passed     52.22%
  93  XP_010254524.1   79.51%    passed     63.56%
  94  XP_010254525.1   79.69%    passed     64.68%
  95  XP_010257958.1   77.97%    passed     64.36%
  96  XP_010260833.1   77.97%    passed     71.93%
  97  XP_019053922.1   77.97%    passed     71.93%
  98  AT3G02310.1      77.33%    passed     30.26%
  99  AT5G15800.1      77.24%    passed     27.16%
 100  AT5G15800.2      76.25%    passed     19.06%
 101  AT1G26310.1      76.88%    passed     84.97%
 102  AT1G69120.1      76.79%    passed     53.01%
 103  AT2G03710.1      76.61%    passed     81.48%
 104  AT2G03710.2      76.70%    passed     82.94%
 105  XP_010250667.1   78.33%    passed     84.61%
 106  AT2G03710.3      83.05%    passed     69.40%
 107  AT1G24260.3      78.51%    passed     45.27%
 108  AT1G24260.2      77.24%    passed     54.30%
 109  AT1G24260.1      77.33%    passed     49.40%
 110  AT5G65080.2      82.14%    passed     26.98%
 111  AT1G77080.2      82.59%    passed     33.40%
 112  AT5G65060.2      83.23%    passed     20.30%
 113  AT5G10140.4      83.50%    passed      7.05%
 114  AT5G65050.1      83.50%    passed     27.86%
 115  AT5G10140.1      82.23%    failed      4.09%
 116  AT1G77080.4      82.23%    passed     32.05%
 117  AT5G65060.1      82.23%    passed     11.63%
 118  AT5G65050.3      82.23%    passed     29.51%
 119  AT5G65070.3      78.97%    passed     21.07%
 120  AT5G65070.1      81.87%    passed      8.13%
 121  AT5G65070.2      79.06%    passed     19.54%
 122  AT1G77080.5      84.32%    passed      7.69%
 123  AT5G65050.2      83.86%    passed     13.80%
 124  AT5G65080.1      81.41%    passed     20.92%
 125  AT5G10140.2      84.86%    failed      2.91%
 126  AT5G10140.3      83.14%    passed      5.22%
WARNING: 126 sequences contain more than 50% gaps/ambiguity
****  TOTAL            78.57%  6 sequences failed composition chi2 test (p-value<5%; df=19)
NOTE: AT1G77950.2 is identical to AT1G77950.1 but kept for subsequent analysis
NOTE: XP_019056050.1 is identical to XP_010279516.1 but kept for subsequent analysis
NOTE: AT5G62165.3 is identical to AT5G62165.1 but kept for subsequent analysis
NOTE: XP_010255590.1 is identical to XP_010255589.1 but kept for subsequent analysis
NOTE: XP_010273433.1 is identical to XP_010273432.1 but kept for subsequent analysis
NOTE: XP_019051694.1 is identical to XP_010244698.1 but kept for subsequent analysis
NOTE: XP_010277488.1 is identical to XP_010277487.1 but kept for subsequent analysis
NOTE: XP_019053922.1 is identical to XP_010260833.1 but kept for subsequent analysis
NOTE: 1 identical sequences (see below) will be ignored for subsequent analysis
NOTE: AT5G62165.2 (identical to AT5G62165.1) is ignored but added at the end
Alignment was printed to /Users/bushrakhan/Desktop/NIPGR-data/MADS-box-Evolutionary-gene-detection/Simultaneous_Phylogenetic_Analysis/Results_v4/Nelumbo_nucifera/Nelumbo_nucifera_MUSCLE_Bayes.uniqueseq.phy

For your convenience alignment with unique sequences printed to /Users/bushrakhan/Desktop/NIPGR-data/MADS-box-Evolutionary-gene-detection/Simultaneous_Phylogenetic_Analysis/Results_v4/Nelumbo_nucifera/Nelumbo_nucifera_MUSCLE_Bayes.uniqueseq.phy

Create initial parsimony tree by phylogenetic likelihood library (PLL)... 0.048 seconds
Generating 1000 samples for ultrafast bootstrap (seed: 552129)...

NOTE: 65 MB RAM (0 GB) is required!
Measuring multi-threading efficiency up to 10 CPU cores
Increase to 10 rounds for branch lengths
2 trees examined
Threads: 1 / Time: 10.668 sec / Speedup: 1.000 / Efficiency: 100% / LogL: -55866
Threads: 2 / Time: 6.704 sec / Speedup: 1.591 / Efficiency: 80% / LogL: -55866
Threads: 3 / Time: 4.634 sec / Speedup: 2.302 / Efficiency: 77% / LogL: -55866
Threads: 4 / Time: 4.263 sec / Speedup: 2.503 / Efficiency: 63% / LogL: -55866
Threads: 5 / Time: 4.321 sec / Speedup: 2.469 / Efficiency: 49% / LogL: -55866
BEST NUMBER OF THREADS: 4

Estimate model parameters (epsilon = 0.100)
1. Initial log-likelihood: -33125.282
2. Current log-likelihood: -29544.893
3. Current log-likelihood: -29419.912
4. Current log-likelihood: -29415.129
5. Current log-likelihood: -29414.566
Optimal log-likelihood: -29414.495
Gamma shape alpha: 0.824
Parameters optimization took 5 rounds (5.694 sec)
Wrote distance file to... 
Computing ML distances based on estimated model parameters...
Calculating distance matrix: done in 1.28789 secs using 394.4% CPU
Computing ML distances took 1.288143 sec (of wall-clock time) 5.080078 sec (of CPU time)
WARNING: Some pairwise ML distances are too long (saturated)
Setting up auxiliary I and S matrices: done in 0.000190973 secs using 312.6% CPU
Computing RapidNJ tree took 0.009186 sec (of wall-clock time) 0.009329 sec (of CPU time)
Log-likelihood of RapidNJ tree: -29753.348
--------------------------------------------------------------------
|             INITIALIZING CANDIDATE TREE SET                      |
--------------------------------------------------------------------
Generating 98 parsimony trees... 3.906 second
Computing log-likelihood of 98 initial trees ... 26.192 seconds
Current best score: -29414.495

Do NNI search on 20 best initial trees
Estimate model parameters (epsilon = 0.100)
BETTER TREE FOUND at iteration 1: -29375.319
Estimate model parameters (epsilon = 0.100)
BETTER TREE FOUND at iteration 2: -29363.595
Estimate model parameters (epsilon = 0.100)
BETTER TREE FOUND at iteration 5: -29360.990
Iteration 10 / LogL: -29361.706 / Time: 0h:2m:49s
Iteration 20 / LogL: -29373.456 / Time: 0h:4m:25s
Finish initializing candidate tree set (20)
Current best tree score: -29360.990 / CPU time: 225.222
Number of iterations: 20
--------------------------------------------------------------------
|               OPTIMIZING CANDIDATE TREE SET                      |
--------------------------------------------------------------------
Estimate model parameters (epsilon = 0.100)
BETTER TREE FOUND at iteration 25: -29360.953
Iteration 30 / LogL: -29379.390 / Time: 0h:5m:57s (0h:19m:31s left)
Iteration 40 / LogL: -29362.172 / Time: 0h:7m:30s (0h:16m:22s left)
Iteration 50 / LogL: -29401.565 / Time: 0h:9m:1s (0h:13m:49s left)
Log-likelihood cutoff on original alignment: -29408.974
UPDATE BEST LOG-LIKELIHOOD: -29360.948
Iteration 60 / LogL: -29362.130 / Time: 0h:10m:36s (0h:11m:41s left)
Estimate model parameters (epsilon = 0.100)
BETTER TREE FOUND at iteration 61: -29360.911
Iteration 70 / LogL: -29361.909 / Time: 0h:12m:11s (0h:16m:4s left)
Estimate model parameters (epsilon = 0.100)
BETTER TREE FOUND at iteration 73: -29360.848
Iteration 80 / LogL: -29365.011 / Time: 0h:13m:55s (0h:16m:23s left)
Iteration 90 / LogL: -29361.978 / Time: 0h:15m:28s (0h:14m:25s left)
UPDATE BEST LOG-LIKELIHOOD: -29360.847
Iteration 100 / LogL: -29365.426 / Time: 0h:17m:1s (0h:12m:33s left)
Log-likelihood cutoff on original alignment: -29408.171
NOTE: Bootstrap correlation coefficient of split occurrence frequencies: 0.999
Iteration 110 / LogL: -29360.950 / Time: 0h:18m:35s (0h:15m:20s left)
Iteration 120 / LogL: -29449.543 / Time: 0h:20m:3s (0h:13m:29s left)
Iteration 130 / LogL: -29361.198 / Time: 0h:21m:33s (0h:11m:42s left)
Iteration 140 / LogL: -29360.977 / Time: 0h:23m:7s (0h:9m:58s left)
Iteration 150 / LogL: -29361.114 / Time: 0h:24m:53s (0h:8m:21s left)
Log-likelihood cutoff on original alignment: -29408.171
Iteration 160 / LogL: -29361.329 / Time: 0h:26m:22s (0h:6m:38s left)
Iteration 170 / LogL: -29360.919 / Time: 0h:27m:55s (0h:4m:57s left)
TREE SEARCH COMPLETED AFTER 174 ITERATIONS / Time: 0h:28m:31s

--------------------------------------------------------------------
|                    FINALIZING TREE SEARCH                        |
--------------------------------------------------------------------
Performs final model parameters optimization
Estimate model parameters (epsilon = 0.010)
1. Initial log-likelihood: -29360.847
Optimal log-likelihood: -29360.846
Gamma shape alpha: 0.774
Parameters optimization took 1 rounds (0.743 sec)
BEST SCORE FOUND : -29360.846

Testing tree branches by aBayes parametric test...
1.138 sec.
Creating bootstrap support values...
Split supports printed to NEXUS file /Users/bushrakhan/Desktop/NIPGR-data/MADS-box-Evolutionary-gene-detection/Simultaneous_Phylogenetic_Analysis/Results_v4/Nelumbo_nucifera/Nelumbo_nucifera_MUSCLE_Bayes.splits.nex
Total tree length: 68.127

Total number of iterations: 174
CPU time used for tree search: 4970.345 sec (1h:22m:50s)
Wall-clock time used for tree search: 1670.634 sec (0h:27m:50s)
Total CPU time used: 5067.618 sec (1h:24m:27s)
Total wall-clock time used: 1713.487 sec (0h:28m:33s)

Computing bootstrap consensus tree...
Reading input file /Users/bushrakhan/Desktop/NIPGR-data/MADS-box-Evolutionary-gene-detection/Simultaneous_Phylogenetic_Analysis/Results_v4/Nelumbo_nucifera/Nelumbo_nucifera_MUSCLE_Bayes.splits.nex...
125 taxa and 593 splits.
Consensus tree written to /Users/bushrakhan/Desktop/NIPGR-data/MADS-box-Evolutionary-gene-detection/Simultaneous_Phylogenetic_Analysis/Results_v4/Nelumbo_nucifera/Nelumbo_nucifera_MUSCLE_Bayes.contree
Reading input trees file /Users/bushrakhan/Desktop/NIPGR-data/MADS-box-Evolutionary-gene-detection/Simultaneous_Phylogenetic_Analysis/Results_v4/Nelumbo_nucifera/Nelumbo_nucifera_MUSCLE_Bayes.contree
Log-likelihood of consensus tree: -29360.905

Analysis results written to: 
  IQ-TREE report:                /Users/bushrakhan/Desktop/NIPGR-data/MADS-box-Evolutionary-gene-detection/Simultaneous_Phylogenetic_Analysis/Results_v4/Nelumbo_nucifera/Nelumbo_nucifera_MUSCLE_Bayes.iqtree
  Maximum-likelihood tree:       /Users/bushrakhan/Desktop/NIPGR-data/MADS-box-Evolutionary-gene-detection/Simultaneous_Phylogenetic_Analysis/Results_v4/Nelumbo_nucifera/Nelumbo_nucifera_MUSCLE_Bayes.treefile
  Likelihood distances:          /Users/bushrakhan/Desktop/NIPGR-data/MADS-box-Evolutionary-gene-detection/Simultaneous_Phylogenetic_Analysis/Results_v4/Nelumbo_nucifera/Nelumbo_nucifera_MUSCLE_Bayes.mldist

Ultrafast bootstrap approximation results written to:
  Split support values:          /Users/bushrakhan/Desktop/NIPGR-data/MADS-box-Evolutionary-gene-detection/Simultaneous_Phylogenetic_Analysis/Results_v4/Nelumbo_nucifera/Nelumbo_nucifera_MUSCLE_Bayes.splits.nex
  Consensus tree:                /Users/bushrakhan/Desktop/NIPGR-data/MADS-box-Evolutionary-gene-detection/Simultaneous_Phylogenetic_Analysis/Results_v4/Nelumbo_nucifera/Nelumbo_nucifera_MUSCLE_Bayes.contree
  Screen log file:               /Users/bushrakhan/Desktop/NIPGR-data/MADS-box-Evolutionary-gene-detection/Simultaneous_Phylogenetic_Analysis/Results_v4/Nelumbo_nucifera/Nelumbo_nucifera_MUSCLE_Bayes.log

Date and Time: Tue Apr  7 13:52:20 2026
