IQ-TREE multicore version 2.2.2.7 COVID-edition for Mac OS X 64-bit built May 30 2023
Developed by Bui Quang Minh, James Barbetti, Nguyen Lam Tung,
Olga Chernomor, Heiko Schmidt, Dominik Schrempf, Michael Woodhams, Ly Trong Nhan.

Host:    Bushras-MacBook-Air.local (SSE4.2, 16 GB RAM)
Command: /Users/bushrakhan/Desktop/NIPGR-data/MADS-box-Evolutionary-gene-detection/Advanced_Phylogenetic_Pipeline/Uploads/scripts/iqtree2 -s /Users/bushrakhan/Desktop/NIPGR-data/MADS-box-Evolutionary-gene-detection/Simultaneous_Phylogenetic_Analysis/Results_v2/Alignments/Amborella_trichopoda_MUSCLE.fa -fast -alrt 1000 -abayes -pre /Users/bushrakhan/Desktop/NIPGR-data/MADS-box-Evolutionary-gene-detection/Simultaneous_Phylogenetic_Analysis/Results_v2/Trees/Bayes/Amborella_trichopoda_MUSCLE_Bayes -redo
Seed:    897803 (Using SPRNG - Scalable Parallel Random Number Generator)
Time:    Sun Apr  5 12:18:21 2026
Kernel:  SSE2 - 1 threads (10 CPU cores detected)

HINT: Use -nt option to specify number of threads because your CPU has 10 cores!
HINT: -nt AUTO will automatically determine the best number of threads to use.

Reading alignment file /Users/bushrakhan/Desktop/NIPGR-data/MADS-box-Evolutionary-gene-detection/Simultaneous_Phylogenetic_Analysis/Results_v2/Alignments/Amborella_trichopoda_MUSCLE.fa ... Fasta format detected
Reading fasta file: done in 0.00149012 secs using 94.22% CPU
Alignment most likely contains protein sequences
Constructing alignment: done in 0.000751019 secs using 78.83% CPU
Alignment has 28 sequences with 701 columns, 405 distinct patterns
223 parsimony-informative, 63 singleton sites, 415 constant sites
WARNING: Some sequence names are changed as follows:
AT4G36920.1|APETALA2|AP2|Length=432 -> AT4G36920.1|APETALA2|AP2|Length_432
AT1G69120.1|APETALA1|AP1|Length=286 -> AT1G69120.1|APETALA1|AP1|Length_286
AT3G58780.4|SHATTERPROOF1|SHP1|Length=281 -> AT3G58780.4|SHATTERPROOF1|SHP1|Length_281
AT2G42830.2|SHATTERPROOF2|SHP2|Length=248 -> AT2G42830.2|SHATTERPROOF2|SHP2|Length_248
AT4G18960.1|AGAMOUS|AG|Length=252 -> AT4G18960.1|AGAMOUS|AG|Length_252
AT4G09960.4|SEEDSTICK|STK|Length=329 -> AT4G09960.4|SEEDSTICK|STK|Length_329
AT1G24260.2|SEPALLATA3|SEP3|Length=251 -> AT1G24260.2|SEPALLATA3|SEP3|Length_251
AT2G03710.1|SEPALLATA4|SEP4|Length=258 -> AT2G03710.1|SEPALLATA4|SEP4|Length_258
AT5G15800.2|SEPALLATA1|SEP1|Length=262 -> AT5G15800.2|SEPALLATA1|SEP1|Length_262
AT3G02310.1|SEPALLATA2|SEP2|Length=250 -> AT3G02310.1|SEPALLATA2|SEP2|Length_250
AT3G54340.1|APETALA3|AP3|Length=232 -> AT3G54340.1|APETALA3|AP3|Length_232
AT5G20240.1|PISTILLATA|PI|Length=208 -> AT5G20240.1|PISTILLATA|PI|Length_208

Analyzing sequences: done in 2.59876e-05 secs using 92.35% CPU
WARNING: 27 sequences contain more than 50% gaps/ambiguity
Checking for duplicate sequences: done in 8.29697e-05 secs using 83.16% CPU


Create initial parsimony tree by phylogenetic likelihood library (PLL)... 0.00 seconds
Perform fast likelihood tree search using LG+I+G model...
Estimate model parameters (epsilon = 5.00)
Perform nearest neighbor interchange...
Optimizing NNI: done in 0.54867 secs using 99.72% CPU
Estimate model parameters (epsilon = 1.00)
1. Initial log-likelihood: -12048.30
2. Current log-likelihood: -12046.11
3. Current log-likelihood: -12044.90
Optimal log-likelihood: -12044.19
Proportion of invariable sites: 0.01
Gamma shape alpha: 0.85
Parameters optimization took 3 rounds (0.26 sec)
Time for fast ML tree search: 1.52 seconds

NOTE: ModelFinder requires 18 MB RAM!
ModelFinder will test up to 1232 protein models (sample size: 701) ...
 No. Model         -LnL         df  AIC          AICc         BIC
  1  LG            12535.073    53  25176.147    25184.994    25417.430
  2  LG+I          12523.910    54  25155.821    25165.016    25401.656
  3  LG+G4         12043.903    54  24195.805    24205.000    24441.640
  4  LG+I+G4       12044.106    55  24198.211    24207.761    24448.599
  5  LG+R2         12124.550    55  24359.100    24368.650    24609.488
  6  LG+R3         12057.648    57  24229.296    24239.579    24488.789
  7  LG+R4         12041.793    59  24201.586    24212.631    24470.184
  8  LG+R5         12041.760    61  24205.521    24217.358    24483.224
 14  LG+I+R2       11919.840    56  23951.679    23961.592    24206.619
 15  LG+I+R3       11856.247    58  23828.494    23839.154    24092.539
 16  LG+I+R4       11840.947    60  23801.894    23813.331    24075.044
 17  LG+I+R5       11840.820    62  23805.641    23817.885    24087.896
 38  LG+F+I+R4     11831.750    79  23821.501    23841.855    24181.149
 60  WAG+I+R4      11906.457    60  23932.913    23944.351    24206.064
 82  WAG+F+I+R4    11905.215    79  23968.431    23988.785    24328.079
104  JTT+I+R4      11828.942    60  23777.884    23789.322    24051.035
126  JTT+F+I+R4    11809.489    79  23776.978    23797.332    24136.626
WARNING: Normalizing state frequencies so that sum of them equals to 1
148  Q.pfam+I+R4   11834.844    60  23789.689    23801.126    24062.839
WARNING: Normalizing state frequencies so that sum of them equals to 1
170  Q.pfam+F+I+R4 11827.107    79  23812.214    23832.569    24171.862
WARNING: Normalizing state frequencies so that sum of them equals to 1
192  Q.bird+I+R4   11923.363    60  23966.727    23978.164    24239.877
WARNING: Normalizing state frequencies so that sum of them equals to 1
214  Q.bird+F+I+R4 11883.373    79  23924.746    23945.100    24284.394
WARNING: Normalizing state frequencies so that sum of them equals to 1
236  Q.mammal+I+R4 11880.827    60  23881.655    23893.092    24154.805
WARNING: Normalizing state frequencies so that sum of them equals to 1
258  Q.mammal+F+I+R4 11836.296    79  23830.592    23850.946    24190.240
280  Q.insect+I+R4 11785.199    60  23690.398    23701.835    23963.548
302  Q.insect+F+I+R4 11733.626    79  23625.252    23645.607    23984.901
WARNING: Normalizing state frequencies so that sum of them equals to 1
324  Q.plant+I+R4  11819.212    60  23758.425    23769.862    24031.575
WARNING: Normalizing state frequencies so that sum of them equals to 1
346  Q.plant+F+I+R4 11795.588    79  23749.176    23769.530    24108.824
WARNING: Normalizing state frequencies so that sum of them equals to 1
368  Q.yeast+I+R4  11843.826    60  23807.652    23819.089    24080.802
WARNING: Normalizing state frequencies so that sum of them equals to 1
390  Q.yeast+F+I+R4 11770.779    79  23699.558    23719.913    24059.207
412  JTTDCMut+I+R4 11831.909    60  23783.818    23795.256    24056.969
434  JTTDCMut+F+I+R4 11812.430    79  23782.861    23803.215    24142.509
456  DCMut+I+R4    11928.822    60  23977.645    23989.082    24250.795
478  DCMut+F+I+R4  11856.361    79  23870.721    23891.075    24230.369
500  VT+I+R4       11886.813    60  23893.626    23905.063    24166.776
522  VT+F+I+R4     11886.438    79  23930.877    23951.231    24290.525
544  PMB+I+R4      12009.807    60  24139.615    24151.052    24412.765
566  PMB+F+I+R4    11991.497    79  24140.993    24161.348    24500.641
588  Blosum62+I+R4 12007.747    60  24135.493    24146.931    24408.644
610  Blosum62+F+I+R4 11993.391    79  24144.782    24165.136    24504.430
632  Dayhoff+I+R4  11928.426    60  23976.852    23988.290    24250.003
654  Dayhoff+F+I+R4 11856.112    79  23870.225    23890.579    24229.873
676  mtREV+I+R4    12395.597    60  24911.193    24922.631    25184.344
698  mtREV+F+I+R4  11984.271    79  24126.543    24146.897    24486.191
720  mtART+I+R4    12463.869    60  25047.737    25059.175    25320.888
742  mtART+F+I+R4  11986.242    79  24130.484    24150.838    24490.132
764  mtZOA+I+R4    12249.830    60  24619.661    24631.098    24892.811
786  mtZOA+F+I+R4  11903.403    79  23964.807    23985.161    24324.455
808  mtMet+I+R4    12402.278    60  24924.556    24935.993    25197.706
830  mtMet+F+I+R4  11901.811    79  23961.622    23981.977    24321.271
852  mtVer+I+R4    12450.923    60  25021.847    25033.284    25294.997
874  mtVer+F+I+R4  12022.745    79  24203.490    24223.844    24563.138
896  mtInv+I+R4    12535.552    60  25191.104    25202.541    25464.254
918  mtInv+F+I+R4  11865.492    79  23888.984    23909.338    24248.632
940  mtMAM+I+R4    12540.580    60  25201.159    25212.597    25474.310
962  mtMAM+F+I+R4  12099.224    79  24356.447    24376.802    24716.096
WARNING: Normalizing state frequencies so that sum of them equals to 1
984  FLAVI+I+R4    12173.992    60  24467.984    24479.421    24741.134
WARNING: Normalizing state frequencies so that sum of them equals to 1
1006  FLAVI+F+I+R4  12054.891    79  24267.783    24288.137    24627.431
1028  HIVb+I+R4     12016.176    60  24152.353    24163.790    24425.503
1050  HIVb+F+I+R4   11946.719    79  24051.437    24071.791    24411.085
1072  HIVw+I+R4     12455.698    60  25031.396    25042.834    25304.547
1094  HIVw+F+I+R4   12202.202    79  24562.404    24582.758    24922.052
1116  FLU+I+R4      12038.760    60  24197.519    24208.957    24470.670
1138  FLU+F+I+R4    11973.616    79  24105.232    24125.586    24464.880
1160  rtREV+I+R4    11936.321    60  23992.642    24004.080    24265.793
1182  rtREV+F+I+R4  11860.686    79  23879.372    23899.726    24239.020
1204  cpREV+I+R4    11999.527    60  24119.055    24130.492    24392.205
1226  cpREV+F+I+R4  12018.906    79  24195.812    24216.166    24555.460
Akaike Information Criterion:           Q.insect+F+I+R4
Corrected Akaike Information Criterion: Q.insect+F+I+R4
Bayesian Information Criterion:         Q.insect+I+R4
Best-fit model: Q.insect+I+R4 chosen according to BIC

All model information printed to /Users/bushrakhan/Desktop/NIPGR-data/MADS-box-Evolutionary-gene-detection/Simultaneous_Phylogenetic_Analysis/Results_v2/Trees/Bayes/Amborella_trichopoda_MUSCLE_Bayes.model.gz
CPU time for ModelFinder: 155.574 seconds (0h:2m:35s)
Wall-clock time for ModelFinder: 156.344 seconds (0h:2m:36s)

NOTE: 7 MB RAM (0 GB) is required!
Estimate model parameters (epsilon = 0.500)
1. Initial log-likelihood: -11785.199
Optimal log-likelihood: -11785.197
Proportion of invariable sites: 0.592
Site proportion and rates:  (0.202,0.112) (0.257,0.432) (0.336,1.079) (0.205,2.464)
Parameters optimization took 1 rounds (0.437 sec)
Wrote distance file to... 
Computing ML distances based on estimated model parameters...
Calculating distance matrix: done in 0.147039 secs using 99.79% CPU
Computing ML distances took 0.147153 sec (of wall-clock time) 0.146812 sec (of CPU time)
WARNING: Some pairwise ML distances are too long (saturated)
Setting up auxiliary I and S matrices: done in 5.19753e-05 secs using 109.7% CPU
Constructing RapidNJ tree: done in 0.000112057 secs using 178.5% CPU
Computing RapidNJ tree took 0.000210 sec (of wall-clock time) 0.000315 sec (of CPU time)
Log-likelihood of RapidNJ tree: -11817.878
--------------------------------------------------------------------
|             INITIALIZING CANDIDATE TREE SET                      |
--------------------------------------------------------------------

Do NNI search on 2 best initial trees
Optimizing NNI: done in 0.271818 secs using 99.77% CPU
Estimate model parameters (epsilon = 0.500)
BETTER TREE FOUND at iteration 1: -11784.792
Optimizing NNI: done in 0.958065 secs using 99.66% CPU
Finish initializing candidate tree set (4)
Current best tree score: -11784.792 / CPU time: 1.548
Number of iterations: 2
TREE SEARCH COMPLETED AFTER 2 ITERATIONS / Time: 0h:0m:2s

--------------------------------------------------------------------
|                    FINALIZING TREE SEARCH                        |
--------------------------------------------------------------------
Performs final model parameters optimization
Estimate model parameters (epsilon = 0.050)
1. Initial log-likelihood: -11784.792
Optimal log-likelihood: -11784.792
Proportion of invariable sites: 0.592
Site proportion and rates:  (0.202,0.112) (0.257,0.432) (0.336,1.079) (0.205,2.464)
Parameters optimization took 1 rounds (0.291 sec)
BEST SCORE FOUND : -11784.792

Testing tree branches by SH-like aLRT with 1000 replicates...
Testing tree branches by aBayes parametric test...
0.384 sec.
Total tree length: 39.735

Total number of iterations: 2
CPU time used for tree search: 1.543 sec (0h:0m:1s)
Wall-clock time used for tree search: 1.548 sec (0h:0m:1s)
Total CPU time used: 3.246 sec (0h:0m:3s)
Total wall-clock time used: 3.063 sec (0h:0m:3s)

Analysis results written to: 
  IQ-TREE report:                /Users/bushrakhan/Desktop/NIPGR-data/MADS-box-Evolutionary-gene-detection/Simultaneous_Phylogenetic_Analysis/Results_v2/Trees/Bayes/Amborella_trichopoda_MUSCLE_Bayes.iqtree
  Maximum-likelihood tree:       /Users/bushrakhan/Desktop/NIPGR-data/MADS-box-Evolutionary-gene-detection/Simultaneous_Phylogenetic_Analysis/Results_v2/Trees/Bayes/Amborella_trichopoda_MUSCLE_Bayes.treefile
  Likelihood distances:          /Users/bushrakhan/Desktop/NIPGR-data/MADS-box-Evolutionary-gene-detection/Simultaneous_Phylogenetic_Analysis/Results_v2/Trees/Bayes/Amborella_trichopoda_MUSCLE_Bayes.mldist
  Screen log file:               /Users/bushrakhan/Desktop/NIPGR-data/MADS-box-Evolutionary-gene-detection/Simultaneous_Phylogenetic_Analysis/Results_v2/Trees/Bayes/Amborella_trichopoda_MUSCLE_Bayes.log

Date and Time: Sun Apr  5 12:21:01 2026
