IQ-TREE multicore version 2.2.2.7 COVID-edition for Mac OS X 64-bit built May 30 2023
Developed by Bui Quang Minh, James Barbetti, Nguyen Lam Tung,
Olga Chernomor, Heiko Schmidt, Dominik Schrempf, Michael Woodhams, Ly Trong Nhan.

Host:    Bushras-MacBook-Air.local (SSE4.2, 16 GB RAM)
Command: /Users/bushrakhan/Desktop/NIPGR-data/MADS-box-Evolutionary-gene-detection/Advanced_Phylogenetic_Pipeline/Uploads/scripts/iqtree2 -s /Users/bushrakhan/Desktop/NIPGR-data/MADS-box-Evolutionary-gene-detection/Simultaneous_Phylogenetic_Analysis/Results_v2/Alignments/Arabidopsis_thaliana_MAFFT.fa -fast -alrt 1000 -abayes -pre /Users/bushrakhan/Desktop/NIPGR-data/MADS-box-Evolutionary-gene-detection/Simultaneous_Phylogenetic_Analysis/Results_v2/Trees/Bayes/Arabidopsis_thaliana_MAFFT_Bayes -redo
Seed:    812167 (Using SPRNG - Scalable Parallel Random Number Generator)
Time:    Sun Apr  5 12:25:03 2026
Kernel:  SSE2 - 1 threads (10 CPU cores detected)

HINT: Use -nt option to specify number of threads because your CPU has 10 cores!
HINT: -nt AUTO will automatically determine the best number of threads to use.

Reading alignment file /Users/bushrakhan/Desktop/NIPGR-data/MADS-box-Evolutionary-gene-detection/Simultaneous_Phylogenetic_Analysis/Results_v2/Alignments/Arabidopsis_thaliana_MAFFT.fa ... Fasta format detected
Reading fasta file: done in 0.00166202 secs using 74.61% CPU
Alignment most likely contains protein sequences
Constructing alignment: done in 0.000574827 secs using 76.89% CPU
Alignment has 12 sequences with 582 columns, 376 distinct patterns
177 parsimony-informative, 118 singleton sites, 287 constant sites
WARNING: Some sequence names are changed as follows:
AT1G69120.1|APETALA1|AP1|Length=286 -> AT1G69120.1|APETALA1|AP1|Length_286
AT4G36920.1|APETALA2|AP2|Length=432 -> AT4G36920.1|APETALA2|AP2|Length_432
AT3G54340.1|APETALA3|AP3|Length=232 -> AT3G54340.1|APETALA3|AP3|Length_232
AT5G20240.1|PISTILLATA|PI|Length=208 -> AT5G20240.1|PISTILLATA|PI|Length_208
AT4G18960.1|AGAMOUS|AG|Length=252 -> AT4G18960.1|AGAMOUS|AG|Length_252
AT4G09960.4|SEEDSTICK|STK|Length=329 -> AT4G09960.4|SEEDSTICK|STK|Length_329
AT3G58780.4|SHATTERPROOF1|SHP1|Length=281 -> AT3G58780.4|SHATTERPROOF1|SHP1|Length_281
AT2G42830.2|SHATTERPROOF2|SHP2|Length=248 -> AT2G42830.2|SHATTERPROOF2|SHP2|Length_248
AT5G15800.2|SEPALLATA1|SEP1|Length=262 -> AT5G15800.2|SEPALLATA1|SEP1|Length_262
AT3G02310.1|SEPALLATA2|SEP2|Length=250 -> AT3G02310.1|SEPALLATA2|SEP2|Length_250
AT1G24260.2|SEPALLATA3|SEP3|Length=251 -> AT1G24260.2|SEPALLATA3|SEP3|Length_251
AT2G03710.1|SEPALLATA4|SEP4|Length=258 -> AT2G03710.1|SEPALLATA4|SEP4|Length_258

Analyzing sequences: done in 1.50204e-05 secs using 93.21% CPU
WARNING: 10 sequences contain more than 50% gaps/ambiguity
Checking for duplicate sequences: done in 3.60012e-05 secs using 83.33% CPU


Create initial parsimony tree by phylogenetic likelihood library (PLL)... 0.00 seconds
Perform fast likelihood tree search using LG+I+G model...
Estimate model parameters (epsilon = 5.00)
Perform nearest neighbor interchange...
Optimizing NNI: done in 0.150508 secs using 99.82% CPU
Estimate model parameters (epsilon = 1.00)
1. Initial log-likelihood: -6295.32
2. Current log-likelihood: -6293.50
Optimal log-likelihood: -6292.52
Proportion of invariable sites: 0.05
Gamma shape alpha: 1.12
Parameters optimization took 2 rounds (0.09 sec)
Time for fast ML tree search: 0.38 seconds

NOTE: ModelFinder requires 7 MB RAM!
ModelFinder will test up to 1232 protein models (sample size: 582) ...
 No. Model         -LnL         df  AIC          AICc         BIC
  1  LG            6433.850     21  12909.700    12911.350    13001.396
  2  LG+I          6398.436     22  12840.872    12842.682    12936.934
  3  LG+G4         6291.021     22  12626.043    12627.853    12722.105
  4  LG+I+G4       6291.158     23  12628.316    12630.294    12728.745
  5  LG+R2         6303.971     23  12653.942    12655.921    12754.371
  6  LG+R3         6289.378     25  12628.757    12631.095    12737.918
  7  LG+R4         6288.214     27  12630.428    12633.158    12748.323
 14  LG+I+R2       6130.336     24  12308.671    12310.826    12413.467
 15  LG+I+R3       6129.968     26  12311.936    12314.466    12425.465
 36  LG+F+I+R2     6103.987     43  12293.973    12301.006    12481.731
 58  WAG+I+R2      6166.648     24  12381.297    12383.451    12486.092
 80  WAG+F+I+R2    6142.895     43  12371.789    12378.823    12559.547
102  JTT+I+R2      6131.044     24  12310.089    12312.243    12414.884
124  JTT+F+I+R2    6106.983     43  12299.965    12306.999    12487.723
WARNING: Normalizing state frequencies so that sum of them equals to 1
146  Q.pfam+I+R2   6125.258     24  12298.517    12300.671    12403.312
WARNING: Normalizing state frequencies so that sum of them equals to 1
168  Q.pfam+F+I+R2 6099.759     43  12285.518    12292.551    12473.276
WARNING: Normalizing state frequencies so that sum of them equals to 1
190  Q.bird+I+R2   6172.903     24  12393.807    12395.961    12498.602
WARNING: Normalizing state frequencies so that sum of them equals to 1
212  Q.bird+F+I+R2 6140.086     43  12366.171    12373.205    12553.930
WARNING: Normalizing state frequencies so that sum of them equals to 1
234  Q.mammal+I+R2 6154.405     24  12356.810    12358.964    12461.605
WARNING: Normalizing state frequencies so that sum of them equals to 1
256  Q.mammal+F+I+R2 6118.988     43  12323.976    12331.009    12511.734
278  Q.insect+I+R2 6108.585     24  12265.170    12267.324    12369.965
300  Q.insect+F+I+R2 6066.824     43  12219.648    12226.682    12407.407
WARNING: Normalizing state frequencies so that sum of them equals to 1
322  Q.plant+I+R2  6136.033     24  12320.067    12322.221    12424.862
WARNING: Normalizing state frequencies so that sum of them equals to 1
344  Q.plant+F+I+R2 6099.893     43  12285.787    12292.820    12473.545
WARNING: Normalizing state frequencies so that sum of them equals to 1
366  Q.yeast+I+R2  6128.983     24  12305.967    12308.121    12410.762
WARNING: Normalizing state frequencies so that sum of them equals to 1
388  Q.yeast+F+I+R2 6078.170     43  12242.339    12249.373    12430.097
410  JTTDCMut+I+R2 6133.077     24  12314.153    12316.308    12418.948
432  JTTDCMut+F+I+R2 6108.401     43  12302.802    12309.835    12490.560
454  DCMut+I+R2    6183.096     24  12414.193    12416.347    12518.988
476  DCMut+F+I+R2  6125.827     43  12337.653    12344.686    12525.411
498  VT+I+R2       6146.680     24  12341.360    12343.515    12446.155
520  VT+F+I+R2     6133.243     43  12352.486    12359.519    12540.244
542  PMB+I+R2      6201.036     24  12450.072    12452.226    12554.867
564  PMB+F+I+R2    6172.057     43  12430.114    12437.148    12617.872
586  Blosum62+I+R2 6199.454     24  12446.907    12449.061    12551.702
608  Blosum62+F+I+R2 6170.536     43  12427.071    12434.105    12614.829
630  Dayhoff+I+R2  6183.066     24  12414.131    12416.285    12518.926
652  Dayhoff+F+I+R2 6125.608     43  12337.216    12344.249    12524.974
674  mtREV+I+R2    6436.411     24  12920.822    12922.976    13025.617
696  mtREV+F+I+R2  6174.461     43  12434.922    12441.955    12622.680
718  mtART+I+R2    6469.379     24  12986.758    12988.912    13091.553
740  mtART+F+I+R2  6172.566     43  12431.132    12438.166    12618.890
762  mtZOA+I+R2    6377.596     24  12803.192    12805.347    12907.988
784  mtZOA+F+I+R2  6137.253     43  12360.506    12367.539    12548.264
806  mtMet+I+R2    6442.461     24  12932.921    12935.075    13037.716
828  mtMet+F+I+R2  6136.623     43  12359.246    12366.280    12547.004
850  mtVer+I+R2    6461.066     24  12970.132    12972.286    13074.927
872  mtVer+F+I+R2  6182.592     43  12451.184    12458.217    12638.942
894  mtInv+I+R2    6517.229     24  13082.458    13084.612    13187.253
916  mtInv+F+I+R2  6124.158     43  12334.316    12341.350    12522.075
938  mtMAM+I+R2    6505.939     24  13059.878    13062.032    13164.673
960  mtMAM+F+I+R2  6209.848     43  12505.696    12512.730    12693.454
WARNING: Normalizing state frequencies so that sum of them equals to 1
982  FLAVI+I+R2    6322.501     24  12693.002    12695.156    12797.797
WARNING: Normalizing state frequencies so that sum of them equals to 1
1004  FLAVI+F+I+R2  6221.002     43  12528.005    12535.038    12715.763
1026  HIVb+I+R2     6232.265     24  12512.530    12514.684    12617.325
1048  HIVb+F+I+R2   6182.137     43  12450.275    12457.308    12638.033
1070  HIVw+I+R2     6421.411     24  12890.823    12892.977    12995.618
1092  HIVw+F+I+R2   6287.417     43  12660.834    12667.868    12848.592
1114  FLU+I+R2      6229.368     24  12506.736    12508.890    12611.531
1136  FLU+F+I+R2    6185.509     43  12457.019    12464.052    12644.777
1158  rtREV+I+R2    6176.465     24  12400.929    12403.084    12505.725
1180  rtREV+F+I+R2  6119.125     43  12324.249    12331.283    12512.008
1202  cpREV+I+R2    6211.771     24  12471.541    12473.696    12576.337
1224  cpREV+F+I+R2  6195.840     43  12477.680    12484.714    12665.439
Akaike Information Criterion:           Q.insect+F+I+R2
Corrected Akaike Information Criterion: Q.insect+F+I+R2
Bayesian Information Criterion:         Q.insect+I+R2
Best-fit model: Q.insect+I+R2 chosen according to BIC

All model information printed to /Users/bushrakhan/Desktop/NIPGR-data/MADS-box-Evolutionary-gene-detection/Simultaneous_Phylogenetic_Analysis/Results_v2/Trees/Bayes/Arabidopsis_thaliana_MAFFT_Bayes.model.gz
CPU time for ModelFinder: 19.373 seconds (0h:0m:19s)
Wall-clock time for ModelFinder: 19.428 seconds (0h:0m:19s)

NOTE: 1 MB RAM (0 GB) is required!
Estimate model parameters (epsilon = 0.500)
1. Initial log-likelihood: -6108.585
Optimal log-likelihood: -6108.582
Proportion of invariable sites: 0.493
Site proportion and rates:  (0.465,0.326) (0.535,1.587)
Parameters optimization took 1 rounds (0.063 sec)
Wrote distance file to... 
Computing ML distances based on estimated model parameters...
Calculating distance matrix: done in 0.0122671 secs using 99.62% CPU
Computing ML distances took 0.012360 sec (of wall-clock time) 0.012279 sec (of CPU time)
WARNING: Some pairwise ML distances are too long (saturated)
Setting up auxiliary I and S matrices: done in 2.71797e-05 secs using 77.26% CPU
Constructing RapidNJ tree: done in 4.31538e-05 secs using 162.2% CPU
Computing RapidNJ tree took 0.000114 sec (of wall-clock time) 0.000129 sec (of CPU time)
Log-likelihood of RapidNJ tree: -6116.758
--------------------------------------------------------------------
|             INITIALIZING CANDIDATE TREE SET                      |
--------------------------------------------------------------------

Do NNI search on 2 best initial trees
Optimizing NNI: done in 0.0212982 secs using 202.1% CPU
Optimizing NNI: done in 0.0919211 secs using 200.7% CPU
Finish initializing candidate tree set (2)
Current best tree score: -6108.582 / CPU time: 0.119
Number of iterations: 2
TREE SEARCH COMPLETED AFTER 2 ITERATIONS / Time: 0h:0m:0s

--------------------------------------------------------------------
|                    FINALIZING TREE SEARCH                        |
--------------------------------------------------------------------
Performs final model parameters optimization
Estimate model parameters (epsilon = 0.050)
1. Initial log-likelihood: -6108.582
Optimal log-likelihood: -6108.581
Proportion of invariable sites: 0.493
Site proportion and rates:  (0.465,0.326) (0.535,1.587)
Parameters optimization took 1 rounds (0.046 sec)
BEST SCORE FOUND : -6108.581

Testing tree branches by SH-like aLRT with 1000 replicates...
Testing tree branches by aBayes parametric test...
0.103 sec.
Total tree length: 16.350

Total number of iterations: 2
CPU time used for tree search: 0.238 sec (0h:0m:0s)
Wall-clock time used for tree search: 0.119 sec (0h:0m:0s)
Total CPU time used: 0.572 sec (0h:0m:0s)
Total wall-clock time used: 0.377 sec (0h:0m:0s)

Analysis results written to: 
  IQ-TREE report:                /Users/bushrakhan/Desktop/NIPGR-data/MADS-box-Evolutionary-gene-detection/Simultaneous_Phylogenetic_Analysis/Results_v2/Trees/Bayes/Arabidopsis_thaliana_MAFFT_Bayes.iqtree
  Maximum-likelihood tree:       /Users/bushrakhan/Desktop/NIPGR-data/MADS-box-Evolutionary-gene-detection/Simultaneous_Phylogenetic_Analysis/Results_v2/Trees/Bayes/Arabidopsis_thaliana_MAFFT_Bayes.treefile
  Likelihood distances:          /Users/bushrakhan/Desktop/NIPGR-data/MADS-box-Evolutionary-gene-detection/Simultaneous_Phylogenetic_Analysis/Results_v2/Trees/Bayes/Arabidopsis_thaliana_MAFFT_Bayes.mldist
  Screen log file:               /Users/bushrakhan/Desktop/NIPGR-data/MADS-box-Evolutionary-gene-detection/Simultaneous_Phylogenetic_Analysis/Results_v2/Trees/Bayes/Arabidopsis_thaliana_MAFFT_Bayes.log

Date and Time: Sun Apr  5 12:25:23 2026
