IQ-TREE multicore version 2.2.2.7 COVID-edition for Mac OS X 64-bit built May 30 2023
Developed by Bui Quang Minh, James Barbetti, Nguyen Lam Tung,
Olga Chernomor, Heiko Schmidt, Dominik Schrempf, Michael Woodhams, Ly Trong Nhan.

Host:    Bushras-MacBook-Air.local (SSE4.2, 16 GB RAM)
Command: /Users/bushrakhan/Desktop/NIPGR-data/MADS-box-Evolutionary-gene-detection/Advanced_Phylogenetic_Pipeline/Uploads/scripts/iqtree2 -s /Users/bushrakhan/Desktop/NIPGR-data/MADS-box-Evolutionary-gene-detection/Simultaneous_Phylogenetic_Analysis/Results_v2/Alignments/Cinnamomum_kanehirae_MUSCLE.fa -fast -alrt 1000 -abayes -pre /Users/bushrakhan/Desktop/NIPGR-data/MADS-box-Evolutionary-gene-detection/Simultaneous_Phylogenetic_Analysis/Results_v2/Trees/Bayes/Cinnamomum_kanehirae_MUSCLE_Bayes -redo
Seed:    717759 (Using SPRNG - Scalable Parallel Random Number Generator)
Time:    Sun Apr  5 13:06:30 2026
Kernel:  SSE2 - 1 threads (10 CPU cores detected)

HINT: Use -nt option to specify number of threads because your CPU has 10 cores!
HINT: -nt AUTO will automatically determine the best number of threads to use.

Reading alignment file /Users/bushrakhan/Desktop/NIPGR-data/MADS-box-Evolutionary-gene-detection/Simultaneous_Phylogenetic_Analysis/Results_v2/Alignments/Cinnamomum_kanehirae_MUSCLE.fa ... Fasta format detected
Reading fasta file: done in 0.00247622 secs using 94.7% CPU
Alignment most likely contains protein sequences
Constructing alignment: done in 0.00146294 secs using 78.27% CPU
Alignment has 43 sequences with 1254 columns, 589 distinct patterns
245 parsimony-informative, 123 singleton sites, 886 constant sites
WARNING: Some sequence names are changed as follows:
AT4G36920.1|APETALA2|AP2|Length=432 -> AT4G36920.1|APETALA2|AP2|Length_432
AT3G54340.1|APETALA3|AP3|Length=232 -> AT3G54340.1|APETALA3|AP3|Length_232
AT5G20240.1|PISTILLATA|PI|Length=208 -> AT5G20240.1|PISTILLATA|PI|Length_208
AT3G58780.4|SHATTERPROOF1|SHP1|Length=281 -> AT3G58780.4|SHATTERPROOF1|SHP1|Length_281
AT2G42830.2|SHATTERPROOF2|SHP2|Length=248 -> AT2G42830.2|SHATTERPROOF2|SHP2|Length_248
AT4G09960.4|SEEDSTICK|STK|Length=329 -> AT4G09960.4|SEEDSTICK|STK|Length_329
AT4G18960.1|AGAMOUS|AG|Length=252 -> AT4G18960.1|AGAMOUS|AG|Length_252
AT5G15800.2|SEPALLATA1|SEP1|Length=262 -> AT5G15800.2|SEPALLATA1|SEP1|Length_262
AT3G02310.1|SEPALLATA2|SEP2|Length=250 -> AT3G02310.1|SEPALLATA2|SEP2|Length_250
AT1G69120.1|APETALA1|AP1|Length=286 -> AT1G69120.1|APETALA1|AP1|Length_286
AT2G03710.1|SEPALLATA4|SEP4|Length=258 -> AT2G03710.1|SEPALLATA4|SEP4|Length_258
AT1G24260.2|SEPALLATA3|SEP3|Length=251 -> AT1G24260.2|SEPALLATA3|SEP3|Length_251

Analyzing sequences: done in 5.10216e-05 secs using 88.2% CPU
WARNING: 43 sequences contain more than 50% gaps/ambiguity
Checking for duplicate sequences: done in 0.000147104 secs using 77.5% CPU


Create initial parsimony tree by phylogenetic likelihood library (PLL)... 0.01 seconds
Perform fast likelihood tree search using LG+I+G model...
Estimate model parameters (epsilon = 5.00)
Perform nearest neighbor interchange...
Optimizing NNI: done in 1.35562 secs using 99.91% CPU
Estimate model parameters (epsilon = 1.00)
1. Initial log-likelihood: -18265.24
2. Current log-likelihood: -18262.19
3. Current log-likelihood: -18260.11
4. Current log-likelihood: -18258.68
Optimal log-likelihood: -18257.68
Proportion of invariable sites: 0.01
Gamma shape alpha: 0.95
Parameters optimization took 4 rounds (0.79 sec)
Time for fast ML tree search: 4.31 seconds

NOTE: ModelFinder requires 40 MB RAM!
ModelFinder will test up to 1232 protein models (sample size: 1254) ...
 No. Model         -LnL         df  AIC          AICc         BIC
  1  LG            18908.059    83  37982.118    37994.036    38408.248
  2  LG+I          18889.326    84  37946.651    37958.867    38377.915
  3  LG+G4         18255.824    84  36679.647    36691.863    37110.911
  4  LG+I+G4       18255.691    85  36681.383    36693.900    37117.781
  5  LG+R2         18367.681    85  36905.361    36917.879    37341.759
  6  LG+R3         18266.273    87  36706.546    36719.679    37153.213
  7  LG+R4         18243.062    89  36664.124    36677.887    37121.059
  8  LG+R5         18234.293    91  36650.585    36664.995    37117.788
  9  LG+R6         18234.288    93  36654.576    36669.648    37132.046
 14  LG+I+R2       17871.750    86  35915.499    35928.322    36357.031
 15  LG+I+R3       17774.925    88  35725.850    35739.296    36177.650
 16  LG+I+R4       17754.785    90  35689.571    35703.655    36151.639
 17  LG+I+R5       17745.148    92  35674.296    35689.035    36146.633
WARNING: Log-likelihood -17747.1 of LG+I+R6 worse than LG+I+R5 -17745.1
 18  LG+I+R6       17747.131    94  35682.262    35697.672    36164.867
 38  LG+F+I+R4     17722.737    109 35663.475    35684.436    36223.091
 39  LG+F+I+R5     17713.995    111 35649.989    35671.762    36219.874
 60  WAG+I+R4      17810.194    90  35800.388    35814.472    36262.456
 61  WAG+I+R5      17803.114    92  35790.228    35804.967    36262.564
 82  WAG+F+I+R4    17781.927    109 35781.853    35802.815    36341.469
 83  WAG+F+I+R5    17773.996    111 35769.993    35791.765    36339.877
104  JTT+I+R4      17671.655    90  35523.311    35537.395    35985.379
105  JTT+I+R5      17664.347    92  35512.693    35527.432    35985.030
126  JTT+F+I+R4    17634.728    109 35487.457    35508.418    36047.073
127  JTT+F+I+R5    17627.213    111 35476.425    35498.197    36046.309
WARNING: Normalizing state frequencies so that sum of them equals to 1
148  Q.pfam+I+R4   17745.931    90  35671.862    35685.947    36133.931
WARNING: Normalizing state frequencies so that sum of them equals to 1
149  Q.pfam+I+R5   17737.397    92  35658.793    35673.532    36131.130
WARNING: Normalizing state frequencies so that sum of them equals to 1
170  Q.pfam+F+I+R4 17703.658    109 35625.316    35646.278    36184.932
WARNING: Normalizing state frequencies so that sum of them equals to 1
171  Q.pfam+F+I+R5 17696.591    111 35615.182    35636.954    36185.066
WARNING: Normalizing state frequencies so that sum of them equals to 1
192  Q.bird+I+R4   17792.984    90  35765.967    35780.052    36228.036
WARNING: Normalizing state frequencies so that sum of them equals to 1
193  Q.bird+I+R5   17781.805    92  35747.610    35762.349    36219.947
WARNING: Normalizing state frequencies so that sum of them equals to 1
214  Q.bird+F+I+R4 17757.406    109 35732.812    35753.773    36292.428
WARNING: Normalizing state frequencies so that sum of them equals to 1
215  Q.bird+F+I+R5 17746.401    111 35714.803    35736.575    36284.687
WARNING: Normalizing state frequencies so that sum of them equals to 1
236  Q.mammal+I+R4 17722.914    90  35625.827    35639.912    36087.896
WARNING: Normalizing state frequencies so that sum of them equals to 1
237  Q.mammal+I+R5 17716.123    92  35616.245    35630.984    36088.582
WARNING: Normalizing state frequencies so that sum of them equals to 1
258  Q.mammal+F+I+R4 17677.894    109 35573.787    35594.749    36133.403
WARNING: Normalizing state frequencies so that sum of them equals to 1
259  Q.mammal+F+I+R5 17669.651    111 35561.303    35583.075    36131.187
280  Q.insect+I+R4 17653.101    90  35486.201    35500.285    35948.269
281  Q.insect+I+R5 17647.510    92  35479.021    35493.760    35951.358
302  Q.insect+F+I+R4 17572.426    109 35362.852    35383.814    35922.469
303  Q.insect+F+I+R5 17566.950    111 35355.900    35377.672    35925.784
WARNING: Normalizing state frequencies so that sum of them equals to 1
324  Q.plant+I+R4  17710.369    90  35600.738    35614.822    36062.806
WARNING: Normalizing state frequencies so that sum of them equals to 1
325  Q.plant+I+R5  17702.444    92  35588.888    35603.627    36061.224
WARNING: Normalizing state frequencies so that sum of them equals to 1
346  Q.plant+F+I+R4 17654.506    109 35527.011    35547.973    36086.627
WARNING: Normalizing state frequencies so that sum of them equals to 1
347  Q.plant+F+I+R5 17647.033    111 35516.065    35537.838    36085.950
WARNING: Normalizing state frequencies so that sum of them equals to 1
368  Q.yeast+I+R4  17761.232    90  35702.463    35716.548    36164.532
WARNING: Normalizing state frequencies so that sum of them equals to 1
369  Q.yeast+I+R5  17753.410    92  35690.820    35705.559    36163.156
WARNING: Normalizing state frequencies so that sum of them equals to 1
390  Q.yeast+F+I+R4 17631.362    109 35480.724    35501.686    36040.340
WARNING: Normalizing state frequencies so that sum of them equals to 1
391  Q.yeast+F+I+R5 17623.771    111 35469.543    35491.315    36039.427
412  JTTDCMut+I+R4 17674.377    90  35528.753    35542.838    35990.822
413  JTTDCMut+I+R5 17667.689    92  35519.378    35534.117    35991.715
434  JTTDCMut+F+I+R4 17636.731    109 35491.462    35512.423    36051.078
435  JTTDCMut+F+I+R5 17629.491    111 35480.982    35502.754    36050.866
456  DCMut+I+R4    17861.725    90  35903.450    35917.534    36365.518
457  DCMut+I+R5    17854.767    92  35893.534    35908.273    36365.871
478  DCMut+F+I+R4  17739.035    109 35696.070    35717.032    36255.686
479  DCMut+F+I+R5  17728.871    111 35679.741    35701.514    36249.626
500  VT+I+R4       17741.138    90  35662.276    35676.360    36124.344
501  VT+I+R5       17736.453    92  35656.905    35671.644    36129.242
522  VT+F+I+R4     17728.942    109 35675.885    35696.846    36235.501
523  VT+F+I+R5     17724.250    111 35670.500    35692.272    36240.384
544  PMB+I+R4      17901.241    90  35982.482    35996.566    36444.550
545  PMB+I+R5      17898.207    92  35980.413    35995.152    36452.750
566  PMB+F+I+R4    17880.983    109 35979.966    36000.927    36539.582
567  PMB+F+I+R5    17878.164    111 35978.328    36000.100    36548.212
588  Blosum62+I+R4 17919.898    90  36019.795    36033.880    36481.864
589  Blosum62+I+R5 17915.678    92  36015.356    36030.095    36487.693
610  Blosum62+F+I+R4 17897.296    109 36012.592    36033.553    36572.208
611  Blosum62+F+I+R5 17893.664    111 36009.329    36031.101    36579.213
632  Dayhoff+I+R4  17861.725    90  35903.450    35917.534    36365.518
633  Dayhoff+I+R5  17854.717    92  35893.435    35908.174    36365.771
654  Dayhoff+F+I+R4 17739.182    109 35696.364    35717.326    36255.980
655  Dayhoff+F+I+R5 17728.947    111 35679.894    35701.666    36249.779
676  mtREV+I+R4    18514.446    90  37208.893    37222.977    37670.961
677  mtREV+I+R5    18506.046    92  37196.092    37210.831    37668.429
698  mtREV+F+I+R4  17914.116    109 36046.231    36067.193    36605.847
699  mtREV+F+I+R5  17910.218    111 36042.436    36064.209    36612.321
720  mtART+I+R4    18672.970    90  37525.941    37540.025    37988.009
721  mtART+I+R5    18663.446    92  37510.893    37525.632    37983.229
742  mtART+F+I+R4  17993.313    109 36204.627    36225.588    36764.243
743  mtART+F+I+R5  17983.779    111 36189.558    36211.331    36759.443
764  mtZOA+I+R4    18349.442    90  36878.884    36892.968    37340.952
765  mtZOA+I+R5    18341.145    92  36866.290    36881.029    37338.627
786  mtZOA+F+I+R4  17842.000    109 35902.000    35922.961    36461.616
787  mtZOA+F+I+R5  17831.060    111 35884.121    35905.893    36454.005
808  mtMet+I+R4    18492.436    90  37164.873    37178.957    37626.941
809  mtMet+I+R5    18483.825    92  37151.650    37166.389    37623.987
830  mtMet+F+I+R4  17778.165    109 35774.330    35795.292    36333.946
831  mtMet+F+I+R5  17768.950    111 35759.900    35781.673    36329.785
852  mtVer+I+R4    18566.893    90  37313.786    37327.870    37775.855
853  mtVer+I+R5    18553.718    92  37291.435    37306.174    37763.772
874  mtVer+F+I+R4  17953.909    109 36125.818    36146.779    36685.434
875  mtVer+F+I+R5  17943.311    111 36108.623    36130.395    36678.507
896  mtInv+I+R4    18690.359    90  37560.719    37574.803    38022.787
897  mtInv+I+R5    18684.360    92  37552.720    37567.459    38025.057
918  mtInv+F+I+R4  17732.217    109 35682.434    35703.396    36242.050
919  mtInv+F+I+R5  17724.540    111 35671.081    35692.853    36240.965
940  mtMAM+I+R4    18744.508    90  37669.017    37683.101    38131.085
941  mtMAM+I+R5    18734.091    92  37652.183    37666.922    38124.519
962  mtMAM+F+I+R4  18098.425    109 36414.849    36435.811    36974.465
963  mtMAM+F+I+R5  18091.871    111 36405.742    36427.514    36975.627
WARNING: Normalizing state frequencies so that sum of them equals to 1
984  FLAVI+I+R4    18206.990    90  36593.981    36608.065    37056.049
WARNING: Normalizing state frequencies so that sum of them equals to 1
985  FLAVI+I+R5    18193.159    92  36570.318    36585.057    37042.655
WARNING: Normalizing state frequencies so that sum of them equals to 1
1006  FLAVI+F+I+R4  18034.945    109 36287.891    36308.852    36847.507
WARNING: Normalizing state frequencies so that sum of them equals to 1
1007  FLAVI+F+I+R5  18018.613    111 36259.226    36280.998    36829.110
1028  HIVb+I+R4     17969.455    90  36118.911    36132.995    36580.979
1029  HIVb+I+R5     17955.936    92  36095.872    36110.611    36568.209
1050  HIVb+F+I+R4   17886.509    109 35991.018    36011.980    36550.634
1051  HIVb+F+I+R5   17870.623    111 35963.245    35985.018    36533.130
1072  HIVw+I+R4     18547.082    90  37274.164    37288.248    37736.232
1073  HIVw+I+R5     18534.793    92  37253.585    37268.324    37725.922
1094  HIVw+F+I+R4   18205.055    109 36628.109    36649.071    37187.725
1095  HIVw+F+I+R5   18193.257    111 36608.514    36630.286    37178.398
1116  FLU+I+R4      18016.256    90  36212.512    36226.596    36674.580
1117  FLU+I+R5      18002.653    92  36189.307    36204.046    36661.643
1138  FLU+F+I+R4    17920.084    109 36058.168    36079.130    36617.785
1139  FLU+F+I+R5    17907.412    111 36036.824    36058.596    36606.708
1160  rtREV+I+R4    17868.066    90  35916.132    35930.216    36378.200
1161  rtREV+I+R5    17858.569    92  35901.138    35915.877    36373.475
1182  rtREV+F+I+R4  17766.290    109 35750.580    35771.541    36310.196
1183  rtREV+F+I+R5  17757.128    111 35736.255    35758.028    36306.140
1204  cpREV+I+R4    17920.691    90  36021.381    36035.466    36483.450
1205  cpREV+I+R5    17915.205    92  36014.410    36029.149    36486.747
1226  cpREV+F+I+R4  17914.364    109 36046.729    36067.690    36606.345
1227  cpREV+F+I+R5  17906.476    111 36034.951    36056.724    36604.836
Akaike Information Criterion:           Q.insect+F+I+R5
Corrected Akaike Information Criterion: Q.insect+F+I+R5
Bayesian Information Criterion:         Q.insect+F+I+R4
Best-fit model: Q.insect+F+I+R4 chosen according to BIC

All model information printed to /Users/bushrakhan/Desktop/NIPGR-data/MADS-box-Evolutionary-gene-detection/Simultaneous_Phylogenetic_Analysis/Results_v2/Trees/Bayes/Cinnamomum_kanehirae_MUSCLE_Bayes.model.gz
CPU time for ModelFinder: 956.432 seconds (0h:15m:56s)
Wall-clock time for ModelFinder: 957.420 seconds (0h:15m:57s)

NOTE: 16 MB RAM (0 GB) is required!
Estimate model parameters (epsilon = 0.500)
1. Initial log-likelihood: -17572.426
Optimal log-likelihood: -17572.410
Proportion of invariable sites: 0.707
Site proportion and rates:  (0.102,0.080) (0.222,0.336) (0.348,0.890) (0.329,1.850)
Parameters optimization took 1 rounds (0.984 sec)
Wrote distance file to... 
Computing ML distances based on estimated model parameters...
Calculating distance matrix: done in 0.339926 secs using 99.79% CPU
Computing ML distances took 0.340153 sec (of wall-clock time) 0.339378 sec (of CPU time)
WARNING: Some pairwise ML distances are too long (saturated)
Setting up auxiliary I and S matrices: done in 8.51154e-05 secs using 149.2% CPU
Constructing RapidNJ tree: done in 0.000200987 secs using 174.6% CPU
Computing RapidNJ tree took 0.000344 sec (of wall-clock time) 0.000574 sec (of CPU time)
Log-likelihood of RapidNJ tree: -17623.636
--------------------------------------------------------------------
|             INITIALIZING CANDIDATE TREE SET                      |
--------------------------------------------------------------------

Do NNI search on 2 best initial trees
Optimizing NNI: done in 0.81458 secs using 99.77% CPU
Estimate model parameters (epsilon = 0.500)
BETTER TREE FOUND at iteration 1: -17569.225
Optimizing NNI: done in 1.88311 secs using 99.93% CPU
Finish initializing candidate tree set (4)
Current best tree score: -17569.225 / CPU time: 4.034
Number of iterations: 2
TREE SEARCH COMPLETED AFTER 2 ITERATIONS / Time: 0h:0m:6s

--------------------------------------------------------------------
|                    FINALIZING TREE SEARCH                        |
--------------------------------------------------------------------
Performs final model parameters optimization
Estimate model parameters (epsilon = 0.050)
1. Initial log-likelihood: -17569.225
Optimal log-likelihood: -17569.221
Proportion of invariable sites: 0.707
Site proportion and rates:  (0.102,0.080) (0.222,0.338) (0.347,0.888) (0.329,1.851)
Parameters optimization took 1 rounds (0.669 sec)
BEST SCORE FOUND : -17569.221

Testing tree branches by SH-like aLRT with 1000 replicates...
Testing tree branches by aBayes parametric test...
1.023 sec.
Total tree length: 47.259

Total number of iterations: 2
CPU time used for tree search: 4.030 sec (0h:0m:4s)
Wall-clock time used for tree search: 4.035 sec (0h:0m:4s)
Total CPU time used: 8.209 sec (0h:0m:8s)
Total wall-clock time used: 8.028 sec (0h:0m:8s)

Analysis results written to: 
  IQ-TREE report:                /Users/bushrakhan/Desktop/NIPGR-data/MADS-box-Evolutionary-gene-detection/Simultaneous_Phylogenetic_Analysis/Results_v2/Trees/Bayes/Cinnamomum_kanehirae_MUSCLE_Bayes.iqtree
  Maximum-likelihood tree:       /Users/bushrakhan/Desktop/NIPGR-data/MADS-box-Evolutionary-gene-detection/Simultaneous_Phylogenetic_Analysis/Results_v2/Trees/Bayes/Cinnamomum_kanehirae_MUSCLE_Bayes.treefile
  Likelihood distances:          /Users/bushrakhan/Desktop/NIPGR-data/MADS-box-Evolutionary-gene-detection/Simultaneous_Phylogenetic_Analysis/Results_v2/Trees/Bayes/Cinnamomum_kanehirae_MUSCLE_Bayes.mldist
  Screen log file:               /Users/bushrakhan/Desktop/NIPGR-data/MADS-box-Evolutionary-gene-detection/Simultaneous_Phylogenetic_Analysis/Results_v2/Trees/Bayes/Cinnamomum_kanehirae_MUSCLE_Bayes.log

Date and Time: Sun Apr  5 13:22:36 2026
