IQ-TREE multicore version 2.2.2.7 COVID-edition for Mac OS X 64-bit built May 30 2023
Developed by Bui Quang Minh, James Barbetti, Nguyen Lam Tung,
Olga Chernomor, Heiko Schmidt, Dominik Schrempf, Michael Woodhams, Ly Trong Nhan.

Host:    Bushras-MacBook-Air.local (SSE4.2, 16 GB RAM)
Command: /Users/bushrakhan/Desktop/NIPGR-data/MADS-box-Evolutionary-gene-detection/Advanced_Phylogenetic_Pipeline/Uploads/scripts/iqtree2 -s /Users/bushrakhan/Desktop/NIPGR-data/MADS-box-Evolutionary-gene-detection/Simultaneous_Phylogenetic_Analysis/Results_v2/Alignments/Glycine_max_ClustalO.fa -fast -alrt 1000 -abayes -pre /Users/bushrakhan/Desktop/NIPGR-data/MADS-box-Evolutionary-gene-detection/Simultaneous_Phylogenetic_Analysis/Results_v2/Trees/Bayes/Glycine_max_ClustalO_Bayes -redo
Seed:    43607 (Using SPRNG - Scalable Parallel Random Number Generator)
Time:    Sun Apr  5 15:19:10 2026
Kernel:  SSE2 - 1 threads (10 CPU cores detected)

HINT: Use -nt option to specify number of threads because your CPU has 10 cores!
HINT: -nt AUTO will automatically determine the best number of threads to use.

Reading alignment file /Users/bushrakhan/Desktop/NIPGR-data/MADS-box-Evolutionary-gene-detection/Simultaneous_Phylogenetic_Analysis/Results_v2/Alignments/Glycine_max_ClustalO.fa ... Fasta format detected
Reading fasta file: done in 0.00287795 secs using 94.2% CPU
Alignment most likely contains protein sequences
Constructing alignment: done in 0.00134706 secs using 77.35% CPU
Alignment has 99 sequences with 676 columns, 585 distinct patterns
391 parsimony-informative, 115 singleton sites, 170 constant sites
WARNING: Some sequence names are changed as follows:
AT1G69120.1|APETALA1|AP1|Length=286 -> AT1G69120.1|APETALA1|AP1|Length_286
AT4G36920.1|APETALA2|AP2|Length=432 -> AT4G36920.1|APETALA2|AP2|Length_432
AT3G54340.1|APETALA3|AP3|Length=232 -> AT3G54340.1|APETALA3|AP3|Length_232
AT5G20240.1|PISTILLATA|PI|Length=208 -> AT5G20240.1|PISTILLATA|PI|Length_208
AT4G18960.1|AGAMOUS|AG|Length=252 -> AT4G18960.1|AGAMOUS|AG|Length_252
AT4G09960.4|SEEDSTICK|STK|Length=329 -> AT4G09960.4|SEEDSTICK|STK|Length_329
AT3G58780.4|SHATTERPROOF1|SHP1|Length=281 -> AT3G58780.4|SHATTERPROOF1|SHP1|Length_281
AT2G42830.2|SHATTERPROOF2|SHP2|Length=248 -> AT2G42830.2|SHATTERPROOF2|SHP2|Length_248
AT5G15800.2|SEPALLATA1|SEP1|Length=262 -> AT5G15800.2|SEPALLATA1|SEP1|Length_262
AT3G02310.1|SEPALLATA2|SEP2|Length=250 -> AT3G02310.1|SEPALLATA2|SEP2|Length_250
AT1G24260.2|SEPALLATA3|SEP3|Length=251 -> AT1G24260.2|SEPALLATA3|SEP3|Length_251
AT2G03710.1|SEPALLATA4|SEP4|Length=258 -> AT2G03710.1|SEPALLATA4|SEP4|Length_258

Analyzing sequences: done in 0.000130892 secs using 79.45% CPU
WARNING: 95 sequences contain more than 50% gaps/ambiguity
Checking for duplicate sequences: done in 0.00029707 secs using 85.84% CPU


Create initial parsimony tree by phylogenetic likelihood library (PLL)... 0.03 seconds
Perform fast likelihood tree search using LG+I+G model...
Estimate model parameters (epsilon = 5.00)
Perform nearest neighbor interchange...
Optimizing NNI: done in 1.94837 secs using 99.88% CPU
Estimate model parameters (epsilon = 1.00)
1. Initial log-likelihood: -26528.93
Optimal log-likelihood: -26528.41
Proportion of invariable sites: 0.01
Gamma shape alpha: 1.09
Parameters optimization took 1 rounds (0.54 sec)
Time for fast ML tree search: 5.36 seconds

NOTE: ModelFinder requires 92 MB RAM!
ModelFinder will test up to 1232 protein models (sample size: 676) ...
 No. Model         -LnL         df  AIC          AICc         BIC
  1  LG            27557.885    195 55505.770    55665.020    56386.427
  2  LG+I          27514.778    196 55421.556    55582.775    56306.730
  3  LG+G4         26530.360    196 53452.719    53613.939    54337.893
  4  LG+I+G4       26528.274    197 53450.548    53613.753    54340.238
  5  LG+R2         26702.366    197 53798.732    53961.937    54688.422
  6  LG+R3         26538.029    199 53474.058    53641.285    54372.781
  7  LG+R4         26499.121    201 53400.241    53571.558    54307.996
  8  LG+R5         26485.675    203 53377.349    53552.824    54294.136
  9  LG+R6         26484.524    205 53379.047    53558.749    54304.867
 14  LG+I+R2       26630.068    198 53656.136    53821.344    54550.343
 15  LG+I+R3       26474.473    200 53348.947    53518.210    54252.185
 16  LG+I+R4       26438.949    202 53281.899    53455.286    54194.170
 17  LG+I+R5       26425.839    204 53259.678    53437.258    54180.981
 18  LG+I+R6       26424.870    206 53261.739    53443.581    54192.075
 39  LG+F+I+R5     26464.341    223 53374.681    53595.708    54381.792
 61  WAG+I+R5      26472.248    204 53352.497    53530.076    54273.800
 83  WAG+F+I+R5    26551.277    223 53548.554    53769.581    54555.665
105  JTT+I+R5      26211.496    204 52830.992    53008.571    53752.295
127  JTT+F+I+R5    26217.374    223 52880.747    53101.774    53887.858
WARNING: Normalizing state frequencies so that sum of them equals to 1
149  Q.pfam+I+R5   26399.169    204 53206.338    53383.917    54127.641
WARNING: Normalizing state frequencies so that sum of them equals to 1
171  Q.pfam+F+I+R5 26413.640    223 53273.281    53494.307    54280.392
WARNING: Normalizing state frequencies so that sum of them equals to 1
193  Q.bird+I+R5   26340.968    204 53089.935    53267.515    54011.239
WARNING: Normalizing state frequencies so that sum of them equals to 1
215  Q.bird+F+I+R5 26305.353    223 53056.707    53277.733    54063.818
WARNING: Normalizing state frequencies so that sum of them equals to 1
237  Q.mammal+I+R5 26250.573    204 52909.147    53086.727    53830.450
WARNING: Normalizing state frequencies so that sum of them equals to 1
259  Q.mammal+F+I+R5 26196.962    223 52839.923    53060.950    53847.034
281  Q.insect+I+R5 26223.242    204 52854.484    53032.064    53775.788
303  Q.insect+F+I+R5 26172.274    223 52790.547    53011.574    53797.658
WARNING: Normalizing state frequencies so that sum of them equals to 1
325  Q.plant+I+R5  26223.522    204 52855.043    53032.623    53776.347
WARNING: Normalizing state frequencies so that sum of them equals to 1
347  Q.plant+F+I+R5 26206.211    223 52858.421    53079.448    53865.532
WARNING: Normalizing state frequencies so that sum of them equals to 1
369  Q.yeast+I+R5  26373.373    204 53154.746    53332.326    54076.050
WARNING: Normalizing state frequencies so that sum of them equals to 1
391  Q.yeast+F+I+R5 26294.114    223 53034.228    53255.254    54041.339
413  JTTDCMut+I+R5 26217.825    204 52843.650    53021.229    53764.953
435  JTTDCMut+F+I+R5 26226.194    223 52898.387    53119.414    53905.498
457  DCMut+I+R5    26567.499    204 53542.999    53720.578    54464.302
479  DCMut+F+I+R5  26516.700    223 53479.400    53700.427    54486.511
501  VT+I+R5       26407.202    204 53222.405    53399.984    54143.708
523  VT+F+I+R5     26469.507    223 53385.013    53606.040    54392.124
545  PMB+I+R5      26728.349    204 53864.697    54042.277    54786.000
567  PMB+F+I+R5    26803.789    223 54053.578    54274.604    55060.689
589  Blosum62+I+R5 26755.978    204 53919.955    54097.535    54841.259
611  Blosum62+F+I+R5 26847.182    223 54140.364    54361.391    55147.475
633  Dayhoff+I+R5  26567.510    204 53543.020    53720.600    54464.323
655  Dayhoff+F+I+R5 26516.793    223 53479.587    53700.614    54486.698
677  mtREV+I+R5    27505.521    204 55419.043    55596.622    56340.346
699  mtREV+F+I+R5  26818.126    223 54082.252    54303.278    55089.363
721  mtART+I+R5    27980.069    204 56368.137    56545.717    57289.441
743  mtART+F+I+R5  27140.903    223 54727.806    54948.833    55734.917
765  mtZOA+I+R5    27354.390    204 55116.781    55294.360    56038.084
787  mtZOA+F+I+R5  26798.521    223 54043.042    54264.068    55050.153
809  mtMet+I+R5    27368.668    204 55145.337    55322.916    56066.640
831  mtMet+F+I+R5  26520.505    223 53487.010    53708.036    54494.121
853  mtVer+I+R5    27429.422    204 55266.844    55444.424    56188.148
875  mtVer+F+I+R5  26713.670    223 53873.340    54094.366    54880.451
897  mtInv+I+R5    27663.233    204 55734.465    55912.045    56655.769
919  mtInv+F+I+R5  26517.870    223 53481.740    53702.766    54488.851
941  mtMAM+I+R5    27874.977    204 56157.953    56335.533    57079.257
963  mtMAM+F+I+R5  27064.133    223 54574.265    54795.292    55581.376
WARNING: Normalizing state frequencies so that sum of them equals to 1
985  FLAVI+I+R5    27019.928    204 54447.857    54625.437    55369.160
WARNING: Normalizing state frequencies so that sum of them equals to 1
1007  FLAVI+F+I+R5  26814.241    223 54074.482    54295.508    55081.593
1029  HIVb+I+R5     26560.418    204 53528.836    53706.415    54450.139
1051  HIVb+F+I+R5   26497.647    223 53441.294    53662.320    54448.405
1073  HIVw+I+R5     27449.315    204 55306.629    55484.209    56227.933
1095  HIVw+F+I+R5   27112.591    223 54671.182    54892.208    55678.293
1117  FLU+I+R5      26690.825    204 53789.649    53967.229    54710.953
1139  FLU+F+I+R5    26688.875    223 53823.750    54044.776    54830.861
1161  rtREV+I+R5    26651.001    204 53710.002    53887.582    54631.305
1183  rtREV+F+I+R5  26600.477    223 53646.955    53867.981    54654.066
1205  cpREV+I+R5    26669.193    204 53746.385    53923.965    54667.689
1227  cpREV+F+I+R5  26840.000    223 54126.000    54347.027    55133.111
Akaike Information Criterion:           Q.insect+F+I+R5
Corrected Akaike Information Criterion: JTT+I+R5
Bayesian Information Criterion:         JTT+I+R5
Best-fit model: JTT+I+R5 chosen according to BIC

All model information printed to /Users/bushrakhan/Desktop/NIPGR-data/MADS-box-Evolutionary-gene-detection/Simultaneous_Phylogenetic_Analysis/Results_v2/Trees/Bayes/Glycine_max_ClustalO_Bayes.model.gz
CPU time for ModelFinder: 1595.329 seconds (0h:26m:35s)
Wall-clock time for ModelFinder: 1598.082 seconds (0h:26m:38s)

NOTE: 46 MB RAM (0 GB) is required!
Estimate model parameters (epsilon = 0.500)
1. Initial log-likelihood: -26211.496
Optimal log-likelihood: -26211.467
Proportion of invariable sites: 0.251
Site proportion and rates:  (0.083,0.078) (0.128,0.276) (0.241,0.590) (0.323,1.142) (0.225,1.985)
Parameters optimization took 1 rounds (5.609 sec)
Wrote distance file to... 
Computing ML distances based on estimated model parameters...
Calculating distance matrix: done in 1.34379 secs using 99.76% CPU
Computing ML distances took 1.344115 sec (of wall-clock time) 1.340846 sec (of CPU time)
WARNING: Some pairwise ML distances are too long (saturated)
Setting up auxiliary I and S matrices: done in 0.00028491 secs using 172% CPU
Constructing RapidNJ tree: done in 0.000728846 secs using 185.5% CPU
Computing RapidNJ tree took 0.001063 sec (of wall-clock time) 0.001940 sec (of CPU time)
Log-likelihood of RapidNJ tree: -26270.685
--------------------------------------------------------------------
|             INITIALIZING CANDIDATE TREE SET                      |
--------------------------------------------------------------------

Do NNI search on 2 best initial trees
Optimizing NNI: done in 1.25266 secs using 99.87% CPU
Estimate model parameters (epsilon = 0.500)
BETTER TREE FOUND at iteration 1: -26210.794
Optimizing NNI: done in 2.79204 secs using 99.88% CPU
Estimate model parameters (epsilon = 0.500)
BETTER TREE FOUND at iteration 2: -26206.271
Finish initializing candidate tree set (4)
Current best tree score: -26206.271 / CPU time: 15.061
Number of iterations: 2
TREE SEARCH COMPLETED AFTER 2 ITERATIONS / Time: 0h:0m:23s

--------------------------------------------------------------------
|                    FINALIZING TREE SEARCH                        |
--------------------------------------------------------------------
Performs final model parameters optimization
Estimate model parameters (epsilon = 0.050)
1. Initial log-likelihood: -26206.271
2. Current log-likelihood: -26206.216
Optimal log-likelihood: -26206.199
Proportion of invariable sites: 0.251
Site proportion and rates:  (0.084,0.076) (0.119,0.267) (0.247,0.581) (0.324,1.138) (0.226,1.991)
Parameters optimization took 2 rounds (9.098 sec)
BEST SCORE FOUND : -26206.199

Testing tree branches by SH-like aLRT with 1000 replicates...
Testing tree branches by aBayes parametric test...
1.889 sec.
Total tree length: 50.683

Total number of iterations: 2
CPU time used for tree search: 15.043 sec (0h:0m:15s)
Wall-clock time used for tree search: 15.061 sec (0h:0m:15s)
Total CPU time used: 34.785 sec (0h:0m:34s)
Total wall-clock time used: 34.627 sec (0h:0m:34s)

Analysis results written to: 
  IQ-TREE report:                /Users/bushrakhan/Desktop/NIPGR-data/MADS-box-Evolutionary-gene-detection/Simultaneous_Phylogenetic_Analysis/Results_v2/Trees/Bayes/Glycine_max_ClustalO_Bayes.iqtree
  Maximum-likelihood tree:       /Users/bushrakhan/Desktop/NIPGR-data/MADS-box-Evolutionary-gene-detection/Simultaneous_Phylogenetic_Analysis/Results_v2/Trees/Bayes/Glycine_max_ClustalO_Bayes.treefile
  Likelihood distances:          /Users/bushrakhan/Desktop/NIPGR-data/MADS-box-Evolutionary-gene-detection/Simultaneous_Phylogenetic_Analysis/Results_v2/Trees/Bayes/Glycine_max_ClustalO_Bayes.mldist
  Screen log file:               /Users/bushrakhan/Desktop/NIPGR-data/MADS-box-Evolutionary-gene-detection/Simultaneous_Phylogenetic_Analysis/Results_v2/Trees/Bayes/Glycine_max_ClustalO_Bayes.log

Date and Time: Sun Apr  5 15:46:22 2026
