IQ-TREE multicore version 2.2.2.7 COVID-edition for Mac OS X 64-bit built May 30 2023
Developed by Bui Quang Minh, James Barbetti, Nguyen Lam Tung,
Olga Chernomor, Heiko Schmidt, Dominik Schrempf, Michael Woodhams, Ly Trong Nhan.

Host:    Bushras-MacBook-Air.local (SSE4.2, 16 GB RAM)
Command: /Users/bushrakhan/Desktop/NIPGR-data/MADS-box-Evolutionary-gene-detection/Advanced_Phylogenetic_Pipeline/Uploads/scripts/iqtree2 -s /Users/bushrakhan/Desktop/NIPGR-data/MADS-box-Evolutionary-gene-detection/Simultaneous_Phylogenetic_Analysis/Results_v2/Alignments/Glycine_max_MUSCLE.fa -fast -alrt 1000 -abayes -pre /Users/bushrakhan/Desktop/NIPGR-data/MADS-box-Evolutionary-gene-detection/Simultaneous_Phylogenetic_Analysis/Results_v2/Trees/Bayes/Glycine_max_MUSCLE_Bayes -redo
Seed:    962151 (Using SPRNG - Scalable Parallel Random Number Generator)
Time:    Sun Apr  5 14:48:15 2026
Kernel:  SSE2 - 1 threads (10 CPU cores detected)

HINT: Use -nt option to specify number of threads because your CPU has 10 cores!
HINT: -nt AUTO will automatically determine the best number of threads to use.

Reading alignment file /Users/bushrakhan/Desktop/NIPGR-data/MADS-box-Evolutionary-gene-detection/Simultaneous_Phylogenetic_Analysis/Results_v2/Alignments/Glycine_max_MUSCLE.fa ... Fasta format detected
Reading fasta file: done in 0.00399303 secs using 94.84% CPU
Alignment most likely contains protein sequences
Constructing alignment: done in 0.00176597 secs using 79.73% CPU
Alignment has 99 sequences with 1020 columns, 648 distinct patterns
295 parsimony-informative, 107 singleton sites, 618 constant sites
WARNING: Some sequence names are changed as follows:
AT4G36920.1|APETALA2|AP2|Length=432 -> AT4G36920.1|APETALA2|AP2|Length_432
AT3G58780.4|SHATTERPROOF1|SHP1|Length=281 -> AT3G58780.4|SHATTERPROOF1|SHP1|Length_281
AT2G42830.2|SHATTERPROOF2|SHP2|Length=248 -> AT2G42830.2|SHATTERPROOF2|SHP2|Length_248
AT4G18960.1|AGAMOUS|AG|Length=252 -> AT4G18960.1|AGAMOUS|AG|Length_252
AT4G09960.4|SEEDSTICK|STK|Length=329 -> AT4G09960.4|SEEDSTICK|STK|Length_329
AT1G69120.1|APETALA1|AP1|Length=286 -> AT1G69120.1|APETALA1|AP1|Length_286
AT1G24260.2|SEPALLATA3|SEP3|Length=251 -> AT1G24260.2|SEPALLATA3|SEP3|Length_251
AT2G03710.1|SEPALLATA4|SEP4|Length=258 -> AT2G03710.1|SEPALLATA4|SEP4|Length_258
AT5G15800.2|SEPALLATA1|SEP1|Length=262 -> AT5G15800.2|SEPALLATA1|SEP1|Length_262
AT3G02310.1|SEPALLATA2|SEP2|Length=250 -> AT3G02310.1|SEPALLATA2|SEP2|Length_250
AT5G20240.1|PISTILLATA|PI|Length=208 -> AT5G20240.1|PISTILLATA|PI|Length_208
AT3G54340.1|APETALA3|AP3|Length=232 -> AT3G54340.1|APETALA3|AP3|Length_232

Analyzing sequences: done in 0.000112057 secs using 93.7% CPU
WARNING: 99 sequences contain more than 50% gaps/ambiguity
Checking for duplicate sequences: done in 0.000316858 secs using 85.53% CPU


Create initial parsimony tree by phylogenetic likelihood library (PLL)... 0.03 seconds
Perform fast likelihood tree search using LG+I+G model...
Estimate model parameters (epsilon = 5.00)
Perform nearest neighbor interchange...
Optimizing NNI: done in 2.11659 secs using 99.89% CPU
Estimate model parameters (epsilon = 1.00)
1. Initial log-likelihood: -26936.73
2. Current log-likelihood: -26934.72
3. Current log-likelihood: -26933.54
Optimal log-likelihood: -26932.85
Proportion of invariable sites: 0.01
Gamma shape alpha: 0.96
Parameters optimization took 3 rounds (1.58 sec)
Time for fast ML tree search: 7.43 seconds

NOTE: ModelFinder requires 102 MB RAM!
ModelFinder will test up to 1232 protein models (sample size: 1020) ...
 No. Model         -LnL         df  AIC          AICc         BIC
  1  LG            28109.224    195 56608.447    56701.214    57569.321
  2  LG+I          28080.404    196 56552.807    56646.640    57518.609
  3  LG+G4         26932.425    196 54256.851    54350.683    55222.652
  4  LG+I+G4       26931.995    197 54257.989    54352.894    55228.718
  5  LG+R2         27118.600    197 54631.200    54726.105    55601.928
  6  LG+R3         26950.112    199 54298.223    54395.296    55278.807
  7  LG+R4         26900.083    201 54202.167    54301.438    55192.606
  8  LG+R5         26884.324    203 54174.649    54276.149    55174.943
  9  LG+R6         26883.230    205 54176.460    54280.219    55186.610
 14  LG+I+R2       26796.442    198 53988.884    54084.869    54964.540
 15  LG+I+R3       26634.825    200 53669.649    53767.818    54655.161
 16  LG+I+R4       26587.409    202 53578.818    53679.200    54574.184
 17  LG+I+R5       26570.776    204 53549.552    53652.178    54554.774
 18  LG+I+R6       26569.825    206 53551.651    53656.551    54566.728
 39  LG+F+I+R5     26578.306    223 53602.612    53728.119    54701.457
 61  WAG+I+R5      26609.740    204 53627.480    53730.106    54632.702
 83  WAG+F+I+R5    26652.865    223 53751.731    53877.238    54850.576
105  JTT+I+R5      26312.659    204 53033.319    53135.944    54038.541
127  JTT+F+I+R5    26291.353    223 53028.705    53154.213    54127.551
WARNING: Normalizing state frequencies so that sum of them equals to 1
149  Q.pfam+I+R5   26542.568    204 53493.136    53595.762    54498.358
WARNING: Normalizing state frequencies so that sum of them equals to 1
171  Q.pfam+F+I+R5 26530.484    223 53506.969    53632.476    54605.814
WARNING: Normalizing state frequencies so that sum of them equals to 1
193  Q.bird+I+R5   26408.265    204 53224.529    53327.155    54229.751
WARNING: Normalizing state frequencies so that sum of them equals to 1
215  Q.bird+F+I+R5 26358.946    223 53163.891    53289.399    54262.737
WARNING: Normalizing state frequencies so that sum of them equals to 1
237  Q.mammal+I+R5 26330.777    204 53069.554    53172.179    54074.775
WARNING: Normalizing state frequencies so that sum of them equals to 1
259  Q.mammal+F+I+R5 26263.679    223 52973.358    53098.866    54072.204
281  Q.insect+I+R5 26357.857    204 53123.713    53226.339    54128.935
303  Q.insect+F+I+R5 26280.271    223 53006.542    53132.050    54105.388
WARNING: Normalizing state frequencies so that sum of them equals to 1
325  Q.plant+I+R5  26313.391    204 53034.782    53137.408    54040.004
WARNING: Normalizing state frequencies so that sum of them equals to 1
347  Q.plant+F+I+R5 26275.585    223 52997.170    53122.677    54096.015
WARNING: Normalizing state frequencies so that sum of them equals to 1
369  Q.yeast+I+R5  26524.862    204 53457.725    53560.351    54462.947
WARNING: Normalizing state frequencies so that sum of them equals to 1
391  Q.yeast+F+I+R5 26416.284    223 53278.567    53404.075    54377.413
413  JTTDCMut+I+R5 26319.345    204 53046.689    53149.315    54051.911
435  JTTDCMut+F+I+R5 26300.428    223 53046.856    53172.363    54145.701
457  DCMut+I+R5    26674.876    204 53757.751    53860.377    54762.973
479  DCMut+F+I+R5  26585.050    223 53616.100    53741.607    54714.945
501  VT+I+R5       26544.707    204 53497.414    53600.040    54502.636
523  VT+F+I+R5     26578.188    223 53602.377    53727.884    54701.222
545  PMB+I+R5      26861.532    204 54131.064    54233.690    55136.286
567  PMB+F+I+R5    26907.010    223 54260.020    54385.528    55358.866
589  Blosum62+I+R5 26898.813    204 54205.627    54308.252    55210.848
611  Blosum62+F+I+R5 26956.670    223 54359.339    54484.847    55458.185
633  Dayhoff+I+R5  26674.913    204 53757.826    53860.452    54763.048
655  Dayhoff+F+I+R5 26585.075    223 53616.150    53741.658    54714.996
677  mtREV+I+R5    27559.629    204 55527.259    55629.884    56532.480
699  mtREV+F+I+R5  26871.677    223 54189.355    54314.862    55288.200
721  mtART+I+R5    28028.246    204 56464.492    56567.118    57469.714
743  mtART+F+I+R5  27211.653    223 54869.307    54994.814    55968.152
765  mtZOA+I+R5    27414.008    204 55236.017    55338.643    56241.239
787  mtZOA+F+I+R5  26868.223    223 54182.445    54307.953    55281.291
809  mtMet+I+R5    27445.726    204 55299.451    55402.077    56304.673
831  mtMet+F+I+R5  26591.963    223 53629.925    53755.433    54728.771
853  mtVer+I+R5    27504.560    204 55417.121    55519.747    56422.343
875  mtVer+F+I+R5  26782.953    223 54011.907    54137.414    55110.752
897  mtInv+I+R5    27765.797    204 55939.593    56042.219    56944.815
919  mtInv+F+I+R5  26600.052    223 53646.104    53771.611    54744.949
941  mtMAM+I+R5    27902.368    204 56212.735    56315.361    57217.957
963  mtMAM+F+I+R5  27100.800    223 54647.599    54773.107    55746.445
WARNING: Normalizing state frequencies so that sum of them equals to 1
985  FLAVI+I+R5    27079.709    204 54567.418    54670.044    55572.640
WARNING: Normalizing state frequencies so that sum of them equals to 1
1007  FLAVI+F+I+R5  26840.816    223 54127.632    54253.139    55226.477
1029  HIVb+I+R5     26649.898    204 53707.797    53810.422    54713.018
1051  HIVb+F+I+R5   26560.510    223 53567.020    53692.527    54665.865
1073  HIVw+I+R5     27542.285    204 55492.571    55595.196    56497.792
1095  HIVw+F+I+R5   27154.547    223 54755.093    54880.601    55853.939
1117  FLU+I+R5      26808.835    204 54025.670    54128.296    55030.892
1139  FLU+F+I+R5    26768.869    223 53983.738    54109.245    55082.583
1161  rtREV+I+R5    26797.187    204 54002.373    54104.999    55007.595
1183  rtREV+F+I+R5  26716.956    223 53879.913    54005.420    54978.758
1205  cpREV+I+R5    26799.838    204 54007.676    54110.302    55012.898
1227  cpREV+F+I+R5  26924.429    223 54294.859    54420.366    55393.704
Akaike Information Criterion:           Q.mammal+F+I+R5
Corrected Akaike Information Criterion: Q.mammal+F+I+R5
Bayesian Information Criterion:         JTT+I+R5
Best-fit model: JTT+I+R5 chosen according to BIC

All model information printed to /Users/bushrakhan/Desktop/NIPGR-data/MADS-box-Evolutionary-gene-detection/Simultaneous_Phylogenetic_Analysis/Results_v2/Trees/Bayes/Glycine_max_MUSCLE_Bayes.model.gz
CPU time for ModelFinder: 1820.190 seconds (0h:30m:20s)
Wall-clock time for ModelFinder: 1823.655 seconds (0h:30m:23s)

NOTE: 51 MB RAM (0 GB) is required!
Estimate model parameters (epsilon = 0.500)
1. Initial log-likelihood: -26312.659
Optimal log-likelihood: -26312.653
Proportion of invariable sites: 0.606
Site proportion and rates:  (0.094,0.068) (0.128,0.259) (0.200,0.550) (0.332,1.108) (0.246,1.963)
Parameters optimization took 1 rounds (4.594 sec)
Wrote distance file to... 
Computing ML distances based on estimated model parameters...
Calculating distance matrix: done in 1.94822 secs using 99.67% CPU
Computing ML distances took 1.948559 sec (of wall-clock time) 1.941987 sec (of CPU time)
WARNING: Some pairwise ML distances are too long (saturated)
Setting up auxiliary I and S matrices: done in 0.000273943 secs using 172.7% CPU
Constructing RapidNJ tree: done in 0.000644922 secs using 190.4% CPU
Computing RapidNJ tree took 0.000965 sec (of wall-clock time) 0.001725 sec (of CPU time)
Log-likelihood of RapidNJ tree: -26414.421
--------------------------------------------------------------------
|             INITIALIZING CANDIDATE TREE SET                      |
--------------------------------------------------------------------

Do NNI search on 2 best initial trees
Optimizing NNI: done in 1.20441 secs using 99.89% CPU
BETTER TREE FOUND at iteration 1: -26312.653
Optimizing NNI: done in 4.38338 secs using 99.87% CPU
Estimate model parameters (epsilon = 0.500)
BETTER TREE FOUND at iteration 2: -26306.980
Finish initializing candidate tree set (4)
Current best tree score: -26306.980 / CPU time: 12.087
Number of iterations: 2
TREE SEARCH COMPLETED AFTER 2 ITERATIONS / Time: 0h:0m:21s

--------------------------------------------------------------------
|                    FINALIZING TREE SEARCH                        |
--------------------------------------------------------------------
Performs final model parameters optimization
Estimate model parameters (epsilon = 0.050)
1. Initial log-likelihood: -26306.980
Optimal log-likelihood: -26306.964
Proportion of invariable sites: 0.606
Site proportion and rates:  (0.095,0.067) (0.123,0.255) (0.212,0.553) (0.326,1.114) (0.245,1.969)
Parameters optimization took 1 rounds (6.579 sec)
BEST SCORE FOUND : -26306.964

Testing tree branches by SH-like aLRT with 1000 replicates...
Testing tree branches by aBayes parametric test...
2.404 sec.
Total tree length: 52.575

Total number of iterations: 2
CPU time used for tree search: 12.065 sec (0h:0m:12s)
Wall-clock time used for tree search: 12.088 sec (0h:0m:12s)
Total CPU time used: 30.140 sec (0h:0m:30s)
Total wall-clock time used: 30.025 sec (0h:0m:30s)

Analysis results written to: 
  IQ-TREE report:                /Users/bushrakhan/Desktop/NIPGR-data/MADS-box-Evolutionary-gene-detection/Simultaneous_Phylogenetic_Analysis/Results_v2/Trees/Bayes/Glycine_max_MUSCLE_Bayes.iqtree
  Maximum-likelihood tree:       /Users/bushrakhan/Desktop/NIPGR-data/MADS-box-Evolutionary-gene-detection/Simultaneous_Phylogenetic_Analysis/Results_v2/Trees/Bayes/Glycine_max_MUSCLE_Bayes.treefile
  Likelihood distances:          /Users/bushrakhan/Desktop/NIPGR-data/MADS-box-Evolutionary-gene-detection/Simultaneous_Phylogenetic_Analysis/Results_v2/Trees/Bayes/Glycine_max_MUSCLE_Bayes.mldist
  Screen log file:               /Users/bushrakhan/Desktop/NIPGR-data/MADS-box-Evolutionary-gene-detection/Simultaneous_Phylogenetic_Analysis/Results_v2/Trees/Bayes/Glycine_max_MUSCLE_Bayes.log

Date and Time: Sun Apr  5 15:19:09 2026
