IQ-TREE multicore version 2.2.2.7 COVID-edition for Mac OS X 64-bit built May 30 2023
Developed by Bui Quang Minh, James Barbetti, Nguyen Lam Tung,
Olga Chernomor, Heiko Schmidt, Dominik Schrempf, Michael Woodhams, Ly Trong Nhan.

Host:    Bushras-MacBook-Air.local (SSE4.2, 16 GB RAM)
Command: /Users/bushrakhan/Desktop/NIPGR-data/MADS-box-Evolutionary-gene-detection/Advanced_Phylogenetic_Pipeline/Uploads/scripts/iqtree2 -s /Users/bushrakhan/Desktop/NIPGR-data/MADS-box-Evolutionary-gene-detection/Simultaneous_Phylogenetic_Analysis/Results_v2/Alignments/Glycine_max_MAFFT.fa -fast -alrt 1000 -abayes -pre /Users/bushrakhan/Desktop/NIPGR-data/MADS-box-Evolutionary-gene-detection/Simultaneous_Phylogenetic_Analysis/Results_v2/Trees/Bayes/Glycine_max_MAFFT_Bayes -redo
Seed:    676415 (Using SPRNG - Scalable Parallel Random Number Generator)
Time:    Sun Apr  5 14:02:01 2026
Kernel:  SSE2 - 1 threads (10 CPU cores detected)

HINT: Use -nt option to specify number of threads because your CPU has 10 cores!
HINT: -nt AUTO will automatically determine the best number of threads to use.

Reading alignment file /Users/bushrakhan/Desktop/NIPGR-data/MADS-box-Evolutionary-gene-detection/Simultaneous_Phylogenetic_Analysis/Results_v2/Alignments/Glycine_max_MAFFT.fa ... Fasta format detected
Reading fasta file: done in 0.00314021 secs using 94.52% CPU
Alignment most likely contains protein sequences
Constructing alignment: done in 0.00142789 secs using 79.56% CPU
Alignment has 99 sequences with 762 columns, 585 distinct patterns
348 parsimony-informative, 107 singleton sites, 307 constant sites
WARNING: Some sequence names are changed as follows:
AT1G69120.1|APETALA1|AP1|Length=286 -> AT1G69120.1|APETALA1|AP1|Length_286
AT4G36920.1|APETALA2|AP2|Length=432 -> AT4G36920.1|APETALA2|AP2|Length_432
AT3G54340.1|APETALA3|AP3|Length=232 -> AT3G54340.1|APETALA3|AP3|Length_232
AT5G20240.1|PISTILLATA|PI|Length=208 -> AT5G20240.1|PISTILLATA|PI|Length_208
AT4G18960.1|AGAMOUS|AG|Length=252 -> AT4G18960.1|AGAMOUS|AG|Length_252
AT4G09960.4|SEEDSTICK|STK|Length=329 -> AT4G09960.4|SEEDSTICK|STK|Length_329
AT3G58780.4|SHATTERPROOF1|SHP1|Length=281 -> AT3G58780.4|SHATTERPROOF1|SHP1|Length_281
AT2G42830.2|SHATTERPROOF2|SHP2|Length=248 -> AT2G42830.2|SHATTERPROOF2|SHP2|Length_248
AT5G15800.2|SEPALLATA1|SEP1|Length=262 -> AT5G15800.2|SEPALLATA1|SEP1|Length_262
AT3G02310.1|SEPALLATA2|SEP2|Length=250 -> AT3G02310.1|SEPALLATA2|SEP2|Length_250
AT1G24260.2|SEPALLATA3|SEP3|Length=251 -> AT1G24260.2|SEPALLATA3|SEP3|Length_251
AT2G03710.1|SEPALLATA4|SEP4|Length=258 -> AT2G03710.1|SEPALLATA4|SEP4|Length_258

Analyzing sequences: done in 0.000101089 secs using 92.99% CPU
WARNING: 98 sequences contain more than 50% gaps/ambiguity
Checking for duplicate sequences: done in 0.000299931 secs using 85.02% CPU


Create initial parsimony tree by phylogenetic likelihood library (PLL)... 0.03 seconds
Perform fast likelihood tree search using LG+I+G model...
Estimate model parameters (epsilon = 5.00)
Perform nearest neighbor interchange...
Optimizing NNI: done in 2.42112 secs using 99.56% CPU
Estimate model parameters (epsilon = 1.00)
1. Initial log-likelihood: -26124.47
Optimal log-likelihood: -26123.66
Proportion of invariable sites: 0.02
Gamma shape alpha: 1.01
Parameters optimization took 1 rounds (0.58 sec)
Time for fast ML tree search: 6.93 seconds

NOTE: ModelFinder requires 92 MB RAM!
ModelFinder will test up to 1232 protein models (sample size: 762) ...
 No. Model         -LnL         df  AIC          AICc         BIC
  1  LG            27175.983    195 54741.965    54877.018    55645.975
  2  LG+I          27100.724    196 54593.448    54730.128    55502.094
  3  LG+G4         26127.336    196 52646.671    52783.351    53555.317
  4  LG+I+G4       26123.215    197 52640.431    52778.750    53553.712
  5  LG+R2         26302.241    197 52998.482    53136.801    53911.763
  6  LG+R3         26137.917    199 52673.834    52815.471    53596.387
  7  LG+R4         26094.140    201 52590.280    52735.287    53522.105
  8  LG+R5         26082.414    203 52570.828    52719.258    53511.925
  9  LG+R6         26082.069    205 52574.139    52726.045    53524.508
 14  LG+I+R2       26131.792    198 52659.584    52799.556    53577.502
 15  LG+I+R3       25988.262    200 52376.524    52519.840    53303.713
 16  LG+I+R4       25946.934    202 52297.867    52444.579    53234.329
 17  LG+I+R5       25935.897    204 52279.794    52429.955    53225.527
 18  LG+I+R6       25935.490    206 52282.980    52436.645    53237.985
 38  LG+F+I+R4     25994.073    221 52430.147    52611.858    53454.691
 39  LG+F+I+R5     25982.032    223 52410.063    52595.758    53443.879
 60  WAG+I+R4      26000.628    202 52405.257    52551.969    53341.718
 61  WAG+I+R5      25991.939    204 52391.877    52542.039    53337.610
 82  WAG+F+I+R4    26097.781    221 52637.562    52819.273    53662.106
 83  WAG+F+I+R5    26088.927    223 52623.854    52809.549    53657.670
104  JTT+I+R4      25727.661    202 51859.322    52006.034    52795.784
105  JTT+I+R5      25715.377    204 51838.753    51988.915    52784.487
126  JTT+F+I+R4    25747.361    221 51936.721    52118.432    52961.265
127  JTT+F+I+R5    25734.930    223 51915.859    52101.554    52949.675
WARNING: Normalizing state frequencies so that sum of them equals to 1
148  Q.pfam+I+R4   25921.842    202 52247.685    52394.397    53184.146
WARNING: Normalizing state frequencies so that sum of them equals to 1
149  Q.pfam+I+R5   25913.305    204 52234.610    52384.771    53180.343
WARNING: Normalizing state frequencies so that sum of them equals to 1
170  Q.pfam+F+I+R4 25946.657    221 52335.314    52517.025    53359.858
WARNING: Normalizing state frequencies so that sum of them equals to 1
171  Q.pfam+F+I+R5 25935.526    223 52317.051    52502.746    53350.867
WARNING: Normalizing state frequencies so that sum of them equals to 1
192  Q.bird+I+R4   25827.280    202 52058.560    52205.272    52995.021
WARNING: Normalizing state frequencies so that sum of them equals to 1
193  Q.bird+I+R5   25801.103    204 52010.207    52160.368    52955.940
WARNING: Normalizing state frequencies so that sum of them equals to 1
214  Q.bird+F+I+R4 25805.148    221 52052.297    52234.008    53076.841
WARNING: Normalizing state frequencies so that sum of them equals to 1
215  Q.bird+F+I+R5 25777.146    223 52000.293    52185.988    53034.109
WARNING: Normalizing state frequencies so that sum of them equals to 1
236  Q.mammal+I+R4 25755.421    202 51914.843    52061.555    52851.304
WARNING: Normalizing state frequencies so that sum of them equals to 1
237  Q.mammal+I+R5 25729.774    204 51867.547    52017.709    52813.280
WARNING: Normalizing state frequencies so that sum of them equals to 1
258  Q.mammal+F+I+R4 25712.575    221 51867.150    52048.861    52891.694
WARNING: Normalizing state frequencies so that sum of them equals to 1
259  Q.mammal+F+I+R5 25686.515    223 51819.030    52004.725    52852.846
280  Q.insect+I+R4 25758.871    202 51921.741    52068.453    52858.203
281  Q.insect+I+R5 25741.994    204 51891.988    52042.149    52837.721
302  Q.insect+F+I+R4 25709.939    221 51861.878    52043.589    52886.422
303  Q.insect+F+I+R5 25693.559    223 51833.118    52018.814    52866.934
WARNING: Normalizing state frequencies so that sum of them equals to 1
324  Q.plant+I+R4  25713.023    202 51830.046    51976.758    52766.507
WARNING: Normalizing state frequencies so that sum of them equals to 1
325  Q.plant+I+R5  25696.247    204 51800.494    51950.655    52746.227
WARNING: Normalizing state frequencies so that sum of them equals to 1
346  Q.plant+F+I+R4 25707.967    221 51857.934    52039.645    52882.478
WARNING: Normalizing state frequencies so that sum of them equals to 1
347  Q.plant+F+I+R5 25689.347    223 51824.694    52010.389    52858.510
WARNING: Normalizing state frequencies so that sum of them equals to 1
368  Q.yeast+I+R4  25902.579    202 52209.159    52355.871    53145.620
WARNING: Normalizing state frequencies so that sum of them equals to 1
369  Q.yeast+I+R5  25888.962    204 52185.924    52336.086    53131.657
WARNING: Normalizing state frequencies so that sum of them equals to 1
390  Q.yeast+F+I+R4 25827.953    221 52097.906    52279.617    53122.450
WARNING: Normalizing state frequencies so that sum of them equals to 1
391  Q.yeast+F+I+R5 25814.531    223 52075.062    52260.757    53108.878
412  JTTDCMut+I+R4 25733.403    202 51870.807    52017.519    52807.268
413  JTTDCMut+I+R5 25720.914    204 51849.827    51999.989    52795.560
434  JTTDCMut+F+I+R4 25755.965    221 51953.930    52135.641    52978.474
435  JTTDCMut+F+I+R5 25743.779    223 51933.558    52119.253    52967.374
456  DCMut+I+R4    26078.778    202 52561.555    52708.267    53498.017
457  DCMut+I+R5    26062.315    204 52532.630    52682.792    53478.363
478  DCMut+F+I+R4  26046.114    221 52534.227    52715.938    53558.771
479  DCMut+F+I+R5  26029.382    223 52504.765    52690.460    53538.581
500  VT+I+R4       25960.524    202 52325.048    52471.760    53261.509
501  VT+I+R5       25953.332    204 52314.665    52464.826    53260.398
522  VT+F+I+R4     26034.934    221 52511.868    52693.580    53536.413
523  VT+F+I+R5     26027.805    223 52501.610    52687.305    53535.426
544  PMB+I+R4      26280.719    202 52965.438    53112.150    53901.900
545  PMB+I+R5      26272.974    204 52953.947    53104.109    53899.681
566  PMB+F+I+R4    26379.266    221 53200.532    53382.243    54225.076
567  PMB+F+I+R5    26370.615    223 53187.230    53372.925    54221.046
588  Blosum62+I+R4 26309.010    202 53022.020    53168.732    53958.482
589  Blosum62+I+R5 26301.110    204 53010.221    53160.382    53955.954
610  Blosum62+F+I+R4 26425.072    221 53292.145    53473.856    54316.689
611  Blosum62+F+I+R5 26415.743    223 53277.486    53463.181    54311.302
632  Dayhoff+I+R4  26078.457    202 52560.913    52707.625    53497.375
633  Dayhoff+I+R5  26061.933    204 52531.867    52682.028    53477.600
654  Dayhoff+F+I+R4 26045.833    221 52533.665    52715.376    53558.209
655  Dayhoff+F+I+R5 26029.173    223 52504.345    52690.041    53538.161
676  mtREV+I+R4    27014.292    202 54432.584    54579.296    55369.046
677  mtREV+I+R5    26996.731    204 54401.463    54551.624    55347.196
698  mtREV+F+I+R4  26355.073    221 53152.146    53333.857    54176.690
699  mtREV+F+I+R5  26339.398    223 53124.796    53310.491    54158.612
720  mtART+I+R4    27430.188    202 55264.377    55411.089    56200.838
721  mtART+I+R5    27417.317    204 55242.635    55392.796    56188.368
742  mtART+F+I+R4  26655.207    221 53752.414    53934.125    54776.958
743  mtART+F+I+R5  26630.511    223 53707.022    53892.718    54740.839
764  mtZOA+I+R4    26812.924    202 54029.849    54176.561    54966.310
765  mtZOA+I+R5    26792.358    204 53992.716    54142.877    54938.449
786  mtZOA+F+I+R4  26310.320    221 53062.639    53244.350    54087.183
787  mtZOA+F+I+R5  26287.916    223 53021.832    53207.527    54055.648
808  mtMet+I+R4    26841.069    202 54086.138    54232.850    55022.599
809  mtMet+I+R5    26825.725    204 54059.450    54209.612    55005.183
830  mtMet+F+I+R4  26034.635    221 52511.269    52692.981    53535.814
831  mtMet+F+I+R5  26019.013    223 52484.025    52669.720    53517.841
852  mtVer+I+R4    26898.871    202 54201.743    54348.455    55138.204
853  mtVer+I+R5    26875.296    204 54158.592    54308.753    55104.325
874  mtVer+F+I+R4  26213.372    221 52868.743    53050.455    53893.288
875  mtVer+F+I+R5  26194.721    223 52835.442    53021.137    53869.258
896  mtInv+I+R4    27143.397    202 54690.794    54837.506    55627.255
897  mtInv+I+R5    27129.437    204 54666.875    54817.036    55612.608
918  mtInv+F+I+R4  26044.074    221 52530.148    52711.860    53554.693
919  mtInv+F+I+R5  26028.133    223 52502.267    52687.962    53536.083
940  mtMAM+I+R4    27332.826    202 55069.652    55216.364    56006.114
941  mtMAM+I+R5    27311.136    204 55030.271    55180.433    55976.005
962  mtMAM+F+I+R4  26573.449    221 53588.897    53770.608    54613.441
963  mtMAM+F+I+R5  26542.519    223 53531.038    53716.734    54564.855
WARNING: Normalizing state frequencies so that sum of them equals to 1
984  FLAVI+I+R4    26499.753    202 53403.505    53550.217    54339.966
WARNING: Normalizing state frequencies so that sum of them equals to 1
985  FLAVI+I+R5    26470.527    204 53349.053    53499.215    54294.787
WARNING: Normalizing state frequencies so that sum of them equals to 1
1006  FLAVI+F+I+R4  26292.865    221 53027.730    53209.442    54052.275
WARNING: Normalizing state frequencies so that sum of them equals to 1
1007  FLAVI+F+I+R5  26270.928    223 52987.855    53173.551    54021.671
1028  HIVb+I+R4     26050.418    202 52504.836    52651.548    53441.297
1029  HIVb+I+R5     26029.278    204 52466.556    52616.718    53412.289
1050  HIVb+F+I+R4   25993.946    221 52429.892    52611.603    53454.437
1051  HIVb+F+I+R5   25971.415    223 52388.831    52574.526    53422.647
1072  HIVw+I+R4     26936.663    202 54277.327    54424.039    55213.788
1073  HIVw+I+R5     26924.910    204 54257.819    54407.981    55203.552
1094  HIVw+F+I+R4   26612.914    221 53667.829    53849.540    54692.373
1095  HIVw+F+I+R5   26604.808    223 53655.616    53841.311    54689.432
1116  FLU+I+R4      26193.627    202 52791.254    52937.966    53727.715
1117  FLU+I+R5      26173.440    204 52754.881    52905.042    53700.614
1138  FLU+F+I+R4    26201.054    221 52844.109    53025.820    53868.653
1139  FLU+F+I+R5    26188.652    223 52823.304    53009.000    53857.121
1160  rtREV+I+R4    26189.496    202 52782.991    52929.703    53719.453
1161  rtREV+I+R5    26180.278    204 52768.556    52918.717    53714.289
1182  rtREV+F+I+R4  26151.992    221 52745.983    52927.694    53770.527
1183  rtREV+F+I+R5  26139.975    223 52725.951    52911.646    53759.767
1204  cpREV+I+R4    26201.502    202 52807.004    52953.716    53743.465
1205  cpREV+I+R5    26195.110    204 52798.219    52948.381    53743.952
1226  cpREV+F+I+R4  26390.471    221 53222.942    53404.653    54247.486
1227  cpREV+F+I+R5  26380.677    223 53207.354    53393.049    54241.170
Akaike Information Criterion:           Q.plant+I+R5
Corrected Akaike Information Criterion: Q.plant+I+R5
Bayesian Information Criterion:         Q.plant+I+R5
Best-fit model: Q.plant+I+R5 chosen according to BIC

All model information printed to /Users/bushrakhan/Desktop/NIPGR-data/MADS-box-Evolutionary-gene-detection/Simultaneous_Phylogenetic_Analysis/Results_v2/Trees/Bayes/Glycine_max_MAFFT_Bayes.model.gz
CPU time for ModelFinder: 2738.479 seconds (0h:45m:38s)
Wall-clock time for ModelFinder: 2746.500 seconds (0h:45m:46s)
WARNING: Normalizing state frequencies so that sum of them equals to 1

NOTE: 46 MB RAM (0 GB) is required!
Estimate model parameters (epsilon = 0.500)
1. Initial log-likelihood: -25696.247
Optimal log-likelihood: -25696.195
Proportion of invariable sites: 0.403
Site proportion and rates:  (0.092,0.070) (0.150,0.259) (0.208,0.574) (0.334,1.151) (0.216,2.089)
Parameters optimization took 1 rounds (5.745 sec)
Wrote distance file to... 
Computing ML distances based on estimated model parameters...
Calculating distance matrix: done in 1.62643 secs using 99.72% CPU
Computing ML distances took 1.626733 sec (of wall-clock time) 1.622197 sec (of CPU time)
WARNING: Some pairwise ML distances are too long (saturated)
Setting up auxiliary I and S matrices: done in 0.000281811 secs using 170.7% CPU
Constructing RapidNJ tree: done in 0.000658035 secs using 189.5% CPU
Computing RapidNJ tree took 0.000997 sec (of wall-clock time) 0.001791 sec (of CPU time)
Log-likelihood of RapidNJ tree: -25746.159
--------------------------------------------------------------------
|             INITIALIZING CANDIDATE TREE SET                      |
--------------------------------------------------------------------

Do NNI search on 2 best initial trees
Optimizing NNI: done in 1.20179 secs using 99.91% CPU
Estimate model parameters (epsilon = 0.500)
BETTER TREE FOUND at iteration 1: -25695.882
Optimizing NNI: done in 4.26723 secs using 99.89% CPU
Finish initializing candidate tree set (4)
Current best tree score: -25695.882 / CPU time: 11.314
Number of iterations: 2
TREE SEARCH COMPLETED AFTER 2 ITERATIONS / Time: 0h:0m:20s

--------------------------------------------------------------------
|                    FINALIZING TREE SEARCH                        |
--------------------------------------------------------------------
Performs final model parameters optimization
Estimate model parameters (epsilon = 0.050)
1. Initial log-likelihood: -25695.882
Optimal log-likelihood: -25695.844
Proportion of invariable sites: 0.403
Site proportion and rates:  (0.092,0.069) (0.148,0.256) (0.206,0.569) (0.337,1.144) (0.216,2.091)
Parameters optimization took 1 rounds (4.811 sec)
BEST SCORE FOUND : -25695.844

Testing tree branches by SH-like aLRT with 1000 replicates...
Testing tree branches by aBayes parametric test...
1.970 sec.
Total tree length: 58.471

Total number of iterations: 2
CPU time used for tree search: 11.300 sec (0h:0m:11s)
Wall-clock time used for tree search: 11.314 sec (0h:0m:11s)
Total CPU time used: 27.439 sec (0h:0m:27s)
Total wall-clock time used: 27.289 sec (0h:0m:27s)

Analysis results written to: 
  IQ-TREE report:                /Users/bushrakhan/Desktop/NIPGR-data/MADS-box-Evolutionary-gene-detection/Simultaneous_Phylogenetic_Analysis/Results_v2/Trees/Bayes/Glycine_max_MAFFT_Bayes.iqtree
  Maximum-likelihood tree:       /Users/bushrakhan/Desktop/NIPGR-data/MADS-box-Evolutionary-gene-detection/Simultaneous_Phylogenetic_Analysis/Results_v2/Trees/Bayes/Glycine_max_MAFFT_Bayes.treefile
  Likelihood distances:          /Users/bushrakhan/Desktop/NIPGR-data/MADS-box-Evolutionary-gene-detection/Simultaneous_Phylogenetic_Analysis/Results_v2/Trees/Bayes/Glycine_max_MAFFT_Bayes.mldist
  Screen log file:               /Users/bushrakhan/Desktop/NIPGR-data/MADS-box-Evolutionary-gene-detection/Simultaneous_Phylogenetic_Analysis/Results_v2/Trees/Bayes/Glycine_max_MAFFT_Bayes.log

Date and Time: Sun Apr  5 14:48:15 2026
