IQ-TREE multicore version 2.2.2.7 COVID-edition for Mac OS X 64-bit built May 30 2023
Developed by Bui Quang Minh, James Barbetti, Nguyen Lam Tung,
Olga Chernomor, Heiko Schmidt, Dominik Schrempf, Michael Woodhams, Ly Trong Nhan.

Host:    Bushras-MacBook-Air.local (SSE4.2, 16 GB RAM)
Command: /Users/bushrakhan/Desktop/NIPGR-data/MADS-box-Evolutionary-gene-detection/Advanced_Phylogenetic_Pipeline/Uploads/scripts/iqtree2 -s /Users/bushrakhan/Desktop/NIPGR-data/MADS-box-Evolutionary-gene-detection/Simultaneous_Phylogenetic_Analysis/Results_v2/Alignments/Helianthus_annuuss_MAFFT.fa -fast -alrt 1000 -abayes -pre /Users/bushrakhan/Desktop/NIPGR-data/MADS-box-Evolutionary-gene-detection/Simultaneous_Phylogenetic_Analysis/Results_v2/Trees/Bayes/Helianthus_annuuss_MAFFT_Bayes -redo
Seed:    100538 (Using SPRNG - Scalable Parallel Random Number Generator)
Time:    Sun Apr  5 15:47:12 2026
Kernel:  SSE2 - 1 threads (10 CPU cores detected)

HINT: Use -nt option to specify number of threads because your CPU has 10 cores!
HINT: -nt AUTO will automatically determine the best number of threads to use.

Reading alignment file /Users/bushrakhan/Desktop/NIPGR-data/MADS-box-Evolutionary-gene-detection/Simultaneous_Phylogenetic_Analysis/Results_v2/Alignments/Helianthus_annuuss_MAFFT.fa ... Fasta format detected
Reading fasta file: done in 0.00242496 secs using 94.6% CPU
Alignment most likely contains protein sequences
Constructing alignment: done in 0.00119114 secs using 79.34% CPU
Alignment has 70 sequences with 693 columns, 634 distinct patterns
320 parsimony-informative, 213 singleton sites, 160 constant sites
WARNING: Some sequence names are changed as follows:
AT1G69120.1|APETALA1|AP1|Length=286 -> AT1G69120.1|APETALA1|AP1|Length_286
AT4G36920.1|APETALA2|AP2|Length=432 -> AT4G36920.1|APETALA2|AP2|Length_432
AT3G54340.1|APETALA3|AP3|Length=232 -> AT3G54340.1|APETALA3|AP3|Length_232
AT5G20240.1|PISTILLATA|PI|Length=208 -> AT5G20240.1|PISTILLATA|PI|Length_208
AT4G18960.1|AGAMOUS|AG|Length=252 -> AT4G18960.1|AGAMOUS|AG|Length_252
AT4G09960.4|SEEDSTICK|STK|Length=329 -> AT4G09960.4|SEEDSTICK|STK|Length_329
AT3G58780.4|SHATTERPROOF1|SHP1|Length=281 -> AT3G58780.4|SHATTERPROOF1|SHP1|Length_281
AT2G42830.2|SHATTERPROOF2|SHP2|Length=248 -> AT2G42830.2|SHATTERPROOF2|SHP2|Length_248
AT5G15800.2|SEPALLATA1|SEP1|Length=262 -> AT5G15800.2|SEPALLATA1|SEP1|Length_262
AT3G02310.1|SEPALLATA2|SEP2|Length=250 -> AT3G02310.1|SEPALLATA2|SEP2|Length_250
AT1G24260.2|SEPALLATA3|SEP3|Length=251 -> AT1G24260.2|SEPALLATA3|SEP3|Length_251
AT2G03710.1|SEPALLATA4|SEP4|Length=258 -> AT2G03710.1|SEPALLATA4|SEP4|Length_258

Analyzing sequences: done in 6.98566e-05 secs using 98.77% CPU
WARNING: 67 sequences contain more than 50% gaps/ambiguity
Checking for duplicate sequences: done in 0.000218868 secs using 86.35% CPU


Create initial parsimony tree by phylogenetic likelihood library (PLL)... 0.03 seconds
Perform fast likelihood tree search using LG+I+G model...
Estimate model parameters (epsilon = 5.00)
Perform nearest neighbor interchange...
Optimizing NNI: done in 2.57197 secs using 99.88% CPU
Estimate model parameters (epsilon = 1.00)
1. Initial log-likelihood: -25233.05
Optimal log-likelihood: -25232.81
Proportion of invariable sites: 0.01
Gamma shape alpha: 1.03
Parameters optimization took 1 rounds (0.44 sec)
Time for fast ML tree search: 5.66 seconds

NOTE: ModelFinder requires 70 MB RAM!
ModelFinder will test up to 1232 protein models (sample size: 693) ...
 No. Model         -LnL         df  AIC          AICc         BIC
  1  LG            26322.447    137 52918.894    52987.024    53541.015
  2  LG+I          26200.318    138 52676.637    52745.886    53303.299
  3  LG+G4         25244.821    138 50765.641    50834.891    51392.304
  4  LG+I+G4       25232.772    139 50743.545    50813.924    51374.748
  5  LG+R2         25402.281    139 51082.562    51152.942    51713.765
  6  LG+R3         25255.463    141 50792.926    50865.601    51433.211
  7  LG+R4         25210.973    143 50707.946    50782.963    51357.313
  8  LG+R5         25195.859    145 50681.718    50759.122    51340.167
  9  LG+R6         25191.607    147 50677.213    50757.052    51344.745
 14  LG+I+R2       25288.282    140 50856.564    50928.086    51492.308
 15  LG+I+R3       25172.194    142 50628.388    50702.228    51273.214
 16  LG+I+R4       25129.773    144 50547.547    50623.751    51201.455
 17  LG+I+R5       25122.394    146 50536.788    50615.403    51199.778
 18  LG+I+R6       25119.397    148 50534.794    50615.868    51206.867
 38  LG+F+I+R4     25130.009    163 50586.019    50687.085    51326.207
 39  LG+F+I+R5     25125.799    165 50581.598    50685.545    51330.868
 60  WAG+I+R4      25230.429    144 50748.857    50825.062    51402.766
 61  WAG+I+R5      25226.494    146 50744.988    50823.603    51407.978
 82  WAG+F+I+R4    25255.847    163 50837.693    50938.759    51577.881
 83  WAG+F+I+R5    25253.359    165 50836.717    50940.664    51585.987
104  JTT+I+R4      25026.913    144 50341.826    50418.030    50995.734
105  JTT+I+R5      25015.892    146 50323.784    50402.400    50986.775
106  JTT+I+R6      25015.279    148 50326.559    50407.632    50998.631
126  JTT+F+I+R4    25001.787    163 50329.573    50430.639    51069.761
127  JTT+F+I+R5    24994.508    165 50319.015    50422.962    51068.285
128  JTT+F+I+R6    24994.112    167 50322.223    50429.103    51080.575
WARNING: Normalizing state frequencies so that sum of them equals to 1
148  Q.pfam+I+R4   25133.300    144 50554.600    50630.805    51208.508
WARNING: Normalizing state frequencies so that sum of them equals to 1
149  Q.pfam+I+R5   25123.880    146 50539.760    50618.375    51202.750
WARNING: Normalizing state frequencies so that sum of them equals to 1
150  Q.pfam+I+R6   25123.557    148 50543.114    50624.188    51215.187
WARNING: Normalizing state frequencies so that sum of them equals to 1
170  Q.pfam+F+I+R4 25105.713    163 50537.427    50638.493    51277.615
WARNING: Normalizing state frequencies so that sum of them equals to 1
171  Q.pfam+F+I+R5 25100.726    165 50531.452    50635.399    51280.722
WARNING: Normalizing state frequencies so that sum of them equals to 1
192  Q.bird+I+R4   25188.734    144 50665.468    50741.672    51319.376
WARNING: Normalizing state frequencies so that sum of them equals to 1
193  Q.bird+I+R5   25176.847    146 50645.694    50724.309    51308.684
WARNING: Normalizing state frequencies so that sum of them equals to 1
WARNING: Log-likelihood -25178.5 of Q.bird+I+R6 worse than Q.bird+I+R5 -25176.8
194  Q.bird+I+R6   25178.517    148 50653.035    50734.108    51325.107
WARNING: Normalizing state frequencies so that sum of them equals to 1
214  Q.bird+F+I+R4 25134.724    163 50595.448    50696.514    51335.635
WARNING: Normalizing state frequencies so that sum of them equals to 1
215  Q.bird+F+I+R5 25113.728    165 50557.456    50661.403    51306.726
WARNING: Normalizing state frequencies so that sum of them equals to 1
216  Q.bird+F+I+R6 25113.615    167 50561.230    50668.110    51319.582
WARNING: Normalizing state frequencies so that sum of them equals to 1
236  Q.mammal+I+R4 25102.729    144 50493.458    50569.662    51147.366
WARNING: Normalizing state frequencies so that sum of them equals to 1
237  Q.mammal+I+R5 25093.778    146 50479.556    50558.172    51142.547
WARNING: Normalizing state frequencies so that sum of them equals to 1
238  Q.mammal+I+R6 25093.731    148 50483.461    50564.535    51155.533
WARNING: Normalizing state frequencies so that sum of them equals to 1
258  Q.mammal+F+I+R4 25032.350    163 50390.700    50491.766    51130.888
WARNING: Normalizing state frequencies so that sum of them equals to 1
259  Q.mammal+F+I+R5 25013.659    165 50357.318    50461.264    51106.588
WARNING: Normalizing state frequencies so that sum of them equals to 1
WARNING: Log-likelihood -25014.7 of Q.mammal+F+I+R6 worse than Q.mammal+F+I+R5 -25013.7
260  Q.mammal+F+I+R6 25014.668    167 50363.336    50470.216    51121.688
280  Q.insect+I+R4 24973.675    144 50235.349    50311.554    50889.258
281  Q.insect+I+R5 24955.192    146 50202.384    50280.999    50865.374
WARNING: Log-likelihood -24957.7 of Q.insect+I+R6 worse than Q.insect+I+R5 -24955.2
282  Q.insect+I+R6 24957.709    148 50211.417    50292.491    50883.490
302  Q.insect+F+I+R4 24911.798    163 50149.595    50250.661    50889.783
303  Q.insect+F+I+R5 24899.590    165 50129.180    50233.127    50878.450
304  Q.insect+F+I+R6 24899.485    167 50132.970    50239.850    50891.322
WARNING: Normalizing state frequencies so that sum of them equals to 1
324  Q.plant+I+R4  25017.257    144 50322.514    50398.719    50976.423
WARNING: Normalizing state frequencies so that sum of them equals to 1
325  Q.plant+I+R5  24999.874    146 50291.747    50370.363    50954.738
WARNING: Normalizing state frequencies so that sum of them equals to 1
326  Q.plant+I+R6  24999.774    148 50295.547    50376.621    50967.620
WARNING: Normalizing state frequencies so that sum of them equals to 1
346  Q.plant+F+I+R4 24962.564    163 50251.128    50352.194    50991.315
WARNING: Normalizing state frequencies so that sum of them equals to 1
347  Q.plant+F+I+R5 24953.351    165 50236.703    50340.650    50985.973
WARNING: Normalizing state frequencies so that sum of them equals to 1
348  Q.plant+F+I+R6 24953.023    167 50240.045    50346.925    50998.397
WARNING: Normalizing state frequencies so that sum of them equals to 1
368  Q.yeast+I+R4  25101.528    144 50491.057    50567.261    51144.965
WARNING: Normalizing state frequencies so that sum of them equals to 1
369  Q.yeast+I+R5  25087.900    146 50467.799    50546.414    51130.789
WARNING: Normalizing state frequencies so that sum of them equals to 1
WARNING: Log-likelihood -25089 of Q.yeast+I+R6 worse than Q.yeast+I+R5 -25087.9
370  Q.yeast+I+R6  25089.030    148 50474.061    50555.134    51146.133
WARNING: Normalizing state frequencies so that sum of them equals to 1
390  Q.yeast+F+I+R4 24997.049    163 50320.099    50421.165    51060.286
WARNING: Normalizing state frequencies so that sum of them equals to 1
391  Q.yeast+F+I+R5 24988.907    165 50307.813    50411.760    51057.083
WARNING: Normalizing state frequencies so that sum of them equals to 1
392  Q.yeast+F+I+R6 24988.859    167 50311.719    50418.599    51070.071
412  JTTDCMut+I+R4 25033.567    144 50355.134    50431.339    51009.043
413  JTTDCMut+I+R5 25022.743    146 50337.487    50416.102    51000.477
414  JTTDCMut+I+R6 25022.340    148 50340.680    50421.754    51012.753
434  JTTDCMut+F+I+R4 25008.661    163 50343.321    50444.387    51083.509
435  JTTDCMut+F+I+R5 25001.886    165 50333.773    50437.720    51083.043
436  JTTDCMut+F+I+R6 25001.701    167 50337.402    50444.282    51095.754
456  DCMut+I+R4    25341.661    144 50971.322    51047.526    51625.230
457  DCMut+I+R5    25327.755    146 50947.511    51026.126    51610.501
458  DCMut+I+R6    25326.516    148 50949.032    51030.106    51621.105
478  DCMut+F+I+R4  25226.650    163 50779.301    50880.367    51519.488
479  DCMut+F+I+R5  25217.936    165 50765.872    50869.819    51515.142
480  DCMut+F+I+R6  25216.518    167 50767.037    50873.917    51525.389
500  VT+I+R4       25184.367    144 50656.734    50732.939    51310.643
501  VT+I+R5       25178.565    146 50649.130    50727.746    51312.121
522  VT+F+I+R4     25210.728    163 50747.456    50848.522    51487.644
523  VT+F+I+R5     25207.317    165 50744.634    50848.581    51493.904
544  PMB+I+R4      25444.628    144 51177.255    51253.460    51831.164
545  PMB+I+R5      25437.500    146 51166.999    51245.615    51829.990
WARNING: Log-likelihood -25440.6 of PMB+I+R6 worse than PMB+I+R5 -25437.5
546  PMB+I+R6      25440.599    148 51177.199    51258.273    51849.271
566  PMB+F+I+R4    25475.149    163 51276.298    51377.364    52016.485
567  PMB+F+I+R5    25471.808    165 51273.615    51377.562    52022.885
588  Blosum62+I+R4 25460.484    144 51208.968    51285.172    51862.876
589  Blosum62+I+R5 25455.310    146 51202.621    51281.236    51865.611
610  Blosum62+F+I+R4 25507.136    163 51340.272    51441.338    52080.460
611  Blosum62+F+I+R5 25504.221    165 51338.442    51442.389    52087.712
632  Dayhoff+I+R4  25341.241    144 50970.482    51046.686    51624.390
633  Dayhoff+I+R5  25327.758    146 50947.517    51026.132    51610.507
634  Dayhoff+I+R6  25326.104    148 50948.208    51029.281    51620.280
654  Dayhoff+F+I+R4 25226.588    163 50779.176    50880.242    51519.364
655  Dayhoff+F+I+R5 25217.633    165 50765.266    50869.213    51514.536
656  Dayhoff+F+I+R6 25216.413    167 50766.827    50873.707    51525.179
676  mtREV+I+R4    26073.860    144 52435.720    52511.924    53089.628
677  mtREV+I+R5    26057.604    146 52407.208    52485.824    53070.199
678  mtREV+I+R6    26055.777    148 52407.553    52488.627    53079.625
698  mtREV+F+I+R4  25450.670    163 51227.339    51328.405    51967.527
699  mtREV+F+I+R5  25438.976    165 51207.952    51311.899    51957.222
700  mtREV+F+I+R6  25436.781    167 51207.563    51314.443    51965.915
720  mtART+I+R4    26361.455    144 53010.909    53087.114    53664.818
721  mtART+I+R5    26345.740    146 52983.480    53062.095    53646.470
722  mtART+I+R6    26335.289    148 52966.579    53047.652    53638.651
742  mtART+F+I+R4  25604.482    163 51534.964    51636.031    52275.152
743  mtART+F+I+R5  25587.616    165 51505.232    51609.179    52254.502
744  mtART+F+I+R6  25584.191    167 51502.383    51609.263    52260.735
764  mtZOA+I+R4    25871.817    144 52031.634    52107.839    52685.543
765  mtZOA+I+R5    25857.705    146 52007.411    52086.026    52670.401
766  mtZOA+I+R6    25856.228    148 52008.455    52089.529    52680.528
786  mtZOA+F+I+R4  25365.810    163 51057.620    51158.686    51797.807
787  mtZOA+F+I+R5  25355.728    165 51041.456    51145.403    51790.726
788  mtZOA+F+I+R6  25352.158    167 51038.315    51145.195    51796.667
808  mtMet+I+R4    26013.627    144 52315.255    52391.459    52969.163
809  mtMet+I+R5    26006.406    146 52304.811    52383.426    52967.801
810  mtMet+I+R6    26006.364    148 52308.728    52389.802    52980.801
830  mtMet+F+I+R4  25253.801    163 50833.602    50934.668    51573.790
831  mtMet+F+I+R5  25241.069    165 50812.137    50916.084    51561.407
832  mtMet+F+I+R6  25239.343    167 50812.686    50919.566    51571.038
852  mtVer+I+R4    26085.907    144 52459.815    52536.019    53113.723
853  mtVer+I+R5    26074.753    146 52441.507    52520.122    53104.497
854  mtVer+I+R6    26074.914    148 52445.828    52526.901    53117.900
874  mtVer+F+I+R4  25476.871    163 51279.741    51380.807    52019.929
875  mtVer+F+I+R5  25456.984    165 51243.968    51347.915    51993.238
876  mtVer+F+I+R6  25456.429    167 51246.858    51353.738    52005.210
896  mtInv+I+R4    26277.479    144 52842.958    52919.162    53496.866
897  mtInv+I+R5    26270.908    146 52833.816    52912.431    53496.806
898  mtInv+I+R6    26270.839    148 52837.678    52918.752    53509.751
918  mtInv+F+I+R4  25212.404    163 50750.809    50851.875    51490.997
919  mtInv+F+I+R5  25203.619    165 50737.239    50841.186    51486.509
920  mtInv+F+I+R6  25202.407    167 50738.815    50845.695    51497.167
940  mtMAM+I+R4    26394.949    144 53077.898    53154.103    53731.807
941  mtMAM+I+R5    26368.760    146 53029.520    53108.136    53692.511
942  mtMAM+I+R6    26362.240    148 53020.479    53101.553    53692.552
962  mtMAM+F+I+R4  25701.294    163 51728.588    51829.654    52468.776
963  mtMAM+F+I+R5  25675.507    165 51681.013    51784.960    52430.283
964  mtMAM+F+I+R6  25673.675    167 51681.350    51788.230    52439.702
WARNING: Normalizing state frequencies so that sum of them equals to 1
984  FLAVI+I+R4    25728.096    144 51744.192    51820.396    52398.100
WARNING: Normalizing state frequencies so that sum of them equals to 1
985  FLAVI+I+R5    25707.081    146 51706.161    51784.776    52369.151
WARNING: Normalizing state frequencies so that sum of them equals to 1
986  FLAVI+I+R6    25706.703    148 51709.406    51790.479    52381.478
WARNING: Normalizing state frequencies so that sum of them equals to 1
1006  FLAVI+F+I+R4  25517.967    163 51361.935    51463.001    52102.123
WARNING: Normalizing state frequencies so that sum of them equals to 1
1007  FLAVI+F+I+R5  25491.066    165 51312.133    51416.080    52061.403
WARNING: Normalizing state frequencies so that sum of them equals to 1
1008  FLAVI+F+I+R6  25490.677    167 51315.355    51422.235    52073.707
1028  HIVb+I+R4     25386.366    144 51060.731    51136.936    51714.640
1029  HIVb+I+R5     25364.538    146 51021.076    51099.692    51684.067
1030  HIVb+I+R6     25364.514    148 51025.029    51106.102    51697.101
1050  HIVb+F+I+R4   25295.111    163 50916.222    51017.288    51656.410
1051  HIVb+F+I+R5   25268.247    165 50866.494    50970.441    51615.764
1052  HIVb+F+I+R6   25267.998    167 50869.996    50976.876    51628.348
1072  HIVw+I+R4     26251.261    144 52790.521    52866.726    53444.429
1073  HIVw+I+R5     26223.229    146 52738.459    52817.074    53401.449
1074  HIVw+I+R6     26221.219    148 52738.439    52819.513    53410.511
1094  HIVw+F+I+R4   25880.924    163 52087.848    52188.914    52828.036
1095  HIVw+F+I+R5   25853.097    165 52036.194    52140.141    52785.464
1096  HIVw+F+I+R6   25851.230    167 52036.461    52143.341    52794.813
1116  FLU+I+R4      25417.580    144 51123.160    51199.364    51777.068
1117  FLU+I+R5      25395.016    146 51082.032    51160.647    51745.022
1118  FLU+I+R6      25393.971    148 51083.941    51165.015    51756.014
1138  FLU+F+I+R4    25405.118    163 51136.236    51237.302    51876.424
1139  FLU+F+I+R5    25384.804    165 51099.607    51203.554    51848.877
1140  FLU+F+I+R6    25383.138    167 51100.276    51207.156    51858.628
1160  rtREV+I+R4    25322.105    144 50932.210    51008.414    51586.118
1161  rtREV+I+R5    25314.884    146 50921.767    51000.383    51584.758
WARNING: Log-likelihood -25316.8 of rtREV+I+R6 worse than rtREV+I+R5 -25314.9
1162  rtREV+I+R6    25316.773    148 50929.547    51010.621    51601.619
1182  rtREV+F+I+R4  25231.371    163 50788.743    50889.809    51528.931
1183  rtREV+F+I+R5  25227.620    165 50785.239    50889.186    51534.509
1204  cpREV+I+R4    25391.684    144 51071.368    51147.572    51725.276
1205  cpREV+I+R5    25382.441    146 51056.881    51135.496    51719.871
1206  cpREV+I+R6    25381.973    148 51059.945    51141.019    51732.018
1226  cpREV+F+I+R4  25495.191    163 51316.381    51417.448    52056.569
1227  cpREV+F+I+R5  25487.825    165 51305.650    51409.597    52054.920
1228  cpREV+F+I+R6  25487.859    167 51309.718    51416.598    52068.070
Akaike Information Criterion:           Q.insect+F+I+R5
Corrected Akaike Information Criterion: Q.insect+F+I+R5
Bayesian Information Criterion:         Q.insect+I+R5
Best-fit model: Q.insect+I+R5 chosen according to BIC

All model information printed to /Users/bushrakhan/Desktop/NIPGR-data/MADS-box-Evolutionary-gene-detection/Simultaneous_Phylogenetic_Analysis/Results_v2/Trees/Bayes/Helianthus_annuuss_MAFFT_Bayes.model.gz
CPU time for ModelFinder: 6142.615 seconds (1h:42m:22s)
Wall-clock time for ModelFinder: 6151.755 seconds (1h:42m:31s)

NOTE: 35 MB RAM (0 GB) is required!
Estimate model parameters (epsilon = 0.500)
1. Initial log-likelihood: -24955.192
Optimal log-likelihood: -24955.167
Proportion of invariable sites: 0.231
Site proportion and rates:  (0.068,0.074) (0.161,0.241) (0.178,0.569) (0.358,1.123) (0.235,1.924)
Parameters optimization took 1 rounds (4.242 sec)
Wrote distance file to... 
Computing ML distances based on estimated model parameters...
Calculating distance matrix: done in 0.704553 secs using 99.82% CPU
Computing ML distances took 0.704835 sec (of wall-clock time) 0.703540 sec (of CPU time)
WARNING: Some pairwise ML distances are too long (saturated)
Setting up auxiliary I and S matrices: done in 0.000165939 secs using 129.6% CPU
Constructing RapidNJ tree: done in 0.000404119 secs using 184.1% CPU
Computing RapidNJ tree took 0.000614 sec (of wall-clock time) 0.001023 sec (of CPU time)
Log-likelihood of RapidNJ tree: -25129.632
--------------------------------------------------------------------
|             INITIALIZING CANDIDATE TREE SET                      |
--------------------------------------------------------------------

Do NNI search on 2 best initial trees
Optimizing NNI: done in 1.28945 secs using 99.89% CPU
Estimate model parameters (epsilon = 0.500)
BETTER TREE FOUND at iteration 1: -24953.082
Optimizing NNI: done in 3.30228 secs using 99.85% CPU
Estimate model parameters (epsilon = 0.500)
BETTER TREE FOUND at iteration 2: -24952.270
Finish initializing candidate tree set (4)
Current best tree score: -24952.270 / CPU time: 12.552
Number of iterations: 2
TREE SEARCH COMPLETED AFTER 2 ITERATIONS / Time: 0h:0m:19s

--------------------------------------------------------------------
|                    FINALIZING TREE SEARCH                        |
--------------------------------------------------------------------
Performs final model parameters optimization
Estimate model parameters (epsilon = 0.050)
1. Initial log-likelihood: -24952.270
Optimal log-likelihood: -24952.240
Proportion of invariable sites: 0.231
Site proportion and rates:  (0.070,0.073) (0.158,0.248) (0.176,0.557) (0.360,1.119) (0.236,1.931)
Parameters optimization took 1 rounds (4.250 sec)
BEST SCORE FOUND : -24952.240

Testing tree branches by SH-like aLRT with 1000 replicates...
Testing tree branches by aBayes parametric test...
1.395 sec.
Total tree length: 58.197

Total number of iterations: 2
CPU time used for tree search: 12.526 sec (0h:0m:12s)
Wall-clock time used for tree search: 12.552 sec (0h:0m:12s)
Total CPU time used: 25.290 sec (0h:0m:25s)
Total wall-clock time used: 25.160 sec (0h:0m:25s)

Analysis results written to: 
  IQ-TREE report:                /Users/bushrakhan/Desktop/NIPGR-data/MADS-box-Evolutionary-gene-detection/Simultaneous_Phylogenetic_Analysis/Results_v2/Trees/Bayes/Helianthus_annuuss_MAFFT_Bayes.iqtree
  Maximum-likelihood tree:       /Users/bushrakhan/Desktop/NIPGR-data/MADS-box-Evolutionary-gene-detection/Simultaneous_Phylogenetic_Analysis/Results_v2/Trees/Bayes/Helianthus_annuuss_MAFFT_Bayes.treefile
  Likelihood distances:          /Users/bushrakhan/Desktop/NIPGR-data/MADS-box-Evolutionary-gene-detection/Simultaneous_Phylogenetic_Analysis/Results_v2/Trees/Bayes/Helianthus_annuuss_MAFFT_Bayes.mldist
  Screen log file:               /Users/bushrakhan/Desktop/NIPGR-data/MADS-box-Evolutionary-gene-detection/Simultaneous_Phylogenetic_Analysis/Results_v2/Trees/Bayes/Helianthus_annuuss_MAFFT_Bayes.log

Date and Time: Sun Apr  5 17:30:09 2026
