IQ-TREE multicore version 2.3.6 for MacOS ARM 64-bit built Jul 30 2024
Developed by Bui Quang Minh, Nguyen Lam Tung, Olga Chernomor, Heiko Schmidt,
Dominik Schrempf, Michael Woodhams, Ly Trong Nhan, Thomas Wong

Host:    Bushras-MacBook-Air.local (SSE4.2, 16 GB RAM)
Command: /opt/homebrew/bin/iqtree2 -s /Users/bushrakhan/Desktop/NIPGR-data/MADS-box-Evolutionary-gene-detection/Advanced_Phylogenetic_Pipeline/Uploads/Final_Portfolio_Refined/Alignments/Glycine_max_ClustalO.fa -m LG+G -B 1000 -T AUTO --prefix /Users/bushrakhan/Desktop/NIPGR-data/MADS-box-Evolutionary-gene-detection/Advanced_Phylogenetic_Pipeline/Uploads/Final_Portfolio_Refined/Trees/Glycine_max_ClustalO -redo
Seed:    718634 (Using SPRNG - Scalable Parallel Random Number Generator)
Time:    Fri Apr 10 05:50:09 2026
Kernel:  SSE2 - auto-detect threads (10 CPU cores detected)

Reading alignment file /Users/bushrakhan/Desktop/NIPGR-data/MADS-box-Evolutionary-gene-detection/Advanced_Phylogenetic_Pipeline/Uploads/Final_Portfolio_Refined/Alignments/Glycine_max_ClustalO.fa ... Fasta format detected
Reading fasta file: done in 0.00117517 secs using 91.39% CPU
Alignment most likely contains protein sequences
Alignment has 99 sequences with 676 columns, 585 distinct patterns
391 parsimony-informative, 115 singleton sites, 170 constant sites
WARNING: Some sequence names are changed as follows:
AT1G69120.1|APETALA1|AP1|Length=286 -> AT1G69120.1|APETALA1|AP1|Length_286
AT4G36920.1|APETALA2|AP2|Length=432 -> AT4G36920.1|APETALA2|AP2|Length_432
AT3G54340.1|APETALA3|AP3|Length=232 -> AT3G54340.1|APETALA3|AP3|Length_232
AT5G20240.1|PISTILLATA|PI|Length=208 -> AT5G20240.1|PISTILLATA|PI|Length_208
AT4G18960.1|AGAMOUS|AG|Length=252 -> AT4G18960.1|AGAMOUS|AG|Length_252
AT4G09960.4|SEEDSTICK|STK|Length=329 -> AT4G09960.4|SEEDSTICK|STK|Length_329
AT3G58780.4|SHATTERPROOF1|SHP1|Length=281 -> AT3G58780.4|SHATTERPROOF1|SHP1|Length_281
AT2G42830.2|SHATTERPROOF2|SHP2|Length=248 -> AT2G42830.2|SHATTERPROOF2|SHP2|Length_248
AT5G15800.2|SEPALLATA1|SEP1|Length=262 -> AT5G15800.2|SEPALLATA1|SEP1|Length_262
AT3G02310.1|SEPALLATA2|SEP2|Length=250 -> AT3G02310.1|SEPALLATA2|SEP2|Length_250
AT1G24260.2|SEPALLATA3|SEP3|Length=251 -> AT1G24260.2|SEPALLATA3|SEP3|Length_251
AT2G03710.1|SEPALLATA4|SEP4|Length=258 -> AT2G03710.1|SEPALLATA4|SEP4|Length_258

                                           Gap/Ambiguity  Composition  p-value
Analyzing sequences: done in 0.00010705 secs using 157.9% CPU
   1  Glyma.16G091300.1.p                         65.09%    passed     98.41%
   2  Glyma.16G200700.1.p                         65.09%    passed     18.27%
   3  Glyma.04G027200.1.p                         66.42%    passed     98.22%
   4  Glyma.04G245500.2.p                         73.22%    passed     49.70%
   5  Glyma.04G159300.1.p                         63.91%    passed     98.89%
   6  Glyma.04G257100.1.p                         67.16%    passed     88.99%
   7  Glyma.17G081200.1.p                         64.64%    passed     80.75%
   8  Glyma.17G132700.5.p                         67.01%    passed     22.01%
   9  Glyma.17G080900.1.p                         64.05%    passed     87.87%
  10  Glyma.20G034000.3.p                         48.08%    passed     19.70%
  11  Glyma.20G154200.3.p                         68.34%    passed     41.25%
  12  Glyma.20G153700.3.p                         65.09%    passed     20.00%
  13  Glyma.20G001900.1.p                         63.76%    passed     44.33%
  14  Glyma.02G216600.13.p                        61.24%    passed     79.29%
  15  Glyma.02G041500.1.p                         66.42%    passed     78.37%
  16  Glyma.02G121500.1.p                         63.91%    passed     87.74%
  17  Glyma.02G185500.3.p                         63.46%    passed     55.44%
  18  Glyma.02G287700.3.p                         63.61%    passed     60.83%
  19  Glyma.02G121600.1.p                         64.05%    passed     99.24%
  20  Glyma.12G005000.1.p                         69.82%    passed     44.49%
  21  Glyma.10G240500.1.p                         68.34%    passed     29.40%
  22  Glyma.10G240900.1.p                         65.68%    passed     79.53%
  23  Glyma.08G068200.8.p                         69.38%    passed     37.63%
  24  Glyma.08G250700.1.p                         62.87%    passed     99.30%
  25  Glyma.08G105400.1.p                         72.49%    passed     48.18%
  26  Glyma.08G120600.1.p                         64.05%    passed     42.17%
  27  Glyma.08G269800.1.p                         65.09%    passed     96.96%
  28  Glyma.08G105500.1.p                         63.91%    passed     61.50%
  29  Glyma.08G310100.1.p                         63.46%    passed     85.12%
  30  Glyma.08G065300.1.p                         64.35%    passed     91.57%
  31  Glyma.08G250800.3.p                         63.31%    passed     36.08%
  32  Glyma.08G065400.2.p                         67.31%    passed     92.76%
  33  Glyma.01G023500.1.p                         66.42%    passed     73.85%
  34  Glyma.01G020500.3.p                         66.27%    passed     99.49%
  35  Glyma.01G064100.1.p                         63.61%    passed     81.63%
  36  Glyma.01G169600.1.p                         64.05%    passed      5.99%
  37  Glyma.01G064200.1.p                         64.05%    passed     99.14%
  38  Glyma.15G059600.2.p                         64.64%    passed     91.90%
  39  Glyma.15G058000.2.p                         68.79%    passed     96.79%
  40  Glyma.15G057900.2.p                         69.23%    passed     24.52%
  41  Glyma.15G088600.1.p                         64.05%    passed     87.36%
  42  Glyma.07G080900.4.p                         66.57%    passed     81.35%
  43  Glyma.07G181600.7.p                         65.98%    passed     92.95%
  44  Glyma.07G081300.1.p                         63.76%    passed     99.77%
  45  Glyma.07G228900.1.p                         47.93%    passed     12.03%
  46  Glyma.11G158812.1.p                         64.20%    passed     53.48%
  47  Glyma.11G252300.1.p                         64.05%    passed     73.60%
  48  Glyma.11G073700.5.p                         63.46%    passed      8.22%
  49  Glyma.09G149000.1.p                         63.91%    passed     37.68%
  50  Glyma.09G231600.4.p                         67.60%    passed      8.02%
  51  Glyma.09G266200.6.p                         68.79%    passed     85.96%
  52  Glyma.09G201700.1.p                         67.31%    passed     93.38%
  53  Glyma.09G283800.3.p                         63.61%    passed     90.14%
  54  Glyma.09G266400.4.p                         64.64%    passed     66.44%
  55  Glyma.13G052700.1.p                         63.17%    passed     91.90%
  56  Glyma.13G257000.7.p                         68.93%    passed     48.91%
  57  Glyma.13G223300.1.p                         64.05%    passed     60.23%
  58  Glyma.13G255200.6.p                         64.35%    passed     89.50%
  59  Glyma.13G086400.1.p                         50.59%    failed      0.05%
  60  Glyma.13G256900.1.p                         63.31%    passed     65.17%
  61  Glyma.13G034100.2.p                         69.23%    passed     82.34%
  62  Glyma.13G052100.1.p                         63.91%    passed     21.42%
  63  Glyma.05G018900.1.p                         64.05%    passed     90.84%
  64  Glyma.05G018800.1.p                         63.91%    passed     79.74%
  65  Glyma.05G050700.1.p                         66.42%    passed     29.71%
  66  Glyma.05G163200.1.p                         64.05%    passed     37.79%
  67  Glyma.05G148700.2.p                         70.71%    passed     64.87%
  68  Glyma.05G148800.1.p                         63.91%    passed     67.93%
  69  Glyma.14G027251.1.p                         64.20%    passed     89.27%
  70  Glyma.14G155100.1.p                         69.23%    passed     87.68%
  71  Glyma.14G183800.2.p                         64.64%    passed     89.66%
  72  Glyma.14G168700.1.p                         48.67%    failed      0.05%
  73  Glyma.06G205800.1.p                         63.91%    passed     99.28%
  74  Glyma.06G095700.1.p                         65.38%    failed      3.82%
  75  Glyma.06G027200.1.p                         66.42%    passed     94.21%
  76  Glyma.06G324400.2.p                         67.16%    passed     89.80%
  77  Glyma.06G117600.1.p                         73.22%    passed     54.07%
  78  Glyma.03G019400.1.p                         63.76%    passed     98.85%
  79  Glyma.03G019300.1.p                         64.94%    passed     88.50%
  80  Glyma.19G034600.1.p                         63.91%    passed     48.25%
  81  Glyma.19G034500.1.p                         63.17%    passed     94.15%
  82  Glyma.18G004700.4.p                         64.05%    passed     76.56%
  83  Glyma.18G224300.2.p                         64.05%    passed     87.45%
  84  Glyma.18G224500.1.p                         69.08%    passed     90.74%
  85  Glyma.18G273500.1.p                         62.28%    passed     99.78%
  86  Glyma.18G105800.1.p                         63.61%    passed     85.86%
  87  Glyma.18G273600.2.p                         57.54%    passed      8.32%
  88  AT1G69120.1|APETALA1|AP1|Length_286         62.13%    passed     57.10%
  89  AT4G36920.1|APETALA2|AP2|Length_432         36.09%    failed      0.00%
  90  AT3G54340.1|APETALA3|AP3|Length_232         65.68%    passed     48.47%
  91  AT5G20240.1|PISTILLATA|PI|Length_208        69.23%    passed      8.33%
  92  AT4G18960.1|AGAMOUS|AG|Length_252           62.72%    passed     47.44%
  93  AT4G09960.4|SEEDSTICK|STK|Length_329        51.33%    passed     16.32%
  94  AT3G58780.4|SHATTERPROOF1|SHP1|Length_281   58.43%    passed     42.32%
  95  AT2G42830.2|SHATTERPROOF2|SHP2|Length_248   63.31%    passed     53.36%
  96  AT5G15800.2|SEPALLATA1|SEP1|Length_262      61.24%    passed     19.53%
  97  AT3G02310.1|SEPALLATA2|SEP2|Length_250      63.02%    passed     31.65%
  98  AT1G24260.2|SEPALLATA3|SEP3|Length_251      62.87%    passed     72.80%
  99  AT2G03710.1|SEPALLATA4|SEP4|Length_258      61.83%    passed     90.64%
WARNING: 95 sequences contain more than 50% gaps/ambiguity
****  TOTAL                                       64.09%  4 sequences failed composition chi2 test (p-value<5%; df=19)

Create initial parsimony tree by phylogenetic likelihood library (PLL)... 0.065 seconds
Generating 1000 samples for ultrafast bootstrap (seed: 718634)...

NOTE: 39 MB RAM (0 GB) is required!
Measuring multi-threading efficiency up to 10 CPU cores
Increase to 10 rounds for branch lengths
4 trees examined
Threads: 1 / Time: 12.632 sec / Speedup: 1.000 / Efficiency: 100% / LogL: -44414
Threads: 2 / Time: 8.184 sec / Speedup: 1.543 / Efficiency: 77% / LogL: -44414
Threads: 3 / Time: 6.561 sec / Speedup: 1.925 / Efficiency: 64% / LogL: -44414
Threads: 4 / Time: 5.801 sec / Speedup: 2.178 / Efficiency: 54% / LogL: -44414
Threads: 5 / Time: 5.731 sec / Speedup: 2.204 / Efficiency: 44% / LogL: -44414
BEST NUMBER OF THREADS: 4

Estimate model parameters (epsilon = 0.100)
1. Initial log-likelihood: -28192.554
2. Current log-likelihood: -26595.816
3. Current log-likelihood: -26557.298
4. Current log-likelihood: -26556.066
Optimal log-likelihood: -26555.989
Gamma shape alpha: 1.034
Parameters optimization took 4 rounds (3.449 sec)
Wrote distance file to... 
Computing ML distances based on estimated model parameters...
Calculating distance matrix: done in 0.880711 secs using 385.9% CPU
Computing ML distances took 0.880940 sec (of wall-clock time) 3.398907 sec (of CPU time)
WARNING: Some pairwise ML distances are too long (saturated)
Setting up auxiliary I and S matrices: done in 0.000212908 secs using 274.8% CPU
Computing RapidNJ tree took 0.007359 sec (of wall-clock time) 0.006811 sec (of CPU time)
Log-likelihood of RapidNJ tree: -26610.576
--------------------------------------------------------------------
|             INITIALIZING CANDIDATE TREE SET                      |
--------------------------------------------------------------------
Generating 98 parsimony trees... 3.185 second
Computing log-likelihood of 98 initial trees ... 18.328 seconds
Current best score: -26555.989

Do NNI search on 20 best initial trees
Estimate model parameters (epsilon = 0.100)
BETTER TREE FOUND at iteration 1: -26532.721
Estimate model parameters (epsilon = 0.100)
BETTER TREE FOUND at iteration 2: -26529.483
Estimate model parameters (epsilon = 0.100)
BETTER TREE FOUND at iteration 3: -26525.946
Iteration 10 / LogL: -26530.735 / Time: 0h:1m:39s
Iteration 20 / LogL: -26530.988 / Time: 0h:2m:11s
Finish initializing candidate tree set (14)
Current best tree score: -26525.946 / CPU time: 86.338
Number of iterations: 20
--------------------------------------------------------------------
|               OPTIMIZING CANDIDATE TREE SET                      |
--------------------------------------------------------------------
Estimate model parameters (epsilon = 0.100)
BETTER TREE FOUND at iteration 23: -26525.482
Estimate model parameters (epsilon = 0.100)
BETTER TREE FOUND at iteration 24: -26523.861
Iteration 30 / LogL: -26525.168 / Time: 0h:3m:0s (0h:9m:44s left)
Iteration 40 / LogL: -26529.244 / Time: 0h:3m:47s (0h:8m:9s left)
BETTER TREE FOUND at iteration 42: -26523.855
Iteration 50 / LogL: -26523.856 / Time: 0h:4m:41s (0h:8m:47s left)
Log-likelihood cutoff on original alignment: -26574.385
Iteration 60 / LogL: -26526.414 / Time: 0h:5m:30s (0h:7m:38s left)
Iteration 70 / LogL: -26525.406 / Time: 0h:6m:21s (0h:6m:37s left)
Iteration 80 / LogL: -26524.629 / Time: 0h:7m:15s (0h:5m:41s left)
Iteration 90 / LogL: -26524.107 / Time: 0h:8m:2s (0h:4m:41s left)
Iteration 100 / LogL: -26533.653 / Time: 0h:8m:55s (0h:3m:47s left)
Log-likelihood cutoff on original alignment: -26574.385
NOTE: Bootstrap correlation coefficient of split occurrence frequencies: 0.999
Iteration 110 / LogL: -26524.084 / Time: 0h:9m:43s (0h:8m:1s left)
Iteration 120 / LogL: -26523.856 / Time: 0h:10m:37s (0h:7m:8s left)
Iteration 130 / LogL: -26524.598 / Time: 0h:11m:23s (0h:6m:11s left)
Iteration 140 / LogL: -26523.858 / Time: 0h:12m:19s (0h:5m:18s left)
TREE SEARCH COMPLETED AFTER 143 ITERATIONS / Time: 0h:12m:33s

--------------------------------------------------------------------
|                    FINALIZING TREE SEARCH                        |
--------------------------------------------------------------------
Performs final model parameters optimization
Estimate model parameters (epsilon = 0.010)
1. Initial log-likelihood: -26523.855
Optimal log-likelihood: -26523.852
Gamma shape alpha: 1.059
Parameters optimization took 1 rounds (0.553 sec)
BEST SCORE FOUND : -26523.852
Creating bootstrap support values...
Split supports printed to NEXUS file /Users/bushrakhan/Desktop/NIPGR-data/MADS-box-Evolutionary-gene-detection/Advanced_Phylogenetic_Pipeline/Uploads/Final_Portfolio_Refined/Trees/Glycine_max_ClustalO.splits.nex
Total tree length: 46.180

Total number of iterations: 143
CPU time used for tree search: 1971.492 sec (0h:32m:51s)
Wall-clock time used for tree search: 707.774 sec (0h:11m:47s)
Total CPU time used: 2067.170 sec (0h:34m:27s)
Total wall-clock time used: 753.908 sec (0h:12m:33s)

Computing bootstrap consensus tree...
Reading input file /Users/bushrakhan/Desktop/NIPGR-data/MADS-box-Evolutionary-gene-detection/Advanced_Phylogenetic_Pipeline/Uploads/Final_Portfolio_Refined/Trees/Glycine_max_ClustalO.splits.nex...
99 taxa and 416 splits.
Consensus tree written to /Users/bushrakhan/Desktop/NIPGR-data/MADS-box-Evolutionary-gene-detection/Advanced_Phylogenetic_Pipeline/Uploads/Final_Portfolio_Refined/Trees/Glycine_max_ClustalO.contree
Reading input trees file /Users/bushrakhan/Desktop/NIPGR-data/MADS-box-Evolutionary-gene-detection/Advanced_Phylogenetic_Pipeline/Uploads/Final_Portfolio_Refined/Trees/Glycine_max_ClustalO.contree
Log-likelihood of consensus tree: -26523.834

Analysis results written to: 
  IQ-TREE report:                /Users/bushrakhan/Desktop/NIPGR-data/MADS-box-Evolutionary-gene-detection/Advanced_Phylogenetic_Pipeline/Uploads/Final_Portfolio_Refined/Trees/Glycine_max_ClustalO.iqtree
  Maximum-likelihood tree:       /Users/bushrakhan/Desktop/NIPGR-data/MADS-box-Evolutionary-gene-detection/Advanced_Phylogenetic_Pipeline/Uploads/Final_Portfolio_Refined/Trees/Glycine_max_ClustalO.treefile
  Likelihood distances:          /Users/bushrakhan/Desktop/NIPGR-data/MADS-box-Evolutionary-gene-detection/Advanced_Phylogenetic_Pipeline/Uploads/Final_Portfolio_Refined/Trees/Glycine_max_ClustalO.mldist

Ultrafast bootstrap approximation results written to:
  Split support values:          /Users/bushrakhan/Desktop/NIPGR-data/MADS-box-Evolutionary-gene-detection/Advanced_Phylogenetic_Pipeline/Uploads/Final_Portfolio_Refined/Trees/Glycine_max_ClustalO.splits.nex
  Consensus tree:                /Users/bushrakhan/Desktop/NIPGR-data/MADS-box-Evolutionary-gene-detection/Advanced_Phylogenetic_Pipeline/Uploads/Final_Portfolio_Refined/Trees/Glycine_max_ClustalO.contree
  Screen log file:               /Users/bushrakhan/Desktop/NIPGR-data/MADS-box-Evolutionary-gene-detection/Advanced_Phylogenetic_Pipeline/Uploads/Final_Portfolio_Refined/Trees/Glycine_max_ClustalO.log

Date and Time: Fri Apr 10 06:02:45 2026
