IQ-TREE multicore version 2.2.2.7 COVID-edition for Mac OS X 64-bit built May 30 2023
Developed by Bui Quang Minh, James Barbetti, Nguyen Lam Tung,
Olga Chernomor, Heiko Schmidt, Dominik Schrempf, Michael Woodhams, Ly Trong Nhan.

Host:    Bushras-MacBook-Air.local (SSE4.2, 16 GB RAM)
Command: /Users/bushrakhan/Desktop/NIPGR-data/MADS-box-Evolutionary-gene-detection/Advanced_Phylogenetic_Pipeline/Uploads/scripts/iqtree2 -s /Users/bushrakhan/Desktop/NIPGR-data/MADS-box-Evolutionary-gene-detection/Simultaneous_Phylogenetic_Analysis/Results/Alignments/Amborella_trichopoda_ClustalO.fa -fast -alrt 1000 -abayes -pre /Users/bushrakhan/Desktop/NIPGR-data/MADS-box-Evolutionary-gene-detection/Simultaneous_Phylogenetic_Analysis/Results/Trees/Bayes/Amborella_trichopoda_ClustalO_Bayes -redo
Seed:    691155 (Using SPRNG - Scalable Parallel Random Number Generator)
Time:    Sun Apr  5 09:39:30 2026
Kernel:  SSE2 - 1 threads (10 CPU cores detected)

HINT: Use -nt option to specify number of threads because your CPU has 10 cores!
HINT: -nt AUTO will automatically determine the best number of threads to use.

Reading alignment file /Users/bushrakhan/Desktop/NIPGR-data/MADS-box-Evolutionary-gene-detection/Simultaneous_Phylogenetic_Analysis/Results/Alignments/Amborella_trichopoda_ClustalO.fa ... Fasta format detected
Reading fasta file: done in 0.00109911 secs using 93.53% CPU
Alignment most likely contains protein sequences
Constructing alignment: done in 0.000375986 secs using 79.26% CPU
WARNING: 1 sites contain only gaps or ambiguous characters.
Alignment has 16 sequences with 298 columns, 288 distinct patterns
191 parsimony-informative, 69 singleton sites, 38 constant sites
Analyzing sequences: done in 1.50204e-05 secs using 79.89% CPU
Checking for duplicate sequences: done in 0.00010705 secs using 85.94% CPU


Create initial parsimony tree by phylogenetic likelihood library (PLL)... 0.00 seconds
Perform fast likelihood tree search using LG+I+G model...
Estimate model parameters (epsilon = 5.00)
Perform nearest neighbor interchange...
Optimizing NNI: done in 0.172043 secs using 99.89% CPU
Estimate model parameters (epsilon = 1.00)
1. Initial log-likelihood: -6717.52
Optimal log-likelihood: -6717.47
Proportion of invariable sites: 0.03
Gamma shape alpha: 1.06
Parameters optimization took 1 rounds (0.04 sec)
Time for fast ML tree search: 0.44 seconds

NOTE: ModelFinder requires 7 MB RAM!
ModelFinder will test up to 1232 protein models (sample size: 298) ...
 No. Model         -LnL         df  AIC          AICc         BIC
  1  LG            6957.713     29  13973.427    13979.919    14080.643
  2  LG+I          6895.095     30  13850.190    13857.157    13961.103
  3  LG+G4         6719.231     30  13498.462    13505.429    13609.375
  4  LG+I+G4       6717.458     31  13496.915    13504.374    13611.525
  5  LG+R2         6750.613     31  13563.226    13570.685    13677.836
  6  LG+R3         6719.211     33  13504.422    13512.922    13626.426
  7  LG+R4         6714.032     35  13498.065    13507.683    13627.463
 14  LG+I+R2       6710.768     32  13485.537    13493.507    13603.844
 15  LG+I+R3       6692.490     34  13452.979    13462.028    13578.680
 16  LG+I+R4       6691.060     36  13454.119    13464.326    13587.215
 37  LG+F+I+R3     6681.096     53  13468.191    13491.650    13664.137
 38  LG+F+I+R4     6680.627     55  13471.254    13496.709    13674.595
 59  WAG+I+R3      6730.729     34  13529.459    13538.508    13655.160
 60  WAG+I+R4      6730.770     36  13533.540    13543.747    13666.635
 81  WAG+F+I+R3    6717.355     53  13540.709    13564.168    13736.655
WARNING: Log-likelihood -6718.48 of WAG+F+I+R4 worse than WAG+F+I+R3 -6717.35
 82  WAG+F+I+R4    6718.482     55  13546.964    13572.418    13750.304
103  JTT+I+R3      6697.810     34  13463.619    13472.668    13589.320
104  JTT+I+R4      6697.749     36  13467.497    13477.704    13600.592
125  JTT+F+I+R3    6668.328     53  13442.657    13466.116    13638.603
126  JTT+F+I+R4    6668.770     55  13447.540    13472.994    13650.880
WARNING: Normalizing state frequencies so that sum of them equals to 1
147  Q.pfam+I+R3   6693.662     34  13455.325    13464.374    13581.026
WARNING: Normalizing state frequencies so that sum of them equals to 1
148  Q.pfam+I+R4   6692.465     36  13456.930    13467.137    13590.026
WARNING: Normalizing state frequencies so that sum of them equals to 1
169  Q.pfam+F+I+R3 6677.901     53  13461.802    13485.261    13657.748
WARNING: Normalizing state frequencies so that sum of them equals to 1
WARNING: Log-likelihood -6681.15 of Q.pfam+F+I+R4 worse than Q.pfam+F+I+R3 -6677.9
170  Q.pfam+F+I+R4 6681.149     55  13472.299    13497.753    13675.639
WARNING: Normalizing state frequencies so that sum of them equals to 1
191  Q.bird+I+R3   6741.082     34  13550.165    13559.214    13675.866
WARNING: Normalizing state frequencies so that sum of them equals to 1
192  Q.bird+I+R4   6739.696     36  13551.391    13561.598    13684.487
WARNING: Normalizing state frequencies so that sum of them equals to 1
213  Q.bird+F+I+R3 6703.765     53  13513.530    13536.989    13709.476
WARNING: Normalizing state frequencies so that sum of them equals to 1
214  Q.bird+F+I+R4 6702.216     55  13514.431    13539.886    13717.771
WARNING: Normalizing state frequencies so that sum of them equals to 1
235  Q.mammal+I+R3 6720.240     34  13508.481    13517.530    13634.182
WARNING: Normalizing state frequencies so that sum of them equals to 1
236  Q.mammal+I+R4 6719.255     36  13510.510    13520.717    13643.606
WARNING: Normalizing state frequencies so that sum of them equals to 1
257  Q.mammal+F+I+R3 6679.457     53  13464.915    13488.374    13660.861
WARNING: Normalizing state frequencies so that sum of them equals to 1
258  Q.mammal+F+I+R4 6678.184     55  13466.368    13491.822    13669.708
279  Q.insect+I+R3 6662.197     34  13392.394    13401.444    13518.095
280  Q.insect+I+R4 6661.738     36  13395.477    13405.683    13528.572
301  Q.insect+F+I+R3 6631.073     53  13368.145    13391.604    13564.091
302  Q.insect+F+I+R4 6630.719     55  13371.438    13396.892    13574.778
WARNING: Normalizing state frequencies so that sum of them equals to 1
323  Q.plant+I+R3  6687.901     34  13443.801    13452.850    13569.502
WARNING: Normalizing state frequencies so that sum of them equals to 1
324  Q.plant+I+R4  6687.314     36  13446.628    13456.835    13579.724
WARNING: Normalizing state frequencies so that sum of them equals to 1
345  Q.plant+F+I+R3 6660.286     53  13426.571    13450.030    13622.517
WARNING: Normalizing state frequencies so that sum of them equals to 1
346  Q.plant+F+I+R4 6659.927     55  13429.855    13455.309    13633.195
WARNING: Normalizing state frequencies so that sum of them equals to 1
367  Q.yeast+I+R3  6695.446     34  13458.893    13467.942    13584.594
WARNING: Normalizing state frequencies so that sum of them equals to 1
368  Q.yeast+I+R4  6694.946     36  13461.892    13472.099    13594.987
WARNING: Normalizing state frequencies so that sum of them equals to 1
389  Q.yeast+F+I+R3 6651.348     53  13408.696    13432.155    13604.642
WARNING: Normalizing state frequencies so that sum of them equals to 1
390  Q.yeast+F+I+R4 6651.310     55  13412.619    13438.074    13615.959
411  JTTDCMut+I+R3 6699.222     34  13466.445    13475.494    13592.146
412  JTTDCMut+I+R4 6699.294     36  13470.588    13480.794    13603.683
433  JTTDCMut+F+I+R3 6670.133     53  13446.265    13469.724    13642.211
434  JTTDCMut+F+I+R4 6669.748     55  13449.496    13474.951    13652.837
455  DCMut+I+R3    6761.360     34  13590.720    13599.770    13716.421
456  DCMut+I+R4    6761.266     36  13594.532    13604.739    13727.627
477  DCMut+F+I+R3  6703.112     53  13512.225    13535.684    13708.171
478  DCMut+F+I+R4  6702.908     55  13515.816    13541.270    13719.156
499  VT+I+R3       6725.705     34  13519.411    13528.460    13645.112
500  VT+I+R4       6725.051     36  13522.102    13532.309    13655.197
521  VT+F+I+R3     6714.473     53  13534.946    13558.405    13730.892
522  VT+F+I+R4     6714.321     55  13538.643    13564.097    13741.983
543  PMB+I+R3      6799.685     34  13667.371    13676.420    13793.072
544  PMB+I+R4      6799.349     36  13670.699    13680.906    13803.794
565  PMB+F+I+R3    6776.439     53  13658.877    13682.336    13854.823
566  PMB+F+I+R4    6776.463     55  13662.926    13688.380    13866.266
587  Blosum62+I+R3 6792.371     34  13652.742    13661.791    13778.443
588  Blosum62+I+R4 6791.654     36  13655.307    13665.514    13788.403
609  Blosum62+F+I+R3 6776.145     53  13658.291    13681.750    13854.237
610  Blosum62+F+I+R4 6775.874     55  13661.748    13687.203    13865.088
631  Dayhoff+I+R3  6760.927     34  13589.854    13598.903    13715.555
632  Dayhoff+I+R4  6760.896     36  13593.792    13603.999    13726.888
653  Dayhoff+F+I+R3 6702.967     53  13511.934    13535.393    13707.880
654  Dayhoff+F+I+R4 6702.574     55  13515.149    13540.603    13718.489
675  mtREV+I+R3    7039.865     34  14147.730    14156.779    14273.431
676  mtREV+I+R4    7039.630     36  14151.260    14161.467    14284.355
697  mtREV+F+I+R3  6771.421     53  13648.841    13672.300    13844.787
698  mtREV+F+I+R4  6769.402     55  13648.805    13674.259    13852.145
719  mtART+I+R3    7097.825     34  14263.650    14272.700    14389.351
720  mtART+I+R4    7086.291     36  14244.582    14254.789    14377.677
741  mtART+F+I+R3  6775.748     53  13657.496    13680.955    13853.442
742  mtART+F+I+R4  6772.952     55  13655.904    13681.358    13859.244
763  mtZOA+I+R3    6975.535     34  14019.070    14028.119    14144.771
764  mtZOA+I+R4    6973.281     36  14018.563    14028.769    14151.658
785  mtZOA+F+I+R3  6734.174     53  13574.348    13597.807    13770.294
786  mtZOA+F+I+R4  6732.773     55  13575.546    13601.001    13778.886
807  mtMet+I+R3    7041.161     34  14150.323    14159.372    14276.024
808  mtMet+I+R4    7039.340     36  14150.680    14160.887    14283.776
829  mtMet+F+I+R3  6724.269     53  13554.538    13577.997    13750.484
830  mtMet+F+I+R4  6723.844     55  13557.688    13583.143    13761.029
851  mtVer+I+R3    7057.348     34  14182.695    14191.745    14308.397
852  mtVer+I+R4    7048.928     36  14169.856    14180.063    14302.951
873  mtVer+F+I+R3  6780.338     53  13666.677    13690.136    13862.623
874  mtVer+F+I+R4  6778.205     55  13666.410    13691.864    13869.750
895  mtInv+I+R3    7113.513     34  14295.025    14304.074    14420.726
896  mtInv+I+R4    7112.555     36  14297.111    14307.317    14430.206
917  mtInv+F+I+R3  6707.233     53  13520.466    13543.925    13716.412
918  mtInv+F+I+R4  6707.164     55  13524.329    13549.783    13727.669
939  mtMAM+I+R3    7105.829     34  14279.657    14288.707    14405.358
940  mtMAM+I+R4    7094.158     36  14260.316    14270.522    14393.411
961  mtMAM+F+I+R3  6826.313     53  13758.627    13782.086    13954.572
962  mtMAM+F+I+R4  6822.431     55  13754.861    13780.316    13958.201
WARNING: Normalizing state frequencies so that sum of them equals to 1
983  FLAVI+I+R3    6853.889     34  13775.778    13784.828    13901.480
WARNING: Normalizing state frequencies so that sum of them equals to 1
984  FLAVI+I+R4    6850.765     36  13773.531    13783.738    13906.626
WARNING: Normalizing state frequencies so that sum of them equals to 1
1005  FLAVI+F+I+R3  6765.006     53  13636.013    13659.472    13831.959
WARNING: Normalizing state frequencies so that sum of them equals to 1
1006  FLAVI+F+I+R4  6762.274     55  13634.548    13660.003    13837.888
1027  HIVb+I+R3     6765.027     34  13598.055    13607.104    13723.756
1028  HIVb+I+R4     6764.194     36  13600.389    13610.595    13733.484
1049  HIVb+F+I+R3   6712.641     53  13531.282    13554.741    13727.228
1050  HIVb+F+I+R4   6711.706     55  13533.411    13558.866    13736.751
1071  HIVw+I+R3     7024.123     34  14116.247    14125.296    14241.948
1072  HIVw+I+R4     7024.001     36  14120.002    14130.209    14253.097
1093  HIVw+F+I+R3   6855.498     53  13816.997    13840.456    14012.943
1094  HIVw+F+I+R4   6854.440     55  13818.880    13844.335    14022.221
1115  FLU+I+R3      6794.841     34  13657.682    13666.731    13783.383
1116  FLU+I+R4      6793.500     36  13659.000    13669.207    13792.096
1137  FLU+F+I+R3    6734.177     53  13574.355    13597.814    13770.301
1138  FLU+F+I+R4    6733.441     55  13576.882    13602.336    13780.222
1159  rtREV+I+R3    6756.197     34  13580.393    13589.443    13706.095
1160  rtREV+I+R4    6754.990     36  13581.980    13592.187    13715.075
1181  rtREV+F+I+R3  6708.770     53  13523.541    13547.000    13719.486
1182  rtREV+F+I+R4  6708.125     55  13526.250    13551.705    13729.590
1203  cpREV+I+R3    6782.727     34  13633.454    13642.503    13759.155
WARNING: Log-likelihood -6785.28 of cpREV+I+R4 worse than cpREV+I+R3 -6782.73
1204  cpREV+I+R4    6785.279     36  13642.558    13652.765    13775.653
1225  cpREV+F+I+R3  6774.393     53  13654.786    13678.245    13850.732
WARNING: Log-likelihood -6775.75 of cpREV+F+I+R4 worse than cpREV+F+I+R3 -6774.39
1226  cpREV+F+I+R4  6775.746     55  13661.492    13686.946    13864.832
Akaike Information Criterion:           Q.insect+F+I+R3
Corrected Akaike Information Criterion: Q.insect+F+I+R3
Bayesian Information Criterion:         Q.insect+I+R3
Best-fit model: Q.insect+I+R3 chosen according to BIC

All model information printed to /Users/bushrakhan/Desktop/NIPGR-data/MADS-box-Evolutionary-gene-detection/Simultaneous_Phylogenetic_Analysis/Results/Trees/Bayes/Amborella_trichopoda_ClustalO_Bayes.model.gz
CPU time for ModelFinder: 117.705 seconds (0h:1m:57s)
Wall-clock time for ModelFinder: 117.878 seconds (0h:1m:57s)

NOTE: 2 MB RAM (0 GB) is required!
Estimate model parameters (epsilon = 0.500)
1. Initial log-likelihood: -6662.197
Optimal log-likelihood: -6662.179
Proportion of invariable sites: 0.128
Site proportion and rates:  (0.265,0.182) (0.397,0.738) (0.338,1.950)
Parameters optimization took 1 rounds (0.175 sec)
Wrote distance file to... 
Computing ML distances based on estimated model parameters...
Calculating distance matrix: done in 0.0194528 secs using 99.83% CPU
Computing ML distances took 0.019536 sec (of wall-clock time) 0.019475 sec (of CPU time)
Setting up auxiliary I and S matrices: done in 3.40939e-05 secs using 108.5% CPU
Constructing RapidNJ tree: done in 5.91278e-05 secs using 165.7% CPU
Computing RapidNJ tree took 0.000138 sec (of wall-clock time) 0.000192 sec (of CPU time)
Log-likelihood of RapidNJ tree: -6679.232
--------------------------------------------------------------------
|             INITIALIZING CANDIDATE TREE SET                      |
--------------------------------------------------------------------

Do NNI search on 2 best initial trees
Optimizing NNI: done in 0.0812268 secs using 197.7% CPU
Estimate model parameters (epsilon = 0.500)
BETTER TREE FOUND at iteration 1: -6660.335
Optimizing NNI: done in 0.258372 secs using 99.83% CPU
Finish initializing candidate tree set (4)
Current best tree score: -6660.335 / CPU time: 0.479
Number of iterations: 2
TREE SEARCH COMPLETED AFTER 2 ITERATIONS / Time: 0h:0m:0s

--------------------------------------------------------------------
|                    FINALIZING TREE SEARCH                        |
--------------------------------------------------------------------
Performs final model parameters optimization
Estimate model parameters (epsilon = 0.050)
1. Initial log-likelihood: -6660.335
2. Current log-likelihood: -6660.227
Optimal log-likelihood: -6660.209
Proportion of invariable sites: 0.128
Site proportion and rates:  (0.259,0.176) (0.401,0.728) (0.340,1.949)
Parameters optimization took 2 rounds (0.260 sec)
BEST SCORE FOUND : -6660.209

Testing tree branches by SH-like aLRT with 1000 replicates...
Testing tree branches by aBayes parametric test...
0.093 sec.
Total tree length: 19.636

Total number of iterations: 2
CPU time used for tree search: 0.610 sec (0h:0m:0s)
Wall-clock time used for tree search: 0.479 sec (0h:0m:0s)
Total CPU time used: 1.287 sec (0h:0m:1s)
Total wall-clock time used: 1.099 sec (0h:0m:1s)

Analysis results written to: 
  IQ-TREE report:                /Users/bushrakhan/Desktop/NIPGR-data/MADS-box-Evolutionary-gene-detection/Simultaneous_Phylogenetic_Analysis/Results/Trees/Bayes/Amborella_trichopoda_ClustalO_Bayes.iqtree
  Maximum-likelihood tree:       /Users/bushrakhan/Desktop/NIPGR-data/MADS-box-Evolutionary-gene-detection/Simultaneous_Phylogenetic_Analysis/Results/Trees/Bayes/Amborella_trichopoda_ClustalO_Bayes.treefile
  Likelihood distances:          /Users/bushrakhan/Desktop/NIPGR-data/MADS-box-Evolutionary-gene-detection/Simultaneous_Phylogenetic_Analysis/Results/Trees/Bayes/Amborella_trichopoda_ClustalO_Bayes.mldist
  Screen log file:               /Users/bushrakhan/Desktop/NIPGR-data/MADS-box-Evolutionary-gene-detection/Simultaneous_Phylogenetic_Analysis/Results/Trees/Bayes/Amborella_trichopoda_ClustalO_Bayes.log

Date and Time: Sun Apr  5 09:41:29 2026
