IQ-TREE multicore version 2.2.2.7 COVID-edition for Mac OS X 64-bit built May 30 2023
Developed by Bui Quang Minh, James Barbetti, Nguyen Lam Tung,
Olga Chernomor, Heiko Schmidt, Dominik Schrempf, Michael Woodhams, Ly Trong Nhan.

Host:    Bushras-MacBook-Air.local (SSE4.2, 16 GB RAM)
Command: /Users/bushrakhan/Desktop/NIPGR-data/MADS-box-Evolutionary-gene-detection/Advanced_Phylogenetic_Pipeline/Uploads/scripts/iqtree2 -s /Users/bushrakhan/Desktop/NIPGR-data/MADS-box-Evolutionary-gene-detection/Simultaneous_Phylogenetic_Analysis/Results/Alignments/Amborella_trichopoda_MUSCLE.fa -fast -alrt 1000 -abayes -pre /Users/bushrakhan/Desktop/NIPGR-data/MADS-box-Evolutionary-gene-detection/Simultaneous_Phylogenetic_Analysis/Results/Trees/Bayes/Amborella_trichopoda_MUSCLE_Bayes -redo
Seed:    654849 (Using SPRNG - Scalable Parallel Random Number Generator)
Time:    Sun Apr  5 09:37:09 2026
Kernel:  SSE2 - 1 threads (10 CPU cores detected)

HINT: Use -nt option to specify number of threads because your CPU has 10 cores!
HINT: -nt AUTO will automatically determine the best number of threads to use.

Reading alignment file /Users/bushrakhan/Desktop/NIPGR-data/MADS-box-Evolutionary-gene-detection/Simultaneous_Phylogenetic_Analysis/Results/Alignments/Amborella_trichopoda_MUSCLE.fa ... Fasta format detected
Reading fasta file: done in 0.00115085 secs using 93.84% CPU
Alignment most likely contains protein sequences
Constructing alignment: done in 0.000392914 secs using 79.92% CPU
WARNING: 1 sites contain only gaps or ambiguous characters.
Alignment has 16 sequences with 318 columns, 304 distinct patterns
181 parsimony-informative, 79 singleton sites, 57 constant sites
Analyzing sequences: done in 1.50204e-05 secs using 93.21% CPU
Checking for duplicate sequences: done in 0.000133991 secs using 77.62% CPU


Create initial parsimony tree by phylogenetic likelihood library (PLL)... 0.00 seconds
Perform fast likelihood tree search using LG+I+G model...
Estimate model parameters (epsilon = 5.00)
Perform nearest neighbor interchange...
Optimizing NNI: done in 0.14868 secs using 99.82% CPU
Estimate model parameters (epsilon = 1.00)
1. Initial log-likelihood: -6732.08
Optimal log-likelihood: -6731.82
Proportion of invariable sites: 0.03
Gamma shape alpha: 1.05
Parameters optimization took 1 rounds (0.08 sec)
Time for fast ML tree search: 0.46 seconds

NOTE: ModelFinder requires 8 MB RAM!
ModelFinder will test up to 1232 protein models (sample size: 318) ...
 No. Model         -LnL         df  AIC          AICc         BIC
  1  LG            6974.615     29  14007.229    14013.271    14116.329
  2  LG+I          6913.123     30  13886.245    13892.726    13999.107
  3  LG+G4         6733.264     30  13526.529    13533.009    13639.390
  4  LG+I+G4       6731.781     31  13525.562    13532.499    13642.186
  5  LG+R2         6762.237     31  13586.474    13593.412    13703.098
  6  LG+R3         6733.746     33  13533.493    13541.394    13657.640
  7  LG+R4         6728.204     35  13526.408    13535.344    13658.079
 14  LG+I+R2       6717.736     32  13499.472    13506.883    13619.858
 15  LG+I+R3       6699.190     34  13466.379    13474.789    13594.289
 16  LG+I+R4       6698.120     36  13468.239    13477.719    13603.673
 37  LG+F+I+R3     6689.839     53  13485.677    13507.359    13685.066
 38  LG+F+I+R4     6688.905     55  13487.810    13511.322    13694.723
 59  WAG+I+R3      6739.104     34  13546.208    13554.618    13674.118
 60  WAG+I+R4      6739.096     36  13550.192    13559.673    13685.626
 81  WAG+F+I+R3    6728.228     53  13562.456    13584.138    13761.845
 82  WAG+F+I+R4    6727.817     55  13565.634    13589.145    13772.547
103  JTT+I+R3      6701.585     34  13471.170    13479.580    13599.080
104  JTT+I+R4      6701.515     36  13475.031    13484.511    13610.465
125  JTT+F+I+R3    6676.308     53  13458.617    13480.299    13658.005
126  JTT+F+I+R4    6676.207     55  13462.414    13485.926    13669.327
WARNING: Normalizing state frequencies so that sum of them equals to 1
147  Q.pfam+I+R3   6700.261     34  13468.522    13476.932    13596.432
WARNING: Normalizing state frequencies so that sum of them equals to 1
148  Q.pfam+I+R4   6698.661     36  13469.322    13478.802    13604.756
WARNING: Normalizing state frequencies so that sum of them equals to 1
169  Q.pfam+F+I+R3 6688.648     53  13483.295    13504.977    13682.684
WARNING: Normalizing state frequencies so that sum of them equals to 1
170  Q.pfam+F+I+R4 6687.888     55  13485.777    13509.288    13692.690
WARNING: Normalizing state frequencies so that sum of them equals to 1
191  Q.bird+I+R3   6742.364     34  13552.729    13561.139    13680.639
WARNING: Normalizing state frequencies so that sum of them equals to 1
192  Q.bird+I+R4   6740.182     36  13552.364    13561.844    13687.797
WARNING: Normalizing state frequencies so that sum of them equals to 1
213  Q.bird+F+I+R3 6711.004     53  13528.009    13549.690    13727.397
WARNING: Normalizing state frequencies so that sum of them equals to 1
214  Q.bird+F+I+R4 6709.796     55  13529.592    13553.103    13736.505
WARNING: Normalizing state frequencies so that sum of them equals to 1
235  Q.mammal+I+R3 6723.144     34  13514.289    13522.699    13642.198
WARNING: Normalizing state frequencies so that sum of them equals to 1
236  Q.mammal+I+R4 6722.082     36  13516.163    13525.644    13651.597
WARNING: Normalizing state frequencies so that sum of them equals to 1
257  Q.mammal+F+I+R3 6686.439     53  13478.877    13500.559    13678.266
WARNING: Normalizing state frequencies so that sum of them equals to 1
258  Q.mammal+F+I+R4 6686.272     55  13482.545    13506.056    13689.458
279  Q.insect+I+R3 6668.955     34  13405.910    13414.320    13533.820
280  Q.insect+I+R4 6667.476     36  13406.952    13416.433    13542.386
301  Q.insect+F+I+R3 6639.867     53  13385.733    13407.415    13585.122
302  Q.insect+F+I+R4 6639.202     55  13388.404    13411.916    13595.317
WARNING: Normalizing state frequencies so that sum of them equals to 1
323  Q.plant+I+R3  6689.156     34  13446.313    13454.723    13574.223
WARNING: Normalizing state frequencies so that sum of them equals to 1
324  Q.plant+I+R4  6688.211     36  13448.421    13457.902    13583.855
WARNING: Normalizing state frequencies so that sum of them equals to 1
345  Q.plant+F+I+R3 6666.572     53  13439.144    13460.825    13638.532
WARNING: Normalizing state frequencies so that sum of them equals to 1
346  Q.plant+F+I+R4 6666.339     55  13442.678    13466.189    13649.591
WARNING: Normalizing state frequencies so that sum of them equals to 1
367  Q.yeast+I+R3  6702.494     34  13472.988    13481.397    13600.897
WARNING: Normalizing state frequencies so that sum of them equals to 1
368  Q.yeast+I+R4  6702.195     36  13476.391    13485.871    13611.825
WARNING: Normalizing state frequencies so that sum of them equals to 1
389  Q.yeast+F+I+R3 6659.939     53  13425.877    13447.559    13625.266
WARNING: Normalizing state frequencies so that sum of them equals to 1
390  Q.yeast+F+I+R4 6659.237     55  13428.475    13451.986    13635.388
411  JTTDCMut+I+R3 6702.793     34  13473.585    13481.995    13601.495
412  JTTDCMut+I+R4 6702.852     36  13477.704    13487.184    13613.138
433  JTTDCMut+F+I+R3 6678.068     53  13462.135    13483.817    13661.524
434  JTTDCMut+F+I+R4 6677.468     55  13464.936    13488.448    13671.849
455  DCMut+I+R3    6766.773     34  13601.547    13609.957    13729.456
456  DCMut+I+R4    6766.845     36  13605.690    13615.171    13741.124
477  DCMut+F+I+R3  6711.080     53  13528.161    13549.842    13727.549
478  DCMut+F+I+R4  6709.428     55  13528.857    13552.368    13735.770
499  VT+I+R3       6731.758     34  13531.515    13539.925    13659.425
500  VT+I+R4       6731.769     36  13535.538    13545.018    13670.971
521  VT+F+I+R3     6721.429     53  13548.858    13570.540    13748.247
522  VT+F+I+R4     6721.263     55  13552.526    13576.038    13759.439
543  PMB+I+R3      6804.155     34  13676.311    13684.720    13804.220
544  PMB+I+R4      6803.809     36  13679.618    13689.099    13815.052
565  PMB+F+I+R3    6781.805     53  13669.609    13691.291    13868.998
566  PMB+F+I+R4    6781.324     55  13672.648    13696.159    13879.560
587  Blosum62+I+R3 6797.642     34  13663.284    13671.694    13791.194
588  Blosum62+I+R4 6797.544     36  13667.087    13676.568    13802.521
609  Blosum62+F+I+R3 6781.646     53  13669.293    13690.975    13868.681
610  Blosum62+F+I+R4 6781.708     55  13673.416    13696.928    13880.329
631  Dayhoff+I+R3  6766.412     34  13600.824    13609.234    13728.734
632  Dayhoff+I+R4  6766.369     36  13604.739    13614.219    13740.173
653  Dayhoff+F+I+R3 6710.825     53  13527.649    13549.331    13727.038
654  Dayhoff+F+I+R4 6708.594     55  13527.188    13550.700    13734.101
675  mtREV+I+R3    7044.526     34  14157.052    14165.462    14284.962
676  mtREV+I+R4    7044.565     36  14161.130    14170.610    14296.564
697  mtREV+F+I+R3  6785.730     53  13677.460    13699.142    13876.849
698  mtREV+F+I+R4  6784.112     55  13678.224    13701.736    13885.137
719  mtART+I+R3    7073.879     34  14215.759    14224.169    14343.669
720  mtART+I+R4    7062.836     36  14197.672    14207.153    14333.106
741  mtART+F+I+R3  6770.493     53  13646.986    13668.668    13846.375
742  mtART+F+I+R4  6769.604     55  13649.208    13672.720    13856.121
763  mtZOA+I+R3    6958.684     34  13985.368    13993.778    14113.278
764  mtZOA+I+R4    6952.307     36  13976.614    13986.094    14112.048
785  mtZOA+F+I+R3  6732.657     53  13571.315    13592.997    13770.704
786  mtZOA+F+I+R4  6731.523     55  13573.045    13596.557    13779.958
807  mtMet+I+R3    7028.255     34  14124.510    14132.919    14252.419
808  mtMet+I+R4    7025.773     36  14123.546    14133.026    14258.980
829  mtMet+F+I+R3  6724.688     53  13555.376    13577.058    13754.765
830  mtMet+F+I+R4  6724.282     55  13558.565    13582.076    13765.478
851  mtVer+I+R3    7053.648     34  14175.295    14183.705    14303.205
852  mtVer+I+R4    7045.144     36  14162.288    14171.769    14297.722
873  mtVer+F+I+R3  6786.549     53  13679.098    13700.780    13878.487
874  mtVer+F+I+R4  6783.474     55  13676.947    13700.459    13883.860
895  mtInv+I+R3    7093.539     34  14255.078    14263.488    14382.988
896  mtInv+I+R4    7092.865     36  14257.730    14267.211    14393.164
917  mtInv+F+I+R3  6704.139     53  13514.278    13535.959    13713.666
918  mtInv+F+I+R4  6703.698     55  13517.397    13540.908    13724.310
939  mtMAM+I+R3    7105.207     34  14278.414    14286.824    14406.324
940  mtMAM+I+R4    7094.480     36  14260.960    14270.440    14396.394
961  mtMAM+F+I+R3  6839.363     53  13784.727    13806.409    13984.116
962  mtMAM+F+I+R4  6836.867     55  13783.734    13807.246    13990.647
WARNING: Normalizing state frequencies so that sum of them equals to 1
983  FLAVI+I+R3    6866.001     34  13800.002    13808.412    13927.912
WARNING: Normalizing state frequencies so that sum of them equals to 1
984  FLAVI+I+R4    6862.624     36  13797.249    13806.729    13932.683
WARNING: Normalizing state frequencies so that sum of them equals to 1
1005  FLAVI+F+I+R3  6790.003     53  13686.007    13707.688    13885.395
WARNING: Normalizing state frequencies so that sum of them equals to 1
1006  FLAVI+F+I+R4  6787.884     55  13685.769    13709.280    13892.681
1027  HIVb+I+R3     6780.109     34  13628.217    13636.627    13756.127
1028  HIVb+I+R4     6779.416     36  13630.833    13640.313    13766.266
1049  HIVb+F+I+R3   6734.853     53  13575.706    13597.388    13775.095
1050  HIVb+F+I+R4   6733.879     55  13577.759    13601.270    13784.672
1071  HIVw+I+R3     7039.607     34  14147.214    14155.624    14275.124
1072  HIVw+I+R4     7037.832     36  14147.664    14157.145    14283.098
1093  HIVw+F+I+R3   6876.999     53  13859.999    13881.681    14059.388
1094  HIVw+F+I+R4   6874.600     55  13859.201    13882.712    14066.114
1115  FLU+I+R3      6815.049     34  13698.097    13706.507    13826.007
1116  FLU+I+R4      6813.299     36  13698.599    13708.079    13834.033
1137  FLU+F+I+R3    6759.699     53  13625.398    13647.080    13824.787
1138  FLU+F+I+R4    6758.107     55  13626.214    13649.726    13833.127
1159  rtREV+I+R3    6757.192     34  13582.385    13590.794    13710.294
1160  rtREV+I+R4    6756.521     36  13585.043    13594.523    13720.477
1181  rtREV+F+I+R3  6711.070     53  13528.139    13549.821    13727.528
1182  rtREV+F+I+R4  6710.724     55  13531.448    13554.959    13738.361
1203  cpREV+I+R3    6784.655     34  13637.310    13645.720    13765.220
WARNING: Log-likelihood -6788.13 of cpREV+I+R4 worse than cpREV+I+R3 -6784.66
1204  cpREV+I+R4    6788.135     36  13648.270    13657.750    13783.704
1225  cpREV+F+I+R3  6779.295     53  13664.590    13686.272    13863.979
1226  cpREV+F+I+R4  6779.025     55  13668.049    13691.561    13874.962
Akaike Information Criterion:           Q.insect+F+I+R3
Corrected Akaike Information Criterion: Q.insect+F+I+R3
Bayesian Information Criterion:         Q.insect+I+R3
Best-fit model: Q.insect+I+R3 chosen according to BIC

All model information printed to /Users/bushrakhan/Desktop/NIPGR-data/MADS-box-Evolutionary-gene-detection/Simultaneous_Phylogenetic_Analysis/Results/Trees/Bayes/Amborella_trichopoda_MUSCLE_Bayes.model.gz
CPU time for ModelFinder: 140.028 seconds (0h:2m:20s)
Wall-clock time for ModelFinder: 140.236 seconds (0h:2m:20s)

NOTE: 2 MB RAM (0 GB) is required!
Estimate model parameters (epsilon = 0.500)
1. Initial log-likelihood: -6668.955
Optimal log-likelihood: -6668.935
Proportion of invariable sites: 0.182
Site proportion and rates:  (0.257,0.178) (0.408,0.771) (0.335,1.908)
Parameters optimization took 1 rounds (0.140 sec)
Wrote distance file to... 
Computing ML distances based on estimated model parameters...
Calculating distance matrix: done in 0.0208859 secs using 99.78% CPU
Computing ML distances took 0.020966 sec (of wall-clock time) 0.020894 sec (of CPU time)
WARNING: Some pairwise ML distances are too long (saturated)
Setting up auxiliary I and S matrices: done in 3.69549e-05 secs using 108.2% CPU
Constructing RapidNJ tree: done in 6.10352e-05 secs using 172% CPU
Computing RapidNJ tree took 0.000149 sec (of wall-clock time) 0.000203 sec (of CPU time)
Log-likelihood of RapidNJ tree: -6680.110
--------------------------------------------------------------------
|             INITIALIZING CANDIDATE TREE SET                      |
--------------------------------------------------------------------

Do NNI search on 2 best initial trees
Optimizing NNI: done in 0.0384619 secs using 197.9% CPU
Optimizing NNI: done in 0.164738 secs using 149.9% CPU
Finish initializing candidate tree set (3)
Current best tree score: -6668.935 / CPU time: 0.213
Number of iterations: 2
TREE SEARCH COMPLETED AFTER 2 ITERATIONS / Time: 0h:0m:0s

--------------------------------------------------------------------
|                    FINALIZING TREE SEARCH                        |
--------------------------------------------------------------------
Performs final model parameters optimization
Estimate model parameters (epsilon = 0.050)
1. Initial log-likelihood: -6668.935
Optimal log-likelihood: -6668.931
Proportion of invariable sites: 0.182
Site proportion and rates:  (0.256,0.178) (0.408,0.770) (0.335,1.908)
Parameters optimization took 1 rounds (0.142 sec)
BEST SCORE FOUND : -6668.931

Testing tree branches by SH-like aLRT with 1000 replicates...
Testing tree branches by aBayes parametric test...
0.102 sec.
Total tree length: 20.002

Total number of iterations: 2
CPU time used for tree search: 0.341 sec (0h:0m:0s)
Wall-clock time used for tree search: 0.213 sec (0h:0m:0s)
Total CPU time used: 0.882 sec (0h:0m:0s)
Total wall-clock time used: 0.693 sec (0h:0m:0s)

Analysis results written to: 
  IQ-TREE report:                /Users/bushrakhan/Desktop/NIPGR-data/MADS-box-Evolutionary-gene-detection/Simultaneous_Phylogenetic_Analysis/Results/Trees/Bayes/Amborella_trichopoda_MUSCLE_Bayes.iqtree
  Maximum-likelihood tree:       /Users/bushrakhan/Desktop/NIPGR-data/MADS-box-Evolutionary-gene-detection/Simultaneous_Phylogenetic_Analysis/Results/Trees/Bayes/Amborella_trichopoda_MUSCLE_Bayes.treefile
  Likelihood distances:          /Users/bushrakhan/Desktop/NIPGR-data/MADS-box-Evolutionary-gene-detection/Simultaneous_Phylogenetic_Analysis/Results/Trees/Bayes/Amborella_trichopoda_MUSCLE_Bayes.mldist
  Screen log file:               /Users/bushrakhan/Desktop/NIPGR-data/MADS-box-Evolutionary-gene-detection/Simultaneous_Phylogenetic_Analysis/Results/Trees/Bayes/Amborella_trichopoda_MUSCLE_Bayes.log

Date and Time: Sun Apr  5 09:39:30 2026
