IQ-TREE multicore version 2.2.2.7 COVID-edition for Mac OS X 64-bit built May 30 2023
Developed by Bui Quang Minh, James Barbetti, Nguyen Lam Tung,
Olga Chernomor, Heiko Schmidt, Dominik Schrempf, Michael Woodhams, Ly Trong Nhan.

Host:    Bushras-MacBook-Air.local (SSE4.2, 16 GB RAM)
Command: /Users/bushrakhan/Desktop/NIPGR-data/MADS-box-Evolutionary-gene-detection/Advanced_Phylogenetic_Pipeline/Uploads/scripts/iqtree2 -s /Users/bushrakhan/Desktop/NIPGR-data/MADS-box-Evolutionary-gene-detection/Simultaneous_Phylogenetic_Analysis/Results/Alignments/Amborella_trichopoda_MAFFT.fa -fast -alrt 1000 -abayes -pre /Users/bushrakhan/Desktop/NIPGR-data/MADS-box-Evolutionary-gene-detection/Simultaneous_Phylogenetic_Analysis/Results/Trees/Bayes/Amborella_trichopoda_MAFFT_Bayes -redo
Seed:    441247 (Using SPRNG - Scalable Parallel Random Number Generator)
Time:    Sun Apr  5 09:34:47 2026
Kernel:  SSE2 - 1 threads (10 CPU cores detected)

HINT: Use -nt option to specify number of threads because your CPU has 10 cores!
HINT: -nt AUTO will automatically determine the best number of threads to use.

Reading alignment file /Users/bushrakhan/Desktop/NIPGR-data/MADS-box-Evolutionary-gene-detection/Simultaneous_Phylogenetic_Analysis/Results/Alignments/Amborella_trichopoda_MAFFT.fa ... Fasta format detected
Reading fasta file: done in 0.00119591 secs using 93.65% CPU
Alignment most likely contains protein sequences
Constructing alignment: done in 0.000377178 secs using 79.01% CPU
Alignment has 16 sequences with 297 columns, 285 distinct patterns
187 parsimony-informative, 67 singleton sites, 43 constant sites
Analyzing sequences: done in 1.50204e-05 secs using 86.55% CPU
Checking for duplicate sequences: done in 0.00010705 secs using 86.88% CPU


Create initial parsimony tree by phylogenetic likelihood library (PLL)... 0.00 seconds
Perform fast likelihood tree search using LG+I+G model...
Estimate model parameters (epsilon = 5.00)
Perform nearest neighbor interchange...
Optimizing NNI: done in 0.130907 secs using 99.73% CPU
Estimate model parameters (epsilon = 1.00)
1. Initial log-likelihood: -6610.12
Optimal log-likelihood: -6609.91
Proportion of invariable sites: 0.03
Gamma shape alpha: 1.21
Parameters optimization took 1 rounds (0.07 sec)
Time for fast ML tree search: 0.36 seconds

NOTE: ModelFinder requires 7 MB RAM!
ModelFinder will test up to 1232 protein models (sample size: 297) ...
 No. Model         -LnL         df  AIC          AICc         BIC
  1  LG            6810.023     29  13678.047    13684.564    13785.165
  2  LG+I          6753.388     30  13566.775    13573.768    13677.587
  3  LG+G4         6611.595     30  13283.191    13290.183    13394.003
  4  LG+I+G4       6609.863     31  13281.726    13289.213    13396.232
  5  LG+R2         6631.106     31  13324.212    13331.699    13438.718
  6  LG+R3         6607.736     33  13281.473    13290.005    13403.366
  7  LG+R4         6603.554     35  13277.108    13286.763    13406.388
 14  LG+I+R2       6595.751     32  13255.502    13263.502    13373.702
 15  LG+I+R3       6582.527     34  13233.053    13242.137    13358.640
 16  LG+I+R4       6580.958     36  13233.916    13244.163    13366.891
 37  LG+F+I+R3     6571.759     53  13249.519    13273.074    13445.286
 38  LG+F+I+R4     6571.265     55  13252.530    13278.090    13455.685
 59  WAG+I+R3      6627.125     34  13322.250    13331.334    13447.837
 60  WAG+I+R4      6627.314     36  13326.628    13336.874    13459.602
 81  WAG+F+I+R3    6618.713     53  13343.427    13366.982    13539.195
WARNING: Log-likelihood -6620.24 of WAG+F+I+R4 worse than WAG+F+I+R3 -6618.71
 82  WAG+F+I+R4    6620.242     55  13350.485    13376.045    13553.640
103  JTT+I+R3      6592.135     34  13252.271    13261.355    13377.858
104  JTT+I+R4      6592.050     36  13256.100    13266.346    13389.074
125  JTT+F+I+R3    6565.004     53  13236.008    13259.563    13431.775
126  JTT+F+I+R4    6564.770     55  13239.540    13265.101    13442.696
WARNING: Normalizing state frequencies so that sum of them equals to 1
147  Q.pfam+I+R3   6582.730     34  13233.460    13242.544    13359.047
WARNING: Normalizing state frequencies so that sum of them equals to 1
148  Q.pfam+I+R4   6582.007     36  13236.015    13246.261    13368.989
WARNING: Normalizing state frequencies so that sum of them equals to 1
169  Q.pfam+F+I+R3 6570.925     53  13247.850    13271.406    13443.618
WARNING: Normalizing state frequencies so that sum of them equals to 1
170  Q.pfam+F+I+R4 6569.883     55  13249.765    13275.325    13452.921
WARNING: Normalizing state frequencies so that sum of them equals to 1
191  Q.bird+I+R3   6636.787     34  13341.574    13350.658    13467.161
WARNING: Normalizing state frequencies so that sum of them equals to 1
192  Q.bird+I+R4   6634.463     36  13340.926    13351.173    13473.901
WARNING: Normalizing state frequencies so that sum of them equals to 1
213  Q.bird+F+I+R3 6597.874     53  13301.748    13325.303    13497.515
WARNING: Normalizing state frequencies so that sum of them equals to 1
214  Q.bird+F+I+R4 6597.265     55  13304.529    13330.089    13507.684
WARNING: Normalizing state frequencies so that sum of them equals to 1
235  Q.mammal+I+R3 6615.608     34  13299.215    13308.299    13424.802
WARNING: Normalizing state frequencies so that sum of them equals to 1
236  Q.mammal+I+R4 6615.607     36  13303.214    13313.460    13436.188
WARNING: Normalizing state frequencies so that sum of them equals to 1
257  Q.mammal+F+I+R3 6571.434     53  13248.868    13272.424    13444.636
WARNING: Normalizing state frequencies so that sum of them equals to 1
258  Q.mammal+F+I+R4 6570.798     55  13251.595    13277.156    13454.751
279  Q.insect+I+R3 6552.612     34  13173.223    13182.307    13298.810
280  Q.insect+I+R4 6551.384     36  13174.768    13185.014    13307.742
301  Q.insect+F+I+R3 6522.120     53  13150.241    13173.796    13346.009
302  Q.insect+F+I+R4 6521.554     55  13153.108    13178.668    13356.263
WARNING: Normalizing state frequencies so that sum of them equals to 1
323  Q.plant+I+R3  6575.500     34  13218.999    13228.083    13344.586
WARNING: Normalizing state frequencies so that sum of them equals to 1
324  Q.plant+I+R4  6575.033     36  13222.066    13232.312    13355.040
WARNING: Normalizing state frequencies so that sum of them equals to 1
345  Q.plant+F+I+R3 6551.427     53  13208.854    13232.409    13404.621
WARNING: Normalizing state frequencies so that sum of them equals to 1
346  Q.plant+F+I+R4 6550.999     55  13211.998    13237.559    13415.154
WARNING: Normalizing state frequencies so that sum of them equals to 1
367  Q.yeast+I+R3  6585.799     34  13239.598    13248.682    13365.185
WARNING: Normalizing state frequencies so that sum of them equals to 1
368  Q.yeast+I+R4  6584.159     36  13240.318    13250.564    13373.292
WARNING: Normalizing state frequencies so that sum of them equals to 1
389  Q.yeast+F+I+R3 6542.280     53  13190.560    13214.115    13386.328
WARNING: Normalizing state frequencies so that sum of them equals to 1
390  Q.yeast+F+I+R4 6541.914     55  13193.828    13219.388    13396.983
411  JTTDCMut+I+R3 6593.884     34  13255.768    13264.852    13381.355
412  JTTDCMut+I+R4 6593.768     36  13259.535    13269.781    13392.510
433  JTTDCMut+F+I+R3 6567.278     53  13240.556    13264.111    13436.323
434  JTTDCMut+F+I+R4 6566.880     55  13243.759    13269.319    13446.915
455  DCMut+I+R3    6659.000     34  13386.000    13395.084    13511.587
456  DCMut+I+R4    6658.485     36  13388.970    13399.217    13521.945
477  DCMut+F+I+R3  6603.959     53  13313.918    13337.473    13509.685
478  DCMut+F+I+R4  6603.114     55  13316.227    13341.787    13519.383
499  VT+I+R3       6620.335     34  13308.670    13317.754    13434.257
500  VT+I+R4       6620.724     36  13313.448    13323.694    13446.422
521  VT+F+I+R3     6610.689     53  13327.378    13350.934    13523.146
522  VT+F+I+R4     6611.644     55  13333.288    13358.848    13536.443
543  PMB+I+R3      6692.484     34  13452.967    13462.051    13578.554
WARNING: Log-likelihood -6694 of PMB+I+R4 worse than PMB+I+R3 -6692.48
544  PMB+I+R4      6694.001     36  13460.002    13470.248    13592.977
565  PMB+F+I+R3    6676.264     53  13458.528    13482.084    13654.296
WARNING: Log-likelihood -6679.12 of PMB+F+I+R4 worse than PMB+F+I+R3 -6676.26
566  PMB+F+I+R4    6679.120     55  13468.241    13493.801    13671.396
587  Blosum62+I+R3 6682.458     34  13432.917    13442.001    13558.504
588  Blosum62+I+R4 6682.196     36  13436.391    13446.638    13569.366
609  Blosum62+F+I+R3 6673.522     53  13453.044    13476.599    13648.812
610  Blosum62+F+I+R4 6673.457     55  13456.914    13482.474    13660.069
631  Dayhoff+I+R3  6658.474     34  13384.948    13394.032    13510.535
632  Dayhoff+I+R4  6658.316     36  13388.632    13398.878    13521.606
653  Dayhoff+F+I+R3 6603.437     53  13312.874    13336.429    13508.641
654  Dayhoff+F+I+R4 6602.731     55  13315.461    13341.021    13518.616
675  mtREV+I+R3    6928.655     34  13925.309    13934.393    14050.896
676  mtREV+I+R4    6926.955     36  13925.909    13936.156    14058.884
697  mtREV+F+I+R3  6672.737     53  13451.475    13475.030    13647.243
698  mtREV+F+I+R4  6672.724     55  13455.449    13481.009    13658.604
719  mtART+I+R3    6954.791     34  13977.583    13986.667    14103.170
720  mtART+I+R4    6945.597     36  13963.194    13973.440    14096.169
741  mtART+F+I+R3  6658.732     53  13423.464    13447.020    13619.232
742  mtART+F+I+R4  6657.997     55  13425.995    13451.555    13629.150
763  mtZOA+I+R3    6834.876     34  13737.752    13746.836    13863.339
764  mtZOA+I+R4    6833.112     36  13738.224    13748.470    13871.199
785  mtZOA+F+I+R3  6617.057     53  13340.114    13363.669    13535.882
786  mtZOA+F+I+R4  6616.777     55  13343.555    13369.115    13546.710
807  mtMet+I+R3    6904.336     34  13876.673    13885.757    14002.260
808  mtMet+I+R4    6897.752     36  13867.504    13877.750    14000.478
829  mtMet+F+I+R3  6607.408     53  13320.817    13344.372    13516.584
830  mtMet+F+I+R4  6607.367     55  13324.733    13350.293    13527.888
851  mtVer+I+R3    6937.064     34  13942.127    13951.211    14067.714
852  mtVer+I+R4    6929.102     36  13930.203    13940.450    14063.178
873  mtVer+F+I+R3  6671.970     53  13449.940    13473.495    13645.707
874  mtVer+F+I+R4  6670.109     55  13450.219    13475.779    13653.374
895  mtInv+I+R3    6968.712     34  14005.425    14014.509    14131.011
896  mtInv+I+R4    6967.528     36  14007.055    14017.302    14140.030
917  mtInv+F+I+R3  6590.752     53  13287.504    13311.059    13483.272
918  mtInv+F+I+R4  6589.493     55  13288.987    13314.547    13492.142
939  mtMAM+I+R3    6995.995     34  14059.990    14069.074    14185.577
940  mtMAM+I+R4    6984.230     36  14040.459    14050.705    14173.433
961  mtMAM+F+I+R3  6727.939     53  13561.878    13585.433    13757.646
962  mtMAM+F+I+R4  6722.204     55  13554.408    13579.969    13757.564
WARNING: Normalizing state frequencies so that sum of them equals to 1
983  FLAVI+I+R3    6750.290     34  13568.580    13577.664    13694.167
WARNING: Normalizing state frequencies so that sum of them equals to 1
984  FLAVI+I+R4    6746.646     36  13565.292    13575.539    13698.267
WARNING: Normalizing state frequencies so that sum of them equals to 1
1005  FLAVI+F+I+R3  6673.209     53  13452.418    13475.974    13648.186
WARNING: Normalizing state frequencies so that sum of them equals to 1
1006  FLAVI+F+I+R4  6670.256     55  13450.513    13476.073    13653.668
1027  HIVb+I+R3     6669.682     34  13407.365    13416.449    13532.951
1028  HIVb+I+R4     6668.964     36  13409.929    13420.175    13542.903
1049  HIVb+F+I+R3   6620.071     53  13346.141    13369.697    13541.909
1050  HIVb+F+I+R4   6619.768     55  13349.536    13375.097    13552.692
1071  HIVw+I+R3     6926.709     34  13921.418    13930.502    14047.005
1072  HIVw+I+R4     6926.326     36  13924.653    13934.899    14057.627
1093  HIVw+F+I+R3   6770.040     53  13646.080    13669.635    13841.847
1094  HIVw+F+I+R4   6768.665     55  13647.331    13672.891    13850.486
1115  FLU+I+R3      6694.048     34  13456.097    13465.181    13581.684
1116  FLU+I+R4      6692.047     36  13456.093    13466.340    13589.068
1137  FLU+F+I+R3    6640.941     53  13387.883    13411.438    13583.651
WARNING: Log-likelihood -6642.03 of FLU+F+I+R4 worse than FLU+F+I+R3 -6640.94
1138  FLU+F+I+R4    6642.030     55  13394.060    13419.620    13597.215
1159  rtREV+I+R3    6651.305     34  13370.610    13379.694    13496.197
1160  rtREV+I+R4    6649.932     36  13371.864    13382.110    13504.838
1181  rtREV+F+I+R3  6602.158     53  13310.315    13333.871    13506.083
1182  rtREV+F+I+R4  6601.714     55  13313.428    13338.988    13516.583
1203  cpREV+I+R3    6672.581     34  13413.162    13422.246    13538.748
1204  cpREV+I+R4    6672.423     36  13416.847    13427.093    13549.821
1225  cpREV+F+I+R3  6675.021     53  13456.043    13479.598    13651.811
1226  cpREV+F+I+R4  6674.076     55  13458.152    13483.712    13661.307
Akaike Information Criterion:           Q.insect+F+I+R3
Corrected Akaike Information Criterion: Q.insect+F+I+R3
Bayesian Information Criterion:         Q.insect+I+R3
Best-fit model: Q.insect+I+R3 chosen according to BIC

All model information printed to /Users/bushrakhan/Desktop/NIPGR-data/MADS-box-Evolutionary-gene-detection/Simultaneous_Phylogenetic_Analysis/Results/Trees/Bayes/Amborella_trichopoda_MAFFT_Bayes.model.gz
CPU time for ModelFinder: 141.113 seconds (0h:2m:21s)
Wall-clock time for ModelFinder: 141.419 seconds (0h:2m:21s)

NOTE: 2 MB RAM (0 GB) is required!
Estimate model parameters (epsilon = 0.500)
1. Initial log-likelihood: -6552.612
Optimal log-likelihood: -6552.587
Proportion of invariable sites: 0.145
Site proportion and rates:  (0.239,0.193) (0.422,0.812) (0.339,1.806)
Parameters optimization took 1 rounds (0.132 sec)
Wrote distance file to... 
Computing ML distances based on estimated model parameters...
Calculating distance matrix: done in 0.018707 secs using 99.74% CPU
Computing ML distances took 0.018772 sec (of wall-clock time) 0.018707 sec (of CPU time)
Setting up auxiliary I and S matrices: done in 3.60012e-05 secs using 125% CPU
Constructing RapidNJ tree: done in 5.91278e-05 secs using 167.4% CPU
Computing RapidNJ tree took 0.000142 sec (of wall-clock time) 0.000202 sec (of CPU time)
Log-likelihood of RapidNJ tree: -6559.098
--------------------------------------------------------------------
|             INITIALIZING CANDIDATE TREE SET                      |
--------------------------------------------------------------------

Do NNI search on 2 best initial trees
Optimizing NNI: done in 0.0370181 secs using 197.2% CPU
Optimizing NNI: done in 0.128542 secs using 123.9% CPU
Finish initializing candidate tree set (3)
Current best tree score: -6552.587 / CPU time: 0.174
Number of iterations: 2
TREE SEARCH COMPLETED AFTER 2 ITERATIONS / Time: 0h:0m:0s

--------------------------------------------------------------------
|                    FINALIZING TREE SEARCH                        |
--------------------------------------------------------------------
Performs final model parameters optimization
Estimate model parameters (epsilon = 0.050)
1. Initial log-likelihood: -6552.587
Optimal log-likelihood: -6552.581
Proportion of invariable sites: 0.145
Site proportion and rates:  (0.238,0.193) (0.423,0.808) (0.339,1.806)
Parameters optimization took 1 rounds (0.134 sec)
BEST SCORE FOUND : -6552.581

Testing tree branches by SH-like aLRT with 1000 replicates...
Testing tree branches by aBayes parametric test...
0.094 sec.
Total tree length: 16.440

Total number of iterations: 2
CPU time used for tree search: 0.249 sec (0h:0m:0s)
Wall-clock time used for tree search: 0.175 sec (0h:0m:0s)
Total CPU time used: 0.873 sec (0h:0m:0s)
Total wall-clock time used: 0.683 sec (0h:0m:0s)

Analysis results written to: 
  IQ-TREE report:                /Users/bushrakhan/Desktop/NIPGR-data/MADS-box-Evolutionary-gene-detection/Simultaneous_Phylogenetic_Analysis/Results/Trees/Bayes/Amborella_trichopoda_MAFFT_Bayes.iqtree
  Maximum-likelihood tree:       /Users/bushrakhan/Desktop/NIPGR-data/MADS-box-Evolutionary-gene-detection/Simultaneous_Phylogenetic_Analysis/Results/Trees/Bayes/Amborella_trichopoda_MAFFT_Bayes.treefile
  Likelihood distances:          /Users/bushrakhan/Desktop/NIPGR-data/MADS-box-Evolutionary-gene-detection/Simultaneous_Phylogenetic_Analysis/Results/Trees/Bayes/Amborella_trichopoda_MAFFT_Bayes.mldist
  Screen log file:               /Users/bushrakhan/Desktop/NIPGR-data/MADS-box-Evolutionary-gene-detection/Simultaneous_Phylogenetic_Analysis/Results/Trees/Bayes/Amborella_trichopoda_MAFFT_Bayes.log

Date and Time: Sun Apr  5 09:37:09 2026
