IQ-TREE multicore version 2.2.2.7 COVID-edition for Mac OS X 64-bit built May 30 2023
Developed by Bui Quang Minh, James Barbetti, Nguyen Lam Tung,
Olga Chernomor, Heiko Schmidt, Dominik Schrempf, Michael Woodhams, Ly Trong Nhan.

Host:    Bushras-MacBook-Air.local (SSE4.2, 16 GB RAM)
Command: /Users/bushrakhan/Desktop/NIPGR-data/MADS-box-Evolutionary-gene-detection/Advanced_Phylogenetic_Pipeline/Uploads/scripts/iqtree2 -s /Users/bushrakhan/Desktop/NIPGR-data/MADS-box-Evolutionary-gene-detection/Simultaneous_Phylogenetic_Analysis/Results/Alignments/Arabidopsis_thaliana_ClustalO.fa -fast -alrt 1000 -abayes -pre /Users/bushrakhan/Desktop/NIPGR-data/MADS-box-Evolutionary-gene-detection/Simultaneous_Phylogenetic_Analysis/Results/Trees/Bayes/Arabidopsis_thaliana_ClustalO_Bayes -redo
Seed:    132335 (Using SPRNG - Scalable Parallel Random Number Generator)
Time:    Sun Apr  5 09:41:50 2026
Kernel:  SSE2 - 1 threads (10 CPU cores detected)

HINT: Use -nt option to specify number of threads because your CPU has 10 cores!
HINT: -nt AUTO will automatically determine the best number of threads to use.

Reading alignment file /Users/bushrakhan/Desktop/NIPGR-data/MADS-box-Evolutionary-gene-detection/Simultaneous_Phylogenetic_Analysis/Results/Alignments/Arabidopsis_thaliana_ClustalO.fa ... Fasta format detected
Reading fasta file: done in 0.00126719 secs using 89.8% CPU
Alignment most likely contains protein sequences
Constructing alignment: done in 0.000633955 secs using 72.56% CPU
Alignment has 12 sequences with 537 columns, 420 distinct patterns
180 parsimony-informative, 187 singleton sites, 170 constant sites
WARNING: Some sequence names are changed as follows:
AT1G69120.1|APETALA1|AP1|Length=286 -> AT1G69120.1|APETALA1|AP1|Length_286
AT4G36920.1|APETALA2|AP2|Length=432 -> AT4G36920.1|APETALA2|AP2|Length_432
AT3G54340.1|APETALA3|AP3|Length=232 -> AT3G54340.1|APETALA3|AP3|Length_232
AT5G20240.1|PISTILLATA|PI|Length=208 -> AT5G20240.1|PISTILLATA|PI|Length_208
AT4G18960.1|AGAMOUS|AG|Length=252 -> AT4G18960.1|AGAMOUS|AG|Length_252
AT4G09960.4|SEEDSTICK|STK|Length=329 -> AT4G09960.4|SEEDSTICK|STK|Length_329
AT3G58780.4|SHATTERPROOF1|SHP1|Length=281 -> AT3G58780.4|SHATTERPROOF1|SHP1|Length_281
AT2G42830.2|SHATTERPROOF2|SHP2|Length=248 -> AT2G42830.2|SHATTERPROOF2|SHP2|Length_248
AT5G15800.2|SEPALLATA1|SEP1|Length=262 -> AT5G15800.2|SEPALLATA1|SEP1|Length_262
AT3G02310.1|SEPALLATA2|SEP2|Length=250 -> AT3G02310.1|SEPALLATA2|SEP2|Length_250
AT1G24260.2|SEPALLATA3|SEP3|Length=251 -> AT1G24260.2|SEPALLATA3|SEP3|Length_251
AT2G03710.1|SEPALLATA4|SEP4|Length=258 -> AT2G03710.1|SEPALLATA4|SEP4|Length_258

Analyzing sequences: done in 3.60012e-05 secs using 83.33% CPU
WARNING: 9 sequences contain more than 50% gaps/ambiguity
Checking for duplicate sequences: done in 4.50611e-05 secs using 79.89% CPU


Create initial parsimony tree by phylogenetic likelihood library (PLL)... 0.00 seconds
Perform fast likelihood tree search using LG+I+G model...
Estimate model parameters (epsilon = 5.00)
Perform nearest neighbor interchange...
Optimizing NNI: done in 0.08728 secs using 99.59% CPU
Estimate model parameters (epsilon = 1.00)
1. Initial log-likelihood: -6360.66
Optimal log-likelihood: -6359.84
Proportion of invariable sites: 0.03
Gamma shape alpha: 1.00
Parameters optimization took 1 rounds (0.07 sec)
Time for fast ML tree search: 0.38 seconds

NOTE: ModelFinder requires 8 MB RAM!
ModelFinder will test up to 1232 protein models (sample size: 537) ...
 No. Model         -LnL         df  AIC          AICc         BIC
  1  LG            6513.804     21  13069.609    13071.403    13159.614
  2  LG+I          6479.421     22  13002.843    13004.812    13097.135
  3  LG+G4         6358.812     22  12761.624    12763.593    12855.916
  4  LG+I+G4       6358.900     23  12763.800    12765.952    12862.378
  5  LG+R2         6371.892     23  12789.783    12791.935    12888.361
  6  LG+R3         6356.615     25  12763.231    12765.775    12870.381
  7  LG+R4         6356.220     27  12766.441    12769.411    12882.163
 14  LG+I+R2       6270.716     24  12589.431    12591.775    12692.295
 15  LG+I+R3       6267.135     26  12586.270    12589.023    12697.706
 36  LG+F+I+R2     6236.206     43  12558.413    12566.088    12742.711
 37  LG+F+I+R3     6230.041     45  12550.081    12558.513    12742.951
 58  WAG+I+R2      6301.887     24  12651.775    12654.118    12754.639
 59  WAG+I+R3      6298.383     26  12648.767    12651.520    12760.203
 80  WAG+F+I+R2    6265.458     43  12616.917    12624.592    12801.215
 81  WAG+F+I+R3    6259.018     45  12608.037    12616.469    12800.907
102  JTT+I+R2      6261.845     24  12571.689    12574.033    12674.553
103  JTT+I+R3      6258.643     26  12569.286    12572.039    12680.722
124  JTT+F+I+R2    6229.028     43  12544.055    12551.731    12728.353
125  JTT+F+I+R3    6224.205     45  12538.410    12546.842    12731.280
WARNING: Normalizing state frequencies so that sum of them equals to 1
146  Q.pfam+I+R2   6265.176     24  12578.351    12580.695    12681.215
WARNING: Normalizing state frequencies so that sum of them equals to 1
147  Q.pfam+I+R3   6262.595     26  12577.191    12579.944    12688.627
WARNING: Normalizing state frequencies so that sum of them equals to 1
168  Q.pfam+F+I+R2 6231.480     43  12548.960    12556.636    12733.258
WARNING: Normalizing state frequencies so that sum of them equals to 1
169  Q.pfam+F+I+R3 6227.165     45  12544.329    12552.761    12737.199
WARNING: Normalizing state frequencies so that sum of them equals to 1
190  Q.bird+I+R2   6300.566     24  12649.133    12651.476    12751.996
WARNING: Normalizing state frequencies so that sum of them equals to 1
191  Q.bird+I+R3   6294.677     26  12641.354    12644.107    12752.790
WARNING: Normalizing state frequencies so that sum of them equals to 1
212  Q.bird+F+I+R2 6262.096     43  12610.191    12617.867    12794.489
WARNING: Normalizing state frequencies so that sum of them equals to 1
213  Q.bird+F+I+R3 6257.449     45  12604.898    12613.330    12797.768
WARNING: Normalizing state frequencies so that sum of them equals to 1
234  Q.mammal+I+R2 6281.503     24  12611.005    12613.349    12713.869
WARNING: Normalizing state frequencies so that sum of them equals to 1
235  Q.mammal+I+R3 6276.684     26  12605.369    12608.122    12716.805
WARNING: Normalizing state frequencies so that sum of them equals to 1
256  Q.mammal+F+I+R2 6241.122     43  12568.244    12575.920    12752.542
WARNING: Normalizing state frequencies so that sum of them equals to 1
257  Q.mammal+F+I+R3 6235.545     45  12561.089    12569.521    12753.959
278  Q.insect+I+R2 6247.153     24  12542.307    12544.651    12645.171
279  Q.insect+I+R3 6244.643     26  12541.287    12544.039    12652.722
300  Q.insect+F+I+R2 6197.835     43  12481.670    12489.346    12665.968
301  Q.insect+F+I+R3 6193.723     45  12477.447    12485.878    12670.316
WARNING: Normalizing state frequencies so that sum of them equals to 1
322  Q.plant+I+R2  6271.297     24  12590.593    12592.937    12693.457
WARNING: Normalizing state frequencies so that sum of them equals to 1
323  Q.plant+I+R3  6266.004     26  12584.009    12586.762    12695.445
WARNING: Normalizing state frequencies so that sum of them equals to 1
344  Q.plant+F+I+R2 6228.191     43  12542.382    12550.057    12726.679
WARNING: Normalizing state frequencies so that sum of them equals to 1
345  Q.plant+F+I+R3 6220.609     45  12531.218    12539.650    12724.088
WARNING: Normalizing state frequencies so that sum of them equals to 1
366  Q.yeast+I+R2  6269.019     24  12586.037    12588.381    12688.901
WARNING: Normalizing state frequencies so that sum of them equals to 1
367  Q.yeast+I+R3  6265.283     26  12582.565    12585.318    12694.001
WARNING: Normalizing state frequencies so that sum of them equals to 1
388  Q.yeast+F+I+R2 6210.573     43  12507.147    12514.822    12691.444
WARNING: Normalizing state frequencies so that sum of them equals to 1
389  Q.yeast+F+I+R3 6206.197     45  12502.394    12510.825    12695.264
410  JTTDCMut+I+R2 6264.266     24  12576.532    12578.876    12679.396
411  JTTDCMut+I+R3 6261.251     26  12574.502    12577.255    12685.938
432  JTTDCMut+F+I+R2 6230.828     43  12547.655    12555.331    12731.953
433  JTTDCMut+F+I+R3 6225.774     45  12541.548    12549.980    12734.418
454  DCMut+I+R2    6311.950     24  12671.901    12674.245    12774.765
455  DCMut+I+R3    6306.825     26  12665.649    12668.402    12777.085
476  DCMut+F+I+R2  6239.207     43  12564.414    12572.090    12748.712
477  DCMut+F+I+R3  6233.410     45  12556.820    12565.252    12749.690
498  VT+I+R2       6279.879     24  12607.758    12610.102    12710.622
499  VT+I+R3       6278.212     26  12608.424    12611.177    12719.860
520  VT+F+I+R2     6256.969     43  12599.938    12607.613    12784.236
521  VT+F+I+R3     6253.497     45  12596.994    12605.426    12789.864
542  PMB+I+R2      6342.462     24  12732.925    12735.269    12835.789
543  PMB+I+R3      6341.836     26  12735.673    12738.426    12847.109
564  PMB+F+I+R2    6298.285     43  12682.569    12690.245    12866.867
565  PMB+F+I+R3    6294.252     45  12678.503    12686.935    12871.373
586  Blosum62+I+R2 6343.735     24  12735.471    12737.814    12838.334
587  Blosum62+I+R3 6342.888     26  12737.777    12740.530    12849.213
608  Blosum62+F+I+R2 6299.685     43  12685.370    12693.046    12869.668
609  Blosum62+F+I+R3 6295.414     45  12680.828    12689.259    12873.698
630  Dayhoff+I+R2  6311.892     24  12671.785    12674.129    12774.649
631  Dayhoff+I+R3  6307.155     26  12666.310    12669.063    12777.746
652  Dayhoff+F+I+R2 6239.144     43  12564.287    12571.963    12748.585
653  Dayhoff+F+I+R3 6233.309     45  12556.618    12565.050    12749.488
674  mtREV+I+R2    6580.114     24  13208.229    13210.572    13311.093
675  mtREV+I+R3    6571.226     26  13194.451    13197.204    13305.887
696  mtREV+F+I+R2  6301.615     43  12689.230    12696.905    12873.528
697  mtREV+F+I+R3  6290.688     45  12671.376    12679.808    12864.246
718  mtART+I+R2    6645.730     24  13339.460    13341.803    13442.324
719  mtART+I+R3    6633.166     26  13318.332    13321.085    13429.768
740  mtART+F+I+R2  6315.239     43  12716.478    12724.154    12900.776
741  mtART+F+I+R3  6307.105     45  12704.210    12712.642    12897.080
762  mtZOA+I+R2    6550.717     24  13149.435    13151.779    13252.299
763  mtZOA+I+R3    6542.193     26  13136.386    13139.139    13247.822
784  mtZOA+F+I+R2  6279.001     43  12644.002    12651.677    12828.300
785  mtZOA+F+I+R3  6271.131     45  12632.262    12640.694    12825.132
806  mtMet+I+R2    6599.382     24  13246.764    13249.108    13349.628
807  mtMet+I+R3    6596.598     26  13245.196    13247.949    13356.632
828  mtMet+F+I+R2  6265.641     43  12617.281    12624.957    12801.579
829  mtMet+F+I+R3  6260.754     45  12611.508    12619.940    12804.378
850  mtVer+I+R2    6612.792     24  13273.583    13275.927    13376.447
851  mtVer+I+R3    6610.519     26  13273.039    13275.792    13384.475
872  mtVer+F+I+R2  6309.726     43  12705.452    12713.128    12889.750
873  mtVer+F+I+R3  6303.559     45  12697.118    12705.549    12889.988
894  mtInv+I+R2    6676.209     24  13400.419    13402.763    13503.283
895  mtInv+I+R3    6675.103     26  13402.205    13404.958    13513.641
916  mtInv+F+I+R2  6253.427     43  12592.854    12600.530    12777.152
917  mtInv+F+I+R3  6248.534     45  12587.069    12595.500    12779.939
938  mtMAM+I+R2    6664.103     24  13376.205    13378.549    13479.069
939  mtMAM+I+R3    6645.660     26  13343.320    13346.073    13454.756
960  mtMAM+F+I+R2  6344.685     43  12775.369    12783.044    12959.667
961  mtMAM+F+I+R3  6336.500     45  12763.000    12771.432    12955.870
WARNING: Normalizing state frequencies so that sum of them equals to 1
982  FLAVI+I+R2    6454.278     24  12956.555    12958.899    13059.419
WARNING: Normalizing state frequencies so that sum of them equals to 1
983  FLAVI+I+R3    6445.888     26  12943.776    12946.529    13055.212
WARNING: Normalizing state frequencies so that sum of them equals to 1
1004  FLAVI+F+I+R2  6343.456     43  12772.911    12780.587    12957.209
WARNING: Normalizing state frequencies so that sum of them equals to 1
1005  FLAVI+F+I+R3  6329.893     45  12749.786    12758.218    12942.656
1026  HIVb+I+R2     6355.481     24  12758.961    12761.305    12861.825
1027  HIVb+I+R3     6345.835     26  12743.670    12746.423    12855.106
1048  HIVb+F+I+R2   6304.124     43  12694.249    12701.924    12878.547
1049  HIVb+F+I+R3   6290.928     45  12671.856    12680.288    12864.726
1070  HIVw+I+R2     6532.011     24  13112.022    13114.366    13214.886
1071  HIVw+I+R3     6517.480     26  13086.961    13089.714    13198.397
1092  HIVw+F+I+R2   6394.491     43  12874.982    12882.658    13059.280
1093  HIVw+F+I+R3   6379.361     45  12848.722    12857.153    13041.591
1114  FLU+I+R2      6349.175     24  12746.350    12748.694    12849.214
1115  FLU+I+R3      6341.583     26  12735.167    12737.920    12846.603
1136  FLU+F+I+R2    6296.324     43  12678.648    12686.323    12862.946
1137  FLU+F+I+R3    6289.182     45  12668.365    12676.797    12861.235
1158  rtREV+I+R2    6312.405     24  12672.810    12675.154    12775.674
1159  rtREV+I+R3    6311.096     26  12674.192    12676.945    12785.628
1180  rtREV+F+I+R2  6248.509     43  12583.018    12590.694    12767.316
1181  rtREV+F+I+R3  6243.825     45  12577.650    12586.081    12770.520
1202  cpREV+I+R2    6344.040     24  12736.081    12738.425    12838.945
1203  cpREV+I+R3    6332.597     26  12717.195    12719.948    12828.631
1224  cpREV+F+I+R2  6317.900     43  12721.801    12729.476    12906.099
1225  cpREV+F+I+R3  6302.299     45  12694.597    12703.029    12887.467
Akaike Information Criterion:           Q.insect+F+I+R3
Corrected Akaike Information Criterion: Q.insect+F+I+R3
Bayesian Information Criterion:         Q.insect+I+R2
Best-fit model: Q.insect+I+R2 chosen according to BIC

All model information printed to /Users/bushrakhan/Desktop/NIPGR-data/MADS-box-Evolutionary-gene-detection/Simultaneous_Phylogenetic_Analysis/Results/Trees/Bayes/Arabidopsis_thaliana_ClustalO_Bayes.model.gz
CPU time for ModelFinder: 68.801 seconds (0h:1m:8s)
Wall-clock time for ModelFinder: 68.912 seconds (0h:1m:8s)

NOTE: 1 MB RAM (0 GB) is required!
Estimate model parameters (epsilon = 0.500)
1. Initial log-likelihood: -6247.153
Optimal log-likelihood: -6247.130
Proportion of invariable sites: 0.317
Site proportion and rates:  (0.475,0.298) (0.525,1.635)
Parameters optimization took 1 rounds (0.087 sec)
Wrote distance file to... 
Computing ML distances based on estimated model parameters...
Calculating distance matrix: done in 0.0118439 secs using 99.24% CPU
Computing ML distances took 0.011923 sec (of wall-clock time) 0.011807 sec (of CPU time)
WARNING: Some pairwise ML distances are too long (saturated)
Setting up auxiliary I and S matrices: done in 2.71797e-05 secs using 91.98% CPU
Constructing RapidNJ tree: done in 4.31538e-05 secs using 159.9% CPU
Computing RapidNJ tree took 0.000113 sec (of wall-clock time) 0.000136 sec (of CPU time)
Log-likelihood of RapidNJ tree: -6254.774
--------------------------------------------------------------------
|             INITIALIZING CANDIDATE TREE SET                      |
--------------------------------------------------------------------

Do NNI search on 2 best initial trees
Optimizing NNI: done in 0.082222 secs using 205.7% CPU
Estimate model parameters (epsilon = 0.500)
BETTER TREE FOUND at iteration 1: -6245.052
Optimizing NNI: done in 0.0618131 secs using 99.83% CPU
Finish initializing candidate tree set (3)
Current best tree score: -6245.052 / CPU time: 0.236
Number of iterations: 2
TREE SEARCH COMPLETED AFTER 2 ITERATIONS / Time: 0h:0m:0s

--------------------------------------------------------------------
|                    FINALIZING TREE SEARCH                        |
--------------------------------------------------------------------
Performs final model parameters optimization
Estimate model parameters (epsilon = 0.050)
1. Initial log-likelihood: -6245.052
Optimal log-likelihood: -6245.029
Proportion of invariable sites: 0.317
Site proportion and rates:  (0.479,0.301) (0.521,1.643)
Parameters optimization took 1 rounds (0.086 sec)
BEST SCORE FOUND : -6245.029

Testing tree branches by SH-like aLRT with 1000 replicates...
Testing tree branches by aBayes parametric test...
0.095 sec.
Total tree length: 19.268

Total number of iterations: 2
CPU time used for tree search: 0.398 sec (0h:0m:0s)
Wall-clock time used for tree search: 0.236 sec (0h:0m:0s)
Total CPU time used: 0.749 sec (0h:0m:0s)
Total wall-clock time used: 0.558 sec (0h:0m:0s)

Analysis results written to: 
  IQ-TREE report:                /Users/bushrakhan/Desktop/NIPGR-data/MADS-box-Evolutionary-gene-detection/Simultaneous_Phylogenetic_Analysis/Results/Trees/Bayes/Arabidopsis_thaliana_ClustalO_Bayes.iqtree
  Maximum-likelihood tree:       /Users/bushrakhan/Desktop/NIPGR-data/MADS-box-Evolutionary-gene-detection/Simultaneous_Phylogenetic_Analysis/Results/Trees/Bayes/Arabidopsis_thaliana_ClustalO_Bayes.treefile
  Likelihood distances:          /Users/bushrakhan/Desktop/NIPGR-data/MADS-box-Evolutionary-gene-detection/Simultaneous_Phylogenetic_Analysis/Results/Trees/Bayes/Arabidopsis_thaliana_ClustalO_Bayes.mldist
  Screen log file:               /Users/bushrakhan/Desktop/NIPGR-data/MADS-box-Evolutionary-gene-detection/Simultaneous_Phylogenetic_Analysis/Results/Trees/Bayes/Arabidopsis_thaliana_ClustalO_Bayes.log

Date and Time: Sun Apr  5 09:42:59 2026
