IQ-TREE multicore version 2.2.2.7 COVID-edition for Mac OS X 64-bit built May 30 2023
Developed by Bui Quang Minh, James Barbetti, Nguyen Lam Tung,
Olga Chernomor, Heiko Schmidt, Dominik Schrempf, Michael Woodhams, Ly Trong Nhan.

Host:    Bushras-MacBook-Air.local (SSE4.2, 16 GB RAM)
Command: /Users/bushrakhan/Desktop/NIPGR-data/MADS-box-Evolutionary-gene-detection/Advanced_Phylogenetic_Pipeline/Uploads/scripts/iqtree2 -s /Users/bushrakhan/Desktop/NIPGR-data/MADS-box-Evolutionary-gene-detection/Simultaneous_Phylogenetic_Analysis/Results/Alignments/Glycine_max_MUSCLE.fa -fast -alrt 1000 -abayes -pre /Users/bushrakhan/Desktop/NIPGR-data/MADS-box-Evolutionary-gene-detection/Simultaneous_Phylogenetic_Analysis/Results/Trees/Bayes/Glycine_max_MUSCLE_Bayes -redo
Seed:    417059 (Using SPRNG - Scalable Parallel Random Number Generator)
Time:    Sun Apr  5 10:38:34 2026
Kernel:  SSE2 - 1 threads (10 CPU cores detected)

HINT: Use -nt option to specify number of threads because your CPU has 10 cores!
HINT: -nt AUTO will automatically determine the best number of threads to use.

Reading alignment file /Users/bushrakhan/Desktop/NIPGR-data/MADS-box-Evolutionary-gene-detection/Simultaneous_Phylogenetic_Analysis/Results/Alignments/Glycine_max_MUSCLE.fa ... Fasta format detected
Reading fasta file: done in 0.00281501 secs using 94.53% CPU
Alignment most likely contains protein sequences
Constructing alignment: done in 0.00127697 secs using 78.47% CPU
WARNING: 1 sites contain only gaps or ambiguous characters.
Alignment has 87 sequences with 673 columns, 554 distinct patterns
287 parsimony-informative, 101 singleton sites, 285 constant sites
Analyzing sequences: done in 9.799e-05 secs using 85.72% CPU
WARNING: 84 sequences contain more than 50% gaps/ambiguity
Checking for duplicate sequences: done in 0.000252008 secs using 85.71% CPU


Create initial parsimony tree by phylogenetic likelihood library (PLL)... 0.02 seconds
Perform fast likelihood tree search using LG+I+G model...
Estimate model parameters (epsilon = 5.00)
Perform nearest neighbor interchange...
Optimizing NNI: done in 2.36093 secs using 99.87% CPU
Estimate model parameters (epsilon = 1.00)
1. Initial log-likelihood: -22301.10
2. Current log-likelihood: -22299.96
Optimal log-likelihood: -22299.67
Proportion of invariable sites: 0.03
Gamma shape alpha: 1.12
Parameters optimization took 2 rounds (1.14 sec)
Time for fast ML tree search: 5.55 seconds

NOTE: ModelFinder requires 77 MB RAM!
ModelFinder will test up to 1232 protein models (sample size: 673) ...
 No. Model         -LnL         df  AIC          AICc         BIC
  1  LG            23268.995    171 46879.991    46997.404    47651.499
  2  LG+I          23104.437    172 46552.874    46671.898    47328.894
  3  LG+G4         22311.063    172 44966.126    45085.150    45742.146
  4  LG+I+G4       22299.571    173 44945.143    45065.792    45725.675
  5  LG+R2         22455.184    173 45256.367    45377.017    46036.899
  6  LG+R3         22317.799    175 44985.598    45109.542    45775.154
  7  LG+R4         22269.695    177 44893.390    45020.687    45691.969
  8  LG+R5         22259.149    179 44876.298    45007.008    45683.900
  9  LG+R6         22257.421    181 44876.842    45011.025    45693.468
 14  LG+I+R2       22268.388    174 44884.776    45007.065    45669.819
 15  LG+I+R3       22162.719    176 44677.438    44803.051    45471.505
 16  LG+I+R4       22123.734    178 44603.469    44732.465    45406.559
 17  LG+I+R5       22117.923    180 44595.845    44728.284    45407.960
 38  LG+F+I+R4     22155.197    197 44704.395    44868.631    45593.209
 39  LG+F+I+R5     22147.805    199 44693.611    44861.898    45591.448
 60  WAG+I+R4      22145.022    178 44646.044    44775.040    45449.135
 61  WAG+I+R5      22143.839    180 44647.678    44780.117    45459.792
 82  WAG+F+I+R4    22210.531    197 44815.061    44979.297    45703.875
 83  WAG+F+I+R5    22203.530    199 44805.060    44973.348    45702.898
104  JTT+I+R4      21921.182    178 44198.364    44327.360    45001.455
105  JTT+I+R5      21920.303    180 44200.606    44333.045    45012.720
126  JTT+F+I+R4    21917.401    197 44228.801    44393.037    45117.615
127  JTT+F+I+R5    21907.025    199 44212.051    44380.338    45109.888
WARNING: Normalizing state frequencies so that sum of them equals to 1
148  Q.pfam+I+R4   22100.214    178 44556.427    44685.423    45359.518
WARNING: Normalizing state frequencies so that sum of them equals to 1
149  Q.pfam+I+R5   22098.603    180 44557.205    44689.645    45369.320
WARNING: Normalizing state frequencies so that sum of them equals to 1
170  Q.pfam+F+I+R4 22105.500    197 44605.001    44769.237    45493.815
WARNING: Normalizing state frequencies so that sum of them equals to 1
171  Q.pfam+F+I+R5 22099.647    199 44597.294    44765.582    45495.131
WARNING: Normalizing state frequencies so that sum of them equals to 1
192  Q.bird+I+R4   22000.094    178 44356.188    44485.184    45159.279
WARNING: Normalizing state frequencies so that sum of them equals to 1
193  Q.bird+I+R5   21981.008    180 44322.016    44454.455    45134.130
WARNING: Normalizing state frequencies so that sum of them equals to 1
214  Q.bird+F+I+R4 21967.109    197 44328.218    44492.454    45217.032
WARNING: Normalizing state frequencies so that sum of them equals to 1
215  Q.bird+F+I+R5 21949.065    199 44296.130    44464.417    45193.967
WARNING: Normalizing state frequencies so that sum of them equals to 1
236  Q.mammal+I+R4 21933.357    178 44222.714    44351.710    45025.804
WARNING: Normalizing state frequencies so that sum of them equals to 1
237  Q.mammal+I+R5 21914.089    180 44188.178    44320.617    45000.292
WARNING: Normalizing state frequencies so that sum of them equals to 1
258  Q.mammal+F+I+R4 21884.023    197 44162.047    44326.282    45050.860
WARNING: Normalizing state frequencies so that sum of them equals to 1
259  Q.mammal+F+I+R5 21865.335    199 44128.670    44296.957    45026.507
280  Q.insect+I+R4 21952.007    178 44260.014    44389.010    45063.105
281  Q.insect+I+R5 21936.529    180 44233.059    44365.498    45045.173
302  Q.insect+F+I+R4 21913.339    197 44220.677    44384.913    45109.491
303  Q.insect+F+I+R5 21898.912    199 44195.824    44364.111    45093.661
WARNING: Normalizing state frequencies so that sum of them equals to 1
324  Q.plant+I+R4  21926.099    178 44208.198    44337.194    45011.289
WARNING: Normalizing state frequencies so that sum of them equals to 1
325  Q.plant+I+R5  21913.924    180 44187.848    44320.287    44999.962
WARNING: Normalizing state frequencies so that sum of them equals to 1
346  Q.plant+F+I+R4 21903.737    197 44201.475    44365.710    45090.288
WARNING: Normalizing state frequencies so that sum of them equals to 1
347  Q.plant+F+I+R5 21891.801    199 44181.601    44349.889    45079.439
WARNING: Normalizing state frequencies so that sum of them equals to 1
368  Q.yeast+I+R4  22084.033    178 44524.067    44653.063    45327.158
WARNING: Normalizing state frequencies so that sum of them equals to 1
369  Q.yeast+I+R5  22074.034    180 44508.068    44640.507    45320.182
WARNING: Normalizing state frequencies so that sum of them equals to 1
390  Q.yeast+F+I+R4 22021.082    197 44436.163    44600.399    45324.977
WARNING: Normalizing state frequencies so that sum of them equals to 1
391  Q.yeast+F+I+R5 22011.469    199 44420.939    44589.226    45318.776
412  JTTDCMut+I+R4 21927.393    178 44210.786    44339.782    45013.877
413  JTTDCMut+I+R5 21916.745    180 44193.490    44325.929    45005.604
434  JTTDCMut+F+I+R4 21926.372    197 44246.745    44410.981    45135.559
435  JTTDCMut+F+I+R5 21915.192    199 44228.385    44396.672    45126.222
456  DCMut+I+R4    22245.211    178 44846.421    44975.417    45649.512
457  DCMut+I+R5    22233.305    180 44826.610    44959.049    45638.724
478  DCMut+F+I+R4  22199.414    197 44792.829    44957.065    45681.643
479  DCMut+F+I+R5  22187.389    199 44772.778    44941.066    45670.616
500  VT+I+R4       22081.597    178 44519.195    44648.191    45322.286
501  VT+I+R5       22077.896    180 44515.792    44648.231    45327.906
522  VT+F+I+R4     22131.944    197 44657.888    44822.124    45546.702
523  VT+F+I+R5     22125.533    199 44649.066    44817.353    45546.903
544  PMB+I+R4      22339.946    178 45035.892    45164.888    45838.983
545  PMB+I+R5      22337.391    180 45034.782    45167.221    45846.896
566  PMB+F+I+R4    22409.772    197 45213.544    45377.780    46102.358
567  PMB+F+I+R5    22405.469    199 45208.937    45377.225    46106.775
588  Blosum62+I+R4 22372.365    178 45100.730    45229.725    45903.820
589  Blosum62+I+R5 22370.712    180 45101.424    45233.863    45913.538
610  Blosum62+F+I+R4 22459.124    197 45312.248    45476.484    46201.062
611  Blosum62+F+I+R5 22455.354    199 45308.707    45476.995    46206.545
632  Dayhoff+I+R4  22245.600    178 44847.200    44976.196    45650.291
633  Dayhoff+I+R5  22233.615    180 44827.229    44959.669    45639.344
654  Dayhoff+F+I+R4 22199.783    197 44793.565    44957.801    45682.379
655  Dayhoff+F+I+R5 22187.680    199 44773.359    44941.647    45671.197
676  mtREV+I+R4    23023.088    178 46402.177    46531.173    47205.267
677  mtREV+I+R5    23008.724    180 46377.449    46509.888    47189.563
698  mtREV+F+I+R4  22459.760    197 45313.520    45477.756    46202.334
699  mtREV+F+I+R5  22446.736    199 45291.471    45459.759    46189.309
720  mtART+I+R4    23412.146    178 47180.292    47309.288    47983.382
721  mtART+I+R5    23398.829    180 47157.658    47290.097    47969.772
742  mtART+F+I+R4  22732.482    197 45858.963    46023.199    46747.777
743  mtART+F+I+R5  22720.641    199 45839.281    46007.569    46737.118
764  mtZOA+I+R4    22896.635    178 46149.271    46278.267    46952.361
765  mtZOA+I+R5    22879.912    180 46119.823    46252.262    46931.938
786  mtZOA+F+I+R4  22446.438    197 45286.876    45451.112    46175.690
787  mtZOA+F+I+R5  22436.153    199 45270.306    45438.593    46168.143
808  mtMet+I+R4    22859.806    178 46075.611    46204.607    46878.702
809  mtMet+I+R5    22848.525    180 46057.049    46189.488    46869.163
830  mtMet+F+I+R4  22184.402    197 44762.805    44927.041    45651.619
831  mtMet+F+I+R5  22176.755    199 44751.510    44919.798    45649.347
852  mtVer+I+R4    22929.153    178 46214.306    46343.302    47017.397
853  mtVer+I+R5    22909.417    180 46178.833    46311.272    46990.947
874  mtVer+F+I+R4  22336.680    197 45067.361    45231.596    45956.174
875  mtVer+F+I+R5  22325.522    199 45049.045    45217.332    45946.882
896  mtInv+I+R4    23093.523    178 46543.046    46672.042    47346.136
897  mtInv+I+R5    23084.350    180 46528.699    46661.138    47340.813
918  mtInv+F+I+R4  22181.885    197 44757.769    44922.005    45646.583
919  mtInv+F+I+R5  22174.369    199 44746.737    44915.025    45644.575
940  mtMAM+I+R4    23315.451    178 46986.902    47115.898    47789.993
941  mtMAM+I+R5    23290.563    180 46941.126    47073.565    47753.240
962  mtMAM+F+I+R4  22652.456    197 45698.912    45863.148    46587.726
963  mtMAM+F+I+R5  22633.311    199 45664.621    45832.909    46562.458
WARNING: Normalizing state frequencies so that sum of them equals to 1
984  FLAVI+I+R4    22559.156    178 45474.313    45603.309    46277.404
WARNING: Normalizing state frequencies so that sum of them equals to 1
985  FLAVI+I+R5    22539.471    180 45438.943    45571.382    46251.057
WARNING: Normalizing state frequencies so that sum of them equals to 1
1006  FLAVI+F+I+R4  22363.604    197 45121.207    45285.443    46010.021
WARNING: Normalizing state frequencies so that sum of them equals to 1
1007  FLAVI+F+I+R5  22344.769    199 45087.538    45255.826    45985.376
1028  HIVb+I+R4     22168.153    178 44692.307    44821.303    45495.398
1029  HIVb+I+R5     22153.448    180 44666.896    44799.335    45479.010
1050  HIVb+F+I+R4   22115.302    197 44624.605    44788.840    45513.418
1051  HIVb+F+I+R5   22101.355    199 44600.709    44768.997    45498.547
1072  HIVw+I+R4     22919.618    178 46195.236    46324.232    46998.327
1073  HIVw+I+R5     22907.609    180 46175.218    46307.657    46987.332
1094  HIVw+F+I+R4   22638.545    197 45671.091    45835.327    46559.905
1095  HIVw+F+I+R5   22628.757    199 45655.515    45823.802    46553.352
1116  FLU+I+R4      22320.828    178 44997.656    45126.652    45800.747
1117  FLU+I+R5      22309.895    180 44979.790    45112.229    45791.904
1138  FLU+F+I+R4    22317.790    197 45029.580    45193.815    45918.393
1139  FLU+F+I+R5    22309.271    199 45016.541    45184.829    45914.378
1160  rtREV+I+R4    22315.375    178 44986.749    45115.745    45789.840
1161  rtREV+I+R5    22309.773    180 44979.546    45111.985    45791.660
1182  rtREV+F+I+R4  22273.653    197 44941.305    45105.541    45830.119
1183  rtREV+F+I+R5  22266.606    199 44931.212    45099.500    45829.050
1204  cpREV+I+R4    22296.351    178 44948.703    45077.699    45751.793
1205  cpREV+I+R5    22288.900    180 44937.801    45070.240    45749.915
1226  cpREV+F+I+R4  22437.252    197 45268.504    45432.740    46157.318
1227  cpREV+F+I+R5  22425.612    199 45249.225    45417.512    46147.062
Akaike Information Criterion:           Q.mammal+F+I+R5
Corrected Akaike Information Criterion: Q.mammal+F+I+R5
Bayesian Information Criterion:         Q.plant+I+R5
Best-fit model: Q.plant+I+R5 chosen according to BIC

All model information printed to /Users/bushrakhan/Desktop/NIPGR-data/MADS-box-Evolutionary-gene-detection/Simultaneous_Phylogenetic_Analysis/Results/Trees/Bayes/Glycine_max_MUSCLE_Bayes.model.gz
CPU time for ModelFinder: 2319.818 seconds (0h:38m:39s)
Wall-clock time for ModelFinder: 2323.677 seconds (0h:38m:43s)
WARNING: Normalizing state frequencies so that sum of them equals to 1

NOTE: 38 MB RAM (0 GB) is required!
Estimate model parameters (epsilon = 0.500)
1. Initial log-likelihood: -21913.924
Optimal log-likelihood: -21913.872
Proportion of invariable sites: 0.423
Site proportion and rates:  (0.052,0.044) (0.140,0.193) (0.190,0.497) (0.377,1.042) (0.242,1.999)
Parameters optimization took 1 rounds (4.644 sec)
Wrote distance file to... 
Computing ML distances based on estimated model parameters...
Calculating distance matrix: done in 1.2955 secs using 99.8% CPU
Computing ML distances took 1.295815 sec (of wall-clock time) 1.293108 sec (of CPU time)
WARNING: Some pairwise ML distances are too long (saturated)
Setting up auxiliary I and S matrices: done in 0.000226974 secs using 107.5% CPU
Constructing RapidNJ tree: done in 0.000513077 secs using 189.3% CPU
Computing RapidNJ tree took 0.000804 sec (of wall-clock time) 0.001279 sec (of CPU time)
Log-likelihood of RapidNJ tree: -21958.989
--------------------------------------------------------------------
|             INITIALIZING CANDIDATE TREE SET                      |
--------------------------------------------------------------------

Do NNI search on 2 best initial trees
Optimizing NNI: done in 1.02478 secs using 99.83% CPU
Estimate model parameters (epsilon = 0.500)
BETTER TREE FOUND at iteration 1: -21912.858
Optimizing NNI: done in 2.59757 secs using 99.9% CPU
Estimate model parameters (epsilon = 0.500)
BETTER TREE FOUND at iteration 2: -21912.237
Finish initializing candidate tree set (4)
Current best tree score: -21912.237 / CPU time: 13.145
Number of iterations: 2
TREE SEARCH COMPLETED AFTER 2 ITERATIONS / Time: 0h:0m:20s

--------------------------------------------------------------------
|                    FINALIZING TREE SEARCH                        |
--------------------------------------------------------------------
Performs final model parameters optimization
Estimate model parameters (epsilon = 0.050)
1. Initial log-likelihood: -21912.237
Optimal log-likelihood: -21912.221
Proportion of invariable sites: 0.423
Site proportion and rates:  (0.051,0.043) (0.139,0.192) (0.188,0.492) (0.379,1.033) (0.244,2.002)
Parameters optimization took 1 rounds (4.787 sec)
BEST SCORE FOUND : -21912.221

Testing tree branches by SH-like aLRT with 1000 replicates...
Testing tree branches by aBayes parametric test...
1.601 sec.
Total tree length: 48.486

Total number of iterations: 2
CPU time used for tree search: 13.129 sec (0h:0m:13s)
Wall-clock time used for tree search: 13.146 sec (0h:0m:13s)
Total CPU time used: 27.281 sec (0h:0m:27s)
Total wall-clock time used: 27.129 sec (0h:0m:27s)

Analysis results written to: 
  IQ-TREE report:                /Users/bushrakhan/Desktop/NIPGR-data/MADS-box-Evolutionary-gene-detection/Simultaneous_Phylogenetic_Analysis/Results/Trees/Bayes/Glycine_max_MUSCLE_Bayes.iqtree
  Maximum-likelihood tree:       /Users/bushrakhan/Desktop/NIPGR-data/MADS-box-Evolutionary-gene-detection/Simultaneous_Phylogenetic_Analysis/Results/Trees/Bayes/Glycine_max_MUSCLE_Bayes.treefile
  Likelihood distances:          /Users/bushrakhan/Desktop/NIPGR-data/MADS-box-Evolutionary-gene-detection/Simultaneous_Phylogenetic_Analysis/Results/Trees/Bayes/Glycine_max_MUSCLE_Bayes.mldist
  Screen log file:               /Users/bushrakhan/Desktop/NIPGR-data/MADS-box-Evolutionary-gene-detection/Simultaneous_Phylogenetic_Analysis/Results/Trees/Bayes/Glycine_max_MUSCLE_Bayes.log

Date and Time: Sun Apr  5 11:17:45 2026
