IQ-TREE multicore version 2.2.2.7 COVID-edition for Mac OS X 64-bit built May 30 2023
Developed by Bui Quang Minh, James Barbetti, Nguyen Lam Tung,
Olga Chernomor, Heiko Schmidt, Dominik Schrempf, Michael Woodhams, Ly Trong Nhan.

Host:    Bushras-MacBook-Air.local (SSE4.2, 16 GB RAM)
Command: /Users/bushrakhan/Desktop/NIPGR-data/MADS-box-Evolutionary-gene-detection/Advanced_Phylogenetic_Pipeline/Uploads/scripts/iqtree2 -s /Users/bushrakhan/Desktop/NIPGR-data/MADS-box-Evolutionary-gene-detection/Simultaneous_Phylogenetic_Analysis/Results/Alignments/Glycine_max_MAFFT.fa -fast -alrt 1000 -abayes -pre /Users/bushrakhan/Desktop/NIPGR-data/MADS-box-Evolutionary-gene-detection/Simultaneous_Phylogenetic_Analysis/Results/Trees/Bayes/Glycine_max_MAFFT_Bayes -redo
Seed:    505130 (Using SPRNG - Scalable Parallel Random Number Generator)
Time:    Sun Apr  5 10:06:58 2026
Kernel:  SSE2 - 1 threads (10 CPU cores detected)

HINT: Use -nt option to specify number of threads because your CPU has 10 cores!
HINT: -nt AUTO will automatically determine the best number of threads to use.

Reading alignment file /Users/bushrakhan/Desktop/NIPGR-data/MADS-box-Evolutionary-gene-detection/Simultaneous_Phylogenetic_Analysis/Results/Alignments/Glycine_max_MAFFT.fa ... Fasta format detected
Reading fasta file: done in 0.002455 secs using 94.34% CPU
Alignment most likely contains protein sequences
Constructing alignment: done in 0.000972033 secs using 77.26% CPU
Alignment has 87 sequences with 506 columns, 479 distinct patterns
328 parsimony-informative, 69 singleton sites, 109 constant sites
Analyzing sequences: done in 9.799e-05 secs using 77.56% CPU
WARNING: 80 sequences contain more than 50% gaps/ambiguity
Checking for duplicate sequences: done in 0.000235081 secs using 84.65% CPU


Create initial parsimony tree by phylogenetic likelihood library (PLL)... 0.02 seconds
Perform fast likelihood tree search using LG+I+G model...
Estimate model parameters (epsilon = 5.00)
Perform nearest neighbor interchange...
Optimizing NNI: done in 1.48655 secs using 99.87% CPU
Estimate model parameters (epsilon = 1.00)
1. Initial log-likelihood: -21505.15
Optimal log-likelihood: -21505.03
Proportion of invariable sites: 0.03
Gamma shape alpha: 1.06
Parameters optimization took 1 rounds (0.42 sec)
Time for fast ML tree search: 4.06 seconds

NOTE: ModelFinder requires 67 MB RAM!
ModelFinder will test up to 1232 protein models (sample size: 506) ...
 No. Model         -LnL         df  AIC          AICc         BIC
  1  LG            22412.990    171 45167.980    45344.100    45890.718
  2  LG+I          22257.326    172 44858.652    45037.366    45585.616
  3  LG+G4         21514.974    172 43373.949    43552.663    44100.913
  4  LG+I+G4       21505.026    173 43356.052    43537.390    44087.243
  5  LG+R2         21666.434    173 43678.867    43860.205    44410.058
  6  LG+R3         21524.733    175 43399.465    43586.132    44139.109
  7  LG+R4         21482.645    177 43319.289    43511.399    44067.386
  8  LG+R5         21471.869    179 43301.738    43499.407    44058.288
  9  LG+R6         21470.241    181 43302.481    43505.827    44067.484
 14  LG+I+R2       21567.631    174 43483.262    43667.250    44218.679
 15  LG+I+R3       21463.485    176 43278.970    43468.344    44022.841
 16  LG+I+R4       21425.263    178 43206.525    43401.400    43958.849
 17  LG+I+R5       21422.343    180 43204.686    43405.178    43965.463
 38  LG+F+I+R4     21482.049    197 43358.098    43611.384    44190.726
 39  LG+F+I+R5     21475.240    199 43348.480    43608.611    44189.561
 60  WAG+I+R4      21477.193    178 43310.386    43505.261    44062.709
 61  WAG+I+R5      21473.459    180 43306.918    43507.410    44067.694
 82  WAG+F+I+R4    21566.392    197 43526.784    43780.070    44359.412
 83  WAG+F+I+R5    21561.091    199 43520.182    43780.312    44361.262
104  JTT+I+R4      21261.165    178 42878.329    43073.204    43630.653
105  JTT+I+R5      21259.911    180 42879.822    43080.315    43640.599
126  JTT+F+I+R4    21279.106    197 42952.211    43205.497    43784.839
127  JTT+F+I+R5    21277.741    199 42953.483    43213.613    43794.563
WARNING: Normalizing state frequencies so that sum of them equals to 1
148  Q.pfam+I+R4   21412.920    178 43181.840    43376.714    43934.163
WARNING: Normalizing state frequencies so that sum of them equals to 1
149  Q.pfam+I+R5   21411.397    180 43182.794    43383.287    43943.571
WARNING: Normalizing state frequencies so that sum of them equals to 1
170  Q.pfam+F+I+R4 21438.129    197 43270.258    43523.544    44102.886
WARNING: Normalizing state frequencies so that sum of them equals to 1
171  Q.pfam+F+I+R5 21434.608    199 43267.215    43527.346    44108.296
WARNING: Normalizing state frequencies so that sum of them equals to 1
192  Q.bird+I+R4   21321.293    178 42998.587    43193.461    43750.910
WARNING: Normalizing state frequencies so that sum of them equals to 1
193  Q.bird+I+R5   21306.744    180 42973.488    43173.980    43734.264
WARNING: Normalizing state frequencies so that sum of them equals to 1
214  Q.bird+F+I+R4 21297.361    197 42988.722    43242.008    43821.350
WARNING: Normalizing state frequencies so that sum of them equals to 1
215  Q.bird+F+I+R5 21284.099    199 42966.198    43226.329    43807.279
WARNING: Normalizing state frequencies so that sum of them equals to 1
236  Q.mammal+I+R4 21267.663    178 42891.325    43086.200    43643.649
WARNING: Normalizing state frequencies so that sum of them equals to 1
237  Q.mammal+I+R5 21254.240    180 42868.479    43068.972    43629.256
WARNING: Normalizing state frequencies so that sum of them equals to 1
258  Q.mammal+F+I+R4 21224.937    197 42843.874    43097.160    43676.502
WARNING: Normalizing state frequencies so that sum of them equals to 1
259  Q.mammal+F+I+R5 21212.273    199 42822.546    43082.677    43663.627
280  Q.insect+I+R4 21280.004    178 42916.008    43110.883    43668.332
281  Q.insect+I+R5 21269.897    180 42899.795    43100.287    43660.572
302  Q.insect+F+I+R4 21260.023    197 42914.047    43167.333    43746.675
303  Q.insect+F+I+R5 21250.102    199 42898.203    43158.334    43739.284
WARNING: Normalizing state frequencies so that sum of them equals to 1
324  Q.plant+I+R4  21236.249    178 42828.498    43023.373    43580.822
WARNING: Normalizing state frequencies so that sum of them equals to 1
325  Q.plant+I+R5  21225.513    180 42811.025    43011.518    43571.802
WARNING: Normalizing state frequencies so that sum of them equals to 1
346  Q.plant+F+I+R4 21232.854    197 42859.709    43112.994    43692.336
WARNING: Normalizing state frequencies so that sum of them equals to 1
347  Q.plant+F+I+R5 21223.137    199 42844.274    43104.405    43685.355
WARNING: Normalizing state frequencies so that sum of them equals to 1
368  Q.yeast+I+R4  21402.638    178 43161.275    43356.150    43913.599
WARNING: Normalizing state frequencies so that sum of them equals to 1
369  Q.yeast+I+R5  21395.034    180 43150.068    43350.560    43910.845
WARNING: Normalizing state frequencies so that sum of them equals to 1
390  Q.yeast+F+I+R4 21357.297    197 43108.594    43361.880    43941.222
WARNING: Normalizing state frequencies so that sum of them equals to 1
391  Q.yeast+F+I+R5 21350.100    199 43098.201    43358.331    43939.281
412  JTTDCMut+I+R4 21266.651    178 42889.302    43084.177    43641.626
413  JTTDCMut+I+R5 21257.843    180 42875.687    43076.179    43636.464
434  JTTDCMut+F+I+R4 21287.943    197 42969.885    43223.171    43802.513
435  JTTDCMut+F+I+R5 21279.396    199 42956.793    43216.924    43797.874
456  DCMut+I+R4    21599.072    178 43554.144    43749.019    44306.468
457  DCMut+I+R5    21585.506    180 43531.011    43731.504    44291.788
478  DCMut+F+I+R4  21577.611    197 43549.222    43802.507    44381.849
479  DCMut+F+I+R5  21567.075    199 43532.150    43792.280    44373.231
500  VT+I+R4       21442.363    178 43240.726    43435.600    43993.049
501  VT+I+R5       21438.131    180 43236.263    43436.755    43997.039
522  VT+F+I+R4     21509.600    197 43413.201    43666.486    44245.828
523  VT+F+I+R5     21504.500    199 43407.001    43667.132    44248.082
544  PMB+I+R4      21702.069    178 43760.139    43955.014    44512.462
545  PMB+I+R5      21699.583    180 43759.165    43959.658    44519.942
566  PMB+F+I+R4    21794.320    197 43982.640    44235.926    44815.268
567  PMB+F+I+R5    21790.586    199 43979.173    44239.304    44820.254
588  Blosum62+I+R4 21719.224    178 43794.448    43989.322    44546.771
589  Blosum62+I+R5 21717.109    180 43794.217    43994.709    44554.994
610  Blosum62+F+I+R4 21831.123    197 44056.245    44309.531    44888.873
611  Blosum62+F+I+R5 21827.371    199 44052.743    44312.874    44893.824
632  Dayhoff+I+R4  21598.889    178 43553.779    43748.653    44306.102
633  Dayhoff+I+R5  21585.268    180 43530.535    43731.027    44291.312
654  Dayhoff+F+I+R4 21577.454    197 43548.908    43802.194    44381.536
655  Dayhoff+F+I+R5 21566.975    199 43531.951    43792.081    44373.031
676  mtREV+I+R4    22314.372    178 44984.745    45179.620    45737.068
677  mtREV+I+R5    22298.213    180 44956.426    45156.918    45717.202
698  mtREV+F+I+R4  21789.171    197 43972.343    44225.629    44804.971
699  mtREV+F+I+R5  21778.500    199 43954.999    44215.130    44796.080
720  mtART+I+R4    22659.808    178 45675.616    45870.491    46427.940
721  mtART+I+R5    22638.995    180 45637.991    45838.483    46398.767
742  mtART+F+I+R4  22022.973    197 44439.946    44693.231    45272.573
743  mtART+F+I+R5  22009.622    199 44417.245    44677.376    45258.326
764  mtZOA+I+R4    22157.709    178 44671.418    44866.293    45423.742
765  mtZOA+I+R5    22137.249    180 44634.499    44834.991    45395.275
786  mtZOA+F+I+R4  21747.446    197 43888.892    44142.178    44721.520
787  mtZOA+F+I+R5  21738.452    199 43874.904    44135.035    44715.985
808  mtMet+I+R4    22138.506    178 44633.011    44827.886    45385.335
809  mtMet+I+R5    22119.652    180 44599.304    44799.796    45360.080
830  mtMet+F+I+R4  21497.698    197 43389.397    43642.682    44222.024
831  mtMet+F+I+R5  21491.978    199 43381.956    43642.087    44223.037
852  mtVer+I+R4    22184.758    178 44725.517    44920.391    45477.840
853  mtVer+I+R5    22163.022    180 44686.043    44886.536    45446.820
874  mtVer+F+I+R4  21631.192    197 43656.385    43909.671    44489.013
875  mtVer+F+I+R5  21624.209    199 43646.418    43906.549    44487.499
896  mtInv+I+R4    22375.243    178 45106.486    45301.361    45858.810
897  mtInv+I+R5    22360.409    180 45080.818    45281.310    45841.594
918  mtInv+F+I+R4  21512.211    197 43418.423    43671.709    44251.051
919  mtInv+F+I+R5  21506.957    199 43411.913    43672.044    44252.994
940  mtMAM+I+R4    22552.402    178 45460.804    45655.679    46213.128
941  mtMAM+I+R5    22533.211    180 45426.422    45626.915    46187.199
962  mtMAM+F+I+R4  21941.168    197 44276.335    44529.621    45108.963
963  mtMAM+F+I+R5  21923.469    199 44244.938    44505.069    45086.019
WARNING: Normalizing state frequencies so that sum of them equals to 1
984  FLAVI+I+R4    21839.519    178 44035.038    44229.913    44787.362
WARNING: Normalizing state frequencies so that sum of them equals to 1
985  FLAVI+I+R5    21824.261    180 44008.521    44209.014    44769.298
WARNING: Normalizing state frequencies so that sum of them equals to 1
1006  FLAVI+F+I+R4  21683.491    197 43760.982    44014.268    44593.610
WARNING: Normalizing state frequencies so that sum of them equals to 1
1007  FLAVI+F+I+R5  21671.117    199 43740.234    44000.364    44581.314
1028  HIVb+I+R4     21455.778    178 43267.556    43462.431    44019.880
1029  HIVb+I+R5     21443.568    180 43247.135    43447.627    44007.912
1050  HIVb+F+I+R4   21429.578    197 43253.156    43506.442    44085.784
1051  HIVb+F+I+R5   21417.775    199 43233.550    43493.680    44074.631
1072  HIVw+I+R4     22197.173    178 44750.346    44945.221    45502.670
1073  HIVw+I+R5     22188.687    180 44737.375    44937.867    45498.151
1094  HIVw+F+I+R4   21958.143    197 44310.285    44563.571    45142.913
1095  HIVw+F+I+R5   21949.336    199 44296.672    44556.803    45137.753
1116  FLU+I+R4      21617.636    178 43591.271    43786.146    44343.595
1117  FLU+I+R5      21608.901    180 43577.802    43778.294    44338.578
1138  FLU+F+I+R4    21633.693    197 43661.385    43914.671    44494.013
1139  FLU+F+I+R5    21628.201    199 43654.401    43914.532    44495.482
1160  rtREV+I+R4    21621.723    178 43599.446    43794.321    44351.769
1161  rtREV+I+R5    21615.949    180 43591.898    43792.390    44352.675
1182  rtREV+F+I+R4  21614.498    197 43622.997    43876.283    44455.625
1183  rtREV+F+I+R5  21607.478    199 43612.955    43873.086    44454.036
1204  cpREV+I+R4    21613.971    178 43583.943    43778.817    44336.266
1205  cpREV+I+R5    21609.257    180 43578.514    43779.007    44339.291
1226  cpREV+F+I+R4  21791.365    197 43976.730    44230.016    44809.358
1227  cpREV+F+I+R5  21780.047    199 43958.095    44218.225    44799.175
Akaike Information Criterion:           Q.plant+I+R5
Corrected Akaike Information Criterion: Q.plant+I+R5
Bayesian Information Criterion:         Q.plant+I+R5
Best-fit model: Q.plant+I+R5 chosen according to BIC

All model information printed to /Users/bushrakhan/Desktop/NIPGR-data/MADS-box-Evolutionary-gene-detection/Simultaneous_Phylogenetic_Analysis/Results/Trees/Bayes/Glycine_max_MAFFT_Bayes.model.gz
CPU time for ModelFinder: 1874.729 seconds (0h:31m:14s)
Wall-clock time for ModelFinder: 1877.206 seconds (0h:31m:17s)
WARNING: Normalizing state frequencies so that sum of them equals to 1

NOTE: 33 MB RAM (0 GB) is required!
Estimate model parameters (epsilon = 0.500)
1. Initial log-likelihood: -21225.513
Optimal log-likelihood: -21225.445
Proportion of invariable sites: 0.215
Site proportion and rates:  (0.051,0.049) (0.151,0.208) (0.234,0.512) (0.345,1.095) (0.220,2.136)
Parameters optimization took 1 rounds (3.943 sec)
Wrote distance file to... 
Computing ML distances based on estimated model parameters...
Calculating distance matrix: done in 1.05128 secs using 99.85% CPU
Computing ML distances took 1.051557 sec (of wall-clock time) 1.049872 sec (of CPU time)
WARNING: Some pairwise ML distances are too long (saturated)
Setting up auxiliary I and S matrices: done in 0.000234842 secs using 172.5% CPU
Constructing RapidNJ tree: done in 0.000519991 secs using 187.9% CPU
Computing RapidNJ tree took 0.000818 sec (of wall-clock time) 0.001476 sec (of CPU time)
Log-likelihood of RapidNJ tree: -21241.758
--------------------------------------------------------------------
|             INITIALIZING CANDIDATE TREE SET                      |
--------------------------------------------------------------------

Do NNI search on 2 best initial trees
Optimizing NNI: done in 0.895317 secs using 99.82% CPU
Estimate model parameters (epsilon = 0.500)
BETTER TREE FOUND at iteration 1: -21225.332
Optimizing NNI: done in 2.06511 secs using 99.89% CPU
Finish initializing candidate tree set (4)
Current best tree score: -21225.332 / CPU time: 7.132
Number of iterations: 2
TREE SEARCH COMPLETED AFTER 2 ITERATIONS / Time: 0h:0m:13s

--------------------------------------------------------------------
|                    FINALIZING TREE SEARCH                        |
--------------------------------------------------------------------
Performs final model parameters optimization
Estimate model parameters (epsilon = 0.050)
1. Initial log-likelihood: -21225.332
Optimal log-likelihood: -21225.284
Proportion of invariable sites: 0.215
Site proportion and rates:  (0.051,0.048) (0.149,0.206) (0.233,0.509) (0.348,1.094) (0.220,2.128)
Parameters optimization took 1 rounds (4.026 sec)
BEST SCORE FOUND : -21225.284

Testing tree branches by SH-like aLRT with 1000 replicates...
Testing tree branches by aBayes parametric test...
1.278 sec.
Total tree length: 42.783

Total number of iterations: 2
CPU time used for tree search: 7.123 sec (0h:0m:7s)
Wall-clock time used for tree search: 7.133 sec (0h:0m:7s)
Total CPU time used: 18.518 sec (0h:0m:18s)
Total wall-clock time used: 18.366 sec (0h:0m:18s)

Analysis results written to: 
  IQ-TREE report:                /Users/bushrakhan/Desktop/NIPGR-data/MADS-box-Evolutionary-gene-detection/Simultaneous_Phylogenetic_Analysis/Results/Trees/Bayes/Glycine_max_MAFFT_Bayes.iqtree
  Maximum-likelihood tree:       /Users/bushrakhan/Desktop/NIPGR-data/MADS-box-Evolutionary-gene-detection/Simultaneous_Phylogenetic_Analysis/Results/Trees/Bayes/Glycine_max_MAFFT_Bayes.treefile
  Likelihood distances:          /Users/bushrakhan/Desktop/NIPGR-data/MADS-box-Evolutionary-gene-detection/Simultaneous_Phylogenetic_Analysis/Results/Trees/Bayes/Glycine_max_MAFFT_Bayes.mldist
  Screen log file:               /Users/bushrakhan/Desktop/NIPGR-data/MADS-box-Evolutionary-gene-detection/Simultaneous_Phylogenetic_Analysis/Results/Trees/Bayes/Glycine_max_MAFFT_Bayes.log

Date and Time: Sun Apr  5 10:38:34 2026
