IQ-TREE multicore version 2.2.2.7 COVID-edition for Mac OS X 64-bit built May 30 2023
Developed by Bui Quang Minh, James Barbetti, Nguyen Lam Tung,
Olga Chernomor, Heiko Schmidt, Dominik Schrempf, Michael Woodhams, Ly Trong Nhan.

Host:    Bushras-MacBook-Air.local (SSE4.2, 16 GB RAM)
Command: /Users/bushrakhan/Desktop/NIPGR-data/MADS-box-Evolutionary-gene-detection/Advanced_Phylogenetic_Pipeline/Uploads/scripts/iqtree2 -s /Users/bushrakhan/Desktop/NIPGR-data/MADS-box-Evolutionary-gene-detection/Simultaneous_Phylogenetic_Analysis/Results/Alignments/Helianthus_annuuss_ClustalO.fa -fast -alrt 1000 -abayes -pre /Users/bushrakhan/Desktop/NIPGR-data/MADS-box-Evolutionary-gene-detection/Simultaneous_Phylogenetic_Analysis/Results/Trees/Bayes/Helianthus_annuuss_ClustalO_Bayes -redo
Seed:    577748 (Using SPRNG - Scalable Parallel Random Number Generator)
Time:    Sun Apr  5 06:17:32 2026
Kernel:  SSE2 - 1 threads (10 CPU cores detected)

HINT: Use -nt option to specify number of threads because your CPU has 10 cores!
HINT: -nt AUTO will automatically determine the best number of threads to use.

Reading alignment file /Users/bushrakhan/Desktop/NIPGR-data/MADS-box-Evolutionary-gene-detection/Simultaneous_Phylogenetic_Analysis/Results/Alignments/Helianthus_annuuss_ClustalO.fa ... Fasta format detected
Reading fasta file: done in 0.00209403 secs using 91.45% CPU
Alignment most likely contains protein sequences
Constructing alignment: done in 0.000862122 secs using 77.14% CPU
WARNING: 1 sites contain only gaps or ambiguous characters.
Alignment has 58 sequences with 546 columns, 509 distinct patterns
298 parsimony-informative, 158 singleton sites, 90 constant sites
Analyzing sequences: done in 6.48499e-05 secs using 83.27% CPU
WARNING: 49 sequences contain more than 50% gaps/ambiguity
Checking for duplicate sequences: done in 0.000166893 secs using 83.89% CPU


Create initial parsimony tree by phylogenetic likelihood library (PLL)... 0.01 seconds
Perform fast likelihood tree search using LG+I+G model...
Estimate model parameters (epsilon = 5.00)
Perform nearest neighbor interchange...
Optimizing NNI: done in 0.858909 secs using 99.89% CPU
Estimate model parameters (epsilon = 1.00)
1. Initial log-likelihood: -20682.25
Optimal log-likelihood: -20682.13
Proportion of invariable sites: 0.02
Gamma shape alpha: 1.17
Parameters optimization took 1 rounds (0.29 sec)
Time for fast ML tree search: 2.60 seconds

NOTE: ModelFinder requires 47 MB RAM!
ModelFinder will test up to 1232 protein models (sample size: 546) ...
 No. Model         -LnL         df  AIC          AICc         BIC
  1  LG            21588.758    113 43403.516    43463.155    43889.712
  2  LG+I          21427.331    114 43082.661    43143.497    43573.160
  3  LG+G4         20698.977    114 41625.953    41686.789    42116.452
  4  LG+I+G4       20682.139    115 41594.279    41656.325    42089.080
  5  LG+R2         20805.138    115 41840.277    41902.323    42335.078
  6  LG+R3         20684.830    117 41603.659    41668.173    42107.065
  7  LG+R4         20652.946    119 41543.893    41610.935    42055.905
  8  LG+R5         20643.912    121 41529.825    41599.457    42050.442
  9  LG+R6         20641.812    123 41529.623    41601.908    42058.846
 14  LG+I+R2       20718.393    116 41668.787    41732.059    42167.890
 15  LG+I+R3       20627.077    118 41490.154    41555.924    41997.863
 16  LG+I+R4       20606.723    120 41453.446    41521.775    41969.760
 17  LG+I+R5       20599.713    122 41443.425    41514.376    41968.345
 18  LG+I+R6       20597.488    124 41442.976    41516.611    41976.501
 38  LG+F+I+R4     20576.890    139 41431.781    41527.643    42029.845
 39  LG+F+I+R5     20571.331    141 41424.663    41523.782    42031.332
 60  WAG+I+R4      20683.722    120 41607.444    41675.773    42123.758
 61  WAG+I+R5      20681.394    122 41606.788    41677.739    42131.708
 82  WAG+F+I+R4    20664.344    139 41606.688    41702.550    42204.752
 83  WAG+F+I+R5    20662.377    141 41606.755    41705.873    42213.424
104  JTT+I+R4      20512.081    120 41264.161    41332.490    41780.475
105  JTT+I+R5      20505.823    122 41255.645    41326.596    41780.565
126  JTT+F+I+R4    20454.021    139 41186.042    41281.904    41784.106
127  JTT+F+I+R5    20448.674    141 41179.348    41278.467    41786.017
WARNING: Normalizing state frequencies so that sum of them equals to 1
148  Q.pfam+I+R4   20619.627    120 41479.254    41547.584    41995.569
WARNING: Normalizing state frequencies so that sum of them equals to 1
149  Q.pfam+I+R5   20612.367    122 41468.734    41539.685    41993.654
WARNING: Normalizing state frequencies so that sum of them equals to 1
150  Q.pfam+I+R6   20611.154    124 41470.308    41543.942    42003.833
WARNING: Normalizing state frequencies so that sum of them equals to 1
170  Q.pfam+F+I+R4 20556.784    139 41391.569    41487.431    41989.633
WARNING: Normalizing state frequencies so that sum of them equals to 1
171  Q.pfam+F+I+R5 20552.316    141 41386.632    41485.751    41993.301
WARNING: Normalizing state frequencies so that sum of them equals to 1
192  Q.bird+I+R4   20629.330    120 41498.660    41566.989    42014.974
WARNING: Normalizing state frequencies so that sum of them equals to 1
193  Q.bird+I+R5   20627.665    122 41499.330    41570.280    42024.249
WARNING: Normalizing state frequencies so that sum of them equals to 1
214  Q.bird+F+I+R4 20542.555    139 41363.110    41458.972    41961.174
WARNING: Normalizing state frequencies so that sum of them equals to 1
215  Q.bird+F+I+R5 20542.014    141 41366.027    41465.146    41972.696
WARNING: Normalizing state frequencies so that sum of them equals to 1
236  Q.mammal+I+R4 20563.971    120 41367.942    41436.272    41884.256
WARNING: Normalizing state frequencies so that sum of them equals to 1
237  Q.mammal+I+R5 20562.623    122 41369.246    41440.196    41894.165
WARNING: Normalizing state frequencies so that sum of them equals to 1
258  Q.mammal+F+I+R4 20458.235    139 41194.470    41290.332    41792.534
WARNING: Normalizing state frequencies so that sum of them equals to 1
259  Q.mammal+F+I+R5 20457.917    141 41197.835    41296.954    41804.504
280  Q.insect+I+R4 20450.008    120 41140.017    41208.346    41656.331
281  Q.insect+I+R5 20447.093    122 41138.186    41209.137    41663.106
302  Q.insect+F+I+R4 20391.447    139 41060.894    41156.756    41658.958
303  Q.insect+F+I+R5 20387.693    141 41057.387    41156.506    41664.056
WARNING: Normalizing state frequencies so that sum of them equals to 1
324  Q.plant+I+R4  20506.879    120 41253.758    41322.087    41770.072
WARNING: Normalizing state frequencies so that sum of them equals to 1
325  Q.plant+I+R5  20501.225    122 41246.451    41317.401    41771.370
WARNING: Normalizing state frequencies so that sum of them equals to 1
346  Q.plant+F+I+R4 20429.161    139 41136.322    41232.184    41734.386
WARNING: Normalizing state frequencies so that sum of them equals to 1
347  Q.plant+F+I+R5 20425.711    141 41133.422    41232.541    41740.091
WARNING: Normalizing state frequencies so that sum of them equals to 1
368  Q.yeast+I+R4  20568.325    120 41376.650    41444.980    41892.965
WARNING: Normalizing state frequencies so that sum of them equals to 1
369  Q.yeast+I+R5  20562.000    122 41367.999    41438.950    41892.919
WARNING: Normalizing state frequencies so that sum of them equals to 1
370  Q.yeast+I+R6  20561.565    124 41371.130    41444.764    41904.654
WARNING: Normalizing state frequencies so that sum of them equals to 1
390  Q.yeast+F+I+R4 20467.410    139 41212.819    41308.681    41810.883
WARNING: Normalizing state frequencies so that sum of them equals to 1
391  Q.yeast+F+I+R5 20461.667    141 41205.334    41304.453    41812.004
412  JTTDCMut+I+R4 20512.968    120 41265.937    41334.266    41782.251
413  JTTDCMut+I+R5 20509.926    122 41263.851    41334.801    41788.771
434  JTTDCMut+F+I+R4 20456.380    139 41190.761    41286.623    41788.825
435  JTTDCMut+F+I+R5 20453.986    141 41189.972    41289.091    41796.641
456  DCMut+I+R4    20781.874    120 41803.749    41872.078    42320.063
457  DCMut+I+R5    20771.596    122 41787.193    41858.143    42312.112
458  DCMut+I+R6    20771.118    124 41790.236    41863.870    42323.761
478  DCMut+F+I+R4  20648.254    139 41574.508    41670.370    42172.572
479  DCMut+F+I+R5  20643.690    141 41569.379    41668.498    42176.048
500  VT+I+R4       20623.143    120 41486.287    41554.616    42002.601
501  VT+I+R5       20620.749    122 41485.498    41556.449    42010.418
522  VT+F+I+R4     20614.373    139 41506.746    41602.608    42104.810
523  VT+F+I+R5     20613.030    141 41508.061    41607.180    42114.730
544  PMB+I+R4      20832.212    120 41904.424    41972.753    42420.738
545  PMB+I+R5      20828.740    122 41901.479    41972.429    42426.399
566  PMB+F+I+R4    20820.212    139 41918.423    42014.285    42516.487
567  PMB+F+I+R5    20818.383    141 41918.766    42017.884    42525.435
588  Blosum62+I+R4 20837.630    120 41915.260    41983.589    42431.574
589  Blosum62+I+R5 20834.125    122 41912.249    41983.200    42437.169
610  Blosum62+F+I+R4 20846.310    139 41970.619    42066.481    42568.683
611  Blosum62+F+I+R5 20845.503    141 41973.006    42072.125    42579.675
632  Dayhoff+I+R4  20782.181    120 41804.362    41872.692    42320.677
633  Dayhoff+I+R5  20771.607    122 41787.214    41858.164    42312.133
634  Dayhoff+I+R6  20771.006    124 41790.013    41863.647    42323.538
654  Dayhoff+F+I+R4 20648.367    139 41574.734    41670.596    42172.798
655  Dayhoff+F+I+R5 20643.975    141 41569.950    41669.069    42176.620
676  mtREV+I+R4    21384.420    120 43008.840    43077.169    43525.154
677  mtREV+I+R5    21373.181    122 42990.361    43061.311    43515.281
678  mtREV+I+R6    21372.723    124 42993.445    43067.080    43526.970
698  mtREV+F+I+R4  20833.910    139 41945.820    42041.682    42543.884
699  mtREV+F+I+R5  20821.796    141 41925.592    42024.711    42532.261
700  mtREV+F+I+R6  20819.866    143 41925.733    42028.181    42541.008
720  mtART+I+R4    21616.607    120 43473.214    43541.543    43989.528
721  mtART+I+R5    21599.942    122 43443.884    43514.834    43968.803
WARNING: Log-likelihood -21608 of mtART+I+R6 worse than mtART+I+R5 -21599.9
722  mtART+I+R6    21608.036    124 43464.072    43537.706    43997.597
742  mtART+F+I+R4  20935.217    139 42148.435    42244.297    42746.499
743  mtART+F+I+R5  20908.021    141 42098.042    42197.161    42704.711
744  mtART+F+I+R6  20904.741    143 42095.482    42197.930    42710.756
764  mtZOA+I+R4    21242.429    120 42724.858    42793.188    43241.173
765  mtZOA+I+R5    21223.232    122 42690.465    42761.415    43215.384
766  mtZOA+I+R6    21219.869    124 42687.739    42761.373    43221.264
786  mtZOA+F+I+R4  20752.395    139 41782.790    41878.652    42380.854
787  mtZOA+F+I+R5  20737.059    141 41756.117    41855.236    42362.787
788  mtZOA+F+I+R6  20735.751    143 41757.501    41859.949    42372.776
808  mtMet+I+R4    21295.028    120 42830.057    42898.386    43346.371
809  mtMet+I+R5    21292.695    122 42829.389    42900.339    43354.309
830  mtMet+F+I+R4  20649.420    139 41576.840    41672.702    42174.904
831  mtMet+F+I+R5  20641.795    141 41565.590    41664.709    42172.259
832  mtMet+F+I+R6  20641.123    143 41568.246    41670.694    42183.521
852  mtVer+I+R4    21368.728    120 42977.456    43045.785    43493.770
853  mtVer+I+R5    21366.090    122 42976.180    43047.130    43501.100
874  mtVer+F+I+R4  20824.137    139 41926.273    42022.135    42524.337
875  mtVer+F+I+R5  20816.176    141 41914.352    42013.471    42521.022
876  mtVer+F+I+R6  20814.615    143 41915.229    42017.677    42530.504
896  mtInv+I+R4    21497.190    120 43234.379    43302.709    43750.694
897  mtInv+I+R5    21494.031    122 43232.063    43303.013    43756.982
918  mtInv+F+I+R4  20620.526    139 41519.051    41614.914    42117.116
919  mtInv+F+I+R5  20612.988    141 41507.977    41607.095    42114.646
920  mtInv+F+I+R6  20612.628    143 41511.256    41613.704    42126.531
940  mtMAM+I+R4    21648.841    120 43537.683    43606.012    44053.997
941  mtMAM+I+R5    21634.622    122 43513.244    43584.194    44038.164
942  mtMAM+I+R6    21630.892    124 43509.785    43583.419    44043.310
962  mtMAM+F+I+R4  21024.854    139 42327.709    42423.571    42925.773
963  mtMAM+F+I+R5  21006.851    141 42295.701    42394.820    42902.371
964  mtMAM+F+I+R6  21002.540    143 42291.079    42393.527    42906.354
WARNING: Normalizing state frequencies so that sum of them equals to 1
984  FLAVI+I+R4    21071.154    120 42382.308    42450.638    42898.623
WARNING: Normalizing state frequencies so that sum of them equals to 1
985  FLAVI+I+R5    21062.213    122 42368.427    42439.377    42893.346
WARNING: Normalizing state frequencies so that sum of them equals to 1
986  FLAVI+I+R6    21060.816    124 42369.632    42443.266    42903.156
WARNING: Normalizing state frequencies so that sum of them equals to 1
1006  FLAVI+F+I+R4  20850.908    139 41979.816    42075.678    42577.880
WARNING: Normalizing state frequencies so that sum of them equals to 1
1007  FLAVI+F+I+R5  20838.423    141 41958.846    42057.964    42565.515
WARNING: Normalizing state frequencies so that sum of them equals to 1
1008  FLAVI+F+I+R6  20838.136    143 41962.273    42064.721    42577.547
1028  HIVb+I+R4     20766.108    120 41772.216    41840.545    42288.530
1029  HIVb+I+R5     20761.049    122 41766.097    41837.048    42291.017
1050  HIVb+F+I+R4   20658.404    139 41594.808    41690.670    42192.872
1051  HIVb+F+I+R5   20653.067    141 41588.134    41687.253    42194.804
1072  HIVw+I+R4     21450.438    120 43140.876    43209.206    43657.191
1073  HIVw+I+R5     21440.526    122 43125.053    43196.003    43649.972
1074  HIVw+I+R6     21438.205    124 43124.410    43198.044    43657.935
1094  HIVw+F+I+R4   21144.097    139 42566.194    42662.056    43164.258
1095  HIVw+F+I+R5   21132.997    141 42547.995    42647.113    43154.664
1096  HIVw+F+I+R6   21130.933    143 42547.866    42650.314    43163.140
1116  FLU+I+R4      20823.272    120 41886.543    41954.873    42402.858
1117  FLU+I+R5      20813.082    122 41870.164    41941.114    42395.083
1118  FLU+I+R6      20811.711    124 41871.422    41945.056    42404.947
1138  FLU+F+I+R4    20788.820    139 41855.641    41951.503    42453.705
1139  FLU+F+I+R5    20778.467    141 41838.935    41938.054    42445.604
1140  FLU+F+I+R6    20777.283    143 41840.566    41943.013    42455.840
1160  rtREV+I+R4    20753.823    120 41747.647    41815.976    42263.961
1161  rtREV+I+R5    20749.307    122 41742.613    41813.564    42267.533
1182  rtREV+F+I+R4  20646.072    139 41570.144    41666.006    42168.208
1183  rtREV+F+I+R5  20643.162    141 41568.323    41667.442    42174.992
1204  cpREV+I+R4    20780.843    120 41801.686    41870.015    42318.000
1205  cpREV+I+R5    20772.212    122 41788.423    41859.373    42313.343
WARNING: Log-likelihood -20779.1 of cpREV+I+R6 worse than cpREV+I+R5 -20772.2
1206  cpREV+I+R6    20779.061    124 41806.122    41879.756    42339.647
1226  cpREV+F+I+R4  20821.725    139 41921.451    42017.313    42519.515
1227  cpREV+F+I+R5  20814.343    141 41910.687    42009.806    42517.356
WARNING: Log-likelihood -20819.3 of cpREV+F+I+R6 worse than cpREV+F+I+R5 -20814.3
1228  cpREV+F+I+R6  20819.316    143 41924.633    42027.081    42539.907
Akaike Information Criterion:           Q.insect+F+I+R5
Corrected Akaike Information Criterion: Q.insect+F+I+R5
Bayesian Information Criterion:         Q.insect+I+R4
Best-fit model: Q.insect+I+R4 chosen according to BIC

All model information printed to /Users/bushrakhan/Desktop/NIPGR-data/MADS-box-Evolutionary-gene-detection/Simultaneous_Phylogenetic_Analysis/Results/Trees/Bayes/Helianthus_annuuss_ClustalO_Bayes.model.gz
CPU time for ModelFinder: 2652.563 seconds (0h:44m:12s)
Wall-clock time for ModelFinder: 2655.805 seconds (0h:44m:15s)

NOTE: 19 MB RAM (0 GB) is required!
Estimate model parameters (epsilon = 0.500)
1. Initial log-likelihood: -20450.008
Optimal log-likelihood: -20449.963
Proportion of invariable sites: 0.165
Site proportion and rates:  (0.055,0.070) (0.160,0.256) (0.269,0.695) (0.516,1.490)
Parameters optimization took 1 rounds (1.728 sec)
Wrote distance file to... 
Computing ML distances based on estimated model parameters...
Calculating distance matrix: done in 0.356619 secs using 99.84% CPU
Computing ML distances took 0.356851 sec (of wall-clock time) 0.356235 sec (of CPU time)
Setting up auxiliary I and S matrices: done in 0.000134945 secs using 123% CPU
Constructing RapidNJ tree: done in 0.000283957 secs using 178.2% CPU
Computing RapidNJ tree took 0.000482 sec (of wall-clock time) 0.000768 sec (of CPU time)
Log-likelihood of RapidNJ tree: -20478.621
--------------------------------------------------------------------
|             INITIALIZING CANDIDATE TREE SET                      |
--------------------------------------------------------------------

Do NNI search on 2 best initial trees
Optimizing NNI: done in 0.378022 secs using 99.9% CPU
Optimizing NNI: done in 1.37581 secs using 99.91% CPU
Finish initializing candidate tree set (3)
Current best tree score: -20449.963 / CPU time: 1.830
Number of iterations: 2
TREE SEARCH COMPLETED AFTER 2 ITERATIONS / Time: 0h:0m:4s

--------------------------------------------------------------------
|                    FINALIZING TREE SEARCH                        |
--------------------------------------------------------------------
Performs final model parameters optimization
Estimate model parameters (epsilon = 0.050)
1. Initial log-likelihood: -20449.963
Optimal log-likelihood: -20449.918
Proportion of invariable sites: 0.165
Site proportion and rates:  (0.055,0.069) (0.160,0.255) (0.267,0.692) (0.518,1.489)
Parameters optimization took 1 rounds (1.740 sec)
BEST SCORE FOUND : -20449.918

Testing tree branches by SH-like aLRT with 1000 replicates...
Testing tree branches by aBayes parametric test...
0.941 sec.
Total tree length: 42.274

Total number of iterations: 2
CPU time used for tree search: 1.828 sec (0h:0m:1s)
Wall-clock time used for tree search: 1.830 sec (0h:0m:1s)
Total CPU time used: 7.372 sec (0h:0m:7s)
Total wall-clock time used: 7.191 sec (0h:0m:7s)

Analysis results written to: 
  IQ-TREE report:                /Users/bushrakhan/Desktop/NIPGR-data/MADS-box-Evolutionary-gene-detection/Simultaneous_Phylogenetic_Analysis/Results/Trees/Bayes/Helianthus_annuuss_ClustalO_Bayes.iqtree
  Maximum-likelihood tree:       /Users/bushrakhan/Desktop/NIPGR-data/MADS-box-Evolutionary-gene-detection/Simultaneous_Phylogenetic_Analysis/Results/Trees/Bayes/Helianthus_annuuss_ClustalO_Bayes.treefile
  Likelihood distances:          /Users/bushrakhan/Desktop/NIPGR-data/MADS-box-Evolutionary-gene-detection/Simultaneous_Phylogenetic_Analysis/Results/Trees/Bayes/Helianthus_annuuss_ClustalO_Bayes.mldist
  Screen log file:               /Users/bushrakhan/Desktop/NIPGR-data/MADS-box-Evolutionary-gene-detection/Simultaneous_Phylogenetic_Analysis/Results/Trees/Bayes/Helianthus_annuuss_ClustalO_Bayes.log

Date and Time: Sun Apr  5 07:01:55 2026
