IQ-TREE multicore version 2.2.2.7 COVID-edition for Mac OS X 64-bit built May 30 2023
Developed by Bui Quang Minh, James Barbetti, Nguyen Lam Tung,
Olga Chernomor, Heiko Schmidt, Dominik Schrempf, Michael Woodhams, Ly Trong Nhan.

Host:    Bushras-MacBook-Air.local (SSE4.2, 16 GB RAM)
Command: /Users/bushrakhan/Desktop/NIPGR-data/MADS-box-Evolutionary-gene-detection/Advanced_Phylogenetic_Pipeline/Uploads/scripts/iqtree2 -s /Users/bushrakhan/Desktop/NIPGR-data/MADS-box-Evolutionary-gene-detection/Simultaneous_Phylogenetic_Analysis/Results/Alignments/Helianthus_annuuss_MUSCLE.fa -fast -alrt 1000 -abayes -pre /Users/bushrakhan/Desktop/NIPGR-data/MADS-box-Evolutionary-gene-detection/Simultaneous_Phylogenetic_Analysis/Results/Trees/Bayes/Helianthus_annuuss_MUSCLE_Bayes -redo
Seed:    192461 (Using SPRNG - Scalable Parallel Random Number Generator)
Time:    Sun Apr  5 05:51:14 2026
Kernel:  SSE2 - 1 threads (10 CPU cores detected)

HINT: Use -nt option to specify number of threads because your CPU has 10 cores!
HINT: -nt AUTO will automatically determine the best number of threads to use.

Reading alignment file /Users/bushrakhan/Desktop/NIPGR-data/MADS-box-Evolutionary-gene-detection/Simultaneous_Phylogenetic_Analysis/Results/Alignments/Helianthus_annuuss_MUSCLE.fa ... Fasta format detected
Reading fasta file: done in 0.00260615 secs using 89.71% CPU
Alignment most likely contains protein sequences
Constructing alignment: done in 0.00123096 secs using 77.58% CPU
WARNING: 1 sites contain only gaps or ambiguous characters.
Alignment has 58 sequences with 801 columns, 573 distinct patterns
280 parsimony-informative, 136 singleton sites, 385 constant sites
Analyzing sequences: done in 7.10487e-05 secs using 83.04% CPU
WARNING: 57 sequences contain more than 50% gaps/ambiguity
Checking for duplicate sequences: done in 0.000174999 secs using 84.57% CPU


Create initial parsimony tree by phylogenetic likelihood library (PLL)... 0.01 seconds
Perform fast likelihood tree search using LG+I+G model...
Estimate model parameters (epsilon = 5.00)
Perform nearest neighbor interchange...
Optimizing NNI: done in 1.27802 secs using 99.78% CPU
Estimate model parameters (epsilon = 1.00)
1. Initial log-likelihood: -20811.09
Optimal log-likelihood: -20810.15
Proportion of invariable sites: 0.03
Gamma shape alpha: 1.04
Parameters optimization took 1 rounds (0.32 sec)
Time for fast ML tree search: 3.22 seconds

NOTE: ModelFinder requires 53 MB RAM!
ModelFinder will test up to 1232 protein models (sample size: 801) ...
 No. Model         -LnL         df  AIC          AICc         BIC
  1  LG            21743.361    113 43712.722    43750.224    44242.224
  2  LG+I          21581.258    114 43390.516    43428.738    43924.704
  3  LG+G4         20823.632    114 41875.264    41913.486    42409.452
  4  LG+I+G4       20809.712    115 41849.425    41888.374    42388.299
  5  LG+R2         20957.104    115 42144.208    42183.157    42683.082
  6  LG+R3         20836.915    117 41907.830    41948.257    42456.076
  7  LG+R4         20788.994    119 41815.987    41857.926    42373.605
  8  LG+R5         20777.969    121 41797.938    41841.420    42364.927
  9  LG+R6         20775.618    123 41797.236    41842.294    42373.597
 14  LG+I+R2       20719.942    116 41671.885    41711.569    42215.445
 15  LG+I+R3       20631.722    118 41499.445    41540.624    42052.376
 16  LG+I+R4       20592.674    120 41425.347    41468.053    41987.650
 17  LG+I+R5       20582.990    122 41409.981    41454.246    41981.656
 18  LG+I+R6       20582.936    124 41413.872    41459.730    41994.919
 38  LG+F+I+R4     20564.697    139 41407.395    41466.275    42058.729
 39  LG+F+I+R5     20555.332    141 41392.664    41453.429    42053.371
 60  WAG+I+R4      20659.972    120 41559.943    41602.649    42122.246
 61  WAG+I+R5      20654.084    122 41552.168    41596.434    42123.843
 82  WAG+F+I+R4    20637.479    139 41552.957    41611.838    42204.292
 83  WAG+F+I+R5    20632.014    141 41546.029    41606.793    42206.735
104  JTT+I+R4      20492.833    120 41225.665    41268.371    41787.969
105  JTT+I+R5      20485.809    122 41215.618    41259.884    41787.293
126  JTT+F+I+R4    20440.877    139 41159.753    41218.634    41811.088
127  JTT+F+I+R5    20432.775    141 41147.549    41208.314    41808.256
WARNING: Normalizing state frequencies so that sum of them equals to 1
148  Q.pfam+I+R4   20599.389    120 41438.779    41481.485    42001.082
WARNING: Normalizing state frequencies so that sum of them equals to 1
149  Q.pfam+I+R5   20592.297    122 41428.594    41472.859    42000.269
WARNING: Normalizing state frequencies so that sum of them equals to 1
170  Q.pfam+F+I+R4 20544.599    139 41367.199    41426.079    42018.533
WARNING: Normalizing state frequencies so that sum of them equals to 1
171  Q.pfam+F+I+R5 20535.848    141 41353.697    41414.462    42014.403
WARNING: Normalizing state frequencies so that sum of them equals to 1
192  Q.bird+I+R4   20601.051    120 41442.101    41484.807    42004.405
WARNING: Normalizing state frequencies so that sum of them equals to 1
193  Q.bird+I+R5   20593.296    122 41430.592    41474.857    42002.267
WARNING: Normalizing state frequencies so that sum of them equals to 1
214  Q.bird+F+I+R4 20526.043    139 41330.085    41388.966    41981.420
WARNING: Normalizing state frequencies so that sum of them equals to 1
215  Q.bird+F+I+R5 20518.454    141 41318.908    41379.673    41979.614
WARNING: Normalizing state frequencies so that sum of them equals to 1
236  Q.mammal+I+R4 20538.561    120 41317.121    41359.827    41879.424
WARNING: Normalizing state frequencies so that sum of them equals to 1
237  Q.mammal+I+R5 20531.540    122 41307.080    41351.346    41878.756
WARNING: Normalizing state frequencies so that sum of them equals to 1
258  Q.mammal+F+I+R4 20445.085    139 41168.170    41227.050    41819.505
WARNING: Normalizing state frequencies so that sum of them equals to 1
259  Q.mammal+F+I+R5 20438.992    141 41159.985    41220.750    41820.691
280  Q.insect+I+R4 20456.089    120 41152.179    41194.885    41714.482
281  Q.insect+I+R5 20446.867    122 41137.734    41182.000    41709.409
302  Q.insect+F+I+R4 20387.692    139 41053.384    41112.265    41704.719
303  Q.insect+F+I+R5 20376.775    141 41035.550    41096.315    41696.256
WARNING: Normalizing state frequencies so that sum of them equals to 1
324  Q.plant+I+R4  20498.035    120 41236.070    41278.776    41798.373
WARNING: Normalizing state frequencies so that sum of them equals to 1
325  Q.plant+I+R5  20488.163    122 41220.327    41264.592    41792.002
WARNING: Normalizing state frequencies so that sum of them equals to 1
346  Q.plant+F+I+R4 20422.127    139 41122.254    41181.135    41773.589
WARNING: Normalizing state frequencies so that sum of them equals to 1
347  Q.plant+F+I+R5 20410.335    141 41102.669    41163.434    41763.376
WARNING: Normalizing state frequencies so that sum of them equals to 1
368  Q.yeast+I+R4  20572.155    120 41384.311    41427.016    41946.614
WARNING: Normalizing state frequencies so that sum of them equals to 1
369  Q.yeast+I+R5  20563.587    122 41371.173    41415.439    41942.848
WARNING: Normalizing state frequencies so that sum of them equals to 1
390  Q.yeast+F+I+R4 20462.693    139 41203.387    41262.267    41854.722
WARNING: Normalizing state frequencies so that sum of them equals to 1
391  Q.yeast+F+I+R5 20453.459    141 41188.917    41249.682    41849.624
412  JTTDCMut+I+R4 20498.069    120 41236.139    41278.845    41798.442
413  JTTDCMut+I+R5 20491.054    122 41226.107    41270.373    41797.782
434  JTTDCMut+F+I+R4 20446.425    139 41170.850    41229.731    41822.185
435  JTTDCMut+F+I+R5 20438.472    141 41158.943    41219.708    41819.649
456  DCMut+I+R4    20768.477    120 41776.955    41819.661    42339.258
457  DCMut+I+R5    20757.211    122 41758.422    41802.688    42330.097
478  DCMut+F+I+R4  20625.965    139 41529.930    41588.811    42181.265
479  DCMut+F+I+R5  20618.897    141 41519.793    41580.558    42180.500
500  VT+I+R4       20598.824    120 41437.648    41480.354    41999.951
501  VT+I+R5       20593.231    122 41430.463    41474.728    42002.138
522  VT+F+I+R4     20591.926    139 41461.852    41520.732    42113.186
523  VT+F+I+R5     20586.337    141 41454.674    41515.439    42115.381
544  PMB+I+R4      20798.352    120 41836.704    41879.409    42399.007
545  PMB+I+R5      20793.041    122 41830.081    41874.347    42401.756
566  PMB+F+I+R4    20786.606    139 41851.211    41910.092    42502.546
567  PMB+F+I+R5    20781.689    141 41845.377    41906.142    42506.084
588  Blosum62+I+R4 20814.784    120 41869.568    41912.274    42431.872
589  Blosum62+I+R5 20809.296    122 41862.593    41906.858    42434.268
610  Blosum62+F+I+R4 20817.724    139 41913.448    41972.328    42564.783
611  Blosum62+F+I+R5 20813.412    141 41908.823    41969.588    42569.530
632  Dayhoff+I+R4  20768.534    120 41777.069    41819.775    42339.372
633  Dayhoff+I+R5  20757.231    122 41758.463    41802.728    42330.138
654  Dayhoff+F+I+R4 20626.057    139 41530.115    41588.995    42181.449
655  Dayhoff+F+I+R5 20618.968    141 41519.937    41580.702    42180.643
676  mtREV+I+R4    21363.535    120 42967.070    43009.775    43529.373
677  mtREV+I+R5    21345.681    122 42935.362    42979.627    43507.037
698  mtREV+F+I+R4  20818.001    139 41914.001    41972.882    42565.336
699  mtREV+F+I+R5  20806.894    141 41895.788    41956.552    42556.494
720  mtART+I+R4    21605.506    120 43451.012    43493.718    44013.316
721  mtART+I+R5    21585.894    122 43415.788    43460.053    43987.463
742  mtART+F+I+R4  20942.289    139 42162.577    42221.458    42813.912
743  mtART+F+I+R5  20920.080    141 42122.159    42182.924    42782.865
764  mtZOA+I+R4    21232.862    120 42705.723    42748.429    43268.027
765  mtZOA+I+R5    21213.864    122 42671.728    42715.994    43243.403
786  mtZOA+F+I+R4  20755.365    139 41788.730    41847.610    42440.065
787  mtZOA+F+I+R5  20742.504    141 41767.009    41827.773    42427.715
808  mtMet+I+R4    21284.700    120 42809.400    42852.106    43371.704
809  mtMet+I+R5    21276.950    122 42797.901    42842.166    43369.576
830  mtMet+F+I+R4  20648.128    139 41574.256    41633.136    42225.590
831  mtMet+F+I+R5  20639.188    141 41560.377    41621.141    42221.083
852  mtVer+I+R4    21357.848    120 42955.696    42998.402    43518.000
853  mtVer+I+R5    21346.522    122 42937.044    42981.310    43508.719
874  mtVer+F+I+R4  20820.192    139 41918.384    41977.265    42569.719
875  mtVer+F+I+R5  20809.721    141 41901.442    41962.207    42562.148
896  mtInv+I+R4    21494.424    120 43228.847    43271.553    43791.151
897  mtInv+I+R5    21486.964    122 43217.929    43262.194    43789.604
918  mtInv+F+I+R4  20614.980    139 41507.960    41566.840    42159.294
919  mtInv+F+I+R5  20607.689    141 41497.378    41558.142    42158.084
940  mtMAM+I+R4    21614.089    120 43468.178    43510.884    44030.482
941  mtMAM+I+R5    21588.812    122 43421.624    43465.889    43993.299
962  mtMAM+F+I+R4  21014.974    139 42307.947    42366.828    42959.282
963  mtMAM+F+I+R5  20992.760    141 42267.520    42328.285    42928.227
WARNING: Normalizing state frequencies so that sum of them equals to 1
984  FLAVI+I+R4    21052.131    120 42344.263    42386.969    42906.566
WARNING: Normalizing state frequencies so that sum of them equals to 1
985  FLAVI+I+R5    21031.216    122 42306.433    42350.698    42878.108
WARNING: Normalizing state frequencies so that sum of them equals to 1
1006  FLAVI+F+I+R4  20830.860    139 41939.720    41998.600    42591.054
WARNING: Normalizing state frequencies so that sum of them equals to 1
1007  FLAVI+F+I+R5  20809.024    141 41900.049    41960.813    42560.755
1028  HIVb+I+R4     20750.286    120 41740.572    41783.278    42302.876
1029  HIVb+I+R5     20733.151    122 41710.303    41754.568    42281.978
1050  HIVb+F+I+R4   20647.671    139 41573.342    41632.222    42224.677
1051  HIVb+F+I+R5   20629.851    141 41541.702    41602.467    42202.408
1072  HIVw+I+R4     21420.178    120 43080.357    43123.063    43642.660
1073  HIVw+I+R5     21404.926    122 43053.853    43098.118    43625.528
1094  HIVw+F+I+R4   21096.187    139 42470.373    42529.254    43121.708
1095  HIVw+F+I+R5   21077.679    141 42437.357    42498.122    43098.064
1116  FLU+I+R4      20796.367    120 41832.734    41875.440    42395.037
1117  FLU+I+R5      20783.425    122 41810.850    41855.116    42382.525
1138  FLU+F+I+R4    20761.848    139 41801.695    41860.576    42453.030
1139  FLU+F+I+R5    20744.636    141 41771.273    41832.037    42431.979
1160  rtREV+I+R4    20734.123    120 41708.246    41750.952    42270.549
1161  rtREV+I+R5    20726.455    122 41696.911    41741.176    42268.586
1182  rtREV+F+I+R4  20638.498    139 41554.996    41613.876    42206.330
1183  rtREV+F+I+R5  20629.671    141 41541.342    41602.107    42202.049
1204  cpREV+I+R4    20767.173    120 41774.347    41817.053    42336.650
1205  cpREV+I+R5    20758.912    122 41761.825    41806.090    42333.500
1226  cpREV+F+I+R4  20802.630    139 41883.260    41942.141    42534.595
1227  cpREV+F+I+R5  20795.890    141 41873.780    41934.545    42534.487
Akaike Information Criterion:           Q.insect+F+I+R5
Corrected Akaike Information Criterion: Q.insect+F+I+R5
Bayesian Information Criterion:         Q.insect+F+I+R5
Best-fit model: Q.insect+F+I+R5 chosen according to BIC

All model information printed to /Users/bushrakhan/Desktop/NIPGR-data/MADS-box-Evolutionary-gene-detection/Simultaneous_Phylogenetic_Analysis/Results/Trees/Bayes/Helianthus_annuuss_MUSCLE_Bayes.model.gz
CPU time for ModelFinder: 1561.833 seconds (0h:26m:1s)
Wall-clock time for ModelFinder: 1565.309 seconds (0h:26m:5s)

NOTE: 26 MB RAM (0 GB) is required!
Estimate model parameters (epsilon = 0.500)
1. Initial log-likelihood: -20376.775
Optimal log-likelihood: -20376.764
Proportion of invariable sites: 0.481
Site proportion and rates:  (0.051,0.053) (0.167,0.226) (0.186,0.515) (0.350,1.066) (0.246,1.992)
Parameters optimization took 1 rounds (3.336 sec)
Wrote distance file to... 
Computing ML distances based on estimated model parameters...
Calculating distance matrix: done in 0.61251 secs using 99.72% CPU
Computing ML distances took 0.612779 sec (of wall-clock time) 0.611013 sec (of CPU time)
WARNING: Some pairwise ML distances are too long (saturated)
Setting up auxiliary I and S matrices: done in 0.000126839 secs using 108.8% CPU
Constructing RapidNJ tree: done in 0.00028491 secs using 179.4% CPU
Computing RapidNJ tree took 0.000481 sec (of wall-clock time) 0.000746 sec (of CPU time)
Log-likelihood of RapidNJ tree: -20426.536
--------------------------------------------------------------------
|             INITIALIZING CANDIDATE TREE SET                      |
--------------------------------------------------------------------

Do NNI search on 2 best initial trees
Optimizing NNI: done in 0.714448 secs using 99.9% CPU
Estimate model parameters (epsilon = 0.500)
BETTER TREE FOUND at iteration 1: -20375.654
Optimizing NNI: done in 1.48251 secs using 99.91% CPU
Finish initializing candidate tree set (4)
Current best tree score: -20375.654 / CPU time: 5.096
Number of iterations: 2
TREE SEARCH COMPLETED AFTER 2 ITERATIONS / Time: 0h:0m:10s

--------------------------------------------------------------------
|                    FINALIZING TREE SEARCH                        |
--------------------------------------------------------------------
Performs final model parameters optimization
Estimate model parameters (epsilon = 0.050)
1. Initial log-likelihood: -20375.654
Optimal log-likelihood: -20375.653
Proportion of invariable sites: 0.481
Site proportion and rates:  (0.051,0.052) (0.167,0.225) (0.186,0.513) (0.350,1.068) (0.247,1.991)
Parameters optimization took 1 rounds (1.766 sec)
BEST SCORE FOUND : -20375.653

Testing tree branches by SH-like aLRT with 1000 replicates...
Testing tree branches by aBayes parametric test...
1.138 sec.
Total tree length: 45.286

Total number of iterations: 2
CPU time used for tree search: 5.090 sec (0h:0m:5s)
Wall-clock time used for tree search: 5.097 sec (0h:0m:5s)
Total CPU time used: 13.148 sec (0h:0m:13s)
Total wall-clock time used: 12.979 sec (0h:0m:12s)

Analysis results written to: 
  IQ-TREE report:                /Users/bushrakhan/Desktop/NIPGR-data/MADS-box-Evolutionary-gene-detection/Simultaneous_Phylogenetic_Analysis/Results/Trees/Bayes/Helianthus_annuuss_MUSCLE_Bayes.iqtree
  Maximum-likelihood tree:       /Users/bushrakhan/Desktop/NIPGR-data/MADS-box-Evolutionary-gene-detection/Simultaneous_Phylogenetic_Analysis/Results/Trees/Bayes/Helianthus_annuuss_MUSCLE_Bayes.treefile
  Likelihood distances:          /Users/bushrakhan/Desktop/NIPGR-data/MADS-box-Evolutionary-gene-detection/Simultaneous_Phylogenetic_Analysis/Results/Trees/Bayes/Helianthus_annuuss_MUSCLE_Bayes.mldist
  Screen log file:               /Users/bushrakhan/Desktop/NIPGR-data/MADS-box-Evolutionary-gene-detection/Simultaneous_Phylogenetic_Analysis/Results/Trees/Bayes/Helianthus_annuuss_MUSCLE_Bayes.log

Date and Time: Sun Apr  5 06:17:32 2026
