IQ-TREE multicore version 2.2.2.7 COVID-edition for Mac OS X 64-bit built May 30 2023
Developed by Bui Quang Minh, James Barbetti, Nguyen Lam Tung,
Olga Chernomor, Heiko Schmidt, Dominik Schrempf, Michael Woodhams, Ly Trong Nhan.

Host:    Bushras-MacBook-Air.local (SSE4.2, 16 GB RAM)
Command: /Users/bushrakhan/Desktop/NIPGR-data/MADS-box-Evolutionary-gene-detection/Advanced_Phylogenetic_Pipeline/Uploads/scripts/iqtree2 -s /Users/bushrakhan/Desktop/NIPGR-data/MADS-box-Evolutionary-gene-detection/Simultaneous_Phylogenetic_Analysis/Results/Alignments/Medicago_truncatula_MAFFT.fa -fast -alrt 1000 -abayes -pre /Users/bushrakhan/Desktop/NIPGR-data/MADS-box-Evolutionary-gene-detection/Simultaneous_Phylogenetic_Analysis/Results/Trees/Bayes/Medicago_truncatula_MAFFT_Bayes -redo
Seed:    850036 (Using SPRNG - Scalable Parallel Random Number Generator)
Time:    Sun Apr  5 07:02:07 2026
Kernel:  SSE2 - 1 threads (10 CPU cores detected)

HINT: Use -nt option to specify number of threads because your CPU has 10 cores!
HINT: -nt AUTO will automatically determine the best number of threads to use.

Reading alignment file /Users/bushrakhan/Desktop/NIPGR-data/MADS-box-Evolutionary-gene-detection/Simultaneous_Phylogenetic_Analysis/Results/Alignments/Medicago_truncatula_MAFFT.fa ... Fasta format detected
Reading fasta file: done in 0.00152898 secs using 92.28% CPU
Alignment most likely contains protein sequences
Constructing alignment: done in 0.000678062 secs using 76.84% CPU
Alignment has 39 sequences with 480 columns, 458 distinct patterns
271 parsimony-informative, 126 singleton sites, 83 constant sites
Analyzing sequences: done in 3.38554e-05 secs using 94.52% CPU
WARNING: 19 sequences contain more than 50% gaps/ambiguity
Checking for duplicate sequences: done in 0.000106096 secs using 83.89% CPU


Create initial parsimony tree by phylogenetic likelihood library (PLL)... 0.01 seconds
Perform fast likelihood tree search using LG+I+G model...
Estimate model parameters (epsilon = 5.00)
Perform nearest neighbor interchange...
Optimizing NNI: done in 0.798758 secs using 99.87% CPU
Estimate model parameters (epsilon = 1.00)
1. Initial log-likelihood: -15711.54
Optimal log-likelihood: -15711.49
Proportion of invariable sites: 0.03
Gamma shape alpha: 1.10
Parameters optimization took 1 rounds (0.16 sec)
Time for fast ML tree search: 1.79 seconds

NOTE: ModelFinder requires 28 MB RAM!
ModelFinder will test up to 1232 protein models (sample size: 480) ...
 No. Model         -LnL         df  AIC          AICc         BIC
  1  LG            16413.317    75  32976.633    33004.851    33289.667
  2  LG+I          16234.515    76  32621.030    32650.072    32938.237
  3  LG+G4         15725.312    76  31602.624    31631.666    31919.832
  4  LG+I+G4       15711.484    77  31576.968    31606.849    31898.350
  5  LG+R2         15843.680    77  31841.360    31871.241    32162.742
  6  LG+R3         15737.739    79  31633.477    31665.077    31963.207
  7  LG+R4         15703.437    81  31568.874    31602.251    31906.951
  8  LG+R5         15691.814    83  31549.628    31584.840    31896.052
  9  LG+R6         15691.810    85  31553.621    31590.727    31908.392
 14  LG+I+R2       15745.108    78  31646.216    31676.949    31971.771
 15  LG+I+R3       15672.284    80  31504.568    31537.049    31838.471
 16  LG+I+R4       15647.723    82  31459.446    31493.733    31801.697
 17  LG+I+R5       15647.782    84  31463.564    31499.716    31814.162
 38  LG+F+I+R4     15617.577    101 31437.155    31491.663    31858.707
 60  WAG+I+R4      15732.573    82  31629.145    31663.432    31971.396
 82  WAG+F+I+R4    15711.527    101 31625.054    31679.562    32046.606
104  JTT+I+R4      15640.891    82  31445.783    31480.070    31788.033
126  JTT+F+I+R4    15586.433    101 31374.867    31429.375    31796.419
WARNING: Normalizing state frequencies so that sum of them equals to 1
148  Q.pfam+I+R4   15656.972    82  31477.945    31512.232    31820.195
WARNING: Normalizing state frequencies so that sum of them equals to 1
170  Q.pfam+F+I+R4 15605.474    101 31412.949    31467.457    31834.501
WARNING: Normalizing state frequencies so that sum of them equals to 1
192  Q.bird+I+R4   15745.308    82  31654.617    31688.904    31996.867
WARNING: Normalizing state frequencies so that sum of them equals to 1
214  Q.bird+F+I+R4 15671.763    101 31545.526    31600.034    31967.078
WARNING: Normalizing state frequencies so that sum of them equals to 1
236  Q.mammal+I+R4 15692.715    82  31549.431    31583.718    31891.681
WARNING: Normalizing state frequencies so that sum of them equals to 1
258  Q.mammal+F+I+R4 15607.811    101 31417.622    31472.130    31839.174
280  Q.insect+I+R4 15546.246    82  31256.492    31290.779    31598.743
302  Q.insect+F+I+R4 15495.222    101 31192.444    31246.952    31613.996
WARNING: Normalizing state frequencies so that sum of them equals to 1
324  Q.plant+I+R4  15628.442    82  31420.884    31455.171    31763.135
WARNING: Normalizing state frequencies so that sum of them equals to 1
346  Q.plant+F+I+R4 15555.821    101 31313.642    31368.150    31735.194
WARNING: Normalizing state frequencies so that sum of them equals to 1
368  Q.yeast+I+R4  15615.300    82  31394.601    31428.888    31736.851
WARNING: Normalizing state frequencies so that sum of them equals to 1
390  Q.yeast+F+I+R4 15547.063    101 31296.127    31350.635    31717.679
412  JTTDCMut+I+R4 15643.481    82  31450.961    31485.249    31793.212
434  JTTDCMut+F+I+R4 15590.490    101 31382.980    31437.488    31804.533
456  DCMut+I+R4    15797.390    82  31758.779    31793.067    32101.030
478  DCMut+F+I+R4  15691.491    101 31584.982    31639.490    32006.534
500  VT+I+R4       15692.346    82  31548.691    31582.979    31890.942
522  VT+F+I+R4     15683.352    101 31568.704    31623.212    31990.257
544  PMB+I+R4      15842.952    82  31849.904    31884.191    32192.154
566  PMB+F+I+R4    15825.943    101 31853.886    31908.394    32275.438
588  Blosum62+I+R4 15832.620    82  31829.239    31863.527    32171.490
610  Blosum62+F+I+R4 15831.055    101 31864.109    31918.617    32285.661
632  Dayhoff+I+R4  15797.330    82  31758.660    31792.947    32100.911
654  Dayhoff+F+I+R4 15691.296    101 31584.592    31639.100    32006.144
676  mtREV+I+R4    16285.928    82  32735.857    32770.144    33078.107
698  mtREV+F+I+R4  15840.492    101 31882.984    31937.492    32304.537
720  mtART+I+R4    16367.909    82  32899.817    32934.104    33242.068
742  mtART+F+I+R4  15864.653    101 31931.305    31985.813    32352.858
764  mtZOA+I+R4    16131.529    82  32427.057    32461.344    32769.308
786  mtZOA+F+I+R4  15758.812    101 31719.625    31774.133    32141.177
808  mtMet+I+R4    16216.382    82  32596.764    32631.051    32939.014
830  mtMet+F+I+R4  15728.345    101 31658.690    31713.198    32080.243
852  mtVer+I+R4    16286.419    82  32736.839    32771.126    33079.089
874  mtVer+F+I+R4  15857.008    101 31916.015    31970.523    32337.568
896  mtInv+I+R4    16350.243    82  32864.486    32898.773    33206.736
918  mtInv+F+I+R4  15694.976    101 31591.952    31646.460    32013.505
940  mtMAM+I+R4    16448.877    82  33061.753    33096.040    33404.004
962  mtMAM+F+I+R4  15976.905    101 32155.811    32210.319    32577.363
WARNING: Normalizing state frequencies so that sum of them equals to 1
984  FLAVI+I+R4    16114.046    82  32392.092    32426.380    32734.343
WARNING: Normalizing state frequencies so that sum of them equals to 1
1006  FLAVI+F+I+R4  15896.867    101 31995.735    32050.243    32417.287
1028  HIVb+I+R4     15840.961    82  31845.922    31880.209    32188.172
1050  HIVb+F+I+R4   15735.197    101 31672.393    31726.901    32093.946
1072  HIVw+I+R4     16382.299    82  32928.597    32962.884    33270.848
1094  HIVw+F+I+R4   16121.623    101 32445.246    32499.754    32866.798
1116  FLU+I+R4      15878.901    82  31921.801    31956.089    32264.052
1138  FLU+F+I+R4    15836.547    101 31875.095    31929.603    32296.647
1160  rtREV+I+R4    15750.377    82  31664.754    31699.041    32007.005
1182  rtREV+F+I+R4  15664.346    101 31530.693    31585.201    31952.245
1204  cpREV+I+R4    15826.101    82  31816.202    31850.489    32158.453
1226  cpREV+F+I+R4  15849.773    101 31901.545    31956.053    32323.098
Akaike Information Criterion:           Q.insect+F+I+R4
Corrected Akaike Information Criterion: Q.insect+F+I+R4
Bayesian Information Criterion:         Q.insect+I+R4
Best-fit model: Q.insect+I+R4 chosen according to BIC

All model information printed to /Users/bushrakhan/Desktop/NIPGR-data/MADS-box-Evolutionary-gene-detection/Simultaneous_Phylogenetic_Analysis/Results/Trees/Bayes/Medicago_truncatula_MAFFT_Bayes.model.gz
CPU time for ModelFinder: 330.131 seconds (0h:5m:30s)
Wall-clock time for ModelFinder: 330.550 seconds (0h:5m:30s)

NOTE: 11 MB RAM (0 GB) is required!
Estimate model parameters (epsilon = 0.500)
1. Initial log-likelihood: -15546.246
Optimal log-likelihood: -15546.219
Proportion of invariable sites: 0.173
Site proportion and rates:  (0.126,0.119) (0.252,0.423) (0.374,0.953) (0.248,2.107)
Parameters optimization took 1 rounds (1.000 sec)
Wrote distance file to... 
Computing ML distances based on estimated model parameters...
Calculating distance matrix: done in 0.161175 secs using 99.77% CPU
Computing ML distances took 0.161333 sec (of wall-clock time) 0.160928 sec (of CPU time)
Setting up auxiliary I and S matrices: done in 7.39098e-05 secs using 113.7% CPU
Constructing RapidNJ tree: done in 0.000166893 secs using 179.8% CPU
Computing RapidNJ tree took 0.000284 sec (of wall-clock time) 0.000457 sec (of CPU time)
Log-likelihood of RapidNJ tree: -15551.367
--------------------------------------------------------------------
|             INITIALIZING CANDIDATE TREE SET                      |
--------------------------------------------------------------------

Do NNI search on 2 best initial trees
Optimizing NNI: done in 0.216747 secs using 99.8% CPU
Optimizing NNI: done in 0.737732 secs using 99.69% CPU
Estimate model parameters (epsilon = 0.500)
BETTER TREE FOUND at iteration 2: -15545.065
Finish initializing candidate tree set (3)
Current best tree score: -15545.065 / CPU time: 1.995
Number of iterations: 2
TREE SEARCH COMPLETED AFTER 2 ITERATIONS / Time: 0h:0m:3s

--------------------------------------------------------------------
|                    FINALIZING TREE SEARCH                        |
--------------------------------------------------------------------
Performs final model parameters optimization
Estimate model parameters (epsilon = 0.050)
1. Initial log-likelihood: -15545.065
2. Current log-likelihood: -15544.975
Optimal log-likelihood: -15544.941
Proportion of invariable sites: 0.173
Site proportion and rates:  (0.133,0.122) (0.245,0.432) (0.377,0.960) (0.244,2.110)
Parameters optimization took 2 rounds (1.943 sec)
BEST SCORE FOUND : -15544.941

Testing tree branches by SH-like aLRT with 1000 replicates...
Testing tree branches by aBayes parametric test...
Alternative NNI shows better log-likelihood -15544.361 > -15544.941
0.472 sec.
Total tree length: 38.069

Total number of iterations: 2
CPU time used for tree search: 1.990 sec (0h:0m:1s)
Wall-clock time used for tree search: 1.995 sec (0h:0m:1s)
Total CPU time used: 6.110 sec (0h:0m:6s)
Total wall-clock time used: 5.931 sec (0h:0m:5s)

Analysis results written to: 
  IQ-TREE report:                /Users/bushrakhan/Desktop/NIPGR-data/MADS-box-Evolutionary-gene-detection/Simultaneous_Phylogenetic_Analysis/Results/Trees/Bayes/Medicago_truncatula_MAFFT_Bayes.iqtree
  Maximum-likelihood tree:       /Users/bushrakhan/Desktop/NIPGR-data/MADS-box-Evolutionary-gene-detection/Simultaneous_Phylogenetic_Analysis/Results/Trees/Bayes/Medicago_truncatula_MAFFT_Bayes.treefile
  Likelihood distances:          /Users/bushrakhan/Desktop/NIPGR-data/MADS-box-Evolutionary-gene-detection/Simultaneous_Phylogenetic_Analysis/Results/Trees/Bayes/Medicago_truncatula_MAFFT_Bayes.mldist
  Screen log file:               /Users/bushrakhan/Desktop/NIPGR-data/MADS-box-Evolutionary-gene-detection/Simultaneous_Phylogenetic_Analysis/Results/Trees/Bayes/Medicago_truncatula_MAFFT_Bayes.log

Date and Time: Sun Apr  5 07:07:44 2026
