IQ-TREE multicore version 2.2.2.7 COVID-edition for Mac OS X 64-bit built May 30 2023
Developed by Bui Quang Minh, James Barbetti, Nguyen Lam Tung,
Olga Chernomor, Heiko Schmidt, Dominik Schrempf, Michael Woodhams, Ly Trong Nhan.

Host:    Bushras-MacBook-Air.local (SSE4.2, 16 GB RAM)
Command: /Users/bushrakhan/Desktop/NIPGR-data/MADS-box-Evolutionary-gene-detection/Advanced_Phylogenetic_Pipeline/Uploads/scripts/iqtree2 -s /Users/bushrakhan/Desktop/NIPGR-data/MADS-box-Evolutionary-gene-detection/Simultaneous_Phylogenetic_Analysis/Results/Alignments/Medicago_truncatula_MUSCLE.fa -fast -alrt 1000 -abayes -pre /Users/bushrakhan/Desktop/NIPGR-data/MADS-box-Evolutionary-gene-detection/Simultaneous_Phylogenetic_Analysis/Results/Trees/Bayes/Medicago_truncatula_MUSCLE_Bayes -redo
Seed:    414834 (Using SPRNG - Scalable Parallel Random Number Generator)
Time:    Sun Apr  5 07:07:44 2026
Kernel:  SSE2 - 1 threads (10 CPU cores detected)

HINT: Use -nt option to specify number of threads because your CPU has 10 cores!
HINT: -nt AUTO will automatically determine the best number of threads to use.

Reading alignment file /Users/bushrakhan/Desktop/NIPGR-data/MADS-box-Evolutionary-gene-detection/Simultaneous_Phylogenetic_Analysis/Results/Alignments/Medicago_truncatula_MUSCLE.fa ... Fasta format detected
Reading fasta file: done in 0.00173593 secs using 93.9% CPU
Alignment most likely contains protein sequences
Constructing alignment: done in 0.000846863 secs using 77.58% CPU
WARNING: 1 sites contain only gaps or ambiguous characters.
Alignment has 39 sequences with 681 columns, 495 distinct patterns
235 parsimony-informative, 119 singleton sites, 327 constant sites
Analyzing sequences: done in 4.41074e-05 secs using 81.62% CPU
WARNING: 38 sequences contain more than 50% gaps/ambiguity
Checking for duplicate sequences: done in 0.000110865 secs using 82.98% CPU


Create initial parsimony tree by phylogenetic likelihood library (PLL)... 0.01 seconds
Perform fast likelihood tree search using LG+I+G model...
Estimate model parameters (epsilon = 5.00)
Perform nearest neighbor interchange...
Optimizing NNI: done in 0.969605 secs using 99.78% CPU
Estimate model parameters (epsilon = 1.00)
1. Initial log-likelihood: -15821.33
2. Current log-likelihood: -15819.86
Optimal log-likelihood: -15819.36
Proportion of invariable sites: 0.05
Gamma shape alpha: 1.06
Parameters optimization took 2 rounds (0.33 sec)
Time for fast ML tree search: 2.08 seconds

NOTE: ModelFinder requires 31 MB RAM!
ModelFinder will test up to 1232 protein models (sample size: 681) ...
 No. Model         -LnL         df  AIC          AICc         BIC
  1  LG            16568.122    75  33286.243    33305.086    33625.510
  2  LG+I          16386.806    76  32925.611    32944.989    33269.402
  3  LG+G4         15830.723    76  31813.447    31832.824    32157.238
  4  LG+I+G4       15819.139    77  31792.278    31812.198    32140.592
  5  LG+R2         15958.279    77  32070.558    32090.478    32418.872
  6  LG+R3         15849.184    79  31856.369    31877.400    32213.730
  7  LG+R4         15812.279    81  31786.558    31808.735    32152.966
  8  LG+R5         15802.008    83  31770.016    31793.373    32145.472
  9  LG+R6         15801.325    85  31772.650    31797.222    32157.153
 14  LG+I+R2       15728.593    78  31613.185    31633.657    31966.023
 15  LG+I+R3       15649.779    80  31459.559    31481.159    31821.444
 16  LG+I+R4       15643.081    82  31450.162    31472.925    31821.095
 17  LG+I+R5       15627.801    84  31423.601    31447.561    31803.580
 18  LG+I+R6       15625.430    86  31422.859    31448.051    31811.885
 39  LG+F+I+R5     15585.167    103 31376.334    31413.464    31842.261
 40  LG+F+I+R6     15583.978    105 31377.956    31416.669    31852.930
 61  WAG+I+R5      15716.995    84  31601.991    31625.951    31981.970
 62  WAG+I+R6      15716.182    86  31604.365    31629.556    31993.391
 83  WAG+F+I+R5    15680.307    103 31566.613    31603.743    32032.540
 84  WAG+F+I+R6    15680.344    105 31570.689    31609.402    32045.663
105  JTT+I+R5      15614.977    84  31397.954    31421.914    31777.933
106  JTT+I+R6      15612.915    86  31397.830    31423.022    31786.857
127  JTT+F+I+R5    15550.211    103 31306.423    31343.553    31772.350
128  JTT+F+I+R6    15547.102    105 31304.205    31342.918    31779.179
WARNING: Normalizing state frequencies so that sum of them equals to 1
149  Q.pfam+I+R5   15638.007    84  31444.014    31467.974    31823.993
WARNING: Normalizing state frequencies so that sum of them equals to 1
150  Q.pfam+I+R6   15636.720    86  31445.440    31470.632    31834.467
WARNING: Normalizing state frequencies so that sum of them equals to 1
171  Q.pfam+F+I+R5 15577.417    103 31360.835    31397.965    31826.762
WARNING: Normalizing state frequencies so that sum of them equals to 1
172  Q.pfam+F+I+R6 15576.048    105 31362.095    31400.808    31837.069
WARNING: Normalizing state frequencies so that sum of them equals to 1
193  Q.bird+I+R5   15690.635    84  31549.271    31573.231    31929.250
WARNING: Normalizing state frequencies so that sum of them equals to 1
194  Q.bird+I+R6   15690.199    86  31552.398    31577.590    31941.424
WARNING: Normalizing state frequencies so that sum of them equals to 1
215  Q.bird+F+I+R5 15618.832    103 31443.664    31480.794    31909.591
WARNING: Normalizing state frequencies so that sum of them equals to 1
216  Q.bird+F+I+R6 15618.108    105 31446.217    31484.930    31921.191
WARNING: Normalizing state frequencies so that sum of them equals to 1
237  Q.mammal+I+R5 15645.697    84  31459.394    31483.354    31839.373
WARNING: Normalizing state frequencies so that sum of them equals to 1
238  Q.mammal+I+R6 15645.347    86  31462.693    31487.885    31851.720
WARNING: Normalizing state frequencies so that sum of them equals to 1
259  Q.mammal+F+I+R5 15563.205    103 31332.411    31369.541    31798.338
WARNING: Normalizing state frequencies so that sum of them equals to 1
260  Q.mammal+F+I+R6 15562.516    105 31335.032    31373.745    31810.006
281  Q.insect+I+R5 15513.711    84  31195.423    31219.382    31575.402
282  Q.insect+I+R6 15513.497    86  31198.994    31224.186    31588.020
303  Q.insect+F+I+R5 15462.961    103 31131.922    31169.051    31597.848
WARNING: Log-likelihood -15469 of Q.insect+F+I+R6 worse than Q.insect+F+I+R5 -15463
304  Q.insect+F+I+R6 15468.980    105 31147.960    31186.673    31622.934
WARNING: Normalizing state frequencies so that sum of them equals to 1
325  Q.plant+I+R5  15579.319    84  31326.639    31350.599    31706.618
WARNING: Normalizing state frequencies so that sum of them equals to 1
326  Q.plant+I+R6  15579.194    86  31330.388    31355.580    31719.414
WARNING: Normalizing state frequencies so that sum of them equals to 1
347  Q.plant+F+I+R5 15511.397    103 31228.793    31265.923    31694.720
WARNING: Normalizing state frequencies so that sum of them equals to 1
348  Q.plant+F+I+R6 15510.169    105 31230.337    31269.050    31705.311
WARNING: Normalizing state frequencies so that sum of them equals to 1
369  Q.yeast+I+R5  15582.657    84  31333.315    31357.275    31713.294
WARNING: Normalizing state frequencies so that sum of them equals to 1
370  Q.yeast+I+R6  15582.654    86  31337.308    31362.500    31726.334
WARNING: Normalizing state frequencies so that sum of them equals to 1
391  Q.yeast+F+I+R5 15512.308    103 31230.616    31267.746    31696.543
WARNING: Normalizing state frequencies so that sum of them equals to 1
392  Q.yeast+F+I+R6 15511.252    105 31232.505    31271.218    31707.479
413  JTTDCMut+I+R5 15617.111    84  31402.222    31426.182    31782.201
414  JTTDCMut+I+R6 15614.474    86  31400.948    31426.140    31789.974
435  JTTDCMut+F+I+R5 15554.119    103 31314.238    31351.368    31780.165
436  JTTDCMut+F+I+R6 15554.136    105 31318.272    31356.985    31793.246
457  DCMut+I+R5    15785.185    84  31738.371    31762.331    32118.350
458  DCMut+I+R6    15783.087    86  31738.174    31763.366    32127.200
479  DCMut+F+I+R5  15661.822    103 31529.644    31566.774    31995.571
480  DCMut+F+I+R6  15659.911    105 31529.821    31568.534    32004.795
501  VT+I+R5       15671.627    84  31511.254    31535.214    31891.234
502  VT+I+R6       15671.259    86  31514.519    31539.711    31903.545
523  VT+F+I+R5     15650.072    103 31506.145    31543.275    31972.072
524  VT+F+I+R6     15649.117    105 31508.235    31546.948    31983.209
545  PMB+I+R5      15821.790    84  31811.581    31835.541    32191.560
546  PMB+I+R6      15821.030    86  31814.061    31839.253    32203.087
567  PMB+F+I+R5    15793.161    103 31792.323    31829.453    32258.250
568  PMB+F+I+R6    15792.603    105 31795.207    31833.920    32270.181
589  Blosum62+I+R5 15812.472    84  31792.944    31816.903    32172.923
590  Blosum62+I+R6 15811.568    86  31795.136    31820.328    32184.162
611  Blosum62+F+I+R5 15796.069    103 31798.139    31835.269    32264.066
612  Blosum62+F+I+R6 15795.718    105 31801.436    31840.149    32276.410
633  Dayhoff+I+R5  15785.074    84  31738.148    31762.108    32118.127
634  Dayhoff+I+R6  15782.879    86  31737.757    31762.949    32126.784
655  Dayhoff+F+I+R5 15661.654    103 31529.307    31566.437    31995.234
656  Dayhoff+F+I+R6 15660.387    105 31530.774    31569.487    32005.748
677  mtREV+I+R5    16247.921    84  32663.841    32687.801    33043.821
678  mtREV+I+R6    16244.134    86  32660.268    32685.460    33049.294
699  mtREV+F+I+R5  15798.819    103 31803.638    31840.768    32269.565
700  mtREV+F+I+R6  15796.512    105 31803.024    31841.737    32277.998
721  mtART+I+R5    16315.645    84  32799.290    32823.249    33179.269
722  mtART+I+R6    16311.209    86  32794.417    32819.609    33183.444
743  mtART+F+I+R5  15812.071    103 31830.142    31867.272    32296.069
744  mtART+F+I+R6  15806.554    105 31823.109    31861.822    32298.083
765  mtZOA+I+R5    16075.985    84  32319.970    32343.930    32699.949
766  mtZOA+I+R6    16074.411    86  32320.823    32346.015    32709.849
787  mtZOA+F+I+R5  15699.549    103 31605.099    31642.229    32071.026
788  mtZOA+F+I+R6  15696.904    105 31603.808    31642.521    32078.782
809  mtMet+I+R5    16161.696    84  32491.393    32515.353    32871.372
810  mtMet+I+R6    16160.613    86  32493.226    32518.418    32882.252
831  mtMet+F+I+R5  15667.779    103 31541.557    31578.687    32007.484
832  mtMet+F+I+R6  15666.024    105 31542.047    31580.760    32017.021
853  mtVer+I+R5    16250.645    84  32669.291    32693.250    33049.270
854  mtVer+I+R6    16248.824    86  32669.649    32694.841    33058.675
875  mtVer+F+I+R5  15803.927    103 31813.854    31850.984    32279.781
876  mtVer+F+I+R6  15801.806    105 31813.612    31852.325    32288.586
897  mtInv+I+R5    16301.961    84  32771.923    32795.883    33151.902
898  mtInv+I+R6    16300.738    86  32773.475    32798.667    33162.502
919  mtInv+F+I+R5  15639.310    103 31484.620    31521.749    31950.546
920  mtInv+F+I+R6  15637.583    105 31485.166    31523.879    31960.140
941  mtMAM+I+R5    16399.862    84  32967.723    32991.683    33347.703
942  mtMAM+I+R6    16391.253    86  32954.506    32979.698    33343.532
963  mtMAM+F+I+R5  15919.866    103 32045.732    32082.862    32511.659
964  mtMAM+F+I+R6  15915.252    105 32040.503    32079.217    32515.478
WARNING: Normalizing state frequencies so that sum of them equals to 1
985  FLAVI+I+R5    16064.336    84  32296.672    32320.632    32676.652
WARNING: Normalizing state frequencies so that sum of them equals to 1
986  FLAVI+I+R6    16061.811    86  32295.621    32320.813    32684.648
WARNING: Normalizing state frequencies so that sum of them equals to 1
1007  FLAVI+F+I+R5  15848.397    103 31902.795    31939.925    32368.722
WARNING: Normalizing state frequencies so that sum of them equals to 1
1008  FLAVI+F+I+R6  15846.296    105 31902.592    31941.305    32377.566
1029  HIVb+I+R5     15809.911    84  31787.821    31811.781    32167.801
1030  HIVb+I+R6     15809.654    86  31791.308    31816.500    32180.334
1051  HIVb+F+I+R5   15689.705    103 31585.410    31622.540    32051.337
1052  HIVb+F+I+R6   15689.708    105 31589.415    31628.128    32064.389
1073  HIVw+I+R5     16342.852    84  32853.704    32877.664    33233.683
1074  HIVw+I+R6     16343.264    86  32858.528    32883.720    33247.554
1095  HIVw+F+I+R5   16053.279    103 32312.559    32349.689    32778.486
1096  HIVw+F+I+R6   16053.191    105 32316.382    32355.095    32791.356
1117  FLU+I+R5      15854.572    84  31877.144    31901.104    32257.124
1118  FLU+I+R6      15853.393    86  31878.785    31903.977    32267.812
1139  FLU+F+I+R5    15788.483    103 31782.967    31820.097    32248.894
1140  FLU+F+I+R6    15787.854    105 31785.709    31824.422    32260.683
1161  rtREV+I+R5    15736.811    84  31641.622    31665.582    32021.601
1162  rtREV+I+R6    15736.327    86  31644.655    31669.847    32033.681
1183  rtREV+F+I+R5  15630.923    103 31467.847    31504.977    31933.774
1184  rtREV+F+I+R6  15630.232    105 31470.463    31509.176    31945.437
1205  cpREV+I+R5    15797.319    84  31762.638    31786.597    32142.617
1206  cpREV+I+R6    15796.420    86  31764.840    31790.032    32153.867
1227  cpREV+F+I+R5  15802.691    103 31811.382    31848.511    32277.308
1228  cpREV+F+I+R6  15802.320    105 31814.641    31853.354    32289.615
Akaike Information Criterion:           Q.insect+F+I+R5
Corrected Akaike Information Criterion: Q.insect+F+I+R5
Bayesian Information Criterion:         Q.insect+I+R5
Best-fit model: Q.insect+I+R5 chosen according to BIC

All model information printed to /Users/bushrakhan/Desktop/NIPGR-data/MADS-box-Evolutionary-gene-detection/Simultaneous_Phylogenetic_Analysis/Results/Trees/Bayes/Medicago_truncatula_MUSCLE_Bayes.model.gz
CPU time for ModelFinder: 1881.109 seconds (0h:31m:21s)
Wall-clock time for ModelFinder: 1883.430 seconds (0h:31m:23s)

NOTE: 15 MB RAM (0 GB) is required!
Estimate model parameters (epsilon = 0.500)
1. Initial log-likelihood: -15513.711
Optimal log-likelihood: -15513.635
Proportion of invariable sites: 0.480
Site proportion and rates:  (0.047,0.050) (0.187,0.203) (0.296,0.615) (0.331,1.273) (0.138,2.578)
Parameters optimization took 1 rounds (1.831 sec)
Wrote distance file to... 
Computing ML distances based on estimated model parameters...
Calculating distance matrix: done in 0.301602 secs using 99.84% CPU
Computing ML distances took 0.301794 sec (of wall-clock time) 0.301253 sec (of CPU time)
WARNING: Some pairwise ML distances are too long (saturated)
Setting up auxiliary I and S matrices: done in 7.29561e-05 secs using 82.24% CPU
Constructing RapidNJ tree: done in 0.000164986 secs using 184.9% CPU
Computing RapidNJ tree took 0.000286 sec (of wall-clock time) 0.000410 sec (of CPU time)
Log-likelihood of RapidNJ tree: -15530.592
--------------------------------------------------------------------
|             INITIALIZING CANDIDATE TREE SET                      |
--------------------------------------------------------------------

Do NNI search on 2 best initial trees
Optimizing NNI: done in 0.520206 secs using 99.9% CPU
Estimate model parameters (epsilon = 0.500)
BETTER TREE FOUND at iteration 1: -15512.889
Optimizing NNI: done in 1.21928 secs using 99.84% CPU
Finish initializing candidate tree set (4)
Current best tree score: -15512.889 / CPU time: 3.638
Number of iterations: 2
TREE SEARCH COMPLETED AFTER 2 ITERATIONS / Time: 0h:0m:6s

--------------------------------------------------------------------
|                    FINALIZING TREE SEARCH                        |
--------------------------------------------------------------------
Performs final model parameters optimization
Estimate model parameters (epsilon = 0.050)
1. Initial log-likelihood: -15512.889
Optimal log-likelihood: -15512.848
Proportion of invariable sites: 0.480
Site proportion and rates:  (0.045,0.046) (0.186,0.201) (0.297,0.611) (0.333,1.272) (0.138,2.568)
Parameters optimization took 1 rounds (1.873 sec)
BEST SCORE FOUND : -15512.848

Testing tree branches by SH-like aLRT with 1000 replicates...
Testing tree branches by aBayes parametric test...
0.753 sec.
Total tree length: 37.418

Total number of iterations: 2
CPU time used for tree search: 3.632 sec (0h:0m:3s)
Wall-clock time used for tree search: 3.638 sec (0h:0m:3s)
Total CPU time used: 9.171 sec (0h:0m:9s)
Total wall-clock time used: 8.994 sec (0h:0m:8s)

Analysis results written to: 
  IQ-TREE report:                /Users/bushrakhan/Desktop/NIPGR-data/MADS-box-Evolutionary-gene-detection/Simultaneous_Phylogenetic_Analysis/Results/Trees/Bayes/Medicago_truncatula_MUSCLE_Bayes.iqtree
  Maximum-likelihood tree:       /Users/bushrakhan/Desktop/NIPGR-data/MADS-box-Evolutionary-gene-detection/Simultaneous_Phylogenetic_Analysis/Results/Trees/Bayes/Medicago_truncatula_MUSCLE_Bayes.treefile
  Likelihood distances:          /Users/bushrakhan/Desktop/NIPGR-data/MADS-box-Evolutionary-gene-detection/Simultaneous_Phylogenetic_Analysis/Results/Trees/Bayes/Medicago_truncatula_MUSCLE_Bayes.mldist
  Screen log file:               /Users/bushrakhan/Desktop/NIPGR-data/MADS-box-Evolutionary-gene-detection/Simultaneous_Phylogenetic_Analysis/Results/Trees/Bayes/Medicago_truncatula_MUSCLE_Bayes.log

Date and Time: Sun Apr  5 07:39:16 2026
