IQ-TREE multicore version 2.2.2.7 COVID-edition for Mac OS X 64-bit built May 30 2023
Developed by Bui Quang Minh, James Barbetti, Nguyen Lam Tung,
Olga Chernomor, Heiko Schmidt, Dominik Schrempf, Michael Woodhams, Ly Trong Nhan.

Host:    Bushras-MacBook-Air.local (SSE4.2, 16 GB RAM)
Command: /Users/bushrakhan/Desktop/NIPGR-data/MADS-box-Evolutionary-gene-detection/Advanced_Phylogenetic_Pipeline/Uploads/scripts/iqtree2 -s /Users/bushrakhan/Desktop/NIPGR-data/MADS-box-Evolutionary-gene-detection/Simultaneous_Phylogenetic_Analysis/Results/Alignments/Nelumbo_nucifera_MAFFT.fa -fast -alrt 1000 -abayes -pre /Users/bushrakhan/Desktop/NIPGR-data/MADS-box-Evolutionary-gene-detection/Simultaneous_Phylogenetic_Analysis/Results/Trees/Bayes/Nelumbo_nucifera_MAFFT_Bayes -redo
Seed:    148229 (Using SPRNG - Scalable Parallel Random Number Generator)
Time:    Sun Apr  5 07:45:22 2026
Kernel:  SSE2 - 1 threads (10 CPU cores detected)

HINT: Use -nt option to specify number of threads because your CPU has 10 cores!
HINT: -nt AUTO will automatically determine the best number of threads to use.

Reading alignment file /Users/bushrakhan/Desktop/NIPGR-data/MADS-box-Evolutionary-gene-detection/Simultaneous_Phylogenetic_Analysis/Results/Alignments/Nelumbo_nucifera_MAFFT.fa ... Fasta format detected
Reading fasta file: done in 0.00181293 secs using 93.11% CPU
Alignment most likely contains protein sequences
Constructing alignment: done in 0.000727892 secs using 77.62% CPU
Alignment has 47 sequences with 508 columns, 429 distinct patterns
274 parsimony-informative, 81 singleton sites, 153 constant sites
Analyzing sequences: done in 4.69685e-05 secs using 80.91% CPU
WARNING: 39 sequences contain more than 50% gaps/ambiguity
Checking for duplicate sequences: done in 0.000123024 secs using 84.54% CPU


Create initial parsimony tree by phylogenetic likelihood library (PLL)... 0.01 seconds
Perform fast likelihood tree search using LG+I+G model...
Estimate model parameters (epsilon = 5.00)
Perform nearest neighbor interchange...
Optimizing NNI: done in 1.16754 secs using 99.82% CPU
Estimate model parameters (epsilon = 1.00)
1. Initial log-likelihood: -10715.06
Optimal log-likelihood: -10714.98
Proportion of invariable sites: 0.05
Gamma shape alpha: 1.28
Parameters optimization took 1 rounds (0.19 sec)
Time for fast ML tree search: 2.46 seconds

NOTE: ModelFinder requires 32 MB RAM!
ModelFinder will test up to 1232 protein models (sample size: 508) ...
 No. Model         -LnL         df  AIC          AICc         BIC
  1  LG            11132.470    91  22446.941    22487.191    22831.914
  2  LG+I          10974.833    92  22133.666    22174.899    22522.870
  3  LG+G4         10727.550    92  21639.100    21680.333    22028.304
  4  LG+I+G4       10714.967    93  21615.933    21658.165    22009.368
  5  LG+R2         10784.000    93  21753.999    21796.231    22147.434
  6  LG+R3         10716.648    95  21623.297    21667.568    22025.192
  7  LG+R4         10712.880    97  21619.760    21666.131    22030.117
 14  LG+I+R2       10648.316    94  21484.631    21527.876    21882.296
 15  LG+I+R3       10617.896    96  21427.791    21473.105    21833.918
 16  LG+I+R4       10617.783    98  21431.565    21479.008    21846.153
 37  LG+F+I+R3     10612.656    115 21455.312    21523.373    21941.817
 59  WAG+I+R3      10680.105    96  21552.209    21597.523    21958.335
 81  WAG+F+I+R3    10672.788    115 21575.576    21643.637    22062.081
103  JTT+I+R3      10588.359    96  21368.719    21414.032    21774.845
125  JTT+F+I+R3    10570.608    115 21371.215    21439.277    21857.721
WARNING: Normalizing state frequencies so that sum of them equals to 1
147  Q.pfam+I+R3   10619.972    96  21431.944    21477.258    21838.070
WARNING: Normalizing state frequencies so that sum of them equals to 1
169  Q.pfam+F+I+R3 10604.044    115 21438.087    21506.148    21924.593
WARNING: Normalizing state frequencies so that sum of them equals to 1
191  Q.bird+I+R3   10628.297    96  21448.594    21493.907    21854.720
WARNING: Normalizing state frequencies so that sum of them equals to 1
213  Q.bird+F+I+R3 10601.828    115 21433.656    21501.717    21920.161
WARNING: Normalizing state frequencies so that sum of them equals to 1
235  Q.mammal+I+R3 10600.962    96  21393.924    21439.238    21800.051
WARNING: Normalizing state frequencies so that sum of them equals to 1
257  Q.mammal+F+I+R3 10565.812    115 21361.623    21429.685    21848.129
279  Q.insect+I+R3 10567.372    96  21326.743    21372.057    21732.869
301  Q.insect+F+I+R3 10535.277    115 21300.553    21368.615    21787.059
WARNING: Normalizing state frequencies so that sum of them equals to 1
323  Q.plant+I+R3  10582.009    96  21356.017    21401.331    21762.144
WARNING: Normalizing state frequencies so that sum of them equals to 1
345  Q.plant+F+I+R3 10553.332    115 21336.665    21404.726    21823.170
WARNING: Normalizing state frequencies so that sum of them equals to 1
367  Q.yeast+I+R3  10619.007    96  21430.014    21475.328    21836.141
WARNING: Normalizing state frequencies so that sum of them equals to 1
389  Q.yeast+F+I+R3 10566.498    115 21362.997    21431.058    21849.502
411  JTTDCMut+I+R3 10590.924    96  21373.847    21419.161    21779.974
433  JTTDCMut+F+I+R3 10572.373    115 21374.746    21442.807    21861.251
455  DCMut+I+R3    10753.866    96  21699.733    21745.047    22105.859
477  DCMut+F+I+R3  10682.149    115 21594.298    21662.359    22080.803
499  VT+I+R3       10649.701    96  21491.402    21536.715    21897.528
521  VT+F+I+R3     10656.866    115 21543.733    21611.794    22030.238
543  PMB+I+R3      10765.116    96  21722.233    21767.547    22128.359
565  PMB+F+I+R3    10768.548    115 21767.096    21835.157    22253.601
587  Blosum62+I+R3 10768.522    96  21729.043    21774.357    22135.169
609  Blosum62+F+I+R3 10772.092    115 21774.183    21842.245    22260.689
631  Dayhoff+I+R3  10753.507    96  21699.015    21744.329    22105.141
653  Dayhoff+F+I+R3 10681.828    115 21593.657    21661.718    22080.162
675  mtREV+I+R3    11057.169    96  22306.338    22351.652    22712.464
697  mtREV+F+I+R3  10727.415    115 21684.831    21752.892    22171.336
719  mtART+I+R3    11166.506    96  22525.012    22570.326    22931.138
741  mtART+F+I+R3  10755.882    115 21741.764    21809.825    22228.269
763  mtZOA+I+R3    10974.265    96  22140.529    22185.843    22546.655
785  mtZOA+F+I+R3  10681.611    115 21593.221    21661.283    22079.727
807  mtMet+I+R3    11020.629    96  22233.258    22278.572    22639.385
829  mtMet+F+I+R3  10619.794    115 21469.588    21537.649    21956.094
851  mtVer+I+R3    11021.889    96  22235.779    22281.092    22641.905
873  mtVer+F+I+R3  10692.711    115 21615.421    21683.482    22101.926
895  mtInv+I+R3    11158.237    96  22508.475    22553.789    22914.601
917  mtInv+F+I+R3  10618.761    115 21467.522    21535.583    21954.027
939  mtMAM+I+R3    11129.850    96  22451.700    22497.014    22857.827
961  mtMAM+F+I+R3  10772.764    115 21775.528    21843.590    22262.034
WARNING: Normalizing state frequencies so that sum of them equals to 1
983  FLAVI+I+R3    10850.077    96  21892.153    21937.467    22298.279
WARNING: Normalizing state frequencies so that sum of them equals to 1
1005  FLAVI+F+I+R3  10743.725    115 21717.449    21785.510    22203.955
1027  HIVb+I+R3     10702.699    96  21597.399    21642.712    22003.525
1049  HIVb+F+I+R3   10671.114    115 21572.229    21640.290    22058.734
1071  HIVw+I+R3     11073.938    96  22339.876    22385.190    22746.002
1093  HIVw+F+I+R3   10912.979    115 22055.958    22124.019    22542.463
1115  FLU+I+R3      10742.070    96  21676.140    21721.454    22082.266
1137  FLU+F+I+R3    10719.472    115 21668.944    21737.005    22155.449
1159  rtREV+I+R3    10693.654    96  21579.309    21624.623    21985.435
1181  rtREV+F+I+R3  10650.203    115 21530.405    21598.466    22016.910
1203  cpREV+I+R3    10712.347    96  21616.694    21662.008    22022.820
1225  cpREV+F+I+R3  10750.704    115 21731.409    21799.470    22217.914
Akaike Information Criterion:           Q.insect+F+I+R3
Corrected Akaike Information Criterion: Q.insect+F+I+R3
Bayesian Information Criterion:         Q.insect+I+R3
Best-fit model: Q.insect+I+R3 chosen according to BIC

All model information printed to /Users/bushrakhan/Desktop/NIPGR-data/MADS-box-Evolutionary-gene-detection/Simultaneous_Phylogenetic_Analysis/Results/Trees/Bayes/Nelumbo_nucifera_MAFFT_Bayes.model.gz
CPU time for ModelFinder: 161.129 seconds (0h:2m:41s)
Wall-clock time for ModelFinder: 161.318 seconds (0h:2m:41s)

NOTE: 9 MB RAM (0 GB) is required!
Estimate model parameters (epsilon = 0.500)
1. Initial log-likelihood: -10567.372
Optimal log-likelihood: -10567.356
Proportion of invariable sites: 0.301
Site proportion and rates:  (0.157,0.156) (0.356,0.594) (0.487,1.569)
Parameters optimization took 1 rounds (0.678 sec)
Wrote distance file to... 
Computing ML distances based on estimated model parameters...
Calculating distance matrix: done in 0.187512 secs using 99.84% CPU
Computing ML distances took 0.187660 sec (of wall-clock time) 0.187337 sec (of CPU time)
Setting up auxiliary I and S matrices: done in 0.000102043 secs using 74.48% CPU
Constructing RapidNJ tree: done in 0.00019908 secs using 180.3% CPU
Computing RapidNJ tree took 0.000341 sec (of wall-clock time) 0.000483 sec (of CPU time)
Log-likelihood of RapidNJ tree: -10710.883
--------------------------------------------------------------------
|             INITIALIZING CANDIDATE TREE SET                      |
--------------------------------------------------------------------

Do NNI search on 2 best initial trees
Optimizing NNI: done in 0.218163 secs using 99.88% CPU
BETTER TREE FOUND at iteration 1: -10567.355
Optimizing NNI: done in 1.21777 secs using 99.03% CPU
Estimate model parameters (epsilon = 0.500)
BETTER TREE FOUND at iteration 2: -10564.519
Finish initializing candidate tree set (4)
Current best tree score: -10564.519 / CPU time: 2.266
Number of iterations: 2
TREE SEARCH COMPLETED AFTER 2 ITERATIONS / Time: 0h:0m:3s

--------------------------------------------------------------------
|                    FINALIZING TREE SEARCH                        |
--------------------------------------------------------------------
Performs final model parameters optimization
Estimate model parameters (epsilon = 0.050)
1. Initial log-likelihood: -10564.519
2. Current log-likelihood: -10564.421
Optimal log-likelihood: -10564.392
Proportion of invariable sites: 0.301
Site proportion and rates:  (0.155,0.147) (0.354,0.596) (0.491,1.560)
Parameters optimization took 2 rounds (1.314 sec)
BEST SCORE FOUND : -10564.392

Testing tree branches by SH-like aLRT with 1000 replicates...
Testing tree branches by aBayes parametric test...
0.500 sec.
Total tree length: 21.630

Total number of iterations: 2
CPU time used for tree search: 2.253 sec (0h:0m:2s)
Wall-clock time used for tree search: 2.266 sec (0h:0m:2s)
Total CPU time used: 5.498 sec (0h:0m:5s)
Total wall-clock time used: 5.324 sec (0h:0m:5s)

Analysis results written to: 
  IQ-TREE report:                /Users/bushrakhan/Desktop/NIPGR-data/MADS-box-Evolutionary-gene-detection/Simultaneous_Phylogenetic_Analysis/Results/Trees/Bayes/Nelumbo_nucifera_MAFFT_Bayes.iqtree
  Maximum-likelihood tree:       /Users/bushrakhan/Desktop/NIPGR-data/MADS-box-Evolutionary-gene-detection/Simultaneous_Phylogenetic_Analysis/Results/Trees/Bayes/Nelumbo_nucifera_MAFFT_Bayes.treefile
  Likelihood distances:          /Users/bushrakhan/Desktop/NIPGR-data/MADS-box-Evolutionary-gene-detection/Simultaneous_Phylogenetic_Analysis/Results/Trees/Bayes/Nelumbo_nucifera_MAFFT_Bayes.mldist
  Screen log file:               /Users/bushrakhan/Desktop/NIPGR-data/MADS-box-Evolutionary-gene-detection/Simultaneous_Phylogenetic_Analysis/Results/Trees/Bayes/Nelumbo_nucifera_MAFFT_Bayes.log

Date and Time: Sun Apr  5 07:48:08 2026
