IQ-TREE multicore version 2.2.2.7 COVID-edition for Mac OS X 64-bit built May 30 2023
Developed by Bui Quang Minh, James Barbetti, Nguyen Lam Tung,
Olga Chernomor, Heiko Schmidt, Dominik Schrempf, Michael Woodhams, Ly Trong Nhan.

Host:    Bushras-MacBook-Air.local (SSE4.2, 16 GB RAM)
Command: /Users/bushrakhan/Desktop/NIPGR-data/MADS-box-Evolutionary-gene-detection/Advanced_Phylogenetic_Pipeline/Uploads/scripts/iqtree2 -s /Users/bushrakhan/Desktop/NIPGR-data/MADS-box-Evolutionary-gene-detection/Simultaneous_Phylogenetic_Analysis/Results/Alignments/Nymphaea_colorata_MUSCLE.fa -fast -alrt 1000 -abayes -pre /Users/bushrakhan/Desktop/NIPGR-data/MADS-box-Evolutionary-gene-detection/Simultaneous_Phylogenetic_Analysis/Results/Trees/Bayes/Nymphaea_colorata_MUSCLE_Bayes -redo
Seed:    740951 (Using SPRNG - Scalable Parallel Random Number Generator)
Time:    Sun Apr  5 08:14:51 2026
Kernel:  SSE2 - 1 threads (10 CPU cores detected)

HINT: Use -nt option to specify number of threads because your CPU has 10 cores!
HINT: -nt AUTO will automatically determine the best number of threads to use.

Reading alignment file /Users/bushrakhan/Desktop/NIPGR-data/MADS-box-Evolutionary-gene-detection/Simultaneous_Phylogenetic_Analysis/Results/Alignments/Nymphaea_colorata_MUSCLE.fa ... Fasta format detected
Reading fasta file: done in 0.00121903 secs using 93.35% CPU
Alignment most likely contains protein sequences
Constructing alignment: done in 0.00046587 secs using 78.99% CPU
WARNING: 1 sites contain only gaps or ambiguous characters.
Alignment has 22 sequences with 369 columns, 345 distinct patterns
197 parsimony-informative, 86 singleton sites, 86 constant sites
Analyzing sequences: done in 1.90735e-05 secs using 89.13% CPU
WARNING: 1 sequences contain more than 50% gaps/ambiguity
Checking for duplicate sequences: done in 6.00815e-05 secs using 79.89% CPU


Create initial parsimony tree by phylogenetic likelihood library (PLL)... 0.00 seconds
Perform fast likelihood tree search using LG+I+G model...
Estimate model parameters (epsilon = 5.00)
Perform nearest neighbor interchange...
Optimizing NNI: done in 0.399899 secs using 99.75% CPU
Estimate model parameters (epsilon = 1.00)
1. Initial log-likelihood: -8471.55
Optimal log-likelihood: -8471.37
Proportion of invariable sites: 0.04
Gamma shape alpha: 1.36
Parameters optimization took 1 rounds (0.12 sec)
Time for fast ML tree search: 0.85 seconds

NOTE: ModelFinder requires 12 MB RAM!
ModelFinder will test up to 1232 protein models (sample size: 369) ...
 No. Model         -LnL         df  AIC          AICc         BIC
  1  LG            8792.148     41  17666.295    17676.827    17826.638
  2  LG+I          8699.994     42  17483.988    17495.068    17648.242
  3  LG+G4         8479.794     42  17043.589    17054.668    17207.842
  4  LG+I+G4       8471.376     43  17028.753    17040.396    17196.917
  5  LG+R2         8500.790     43  17087.580    17099.223    17255.744
  6  LG+R3         8475.924     45  17041.847    17054.664    17217.833
  7  LG+R4         8468.145     47  17030.291    17044.347    17214.098
  8  LG+R5         8466.484     49  17030.967    17046.328    17222.596
 14  LG+I+R2       8434.936     44  16957.873    16970.095    17129.948
 15  LG+I+R3       8422.757     46  16937.515    16950.943    17117.411
 16  LG+I+R4       8420.809     48  16937.619    16952.319    17125.337
 37  LG+F+I+R3     8401.873     65  16933.745    16962.062    17187.947
 38  LG+F+I+R4     8398.569     67  16931.139    16961.411    17193.162
 59  WAG+I+R3      8461.934     46  17015.868    17029.297    17195.765
WARNING: Log-likelihood -8463.24 of WAG+I+R4 worse than WAG+I+R3 -8461.93
 60  WAG+I+R4      8463.238     48  17022.477    17037.177    17210.195
 81  WAG+F+I+R3    8434.421     65  16998.842    17027.159    17253.044
 82  WAG+F+I+R4    8431.067     67  16996.133    17026.406    17258.157
103  JTT+I+R3      8407.634     46  16907.268    16920.697    17087.165
104  JTT+I+R4      8406.988     48  16909.977    16924.677    17097.695
125  JTT+F+I+R3    8368.322     65  16866.643    16894.960    17120.845
126  JTT+F+I+R4    8366.988     67  16867.977    16898.249    17130.000
WARNING: Normalizing state frequencies so that sum of them equals to 1
147  Q.pfam+I+R3   8425.415     46  16942.830    16956.258    17122.726
WARNING: Normalizing state frequencies so that sum of them equals to 1
148  Q.pfam+I+R4   8425.177     48  16946.353    16961.053    17134.071
WARNING: Normalizing state frequencies so that sum of them equals to 1
169  Q.pfam+F+I+R3 8395.530     65  16921.060    16949.377    17175.261
WARNING: Normalizing state frequencies so that sum of them equals to 1
170  Q.pfam+F+I+R4 8394.846     67  16923.691    16953.964    17185.715
WARNING: Normalizing state frequencies so that sum of them equals to 1
191  Q.bird+I+R3   8446.691     46  16985.382    16998.811    17165.279
WARNING: Normalizing state frequencies so that sum of them equals to 1
192  Q.bird+I+R4   8443.574     48  16983.147    16997.847    17170.866
WARNING: Normalizing state frequencies so that sum of them equals to 1
213  Q.bird+F+I+R3 8407.677     65  16945.353    16973.670    17199.555
WARNING: Normalizing state frequencies so that sum of them equals to 1
214  Q.bird+F+I+R4 8403.868     67  16941.736    16972.008    17203.759
WARNING: Normalizing state frequencies so that sum of them equals to 1
235  Q.mammal+I+R3 8422.914     46  16937.828    16951.257    17117.725
WARNING: Normalizing state frequencies so that sum of them equals to 1
236  Q.mammal+I+R4 8420.785     48  16937.571    16952.271    17125.289
WARNING: Normalizing state frequencies so that sum of them equals to 1
257  Q.mammal+F+I+R3 8378.883     65  16887.766    16916.083    17141.967
WARNING: Normalizing state frequencies so that sum of them equals to 1
258  Q.mammal+F+I+R4 8376.250     67  16886.501    16916.773    17148.524
279  Q.insect+I+R3 8392.683     46  16877.367    16890.795    17057.264
280  Q.insect+I+R4 8391.493     48  16878.986    16893.686    17066.704
301  Q.insect+F+I+R3 8352.541     65  16835.083    16863.400    17089.285
302  Q.insect+F+I+R4 8351.594     67  16837.187    16867.459    17099.210
WARNING: Normalizing state frequencies so that sum of them equals to 1
323  Q.plant+I+R3  8414.184     46  16920.368    16933.797    17100.265
WARNING: Normalizing state frequencies so that sum of them equals to 1
324  Q.plant+I+R4  8411.644     48  16919.288    16933.988    17107.006
WARNING: Normalizing state frequencies so that sum of them equals to 1
345  Q.plant+F+I+R3 8374.652     65  16879.305    16907.621    17133.506
WARNING: Normalizing state frequencies so that sum of them equals to 1
346  Q.plant+F+I+R4 8372.532     67  16879.064    16909.337    17141.088
WARNING: Normalizing state frequencies so that sum of them equals to 1
367  Q.yeast+I+R3  8439.970     46  16971.940    16985.368    17151.836
WARNING: Normalizing state frequencies so that sum of them equals to 1
368  Q.yeast+I+R4  8437.868     48  16971.736    16986.436    17159.454
WARNING: Normalizing state frequencies so that sum of them equals to 1
389  Q.yeast+F+I+R3 8372.047     65  16874.093    16902.410    17128.295
WARNING: Normalizing state frequencies so that sum of them equals to 1
390  Q.yeast+F+I+R4 8371.716     67  16877.433    16907.705    17139.456
411  JTTDCMut+I+R3 8409.614     46  16911.229    16924.657    17091.126
412  JTTDCMut+I+R4 8408.788     48  16913.575    16928.275    17101.293
433  JTTDCMut+F+I+R3 8370.684     65  16871.368    16899.684    17125.569
434  JTTDCMut+F+I+R4 8369.188     67  16872.377    16902.649    17134.400
455  DCMut+I+R3    8527.087     46  17146.174    17159.602    17326.070
456  DCMut+I+R4    8525.189     48  17146.377    17161.077    17334.096
477  DCMut+F+I+R3  8443.502     65  17017.004    17045.321    17271.206
478  DCMut+F+I+R4  8442.278     67  17018.557    17048.829    17280.580
499  VT+I+R3       8440.959     46  16973.918    16987.347    17153.815
500  VT+I+R4       8440.565     48  16977.130    16991.830    17164.849
521  VT+F+I+R3     8417.099     65  16964.199    16992.516    17218.401
522  VT+F+I+R4     8416.969     67  16967.937    16998.210    17229.961
543  PMB+I+R3      8515.527     46  17123.055    17136.483    17302.951
544  PMB+I+R4      8515.182     48  17126.364    17141.064    17314.082
565  PMB+F+I+R3    8484.990     65  17099.980    17128.297    17354.182
566  PMB+F+I+R4    8483.825     67  17101.650    17131.922    17363.673
587  Blosum62+I+R3 8518.311     46  17128.621    17142.050    17308.518
588  Blosum62+I+R4 8517.799     48  17131.598    17146.298    17319.316
609  Blosum62+F+I+R3 8491.845     65  17113.691    17142.008    17367.893
610  Blosum62+F+I+R4 8490.325     67  17114.649    17144.922    17376.673
631  Dayhoff+I+R3  8526.769     46  17145.539    17158.967    17325.435
632  Dayhoff+I+R4  8524.965     48  17145.930    17160.630    17333.648
653  Dayhoff+F+I+R3 8443.277     65  17016.555    17044.872    17270.757
654  Dayhoff+F+I+R4 8442.105     67  17018.210    17048.482    17280.233
675  mtREV+I+R3    8861.488     46  17814.976    17828.405    17994.873
676  mtREV+I+R4    8860.995     48  17817.991    17832.691    18005.709
697  mtREV+F+I+R3  8516.276     65  17162.553    17190.870    17416.755
698  mtREV+F+I+R4  8511.202     67  17156.403    17186.676    17418.427
719  mtART+I+R3    8964.358     46  18020.716    18034.144    18200.612
720  mtART+I+R4    8960.619     48  18017.237    18031.937    18204.956
741  mtART+F+I+R3  8543.287     65  17216.574    17244.891    17470.776
742  mtART+F+I+R4  8541.047     67  17216.093    17246.365    17478.116
763  mtZOA+I+R3    8783.736     46  17659.473    17672.901    17839.369
764  mtZOA+I+R4    8780.562     48  17657.124    17671.824    17844.842
785  mtZOA+F+I+R3  8467.677     65  17065.353    17093.670    17319.555
786  mtZOA+F+I+R4  8464.325     67  17062.650    17092.922    17324.673
807  mtMet+I+R3    8851.514     46  17795.027    17808.456    17974.924
808  mtMet+I+R4    8846.320     48  17788.639    17803.339    17976.358
829  mtMet+F+I+R3  8438.444     65  17006.888    17035.204    17261.089
830  mtMet+F+I+R4  8436.704     67  17007.408    17037.680    17269.431
851  mtVer+I+R3    8860.913     46  17813.827    17827.255    17993.724
852  mtVer+I+R4    8851.530     48  17799.060    17813.760    17986.778
873  mtVer+F+I+R3  8498.859     65  17127.718    17156.035    17381.920
874  mtVer+F+I+R4  8498.492     67  17130.984    17161.256    17393.007
895  mtInv+I+R3    8939.833     46  17971.666    17985.095    18151.563
896  mtInv+I+R4    8938.145     48  17972.289    17986.989    18160.008
917  mtInv+F+I+R3  8416.184     65  16962.368    16990.685    17216.570
918  mtInv+F+I+R4  8414.313     67  16962.627    16992.899    17224.650
939  mtMAM+I+R3    8935.311     46  17962.622    17976.050    18142.518
940  mtMAM+I+R4    8930.476     48  17956.952    17971.652    18144.670
961  mtMAM+F+I+R3  8568.912     65  17267.824    17296.140    17522.025
962  mtMAM+F+I+R4  8567.990     67  17269.980    17300.253    17532.004
WARNING: Normalizing state frequencies so that sum of them equals to 1
983  FLAVI+I+R3    8649.856     46  17391.713    17405.141    17571.609
WARNING: Normalizing state frequencies so that sum of them equals to 1
984  FLAVI+I+R4    8646.740     48  17389.480    17404.180    17577.198
WARNING: Normalizing state frequencies so that sum of them equals to 1
1005  FLAVI+F+I+R3  8528.981     65  17187.962    17216.279    17442.164
WARNING: Normalizing state frequencies so that sum of them equals to 1
1006  FLAVI+F+I+R4  8518.974     67  17171.948    17202.220    17433.971
1027  HIVb+I+R3     8531.983     46  17155.965    17169.394    17335.862
1028  HIVb+I+R4     8531.991     48  17159.981    17174.681    17347.699
1049  HIVb+F+I+R3   8484.281     65  17098.562    17126.878    17352.763
1050  HIVb+F+I+R4   8473.758     67  17081.516    17111.789    17343.539
1071  HIVw+I+R3     8790.133     46  17672.266    17685.695    17852.163
1072  HIVw+I+R4     8789.608     48  17675.215    17689.915    17862.933
1093  HIVw+F+I+R3   8601.263     65  17332.527    17360.844    17586.729
1094  HIVw+F+I+R4   8601.317     67  17336.635    17366.907    17598.658
1115  FLU+I+R3      8556.378     46  17204.756    17218.185    17384.653
1116  FLU+I+R4      8553.785     48  17203.571    17218.271    17391.289
1137  FLU+F+I+R3    8498.929     65  17127.858    17156.175    17382.060
1138  FLU+F+I+R4    8490.789     67  17115.578    17145.850    17377.601
1159  rtREV+I+R3    8478.600     46  17049.200    17062.629    17229.097
1160  rtREV+I+R4    8477.154     48  17050.309    17065.009    17238.027
1181  rtREV+F+I+R3  8419.202     65  16968.405    16996.721    17222.606
1182  rtREV+F+I+R4  8417.739     67  16969.479    16999.751    17231.502
1203  cpREV+I+R3    8514.109     46  17120.218    17133.646    17300.114
1204  cpREV+I+R4    8514.530     48  17125.060    17139.760    17312.779
1225  cpREV+F+I+R3  8498.456     65  17126.913    17155.229    17381.114
1226  cpREV+F+I+R4  8493.819     67  17121.638    17151.911    17383.662
Akaike Information Criterion:           Q.insect+F+I+R3
Corrected Akaike Information Criterion: Q.insect+F+I+R3
Bayesian Information Criterion:         Q.insect+I+R3
Best-fit model: Q.insect+I+R3 chosen according to BIC

All model information printed to /Users/bushrakhan/Desktop/NIPGR-data/MADS-box-Evolutionary-gene-detection/Simultaneous_Phylogenetic_Analysis/Results/Trees/Bayes/Nymphaea_colorata_MUSCLE_Bayes.model.gz
CPU time for ModelFinder: 220.779 seconds (0h:3m:40s)
Wall-clock time for ModelFinder: 221.057 seconds (0h:3m:41s)

NOTE: 3 MB RAM (0 GB) is required!
Estimate model parameters (epsilon = 0.500)
1. Initial log-likelihood: -8392.683
Optimal log-likelihood: -8392.683
Proportion of invariable sites: 0.233
Site proportion and rates:  (0.299,0.226) (0.428,0.962) (0.273,1.907)
Parameters optimization took 1 rounds (0.192 sec)
Wrote distance file to... 
Computing ML distances based on estimated model parameters...
Calculating distance matrix: done in 0.0399911 secs using 99.84% CPU
Computing ML distances took 0.040085 sec (of wall-clock time) 0.039994 sec (of CPU time)
Setting up auxiliary I and S matrices: done in 4.3869e-05 secs using 107.1% CPU
Constructing RapidNJ tree: done in 8.29697e-05 secs using 173.6% CPU
Computing RapidNJ tree took 0.000172 sec (of wall-clock time) 0.000243 sec (of CPU time)
Log-likelihood of RapidNJ tree: -8399.964
--------------------------------------------------------------------
|             INITIALIZING CANDIDATE TREE SET                      |
--------------------------------------------------------------------

Do NNI search on 2 best initial trees
Optimizing NNI: done in 0.201719 secs using 144.9% CPU
Estimate model parameters (epsilon = 0.500)
BETTER TREE FOUND at iteration 1: -8389.278
Optimizing NNI: done in 0.248773 secs using 99.92% CPU
Finish initializing candidate tree set (3)
Current best tree score: -8389.278 / CPU time: 0.702
Number of iterations: 2
TREE SEARCH COMPLETED AFTER 2 ITERATIONS / Time: 0h:0m:1s

--------------------------------------------------------------------
|                    FINALIZING TREE SEARCH                        |
--------------------------------------------------------------------
Performs final model parameters optimization
Estimate model parameters (epsilon = 0.050)
1. Initial log-likelihood: -8389.278
Optimal log-likelihood: -8389.275
Proportion of invariable sites: 0.233
Site proportion and rates:  (0.299,0.227) (0.428,0.967) (0.273,1.900)
Parameters optimization took 1 rounds (0.190 sec)
BEST SCORE FOUND : -8389.275

Testing tree branches by SH-like aLRT with 1000 replicates...
Testing tree branches by aBayes parametric test...
0.167 sec.
Total tree length: 19.138

Total number of iterations: 2
CPU time used for tree search: 0.802 sec (0h:0m:0s)
Wall-clock time used for tree search: 0.702 sec (0h:0m:0s)
Total CPU time used: 1.585 sec (0h:0m:1s)
Total wall-clock time used: 1.395 sec (0h:0m:1s)

Analysis results written to: 
  IQ-TREE report:                /Users/bushrakhan/Desktop/NIPGR-data/MADS-box-Evolutionary-gene-detection/Simultaneous_Phylogenetic_Analysis/Results/Trees/Bayes/Nymphaea_colorata_MUSCLE_Bayes.iqtree
  Maximum-likelihood tree:       /Users/bushrakhan/Desktop/NIPGR-data/MADS-box-Evolutionary-gene-detection/Simultaneous_Phylogenetic_Analysis/Results/Trees/Bayes/Nymphaea_colorata_MUSCLE_Bayes.treefile
  Likelihood distances:          /Users/bushrakhan/Desktop/NIPGR-data/MADS-box-Evolutionary-gene-detection/Simultaneous_Phylogenetic_Analysis/Results/Trees/Bayes/Nymphaea_colorata_MUSCLE_Bayes.mldist
  Screen log file:               /Users/bushrakhan/Desktop/NIPGR-data/MADS-box-Evolutionary-gene-detection/Simultaneous_Phylogenetic_Analysis/Results/Trees/Bayes/Nymphaea_colorata_MUSCLE_Bayes.log

Date and Time: Sun Apr  5 08:18:34 2026
