IQ-TREE multicore version 2.2.2.7 COVID-edition for Mac OS X 64-bit built May 30 2023
Developed by Bui Quang Minh, James Barbetti, Nguyen Lam Tung,
Olga Chernomor, Heiko Schmidt, Dominik Schrempf, Michael Woodhams, Ly Trong Nhan.

Host:    Bushras-MacBook-Air.local (SSE4.2, 16 GB RAM)
Command: /Users/bushrakhan/Desktop/NIPGR-data/MADS-box-Evolutionary-gene-detection/Advanced_Phylogenetic_Pipeline/Uploads/scripts/iqtree2 -s /Users/bushrakhan/Desktop/NIPGR-data/MADS-box-Evolutionary-gene-detection/Simultaneous_Phylogenetic_Analysis/Results/Alignments/Piper_auritum_MUSCLE.fa -fast -alrt 1000 -abayes -pre /Users/bushrakhan/Desktop/NIPGR-data/MADS-box-Evolutionary-gene-detection/Simultaneous_Phylogenetic_Analysis/Results/Trees/Bayes/Piper_auritum_MUSCLE_Bayes -redo
Seed:    130170 (Using SPRNG - Scalable Parallel Random Number Generator)
Time:    Sun Apr  5 08:49:19 2026
Kernel:  SSE2 - 1 threads (10 CPU cores detected)

HINT: Use -nt option to specify number of threads because your CPU has 10 cores!
HINT: -nt AUTO will automatically determine the best number of threads to use.

Reading alignment file /Users/bushrakhan/Desktop/NIPGR-data/MADS-box-Evolutionary-gene-detection/Simultaneous_Phylogenetic_Analysis/Results/Alignments/Piper_auritum_MUSCLE.fa ... Fasta format detected
Reading fasta file: done in 0.00102186 secs using 92.28% CPU
Alignment most likely contains protein sequences
Constructing alignment: done in 0.000286102 secs using 77.25% CPU
Alignment has 7 sequences with 258 columns, 230 distinct patterns
95 parsimony-informative, 101 singleton sites, 62 constant sites
Analyzing sequences: done in 1.00136e-05 secs using 79.89% CPU
Checking for duplicate sequences: done in 2.21729e-05 secs using 76.67% CPU


Create initial parsimony tree by phylogenetic likelihood library (PLL)... 0.00 seconds
Perform fast likelihood tree search using LG+I+G model...
Estimate model parameters (epsilon = 5.00)
Perform nearest neighbor interchange...
Optimizing NNI: done in 0.0111821 secs using 98.05% CPU
Estimate model parameters (epsilon = 1.00)
1. Initial log-likelihood: -2596.32
Optimal log-likelihood: -2596.12
Proportion of invariable sites: 0.09
Gamma shape alpha: 1.42
Parameters optimization took 1 rounds (0.01 sec)
Time for fast ML tree search: 0.06 seconds

NOTE: ModelFinder requires 2 MB RAM!
ModelFinder will test up to 1232 protein models (sample size: 258) ...
 No. Model         -LnL         df  AIC          AICc         BIC
  1  LG            2639.445     11  5300.889     5301.962     5339.972
  2  LG+I          2613.534     12  5251.068     5252.341     5293.703
  3  LG+G4         2595.902     12  5215.803     5217.077     5258.439
  4  LG+I+G4       2595.947     13  5217.894     5219.386     5264.083
  5  LG+R2         2597.406     13  5220.811     5222.303     5267.000
  6  LG+R3         2590.638     15  5211.277     5213.260     5264.571
  7  LG+R4         2590.611     17  5215.222     5217.772     5275.622
 14  LG+I+R2       2546.153     14  5120.306     5122.034     5170.047
 15  LG+I+R3       2546.409     16  5124.817     5127.074     5181.665
 36  LG+F+I+R2     2526.233     33  5118.466     5128.484     5235.714
 58  WAG+I+R2      2556.479     14  5140.959     5142.687     5190.700
 80  WAG+F+I+R2    2531.972     33  5129.943     5139.961     5247.191
102  JTT+I+R2      2544.237     14  5116.473     5118.202     5166.215
124  JTT+F+I+R2    2516.087     33  5098.174     5108.192     5215.422
WARNING: Normalizing state frequencies so that sum of them equals to 1
146  Q.pfam+I+R2   2547.382     14  5122.764     5124.492     5172.505
WARNING: Normalizing state frequencies so that sum of them equals to 1
168  Q.pfam+F+I+R2 2524.147     33  5114.294     5124.312     5231.541
WARNING: Normalizing state frequencies so that sum of them equals to 1
190  Q.bird+I+R2   2551.083     14  5130.165     5131.893     5179.907
WARNING: Normalizing state frequencies so that sum of them equals to 1
212  Q.bird+F+I+R2 2529.890     33  5125.781     5135.799     5243.029
WARNING: Normalizing state frequencies so that sum of them equals to 1
234  Q.mammal+I+R2 2543.428     14  5114.856     5116.585     5164.598
WARNING: Normalizing state frequencies so that sum of them equals to 1
256  Q.mammal+F+I+R2 2519.627     33  5105.255     5115.273     5222.502
278  Q.insect+I+R2 2529.010     14  5086.021     5087.749     5135.762
300  Q.insect+F+I+R2 2509.568     33  5085.136     5095.153     5202.383
WARNING: Normalizing state frequencies so that sum of them equals to 1
322  Q.plant+I+R2  2542.320     14  5112.640     5114.369     5162.382
WARNING: Normalizing state frequencies so that sum of them equals to 1
344  Q.plant+F+I+R2 2518.576     33  5103.152     5113.170     5220.400
WARNING: Normalizing state frequencies so that sum of them equals to 1
366  Q.yeast+I+R2  2538.109     14  5104.219     5105.947     5153.960
WARNING: Normalizing state frequencies so that sum of them equals to 1
388  Q.yeast+F+I+R2 2518.026     33  5102.052     5112.070     5219.299
410  JTTDCMut+I+R2 2544.832     14  5117.663     5119.392     5167.405
432  JTTDCMut+F+I+R2 2516.826     33  5099.652     5109.670     5216.899
454  DCMut+I+R2    2573.497     14  5174.995     5176.723     5224.736
476  DCMut+F+I+R2  2532.799     33  5131.598     5141.616     5248.846
498  VT+I+R2       2545.341     14  5118.683     5120.411     5168.424
520  VT+F+I+R2     2527.076     33  5120.152     5130.170     5237.399
542  PMB+I+R2      2574.397     14  5176.794     5178.523     5226.536
564  PMB+F+I+R2    2545.397     33  5156.795     5166.813     5274.043
586  Blosum62+I+R2 2571.627     14  5171.254     5172.982     5220.995
608  Blosum62+F+I+R2 2548.282     33  5162.564     5172.582     5279.812
630  Dayhoff+I+R2  2573.429     14  5174.859     5176.587     5224.600
652  Dayhoff+F+I+R2 2533.310     33  5132.619     5142.637     5249.867
674  mtREV+I+R2    2699.372     14  5426.745     5428.473     5476.486
696  mtREV+F+I+R2  2547.786     33  5161.573     5171.591     5278.821
718  mtART+I+R2    2731.059     14  5490.117     5491.846     5539.859
740  mtART+F+I+R2  2563.453     33  5192.906     5202.924     5310.153
762  mtZOA+I+R2    2692.738     14  5413.475     5415.203     5463.216
784  mtZOA+F+I+R2  2547.310     33  5160.620     5170.637     5277.867
806  mtMet+I+R2    2694.453     14  5416.907     5418.635     5466.648
828  mtMet+F+I+R2  2539.380     33  5144.760     5154.778     5262.007
850  mtVer+I+R2    2704.252     14  5436.504     5438.233     5486.246
872  mtVer+F+I+R2  2546.237     33  5158.474     5168.492     5275.722
894  mtInv+I+R2    2718.061     14  5464.123     5465.851     5513.864
916  mtInv+F+I+R2  2536.776     33  5139.551     5149.569     5256.799
938  mtMAM+I+R2    2725.093     14  5478.187     5479.915     5527.928
960  mtMAM+F+I+R2  2569.464     33  5204.927     5214.945     5322.175
WARNING: Normalizing state frequencies so that sum of them equals to 1
982  FLAVI+I+R2    2617.064     14  5262.129     5263.857     5311.870
WARNING: Normalizing state frequencies so that sum of them equals to 1
1004  FLAVI+F+I+R2  2557.264     33  5180.527     5190.545     5297.775
1026  HIVb+I+R2     2571.382     14  5170.763     5172.492     5220.505
1048  HIVb+F+I+R2   2540.566     33  5147.133     5157.151     5264.381
1070  HIVw+I+R2     2644.501     14  5317.002     5318.730     5366.744
1092  HIVw+F+I+R2   2580.100     33  5226.199     5236.217     5343.447
1114  FLU+I+R2      2581.390     14  5190.780     5192.508     5240.521
1136  FLU+F+I+R2    2549.012     33  5164.023     5174.041     5281.271
1158  rtREV+I+R2    2566.423     14  5160.847     5162.575     5210.588
1180  rtREV+F+I+R2  2539.659     33  5145.319     5155.337     5262.566
1202  cpREV+I+R2    2571.020     14  5170.040     5171.768     5219.781
1224  cpREV+F+I+R2  2547.562     33  5161.123     5171.141     5278.371
Akaike Information Criterion:           Q.insect+F+I+R2
Corrected Akaike Information Criterion: Q.insect+I+R2
Bayesian Information Criterion:         Q.insect+I+R2
Best-fit model: Q.insect+I+R2 chosen according to BIC

All model information printed to /Users/bushrakhan/Desktop/NIPGR-data/MADS-box-Evolutionary-gene-detection/Simultaneous_Phylogenetic_Analysis/Results/Trees/Bayes/Piper_auritum_MUSCLE_Bayes.model.gz
CPU time for ModelFinder: 6.792 seconds (0h:0m:6s)
Wall-clock time for ModelFinder: 6.806 seconds (0h:0m:6s)

NOTE: 0 MB RAM (0 GB) is required!
Estimate model parameters (epsilon = 0.500)
1. Initial log-likelihood: -2529.010
Optimal log-likelihood: -2529.009
Proportion of invariable sites: 0.240
Site proportion and rates:  (0.586,0.444) (0.414,1.788)
Parameters optimization took 1 rounds (0.020 sec)
Wrote distance file to... 
Computing ML distances based on estimated model parameters...
Calculating distance matrix: done in 0.00227809 secs using 98.42% CPU
Computing ML distances took 0.002332 sec (of wall-clock time) 0.002280 sec (of CPU time)
Setting up auxiliary I and S matrices: done in 2.59876e-05 secs using 103.9% CPU
Constructing RapidNJ tree: done in 2.59876e-05 secs using 127% CPU
Computing RapidNJ tree took 0.000092 sec (of wall-clock time) 0.000093 sec (of CPU time)
Log-likelihood of RapidNJ tree: -2529.009
--------------------------------------------------------------------
|             INITIALIZING CANDIDATE TREE SET                      |
--------------------------------------------------------------------
Generating 1 parsimony trees... 0.000 second
Computing log-likelihood of 1 initial trees ... 0.002 seconds
Current best score: -2529.009

Do NNI search on 2 best initial trees
Optimizing NNI: done in 0.00553107 secs using 198.1% CPU
Optimizing NNI: done in 0.0123389 secs using 198.3% CPU
Finish initializing candidate tree set (2)
Current best tree score: -2529.009 / CPU time: 0.022
Number of iterations: 2
TREE SEARCH COMPLETED AFTER 2 ITERATIONS / Time: 0h:0m:0s

--------------------------------------------------------------------
|                    FINALIZING TREE SEARCH                        |
--------------------------------------------------------------------
Performs final model parameters optimization
Estimate model parameters (epsilon = 0.050)
1. Initial log-likelihood: -2529.009
Optimal log-likelihood: -2529.009
Proportion of invariable sites: 0.240
Site proportion and rates:  (0.586,0.444) (0.414,1.788)
Parameters optimization took 1 rounds (0.021 sec)
BEST SCORE FOUND : -2529.009

Testing tree branches by SH-like aLRT with 1000 replicates...
Testing tree branches by aBayes parametric test...
0.024 sec.
Total tree length: 6.616

Total number of iterations: 2
CPU time used for tree search: 0.043 sec (0h:0m:0s)
Wall-clock time used for tree search: 0.022 sec (0h:0m:0s)
Total CPU time used: 0.175 sec (0h:0m:0s)
Total wall-clock time used: 0.104 sec (0h:0m:0s)

Analysis results written to: 
  IQ-TREE report:                /Users/bushrakhan/Desktop/NIPGR-data/MADS-box-Evolutionary-gene-detection/Simultaneous_Phylogenetic_Analysis/Results/Trees/Bayes/Piper_auritum_MUSCLE_Bayes.iqtree
  Maximum-likelihood tree:       /Users/bushrakhan/Desktop/NIPGR-data/MADS-box-Evolutionary-gene-detection/Simultaneous_Phylogenetic_Analysis/Results/Trees/Bayes/Piper_auritum_MUSCLE_Bayes.treefile
  Likelihood distances:          /Users/bushrakhan/Desktop/NIPGR-data/MADS-box-Evolutionary-gene-detection/Simultaneous_Phylogenetic_Analysis/Results/Trees/Bayes/Piper_auritum_MUSCLE_Bayes.mldist
  Screen log file:               /Users/bushrakhan/Desktop/NIPGR-data/MADS-box-Evolutionary-gene-detection/Simultaneous_Phylogenetic_Analysis/Results/Trees/Bayes/Piper_auritum_MUSCLE_Bayes.log

Date and Time: Sun Apr  5 08:49:26 2026
