IQ-TREE multicore version 2.2.2.7 COVID-edition for Mac OS X 64-bit built May 30 2023
Developed by Bui Quang Minh, James Barbetti, Nguyen Lam Tung,
Olga Chernomor, Heiko Schmidt, Dominik Schrempf, Michael Woodhams, Ly Trong Nhan.

Host:    Bushras-MacBook-Air.local (SSE4.2, 16 GB RAM)
Command: /Users/bushrakhan/Desktop/NIPGR-data/MADS-box-Evolutionary-gene-detection/Advanced_Phylogenetic_Pipeline/Uploads/scripts/iqtree2 -s /Users/bushrakhan/Desktop/NIPGR-data/MADS-box-Evolutionary-gene-detection/Simultaneous_Phylogenetic_Analysis/Results/Alignments/Prunus_persica_ClustalO.fa -fast -alrt 1000 -abayes -pre /Users/bushrakhan/Desktop/NIPGR-data/MADS-box-Evolutionary-gene-detection/Simultaneous_Phylogenetic_Analysis/Results/Trees/Bayes/Prunus_persica_ClustalO_Bayes -redo
Seed:    205165 (Using SPRNG - Scalable Parallel Random Number Generator)
Time:    Sun Apr  5 09:29:45 2026
Kernel:  SSE2 - 1 threads (10 CPU cores detected)

HINT: Use -nt option to specify number of threads because your CPU has 10 cores!
HINT: -nt AUTO will automatically determine the best number of threads to use.

Reading alignment file /Users/bushrakhan/Desktop/NIPGR-data/MADS-box-Evolutionary-gene-detection/Simultaneous_Phylogenetic_Analysis/Results/Alignments/Prunus_persica_ClustalO.fa ... Fasta format detected
Reading fasta file: done in 0.00153112 secs using 93.07% CPU
Alignment most likely contains protein sequences
Constructing alignment: done in 0.000731945 secs using 77.74% CPU
WARNING: 1 sites contain only gaps or ambiguous characters.
Alignment has 35 sequences with 540 columns, 505 distinct patterns
259 parsimony-informative, 158 singleton sites, 123 constant sites
Analyzing sequences: done in 3.40939e-05 secs using 93.86% CPU
WARNING: 29 sequences contain more than 50% gaps/ambiguity
Checking for duplicate sequences: done in 0.000103951 secs using 81.77% CPU


Create initial parsimony tree by phylogenetic likelihood library (PLL)... 0.01 seconds
Perform fast likelihood tree search using LG+I+G model...
Estimate model parameters (epsilon = 5.00)
Perform nearest neighbor interchange...
Optimizing NNI: done in 0.77682 secs using 99.85% CPU
Estimate model parameters (epsilon = 1.00)
1. Initial log-likelihood: -15708.53
Optimal log-likelihood: -15708.18
Proportion of invariable sites: 0.02
Gamma shape alpha: 1.09
Parameters optimization took 1 rounds (0.30 sec)
Time for fast ML tree search: 2.11 seconds

NOTE: ModelFinder requires 28 MB RAM!
ModelFinder will test up to 1232 protein models (sample size: 540) ...
 No. Model         -LnL         df  AIC          AICc         BIC
  1  LG            16378.509    67  32891.019    32910.324    33178.554
  2  LG+I          16232.389    68  32600.777    32620.701    32892.604
  3  LG+G4         15719.219    68  31574.437    31594.361    31866.264
  4  LG+I+G4       15708.146    69  31554.291    31574.844    31850.410
  5  LG+R2         15807.229    69  31752.457    31773.010    32048.576
  6  LG+R3         15704.652    71  31551.304    31573.150    31856.005
  7  LG+R4         15693.986    73  31533.971    31557.156    31847.256
  8  LG+R5         15682.118    75  31514.237    31538.806    31836.104
  9  LG+R6         15682.083    77  31518.167    31544.167    31848.617
 14  LG+I+R2       15698.330    70  31536.660    31557.854    31837.070
 15  LG+I+R3       15635.186    72  31414.372    31436.881    31723.365
 16  LG+I+R4       15626.336    74  31400.672    31424.543    31718.248
 17  LG+I+R5       15626.151    76  31404.303    31429.581    31730.462
 37  LG+F+I+R3     15603.159    91  31388.318    31425.693    31778.851
 38  LG+F+I+R4     15591.513    93  31369.025    31408.227    31768.141
 59  WAG+I+R3      15689.821    72  31523.641    31546.151    31832.634
 60  WAG+I+R4      15686.897    74  31521.794    31545.665    31839.370
 81  WAG+F+I+R3    15653.225    91  31488.450    31525.825    31878.983
 82  WAG+F+I+R4    15647.679    93  31481.357    31520.559    31880.473
103  JTT+I+R3      15603.454    72  31350.907    31373.417    31659.900
104  JTT+I+R4      15597.799    74  31343.599    31367.470    31661.175
125  JTT+F+I+R3    15543.525    91  31269.049    31306.424    31659.582
126  JTT+F+I+R4    15534.792    93  31255.585    31294.787    31654.701
WARNING: Normalizing state frequencies so that sum of them equals to 1
147  Q.pfam+I+R3   15634.505    72  31413.010    31435.520    31722.003
WARNING: Normalizing state frequencies so that sum of them equals to 1
148  Q.pfam+I+R4   15627.509    74  31403.017    31426.888    31720.593
WARNING: Normalizing state frequencies so that sum of them equals to 1
169  Q.pfam+F+I+R3 15585.147    91  31352.295    31389.670    31742.828
WARNING: Normalizing state frequencies so that sum of them equals to 1
170  Q.pfam+F+I+R4 15575.442    93  31336.884    31376.086    31736.000
WARNING: Normalizing state frequencies so that sum of them equals to 1
191  Q.bird+I+R3   15688.404    72  31520.808    31543.317    31829.801
WARNING: Normalizing state frequencies so that sum of them equals to 1
192  Q.bird+I+R4   15669.347    74  31486.693    31510.564    31804.270
WARNING: Normalizing state frequencies so that sum of them equals to 1
213  Q.bird+F+I+R3 15623.244    91  31428.489    31465.864    31819.022
WARNING: Normalizing state frequencies so that sum of them equals to 1
214  Q.bird+F+I+R4 15603.795    93  31393.590    31432.792    31792.706
WARNING: Normalizing state frequencies so that sum of them equals to 1
235  Q.mammal+I+R3 15644.005    72  31432.010    31454.520    31741.003
WARNING: Normalizing state frequencies so that sum of them equals to 1
236  Q.mammal+I+R4 15630.395    74  31408.790    31432.661    31726.367
WARNING: Normalizing state frequencies so that sum of them equals to 1
257  Q.mammal+F+I+R3 15569.873    91  31321.746    31359.121    31712.279
WARNING: Normalizing state frequencies so that sum of them equals to 1
258  Q.mammal+F+I+R4 15555.438    93  31296.875    31336.077    31695.991
279  Q.insect+I+R3 15556.915    72  31257.830    31280.339    31566.823
280  Q.insect+I+R4 15549.494    74  31246.987    31270.858    31564.564
301  Q.insect+F+I+R3 15506.903    91  31195.806    31233.181    31586.339
302  Q.insect+F+I+R4 15495.972    93  31177.945    31217.147    31577.061
WARNING: Normalizing state frequencies so that sum of them equals to 1
323  Q.plant+I+R3  15593.931    72  31331.862    31354.371    31640.855
WARNING: Normalizing state frequencies so that sum of them equals to 1
324  Q.plant+I+R4  15579.598    74  31307.195    31331.066    31624.771
WARNING: Normalizing state frequencies so that sum of them equals to 1
345  Q.plant+F+I+R3 15529.402    91  31240.805    31278.180    31631.338
WARNING: Normalizing state frequencies so that sum of them equals to 1
346  Q.plant+F+I+R4 15512.827    93  31211.654    31250.856    31610.770
WARNING: Normalizing state frequencies so that sum of them equals to 1
367  Q.yeast+I+R3  15623.544    72  31391.088    31413.597    31700.081
WARNING: Normalizing state frequencies so that sum of them equals to 1
368  Q.yeast+I+R4  15614.642    74  31377.284    31401.155    31694.860
WARNING: Normalizing state frequencies so that sum of them equals to 1
389  Q.yeast+F+I+R3 15551.328    91  31284.656    31322.031    31675.189
WARNING: Normalizing state frequencies so that sum of them equals to 1
390  Q.yeast+F+I+R4 15538.194    93  31262.388    31301.590    31661.504
411  JTTDCMut+I+R3 15607.333    72  31358.667    31381.176    31667.660
412  JTTDCMut+I+R4 15601.445    74  31350.889    31374.760    31668.466
433  JTTDCMut+F+I+R3 15547.630    91  31277.260    31314.635    31667.792
434  JTTDCMut+F+I+R4 15538.586    93  31263.171    31302.373    31662.287
455  DCMut+I+R3    15827.533    72  31799.066    31821.575    32108.059
456  DCMut+I+R4    15816.326    74  31780.653    31804.524    32098.229
477  DCMut+F+I+R3  15702.561    91  31587.123    31624.498    31977.655
478  DCMut+F+I+R4  15687.030    93  31560.061    31599.262    31959.177
499  VT+I+R3       15638.562    72  31421.124    31443.633    31730.117
500  VT+I+R4       15637.444    74  31422.888    31446.759    31740.464
521  VT+F+I+R3     15625.005    91  31432.011    31469.386    31822.543
522  VT+F+I+R4     15622.243    93  31430.487    31469.688    31829.603
543  PMB+I+R3      15787.971    72  31719.943    31742.452    32028.936
544  PMB+I+R4      15787.532    74  31723.065    31746.936    32040.641
565  PMB+F+I+R3    15755.944    91  31693.888    31731.263    32084.421
566  PMB+F+I+R4    15753.325    93  31692.650    31731.851    32091.765
587  Blosum62+I+R3 15793.963    72  31731.925    31754.435    32040.918
588  Blosum62+I+R4 15793.163    74  31734.325    31758.196    32051.901
609  Blosum62+F+I+R3 15775.719    91  31733.439    31770.814    32123.971
610  Blosum62+F+I+R4 15772.535    93  31731.070    31770.272    32130.186
631  Dayhoff+I+R3  15827.843    72  31799.687    31822.196    32108.680
632  Dayhoff+I+R4  15816.526    74  31781.052    31804.923    32098.629
653  Dayhoff+F+I+R3 15702.728    91  31587.456    31624.831    31977.989
654  Dayhoff+F+I+R4 15687.071    93  31560.141    31599.343    31959.257
675  mtREV+I+R3    16282.430    72  32708.860    32731.369    33017.853
676  mtREV+I+R4    16267.709    74  32683.418    32707.289    33000.994
697  mtREV+F+I+R3  15775.998    91  31733.995    31771.370    32124.528
698  mtREV+F+I+R4  15754.808    93  31695.616    31734.818    32094.732
719  mtART+I+R3    16436.636    72  33017.272    33039.781    33326.265
720  mtART+I+R4    16416.534    74  32981.068    33004.939    33298.644
741  mtART+F+I+R3  15861.527    91  31905.053    31942.428    32295.586
742  mtART+F+I+R4  15826.769    93  31839.537    31878.739    32238.653
763  mtZOA+I+R3    16187.225    72  32518.451    32540.961    32827.444
764  mtZOA+I+R4    16164.465    74  32476.930    32500.801    32794.506
