IQ-TREE multicore version 2.2.2.7 COVID-edition for Mac OS X 64-bit built May 30 2023
Developed by Bui Quang Minh, James Barbetti, Nguyen Lam Tung,
Olga Chernomor, Heiko Schmidt, Dominik Schrempf, Michael Woodhams, Ly Trong Nhan.

Host:    Bushras-MacBook-Air.local (SSE4.2, 16 GB RAM)
Command: /Users/bushrakhan/Desktop/NIPGR-data/MADS-box-Evolutionary-gene-detection/Advanced_Phylogenetic_Pipeline/Uploads/scripts/iqtree2 -s /Users/bushrakhan/Desktop/NIPGR-data/MADS-box-Evolutionary-gene-detection/Simultaneous_Phylogenetic_Analysis/Results/Alignments/Prunus_persica_MAFFT.fa -fast -alrt 1000 -abayes -pre /Users/bushrakhan/Desktop/NIPGR-data/MADS-box-Evolutionary-gene-detection/Simultaneous_Phylogenetic_Analysis/Results/Trees/Bayes/Prunus_persica_MAFFT_Bayes -redo
Seed:    340206 (Using SPRNG - Scalable Parallel Random Number Generator)
Time:    Sun Apr  5 08:49:54 2026
Kernel:  SSE2 - 1 threads (10 CPU cores detected)

HINT: Use -nt option to specify number of threads because your CPU has 10 cores!
HINT: -nt AUTO will automatically determine the best number of threads to use.

Reading alignment file /Users/bushrakhan/Desktop/NIPGR-data/MADS-box-Evolutionary-gene-detection/Simultaneous_Phylogenetic_Analysis/Results/Alignments/Prunus_persica_MAFFT.fa ... Fasta format detected
Reading fasta file: done in 0.00151491 secs using 93.54% CPU
Alignment most likely contains protein sequences
Constructing alignment: done in 0.000840902 secs using 77.3% CPU
Alignment has 35 sequences with 576 columns, 514 distinct patterns
254 parsimony-informative, 156 singleton sites, 166 constant sites
Analyzing sequences: done in 3.48091e-05 secs using 97.68% CPU
WARNING: 30 sequences contain more than 50% gaps/ambiguity
Checking for duplicate sequences: done in 0.000104189 secs using 82.54% CPU


Create initial parsimony tree by phylogenetic likelihood library (PLL)... 0.01 seconds
Perform fast likelihood tree search using LG+I+G model...
Estimate model parameters (epsilon = 5.00)
Perform nearest neighbor interchange...
Optimizing NNI: done in 1.25743 secs using 99.79% CPU
Estimate model parameters (epsilon = 1.00)
1. Initial log-likelihood: -15608.50
Optimal log-likelihood: -15608.05
Proportion of invariable sites: 0.03
Gamma shape alpha: 1.05
Parameters optimization took 1 rounds (0.32 sec)
Time for fast ML tree search: 2.56 seconds

NOTE: ModelFinder requires 28 MB RAM!
ModelFinder will test up to 1232 protein models (sample size: 576) ...
 No. Model         -LnL         df  AIC          AICc         BIC
  1  LG            16294.206    67  32722.411    32740.348    33014.270
  2  LG+I          16147.542    68  32431.085    32449.593    32727.300
  3  LG+G4         15619.167    68  31374.334    31392.843    31670.550
  4  LG+I+G4       15607.955    69  31353.911    31373.001    31654.482
  5  LG+R2         15718.008    69  31574.015    31593.106    31874.587
  6  LG+R3         15618.821    71  31379.642    31399.928    31688.926
  7  LG+R4         15602.503    73  31351.006    31372.528    31669.002
  8  LG+R5         15589.404    75  31328.808    31351.608    31655.516
  9  LG+R6         15589.403    77  31332.806    31356.926    31668.226
 14  LG+I+R2       15585.336    70  31310.671    31330.355    31615.599
 15  LG+I+R3       15521.866    72  31187.731    31208.630    31501.371
 16  LG+I+R4       15510.613    74  31169.227    31191.383    31491.579
 17  LG+I+R5       15508.228    76  31168.456    31191.911    31499.520
 37  LG+F+I+R3     15498.300    91  31178.599    31213.194    31575.005
 38  LG+F+I+R4     15482.244    93  31150.487    31186.761    31555.605
 39  LG+F+I+R5     15481.116    95  31152.231    31190.231    31566.061
 59  WAG+I+R3      15593.661    72  31331.322    31352.220    31644.962
 60  WAG+I+R4      15584.075    74  31316.150    31338.306    31638.502
 61  WAG+I+R5      15581.945    76  31315.890    31339.345    31646.954
 81  WAG+F+I+R3    15571.517    91  31325.034    31359.629    31721.440
 82  WAG+F+I+R4    15558.546    93  31303.091    31339.365    31708.209
 83  WAG+F+I+R5    15556.381    95  31302.761    31340.761    31716.591
103  JTT+I+R3      15513.451    72  31170.902    31191.801    31484.542
104  JTT+I+R4      15504.168    74  31156.335    31178.491    31478.687
105  JTT+I+R5      15500.849    76  31153.699    31177.154    31484.763
125  JTT+F+I+R3    15462.106    91  31106.212    31140.807    31502.618
126  JTT+F+I+R4    15449.730    93  31085.459    31121.733    31490.577
127  JTT+F+I+R5    15446.105    95  31082.209    31120.209    31496.039
WARNING: Normalizing state frequencies so that sum of them equals to 1
147  Q.pfam+I+R3   15519.936    72  31183.872    31204.770    31497.511
WARNING: Normalizing state frequencies so that sum of them equals to 1
148  Q.pfam+I+R4   15510.069    74  31168.139    31190.294    31490.491
WARNING: Normalizing state frequencies so that sum of them equals to 1
149  Q.pfam+I+R5   15506.665    76  31165.331    31188.786    31496.395
WARNING: Normalizing state frequencies so that sum of them equals to 1
169  Q.pfam+F+I+R3 15480.360    91  31142.721    31177.316    31539.127
WARNING: Normalizing state frequencies so that sum of them equals to 1
170  Q.pfam+F+I+R4 15467.457    93  31120.913    31157.187    31526.031
WARNING: Normalizing state frequencies so that sum of them equals to 1
171  Q.pfam+F+I+R5 15465.542    95  31121.085    31159.085    31534.915
WARNING: Normalizing state frequencies so that sum of them equals to 1
191  Q.bird+I+R3   15583.175    72  31310.350    31331.248    31623.990
WARNING: Normalizing state frequencies so that sum of them equals to 1
192  Q.bird+I+R4   15560.854    74  31269.709    31291.865    31592.061
WARNING: Normalizing state frequencies so that sum of them equals to 1
193  Q.bird+I+R5   15558.427    76  31268.854    31292.309    31599.918
WARNING: Normalizing state frequencies so that sum of them equals to 1
213  Q.bird+F+I+R3 15530.763    91  31243.525    31278.120    31639.931
WARNING: Normalizing state frequencies so that sum of them equals to 1
214  Q.bird+F+I+R4 15508.365    93  31202.730    31239.004    31607.848
WARNING: Normalizing state frequencies so that sum of them equals to 1
215  Q.bird+F+I+R5 15506.506    95  31203.012    31241.012    31616.843
WARNING: Normalizing state frequencies so that sum of them equals to 1
235  Q.mammal+I+R3 15541.489    72  31226.978    31247.876    31540.617
WARNING: Normalizing state frequencies so that sum of them equals to 1
236  Q.mammal+I+R4 15525.753    74  31199.507    31221.663    31521.859
WARNING: Normalizing state frequencies so that sum of them equals to 1
237  Q.mammal+I+R5 15514.490    76  31180.979    31204.434    31512.043
WARNING: Normalizing state frequencies so that sum of them equals to 1
257  Q.mammal+F+I+R3 15481.592    91  31145.184    31179.779    31541.590
WARNING: Normalizing state frequencies so that sum of them equals to 1
258  Q.mammal+F+I+R4 15464.954    93  31115.907    31152.181    31521.025
WARNING: Normalizing state frequencies so that sum of them equals to 1
259  Q.mammal+F+I+R5 15462.538    95  31115.076    31153.076    31528.906
279  Q.insect+I+R3 15452.289    72  31048.579    31069.477    31362.218
280  Q.insect+I+R4 15445.484    74  31038.969    31061.125    31361.321
281  Q.insect+I+R5 15443.705    76  31039.411    31062.866    31370.475
301  Q.insect+F+I+R3 15403.865    91  30989.730    31024.325    31386.135
302  Q.insect+F+I+R4 15395.081    93  30976.162    31012.436    31381.280
303  Q.insect+F+I+R5 15392.082    95  30974.163    31012.163    31387.993
WARNING: Normalizing state frequencies so that sum of them equals to 1
323  Q.plant+I+R3  15493.919    72  31131.837    31152.736    31445.477
WARNING: Normalizing state frequencies so that sum of them equals to 1
324  Q.plant+I+R4  15474.721    74  31097.442    31119.598    31419.794
WARNING: Normalizing state frequencies so that sum of them equals to 1
325  Q.plant+I+R5  15471.983    76  31095.967    31119.422    31427.031
WARNING: Normalizing state frequencies so that sum of them equals to 1
345  Q.plant+F+I+R3 15433.606    91  31049.212    31083.807    31445.617
WARNING: Normalizing state frequencies so that sum of them equals to 1
346  Q.plant+F+I+R4 15413.172    93  31012.344    31048.618    31417.462
WARNING: Normalizing state frequencies so that sum of them equals to 1
347  Q.plant+F+I+R5 15411.091    95  31012.182    31050.182    31426.012
WARNING: Normalizing state frequencies so that sum of them equals to 1
367  Q.yeast+I+R3  15504.366    72  31152.732    31173.631    31466.372
WARNING: Normalizing state frequencies so that sum of them equals to 1
368  Q.yeast+I+R4  15496.215    74  31140.429    31162.585    31462.781
WARNING: Normalizing state frequencies so that sum of them equals to 1
369  Q.yeast+I+R5  15493.951    76  31139.903    31163.357    31470.967
WARNING: Normalizing state frequencies so that sum of them equals to 1
389  Q.yeast+F+I+R3 15438.879    91  31059.759    31094.354    31456.165
WARNING: Normalizing state frequencies so that sum of them equals to 1
390  Q.yeast+F+I+R4 15427.582    93  31041.164    31077.438    31446.282
WARNING: Normalizing state frequencies so that sum of them equals to 1
391  Q.yeast+F+I+R5 15424.584    95  31039.168    31077.168    31452.998
411  JTTDCMut+I+R3 15516.905    72  31177.810    31198.709    31491.450
412  JTTDCMut+I+R4 15507.235    74  31162.469    31184.625    31484.821
413  JTTDCMut+I+R5 15503.753    76  31159.505    31182.960    31490.570
433  JTTDCMut+F+I+R3 15466.217    91  31114.433    31149.028    31510.839
434  JTTDCMut+F+I+R4 15454.286    93  31094.573    31130.847    31499.691
435  JTTDCMut+F+I+R5 15451.207    95  31092.413    31130.413    31506.244
455  DCMut+I+R3    15721.558    72  31587.116    31608.015    31900.756
456  DCMut+I+R4    15707.361    74  31562.721    31584.877    31885.073
457  DCMut+I+R5    15700.922    76  31553.844    31577.299    31884.909
477  DCMut+F+I+R3  15610.948    91  31403.895    31438.490    31800.301
478  DCMut+F+I+R4  15594.773    93  31375.546    31411.820    31780.664
479  DCMut+F+I+R5  15589.761    95  31369.522    31407.522    31783.352
499  VT+I+R3       15544.792    72  31233.585    31254.483    31547.224
500  VT+I+R4       15539.036    74  31226.073    31248.228    31548.425
521  VT+F+I+R3     15544.655    91  31271.311    31305.906    31667.717
522  VT+F+I+R4     15536.650    93  31259.300    31295.574    31664.418
523  VT+F+I+R5     15534.588    95  31259.175    31297.175    31673.005
543  PMB+I+R3      15685.237    72  31514.474    31535.373    31828.114
544  PMB+I+R4      15678.705    74  31505.410    31527.565    31827.762
545  PMB+I+R5      15679.006    76  31510.013    31533.468    31841.077
565  PMB+F+I+R3    15674.379    91  31530.759    31565.354    31927.165
566  PMB+F+I+R4    15662.339    93  31510.678    31546.952    31915.796
567  PMB+F+I+R5    15661.589    95  31513.178    31551.178    31927.008
587  Blosum62+I+R3 15684.967    72  31513.933    31534.832    31827.573
588  Blosum62+I+R4 15678.568    74  31505.137    31527.292    31827.489
589  Blosum62+I+R5 15678.351    76  31508.702    31532.157    31839.766
609  Blosum62+F+I+R3 15686.896    91  31555.792    31590.387    31952.198
610  Blosum62+F+I+R4 15675.385    93  31536.771    31573.045    31941.889
WARNING: Log-likelihood -15685.3 of Blosum62+F+I+R5 worse than Blosum62+F+I+R4 -15675.4
611  Blosum62+F+I+R5 15685.272    95  31560.545    31598.545    31974.375
631  Dayhoff+I+R3  15721.677    72  31587.353    31608.252    31900.993
632  Dayhoff+I+R4  15707.258    74  31562.516    31584.671    31884.868
633  Dayhoff+I+R5  15703.816    76  31559.632    31583.087    31890.696
653  Dayhoff+F+I+R3 15610.865    91  31403.730    31438.325    31800.136
654  Dayhoff+F+I+R4 15594.715    93  31375.430    31411.703    31780.548
655  Dayhoff+F+I+R5 15589.449    95  31368.897    31406.897    31782.728
675  mtREV+I+R3    16159.080    72  32462.160    32483.058    32775.799
676  mtREV+I+R4    16150.150    74  32448.301    32470.456    32770.653
677  mtREV+I+R5    16149.472    76  32450.945    32474.400    32782.009
697  mtREV+F+I+R3  15689.071    91  31560.141    31594.736    31956.547
698  mtREV+F+I+R4  15667.657    93  31521.315    31557.588    31926.433
699  mtREV+F+I+R5  15664.549    95  31519.099    31557.099    31932.929
719  mtART+I+R3    16314.039    72  32772.079    32792.977    33085.718
720  mtART+I+R4    16289.747    74  32727.493    32749.649    33049.845
721  mtART+I+R5    16278.609    76  32709.219    32732.674    33040.283
741  mtART+F+I+R3  15760.714    91  31703.429    31738.024    32099.834
742  mtART+F+I+R4  15725.106    93  31636.212    31672.486    32041.330
743  mtART+F+I+R5  15723.822    95  31637.644    31675.644    32051.474
763  mtZOA+I+R3    16043.154    72  32230.308    32251.206    32543.948
764  mtZOA+I+R4    16022.611    74  32193.222    32215.378    32515.574
765  mtZOA+I+R5    16014.387    76  32180.773    32204.228    32511.837
785  mtZOA+F+I+R3  15656.588    91  31495.175    31529.770    31891.581
786  mtZOA+F+I+R4  15621.258    93  31428.517    31464.790    31833.635
787  mtZOA+F+I+R5  15619.329    95  31428.658    31466.658    31842.488
807  mtMet+I+R3    16136.834    72  32417.668    32438.567    32731.308
808  mtMet+I+R4    16121.844    74  32391.687    32413.843    32714.039
809  mtMet+I+R5    16120.060    76  32392.120    32415.575    32723.185
829  mtMet+F+I+R3  15601.257    91  31384.514    31419.109    31780.920
830  mtMet+F+I+R4  15579.821    93  31345.642    31381.916    31750.760
831  mtMet+F+I+R5  15577.278    95  31344.556    31382.556    31758.387
851  mtVer+I+R3    16173.853    72  32491.706    32512.605    32805.346
852  mtVer+I+R4    16150.620    74  32449.239    32471.395    32771.591
853  mtVer+I+R5    16147.295    76  32446.590    32470.045    32777.655
873  mtVer+F+I+R3  15703.558    91  31589.116    31623.711    31985.522
874  mtVer+F+I+R4  15677.620    93  31541.241    31577.515    31946.359
875  mtVer+F+I+R5  15672.722    95  31535.444    31573.444    31949.274
895  mtInv+I+R3    16287.800    72  32719.600    32740.498    33033.240
896  mtInv+I+R4    16277.001    74  32702.003    32724.158    33024.355
WARNING: Log-likelihood -16288.1 of mtInv+I+R5 worse than mtInv+I+R4 -16277
897  mtInv+I+R5    16288.107    76  32728.213    32751.668    33059.277
917  mtInv+F+I+R3  15573.782    91  31329.564    31364.160    31725.970
918  mtInv+F+I+R4  15554.946    93  31295.892    31332.166    31701.010
919  mtInv+F+I+R5  15553.020    95  31296.040    31334.040    31709.871
939  mtMAM+I+R3    16328.488    72  32800.977    32821.876    33114.617
940  mtMAM+I+R4    16295.263    74  32738.527    32760.682    33060.879
941  mtMAM+I+R5    16289.828    76  32731.657    32755.112    33062.721
961  mtMAM+F+I+R3  15813.140    91  31808.280    31842.875    32204.686
962  mtMAM+F+I+R4  15782.018    93  31750.036    31786.309    32155.154
963  mtMAM+F+I+R5  15773.126    95  31736.252    31774.252    32150.083
WARNING: Normalizing state frequencies so that sum of them equals to 1
983  FLAVI+I+R3    15963.803    72  32071.605    32092.504    32385.245
WARNING: Normalizing state frequencies so that sum of them equals to 1
984  FLAVI+I+R4    15937.550    74  32023.101    32045.256    32345.453
WARNING: Normalizing state frequencies so that sum of them equals to 1
985  FLAVI+I+R5    15933.445    76  32018.889    32042.344    32349.953
WARNING: Normalizing state frequencies so that sum of them equals to 1
1005  FLAVI+F+I+R3  15752.557    91  31687.113    31721.708    32083.519
WARNING: Normalizing state frequencies so that sum of them equals to 1
1006  FLAVI+F+I+R4  15716.699    93  31619.397    31655.671    32024.515
WARNING: Normalizing state frequencies so that sum of them equals to 1
1007  FLAVI+F+I+R5  15714.762    95  31619.524    31657.524    32033.355
1027  HIVb+I+R3     15723.127    72  31590.253    31611.152    31903.893
1028  HIVb+I+R4     15696.402    74  31540.804    31562.960    31863.156
1029  HIVb+I+R5     15694.449    76  31540.898    31564.353    31871.962
1049  HIVb+F+I+R3   15621.246    91  31424.492    31459.087    31820.898
1050  HIVb+F+I+R4   15593.676    93  31373.353    31409.627    31778.471
1051  HIVb+F+I+R5   15591.907    95  31373.814    31411.814    31787.644
1071  HIVw+I+R3     16233.010    72  32610.019    32630.918    32923.659
1072  HIVw+I+R4     16207.154    74  32562.309    32584.465    32884.661
1073  HIVw+I+R5     16205.431    76  32562.861    32586.316    32893.925
1093  HIVw+F+I+R3   15956.729    91  32095.457    32130.053    32491.863
1094  HIVw+F+I+R4   15926.322    93  32038.643    32074.917    32443.761
1095  HIVw+F+I+R5   15925.458    95  32040.916    32078.916    32454.747
1115  FLU+I+R3      15740.124    72  31624.248    31645.147    31937.888
1116  FLU+I+R4      15715.137    74  31578.273    31600.429    31900.625
1117  FLU+I+R5      15712.644    76  31577.288    31600.743    31908.352
1137  FLU+F+I+R3    15678.262    91  31538.524    31573.119    31934.930
1138  FLU+F+I+R4    15655.996    93  31497.991    31534.265    31903.109
1139  FLU+F+I+R5    15652.163    95  31494.327    31532.327    31908.157
1159  rtREV+I+R3    15640.483    72  31424.966    31445.864    31738.606
1160  rtREV+I+R4    15632.991    74  31413.982    31436.138    31736.334
1161  rtREV+I+R5    15631.223    76  31414.446    31437.901    31745.510
1181  rtREV+F+I+R3  15558.992    91  31299.984    31334.579    31696.390
1182  rtREV+F+I+R4  15547.447    93  31280.894    31317.168    31686.012
1183  rtREV+F+I+R5  15545.806    95  31281.612    31319.612    31695.442
1203  cpREV+I+R3    15671.371    72  31486.741    31507.640    31800.381
1204  cpREV+I+R4    15655.774    74  31459.547    31481.703    31781.899
1205  cpREV+I+R5    15651.522    76  31455.044    31478.499    31786.108
1225  cpREV+F+I+R3  15702.479    91  31586.958    31621.553    31983.363
1226  cpREV+F+I+R4  15677.912    93  31541.823    31578.097    31946.941
1227  cpREV+F+I+R5  15671.258    95  31532.515    31570.515    31946.345
Akaike Information Criterion:           Q.insect+F+I+R5
Corrected Akaike Information Criterion: Q.insect+F+I+R5
Bayesian Information Criterion:         Q.insect+I+R4
Best-fit model: Q.insect+I+R4 chosen according to BIC

All model information printed to /Users/bushrakhan/Desktop/NIPGR-data/MADS-box-Evolutionary-gene-detection/Simultaneous_Phylogenetic_Analysis/Results/Trees/Bayes/Prunus_persica_MAFFT_Bayes.model.gz
CPU time for ModelFinder: 1266.173 seconds (0h:21m:6s)
Wall-clock time for ModelFinder: 1267.843 seconds (0h:21m:7s)

NOTE: 11 MB RAM (0 GB) is required!
Estimate model parameters (epsilon = 0.500)
1. Initial log-likelihood: -15445.484
Optimal log-likelihood: -15445.475
Proportion of invariable sites: 0.288
Site proportion and rates:  (0.129,0.121) (0.255,0.419) (0.296,1.028) (0.319,1.794)
Parameters optimization took 1 rounds (1.049 sec)
Wrote distance file to... 
Computing ML distances based on estimated model parameters...
Calculating distance matrix: done in 0.145899 secs using 99.69% CPU
Computing ML distances took 0.146063 sec (of wall-clock time) 0.145582 sec (of CPU time)
WARNING: Some pairwise ML distances are too long (saturated)
Setting up auxiliary I and S matrices: done in 6.79493e-05 secs using 131% CPU
Constructing RapidNJ tree: done in 0.000140905 secs using 170.3% CPU
Computing RapidNJ tree took 0.000263 sec (of wall-clock time) 0.000398 sec (of CPU time)
Log-likelihood of RapidNJ tree: -15459.565
--------------------------------------------------------------------
|             INITIALIZING CANDIDATE TREE SET                      |
--------------------------------------------------------------------

Do NNI search on 2 best initial trees
Optimizing NNI: done in 0.487749 secs using 99.88% CPU
Estimate model parameters (epsilon = 0.500)
BETTER TREE FOUND at iteration 1: -15443.679
Optimizing NNI: done in 0.976461 secs using 99.89% CPU
Estimate model parameters (epsilon = 0.500)
BETTER TREE FOUND at iteration 2: -15443.054
Finish initializing candidate tree set (4)
Current best tree score: -15443.054 / CPU time: 3.549
Number of iterations: 2
TREE SEARCH COMPLETED AFTER 2 ITERATIONS / Time: 0h:0m:5s

--------------------------------------------------------------------
|                    FINALIZING TREE SEARCH                        |
--------------------------------------------------------------------
Performs final model parameters optimization
Estimate model parameters (epsilon = 0.050)
1. Initial log-likelihood: -15443.054
Optimal log-likelihood: -15443.050
Proportion of invariable sites: 0.288
Site proportion and rates:  (0.130,0.118) (0.253,0.416) (0.298,1.037) (0.319,1.788)
Parameters optimization took 1 rounds (0.868 sec)
BEST SCORE FOUND : -15443.050

Testing tree branches by SH-like aLRT with 1000 replicates...
Testing tree branches by aBayes parametric test...
0.515 sec.
Total tree length: 36.002

Total number of iterations: 2
CPU time used for tree search: 3.545 sec (0h:0m:3s)
Wall-clock time used for tree search: 3.549 sec (0h:0m:3s)
Total CPU time used: 6.662 sec (0h:0m:6s)
Total wall-clock time used: 6.484 sec (0h:0m:6s)

Analysis results written to: 
  IQ-TREE report:                /Users/bushrakhan/Desktop/NIPGR-data/MADS-box-Evolutionary-gene-detection/Simultaneous_Phylogenetic_Analysis/Results/Trees/Bayes/Prunus_persica_MAFFT_Bayes.iqtree
  Maximum-likelihood tree:       /Users/bushrakhan/Desktop/NIPGR-data/MADS-box-Evolutionary-gene-detection/Simultaneous_Phylogenetic_Analysis/Results/Trees/Bayes/Prunus_persica_MAFFT_Bayes.treefile
  Likelihood distances:          /Users/bushrakhan/Desktop/NIPGR-data/MADS-box-Evolutionary-gene-detection/Simultaneous_Phylogenetic_Analysis/Results/Trees/Bayes/Prunus_persica_MAFFT_Bayes.mldist
  Screen log file:               /Users/bushrakhan/Desktop/NIPGR-data/MADS-box-Evolutionary-gene-detection/Simultaneous_Phylogenetic_Analysis/Results/Trees/Bayes/Prunus_persica_MAFFT_Bayes.log

Date and Time: Sun Apr  5 09:11:08 2026
