IQ-TREE multicore version 2.2.2.7 COVID-edition for Mac OS X 64-bit built May 30 2023
Developed by Bui Quang Minh, James Barbetti, Nguyen Lam Tung,
Olga Chernomor, Heiko Schmidt, Dominik Schrempf, Michael Woodhams, Ly Trong Nhan.

Host:    Bushras-MacBook-Air.local (SSE4.2, 16 GB RAM)
Command: /Users/bushrakhan/Desktop/NIPGR-data/MADS-box-Evolutionary-gene-detection/Advanced_Phylogenetic_Pipeline/Uploads/scripts/iqtree2 -s /Users/bushrakhan/Desktop/NIPGR-data/MADS-box-Evolutionary-gene-detection/Simultaneous_Phylogenetic_Analysis/Results_v2/Alignments/Amborella_trichopoda_MAFFT.fa -m LG -n 0 -pre /Users/bushrakhan/Desktop/NIPGR-data/MADS-box-Evolutionary-gene-detection/Simultaneous_Phylogenetic_Analysis/Results_v2/Trees/NJ/Amborella_trichopoda_MAFFT_NJ -redo
Seed:    956820 (Using SPRNG - Scalable Parallel Random Number Generator)
Time:    Sun Apr  5 12:14:55 2026
Kernel:  SSE2 - 1 threads (10 CPU cores detected)

HINT: Use -nt option to specify number of threads because your CPU has 10 cores!
HINT: -nt AUTO will automatically determine the best number of threads to use.

Reading alignment file /Users/bushrakhan/Desktop/NIPGR-data/MADS-box-Evolutionary-gene-detection/Simultaneous_Phylogenetic_Analysis/Results_v2/Alignments/Amborella_trichopoda_MAFFT.fa ... Fasta format detected
Reading fasta file: done in 0.00148916 secs using 92.74% CPU
Alignment most likely contains protein sequences
Constructing alignment: done in 0.000700951 secs using 78.89% CPU
Alignment has 28 sequences with 610 columns, 429 distinct patterns
229 parsimony-informative, 113 singleton sites, 268 constant sites
WARNING: Some sequence names are changed as follows:
AT1G69120.1|APETALA1|AP1|Length=286 -> AT1G69120.1|APETALA1|AP1|Length_286
AT4G36920.1|APETALA2|AP2|Length=432 -> AT4G36920.1|APETALA2|AP2|Length_432
AT3G54340.1|APETALA3|AP3|Length=232 -> AT3G54340.1|APETALA3|AP3|Length_232
AT5G20240.1|PISTILLATA|PI|Length=208 -> AT5G20240.1|PISTILLATA|PI|Length_208
AT4G18960.1|AGAMOUS|AG|Length=252 -> AT4G18960.1|AGAMOUS|AG|Length_252
AT4G09960.4|SEEDSTICK|STK|Length=329 -> AT4G09960.4|SEEDSTICK|STK|Length_329
AT3G58780.4|SHATTERPROOF1|SHP1|Length=281 -> AT3G58780.4|SHATTERPROOF1|SHP1|Length_281
AT2G42830.2|SHATTERPROOF2|SHP2|Length=248 -> AT2G42830.2|SHATTERPROOF2|SHP2|Length_248
AT5G15800.2|SEPALLATA1|SEP1|Length=262 -> AT5G15800.2|SEPALLATA1|SEP1|Length_262
AT3G02310.1|SEPALLATA2|SEP2|Length=250 -> AT3G02310.1|SEPALLATA2|SEP2|Length_250
AT1G24260.2|SEPALLATA3|SEP3|Length=251 -> AT1G24260.2|SEPALLATA3|SEP3|Length_251
AT2G03710.1|SEPALLATA4|SEP4|Length=258 -> AT2G03710.1|SEPALLATA4|SEP4|Length_258

                                           Gap/Ambiguity  Composition  p-value
Analyzing sequences: done in 2.5034e-05 secs using 95.87% CPU
   1  evm_27.model.AmTr_v1.0_scaffold00089.36     65.25%    passed     98.80%
   2  evm_27.model.AmTr_v1.0_scaffold00013.60     71.80%    passed     87.06%
   3  evm_27.model.AmTr_v1.0_scaffold00013.53     60.49%    passed     96.69%
   4  evm_27.model.AmTr_v1.0_scaffold00001.409    63.44%    passed     70.28%
   5  evm_27.model.AmTr_v1.0_scaffold00001.461    62.13%    passed     88.71%
   6  evm_27.model.AmTr_v1.0_scaffold00001.225    62.30%    passed     44.19%
   7  evm_27.model.AmTr_v1.0_scaffold00001.413    62.46%    passed     88.83%
   8  evm_27.model.AmTr_v1.0_scaffold00046.134    63.61%    passed     97.75%
   9  evm_27.model.AmTr_v1.0_scaffold00053.185    69.18%    passed     23.33%
  10  evm_27.model.AmTr_v1.0_scaffold00095.150    62.62%    failed      3.57%
  11  evm_27.model.AmTr_v1.0_scaffold00071.203    63.61%    passed     79.42%
  12  evm_27.model.AmTr_v1.0_scaffold00021.296    61.64%    passed     97.32%
  13  evm_27.model.AmTr_v1.0_scaffold00047.121    60.16%    passed     85.44%
  14  evm_27.model.AmTr_v1.0_scaffold00047.105    60.33%    passed     18.81%
  15  evm_27.model.AmTr_v1.0_scaffold00066.97     63.93%    passed     38.93%
  16  evm_27.model.AmTr_v1.0_scaffold00127.17     64.10%    passed     41.70%
  17  AT1G69120.1|APETALA1|AP1|Length_286         58.03%    passed     54.68%
  18  AT4G36920.1|APETALA2|AP2|Length_432         29.18%    failed      0.00%
  19  AT3G54340.1|APETALA3|AP3|Length_232         61.97%    passed     52.21%
  20  AT5G20240.1|PISTILLATA|PI|Length_208        65.90%    passed     10.11%
  21  AT4G18960.1|AGAMOUS|AG|Length_252           58.69%    passed     53.42%
  22  AT4G09960.4|SEEDSTICK|STK|Length_329        46.07%    passed     10.28%
  23  AT3G58780.4|SHATTERPROOF1|SHP1|Length_281   53.93%    passed     46.65%
  24  AT2G42830.2|SHATTERPROOF2|SHP2|Length_248   59.34%    passed     59.40%
  25  AT5G15800.2|SEPALLATA1|SEP1|Length_262      57.05%    passed     45.94%
  26  AT3G02310.1|SEPALLATA2|SEP2|Length_250      59.02%    passed     53.09%
  27  AT1G24260.2|SEPALLATA3|SEP3|Length_251      58.85%    passed     80.47%
  28  AT2G03710.1|SEPALLATA4|SEP4|Length_258      57.70%    passed     96.08%
WARNING: 26 sequences contain more than 50% gaps/ambiguity
****  TOTAL                                       60.10%  2 sequences failed composition chi2 test (p-value<5%; df=19)
Checking for duplicate sequences: done in 7.58171e-05 secs using 83.09% CPU

Create initial parsimony tree by phylogenetic likelihood library (PLL)... 0.003 seconds

NOTE: 1 MB RAM (0 GB) is required!
Estimate model parameters (epsilon = 0.010)
1. Initial log-likelihood: -13457.261
Optimal log-likelihood: -12192.269
Parameters optimization took 1 rounds (0.046 sec)
Wrote distance file to... 
BEST SCORE FOUND : -12192.269
Total tree length: 15.361

Total number of iterations: 0
CPU time used for tree search: 0.000 sec (0h:0m:0s)
Wall-clock time used for tree search: 0.000 sec (0h:0m:0s)
Total CPU time used: 0.058 sec (0h:0m:0s)
Total wall-clock time used: 0.060 sec (0h:0m:0s)

Analysis results written to: 
  IQ-TREE report:                /Users/bushrakhan/Desktop/NIPGR-data/MADS-box-Evolutionary-gene-detection/Simultaneous_Phylogenetic_Analysis/Results_v2/Trees/NJ/Amborella_trichopoda_MAFFT_NJ.iqtree
  Maximum-likelihood tree:       /Users/bushrakhan/Desktop/NIPGR-data/MADS-box-Evolutionary-gene-detection/Simultaneous_Phylogenetic_Analysis/Results_v2/Trees/NJ/Amborella_trichopoda_MAFFT_NJ.treefile
  Screen log file:               /Users/bushrakhan/Desktop/NIPGR-data/MADS-box-Evolutionary-gene-detection/Simultaneous_Phylogenetic_Analysis/Results_v2/Trees/NJ/Amborella_trichopoda_MAFFT_NJ.log

Date and Time: Sun Apr  5 12:14:56 2026
