IQ-TREE multicore version 2.2.2.7 COVID-edition for Mac OS X 64-bit built May 30 2023
Developed by Bui Quang Minh, James Barbetti, Nguyen Lam Tung,
Olga Chernomor, Heiko Schmidt, Dominik Schrempf, Michael Woodhams, Ly Trong Nhan.

Host:    Bushras-MacBook-Air.local (SSE4.2, 16 GB RAM)
Command: /Users/bushrakhan/Desktop/NIPGR-data/MADS-box-Evolutionary-gene-detection/Advanced_Phylogenetic_Pipeline/Uploads/scripts/iqtree2 -s /Users/bushrakhan/Desktop/NIPGR-data/MADS-box-Evolutionary-gene-detection/Simultaneous_Phylogenetic_Analysis/Results_v2/Alignments/Amborella_trichopoda_ClustalO.fa -m LG -n 0 -pre /Users/bushrakhan/Desktop/NIPGR-data/MADS-box-Evolutionary-gene-detection/Simultaneous_Phylogenetic_Analysis/Results_v2/Trees/NJ/Amborella_trichopoda_ClustalO_NJ -redo
Seed:    361815 (Using SPRNG - Scalable Parallel Random Number Generator)
Time:    Sun Apr  5 12:21:01 2026
Kernel:  SSE2 - 1 threads (10 CPU cores detected)

HINT: Use -nt option to specify number of threads because your CPU has 10 cores!
HINT: -nt AUTO will automatically determine the best number of threads to use.

Reading alignment file /Users/bushrakhan/Desktop/NIPGR-data/MADS-box-Evolutionary-gene-detection/Simultaneous_Phylogenetic_Analysis/Results_v2/Alignments/Amborella_trichopoda_ClustalO.fa ... Fasta format detected
Reading fasta file: done in 0.00142598 secs using 91.59% CPU
Alignment most likely contains protein sequences
Constructing alignment: done in 0.000656128 secs using 78.34% CPU
Alignment has 28 sequences with 531 columns, 440 distinct patterns
248 parsimony-informative, 152 singleton sites, 131 constant sites
WARNING: Some sequence names are changed as follows:
AT1G69120.1|APETALA1|AP1|Length=286 -> AT1G69120.1|APETALA1|AP1|Length_286
AT4G36920.1|APETALA2|AP2|Length=432 -> AT4G36920.1|APETALA2|AP2|Length_432
AT3G54340.1|APETALA3|AP3|Length=232 -> AT3G54340.1|APETALA3|AP3|Length_232
AT5G20240.1|PISTILLATA|PI|Length=208 -> AT5G20240.1|PISTILLATA|PI|Length_208
AT4G18960.1|AGAMOUS|AG|Length=252 -> AT4G18960.1|AGAMOUS|AG|Length_252
AT4G09960.4|SEEDSTICK|STK|Length=329 -> AT4G09960.4|SEEDSTICK|STK|Length_329
AT3G58780.4|SHATTERPROOF1|SHP1|Length=281 -> AT3G58780.4|SHATTERPROOF1|SHP1|Length_281
AT2G42830.2|SHATTERPROOF2|SHP2|Length=248 -> AT2G42830.2|SHATTERPROOF2|SHP2|Length_248
AT5G15800.2|SEPALLATA1|SEP1|Length=262 -> AT5G15800.2|SEPALLATA1|SEP1|Length_262
AT3G02310.1|SEPALLATA2|SEP2|Length=250 -> AT3G02310.1|SEPALLATA2|SEP2|Length_250
AT1G24260.2|SEPALLATA3|SEP3|Length=251 -> AT1G24260.2|SEPALLATA3|SEP3|Length_251
AT2G03710.1|SEPALLATA4|SEP4|Length=258 -> AT2G03710.1|SEPALLATA4|SEP4|Length_258

                                           Gap/Ambiguity  Composition  p-value
Analyzing sequences: done in 2.59876e-05 secs using 96.2% CPU
   1  evm_27.model.AmTr_v1.0_scaffold00089.36     60.08%    passed     98.81%
   2  evm_27.model.AmTr_v1.0_scaffold00013.60     67.61%    passed     87.69%
   3  evm_27.model.AmTr_v1.0_scaffold00013.53     54.61%    passed     96.47%
   4  evm_27.model.AmTr_v1.0_scaffold00001.409    58.00%    passed     71.44%
   5  evm_27.model.AmTr_v1.0_scaffold00001.461    56.50%    passed     89.22%
   6  evm_27.model.AmTr_v1.0_scaffold00001.225    56.69%    passed     44.26%
   7  evm_27.model.AmTr_v1.0_scaffold00001.413    56.87%    passed     88.52%
   8  evm_27.model.AmTr_v1.0_scaffold00046.134    58.19%    passed     98.07%
   9  evm_27.model.AmTr_v1.0_scaffold00053.185    64.60%    passed     23.93%
  10  evm_27.model.AmTr_v1.0_scaffold00095.150    57.06%    failed      3.21%
  11  evm_27.model.AmTr_v1.0_scaffold00071.203    58.19%    passed     80.35%
  12  evm_27.model.AmTr_v1.0_scaffold00021.296    55.93%    passed     97.44%
  13  evm_27.model.AmTr_v1.0_scaffold00047.121    54.24%    passed     84.41%
  14  evm_27.model.AmTr_v1.0_scaffold00047.105    54.43%    passed     18.27%
  15  evm_27.model.AmTr_v1.0_scaffold00066.97     58.57%    passed     37.74%
  16  evm_27.model.AmTr_v1.0_scaffold00127.17     58.76%    passed     42.68%
  17  AT1G69120.1|APETALA1|AP1|Length_286         51.79%    passed     53.35%
  18  AT4G36920.1|APETALA2|AP2|Length_432         18.64%    failed      0.00%
  19  AT3G54340.1|APETALA3|AP3|Length_232         56.31%    passed     51.55%
  20  AT5G20240.1|PISTILLATA|PI|Length_208        60.83%    passed      9.93%
  21  AT4G18960.1|AGAMOUS|AG|Length_252           52.54%    passed     54.86%
  22  AT4G09960.4|SEEDSTICK|STK|Length_329        38.04%    passed      9.32%
  23  AT3G58780.4|SHATTERPROOF1|SHP1|Length_281   47.08%    passed     47.33%
  24  AT2G42830.2|SHATTERPROOF2|SHP2|Length_248   53.30%    passed     61.14%
  25  AT5G15800.2|SEPALLATA1|SEP1|Length_262      50.66%    passed     44.78%
  26  AT3G02310.1|SEPALLATA2|SEP2|Length_250      52.92%    passed     52.35%
  27  AT1G24260.2|SEPALLATA3|SEP3|Length_251      52.73%    passed     81.01%
  28  AT2G03710.1|SEPALLATA4|SEP4|Length_258      51.41%    passed     96.12%
WARNING: 25 sequences contain more than 50% gaps/ambiguity
****  TOTAL                                       54.16%  2 sequences failed composition chi2 test (p-value<5%; df=19)
Checking for duplicate sequences: done in 8.01086e-05 secs using 81.14% CPU

Create initial parsimony tree by phylogenetic likelihood library (PLL)... 0.002 seconds

NOTE: 2 MB RAM (0 GB) is required!
Estimate model parameters (epsilon = 0.010)
1. Initial log-likelihood: -13666.723
Optimal log-likelihood: -12555.847
Parameters optimization took 1 rounds (0.047 sec)
Wrote distance file to... 
BEST SCORE FOUND : -12555.847
Total tree length: 16.832

Total number of iterations: 0
CPU time used for tree search: 0.000 sec (0h:0m:0s)
Wall-clock time used for tree search: 0.000 sec (0h:0m:0s)
Total CPU time used: 0.059 sec (0h:0m:0s)
Total wall-clock time used: 0.061 sec (0h:0m:0s)

Analysis results written to: 
  IQ-TREE report:                /Users/bushrakhan/Desktop/NIPGR-data/MADS-box-Evolutionary-gene-detection/Simultaneous_Phylogenetic_Analysis/Results_v2/Trees/NJ/Amborella_trichopoda_ClustalO_NJ.iqtree
  Maximum-likelihood tree:       /Users/bushrakhan/Desktop/NIPGR-data/MADS-box-Evolutionary-gene-detection/Simultaneous_Phylogenetic_Analysis/Results_v2/Trees/NJ/Amborella_trichopoda_ClustalO_NJ.treefile
  Screen log file:               /Users/bushrakhan/Desktop/NIPGR-data/MADS-box-Evolutionary-gene-detection/Simultaneous_Phylogenetic_Analysis/Results_v2/Trees/NJ/Amborella_trichopoda_ClustalO_NJ.log

Date and Time: Sun Apr  5 12:21:01 2026
