IQ-TREE multicore version 2.2.2.7 COVID-edition for Mac OS X 64-bit built May 30 2023
Developed by Bui Quang Minh, James Barbetti, Nguyen Lam Tung,
Olga Chernomor, Heiko Schmidt, Dominik Schrempf, Michael Woodhams, Ly Trong Nhan.

Host:    Bushras-MacBook-Air.local (SSE4.2, 16 GB RAM)
Command: /Users/bushrakhan/Desktop/NIPGR-data/MADS-box-Evolutionary-gene-detection/Advanced_Phylogenetic_Pipeline/Uploads/scripts/iqtree2 -s /Users/bushrakhan/Desktop/NIPGR-data/MADS-box-Evolutionary-gene-detection/Simultaneous_Phylogenetic_Analysis/Results_v2/Alignments/Cinnamomum_kanehirae_MAFFT.fa -m LG -n 0 -pre /Users/bushrakhan/Desktop/NIPGR-data/MADS-box-Evolutionary-gene-detection/Simultaneous_Phylogenetic_Analysis/Results_v2/Trees/NJ/Cinnamomum_kanehirae_MAFFT_NJ -redo
Seed:    167515 (Using SPRNG - Scalable Parallel Random Number Generator)
Time:    Sun Apr  5 12:26:51 2026
Kernel:  SSE2 - 1 threads (10 CPU cores detected)

HINT: Use -nt option to specify number of threads because your CPU has 10 cores!
HINT: -nt AUTO will automatically determine the best number of threads to use.

Reading alignment file /Users/bushrakhan/Desktop/NIPGR-data/MADS-box-Evolutionary-gene-detection/Simultaneous_Phylogenetic_Analysis/Results_v2/Alignments/Cinnamomum_kanehirae_MAFFT.fa ... Fasta format detected
Reading fasta file: done in 0.00197101 secs using 92.85% CPU
Alignment most likely contains protein sequences
Constructing alignment: done in 0.00114393 secs using 76.93% CPU
Alignment has 43 sequences with 796 columns, 671 distinct patterns
275 parsimony-informative, 287 singleton sites, 234 constant sites
WARNING: Some sequence names are changed as follows:
AT1G69120.1|APETALA1|AP1|Length=286 -> AT1G69120.1|APETALA1|AP1|Length_286
AT4G36920.1|APETALA2|AP2|Length=432 -> AT4G36920.1|APETALA2|AP2|Length_432
AT3G54340.1|APETALA3|AP3|Length=232 -> AT3G54340.1|APETALA3|AP3|Length_232
AT5G20240.1|PISTILLATA|PI|Length=208 -> AT5G20240.1|PISTILLATA|PI|Length_208
AT4G18960.1|AGAMOUS|AG|Length=252 -> AT4G18960.1|AGAMOUS|AG|Length_252
AT4G09960.4|SEEDSTICK|STK|Length=329 -> AT4G09960.4|SEEDSTICK|STK|Length_329
AT3G58780.4|SHATTERPROOF1|SHP1|Length=281 -> AT3G58780.4|SHATTERPROOF1|SHP1|Length_281
AT2G42830.2|SHATTERPROOF2|SHP2|Length=248 -> AT2G42830.2|SHATTERPROOF2|SHP2|Length_248
AT5G15800.2|SEPALLATA1|SEP1|Length=262 -> AT5G15800.2|SEPALLATA1|SEP1|Length_262
AT3G02310.1|SEPALLATA2|SEP2|Length=250 -> AT3G02310.1|SEPALLATA2|SEP2|Length_250
AT1G24260.2|SEPALLATA3|SEP3|Length=251 -> AT1G24260.2|SEPALLATA3|SEP3|Length_251
AT2G03710.1|SEPALLATA4|SEP4|Length=258 -> AT2G03710.1|SEPALLATA4|SEP4|Length_258

                                           Gap/Ambiguity  Composition  p-value
Analyzing sequences: done in 5.4121e-05 secs using 96.08% CPU
   1  CKAN_01596700                               74.12%    passed     92.66%
   2  CKAN_01533600                               53.64%    passed     68.04%
   3  CKAN_02447300                               70.10%    failed      2.96%
   4  CKAN_01942000                               81.91%    passed     15.41%
   5  CKAN_01906900                               76.88%    passed     57.29%
   6  CKAN_01942500                               72.36%    passed     68.53%
   7  CKAN_01894500                               57.41%    failed      3.49%
   8  CKAN_01821800                               66.96%    passed     94.18%
   9  CKAN_01848800                               69.72%    passed     98.84%
  10  CKAN_02317200                               55.90%    passed     72.34%
  11  CKAN_02742500                               74.37%    passed     46.71%
  12  CKAN_00565900                               71.73%    passed     94.65%
  13  CKAN_00566000                               68.34%    passed     38.24%
  14  CKAN_00958900                               69.85%    passed     99.62%
  15  CKAN_00861800                               65.95%    failed      0.49%
  16  CKAN_00958800                               72.99%    passed     67.51%
  17  CKAN_01290200                               72.36%    passed     81.19%
  18  CKAN_01352300                               74.87%    passed      5.14%
  19  CKAN_00283400                               70.23%    passed     95.33%
  20  CKAN_00109600                               68.59%    passed     93.55%
  21  CKAN_02197200                               44.97%    failed      0.00%
  22  CKAN_02109000                               73.49%    passed     96.07%
  23  CKAN_02199500                               73.74%    passed     92.51%
  24  CKAN_02189300                               71.98%    passed     39.95%
  25  CKAN_02189800                               73.24%    passed     25.57%
  26  CKAN_02117700                               75.75%    passed     34.62%
  27  CKAN_02189500                               72.61%    passed     24.57%
  28  CKAN_02562300                               71.98%    passed     66.80%
  29  CKAN_01187700                               74.12%    passed     11.22%
  30  CKAN_01046400                               70.35%    passed     42.41%
  31  CKAN_01065400                               72.49%    passed     50.74%
  32  AT1G69120.1|APETALA1|AP1|Length_286         67.84%    passed     63.72%
  33  AT4G36920.1|APETALA2|AP2|Length_432         45.73%    failed      0.00%
  34  AT3G54340.1|APETALA3|AP3|Length_232         70.85%    passed     42.03%
  35  AT5G20240.1|PISTILLATA|PI|Length_208        73.87%    passed     11.87%
  36  AT4G18960.1|AGAMOUS|AG|Length_252           68.34%    passed     34.04%
  37  AT4G09960.4|SEEDSTICK|STK|Length_329        58.67%    passed     13.89%
  38  AT3G58780.4|SHATTERPROOF1|SHP1|Length_281   64.70%    passed     30.94%
  39  AT2G42830.2|SHATTERPROOF2|SHP2|Length_248   68.84%    passed     36.20%
  40  AT5G15800.2|SEPALLATA1|SEP1|Length_262      67.09%    passed     31.44%
  41  AT3G02310.1|SEPALLATA2|SEP2|Length_250      68.59%    passed     40.19%
  42  AT1G24260.2|SEPALLATA3|SEP3|Length_251      68.47%    passed     70.06%
  43  AT2G03710.1|SEPALLATA4|SEP4|Length_258      67.59%    passed     85.12%
WARNING: 41 sequences contain more than 50% gaps/ambiguity
****  TOTAL                                       68.69%  5 sequences failed composition chi2 test (p-value<5%; df=19)
Checking for duplicate sequences: done in 0.000144005 secs using 85.41% CPU

Create initial parsimony tree by phylogenetic likelihood library (PLL)... 0.008 seconds

NOTE: 4 MB RAM (0 GB) is required!
Estimate model parameters (epsilon = 0.010)
1. Initial log-likelihood: -20965.565
Optimal log-likelihood: -18450.138
Parameters optimization took 1 rounds (0.130 sec)
Wrote distance file to... 
BEST SCORE FOUND : -18450.138
Total tree length: 21.629

Total number of iterations: 0
CPU time used for tree search: 0.000 sec (0h:0m:0s)
Wall-clock time used for tree search: 0.000 sec (0h:0m:0s)
Total CPU time used: 0.146 sec (0h:0m:0s)
Total wall-clock time used: 0.150 sec (0h:0m:0s)

Analysis results written to: 
  IQ-TREE report:                /Users/bushrakhan/Desktop/NIPGR-data/MADS-box-Evolutionary-gene-detection/Simultaneous_Phylogenetic_Analysis/Results_v2/Trees/NJ/Cinnamomum_kanehirae_MAFFT_NJ.iqtree
  Maximum-likelihood tree:       /Users/bushrakhan/Desktop/NIPGR-data/MADS-box-Evolutionary-gene-detection/Simultaneous_Phylogenetic_Analysis/Results_v2/Trees/NJ/Cinnamomum_kanehirae_MAFFT_NJ.treefile
  Screen log file:               /Users/bushrakhan/Desktop/NIPGR-data/MADS-box-Evolutionary-gene-detection/Simultaneous_Phylogenetic_Analysis/Results_v2/Trees/NJ/Cinnamomum_kanehirae_MAFFT_NJ.log

Date and Time: Sun Apr  5 12:26:51 2026
