IQ-TREE multicore version 2.2.2.7 COVID-edition for Mac OS X 64-bit built May 30 2023
Developed by Bui Quang Minh, James Barbetti, Nguyen Lam Tung,
Olga Chernomor, Heiko Schmidt, Dominik Schrempf, Michael Woodhams, Ly Trong Nhan.

Host:    Bushras-MacBook-Air.local (SSE4.2, 16 GB RAM)
Command: /Users/bushrakhan/Desktop/NIPGR-data/MADS-box-Evolutionary-gene-detection/Advanced_Phylogenetic_Pipeline/Uploads/scripts/iqtree2 -s /Users/bushrakhan/Desktop/NIPGR-data/MADS-box-Evolutionary-gene-detection/Simultaneous_Phylogenetic_Analysis/Results_v2/Alignments/Cinnamomum_kanehirae_ClustalO.fa -m LG -n 0 -pre /Users/bushrakhan/Desktop/NIPGR-data/MADS-box-Evolutionary-gene-detection/Simultaneous_Phylogenetic_Analysis/Results_v2/Trees/NJ/Cinnamomum_kanehirae_ClustalO_NJ -redo
Seed:    224464 (Using SPRNG - Scalable Parallel Random Number Generator)
Time:    Sun Apr  5 13:22:36 2026
Kernel:  SSE2 - 1 threads (10 CPU cores detected)

HINT: Use -nt option to specify number of threads because your CPU has 10 cores!
HINT: -nt AUTO will automatically determine the best number of threads to use.

Reading alignment file /Users/bushrakhan/Desktop/NIPGR-data/MADS-box-Evolutionary-gene-detection/Simultaneous_Phylogenetic_Analysis/Results_v2/Alignments/Cinnamomum_kanehirae_ClustalO.fa ... Fasta format detected
Reading fasta file: done in 0.00187707 secs using 92.06% CPU
Alignment most likely contains protein sequences
Constructing alignment: done in 0.00107598 secs using 79.83% CPU
WARNING: 1 sites contain only gaps or ambiguous characters.
Alignment has 43 sequences with 747 columns, 647 distinct patterns
305 parsimony-informative, 265 singleton sites, 177 constant sites
WARNING: Some sequence names are changed as follows:
AT1G69120.1|APETALA1|AP1|Length=286 -> AT1G69120.1|APETALA1|AP1|Length_286
AT4G36920.1|APETALA2|AP2|Length=432 -> AT4G36920.1|APETALA2|AP2|Length_432
AT3G54340.1|APETALA3|AP3|Length=232 -> AT3G54340.1|APETALA3|AP3|Length_232
AT5G20240.1|PISTILLATA|PI|Length=208 -> AT5G20240.1|PISTILLATA|PI|Length_208
AT4G18960.1|AGAMOUS|AG|Length=252 -> AT4G18960.1|AGAMOUS|AG|Length_252
AT4G09960.4|SEEDSTICK|STK|Length=329 -> AT4G09960.4|SEEDSTICK|STK|Length_329
AT3G58780.4|SHATTERPROOF1|SHP1|Length=281 -> AT3G58780.4|SHATTERPROOF1|SHP1|Length_281
AT2G42830.2|SHATTERPROOF2|SHP2|Length=248 -> AT2G42830.2|SHATTERPROOF2|SHP2|Length_248
AT5G15800.2|SEPALLATA1|SEP1|Length=262 -> AT5G15800.2|SEPALLATA1|SEP1|Length_262
AT3G02310.1|SEPALLATA2|SEP2|Length=250 -> AT3G02310.1|SEPALLATA2|SEP2|Length_250
AT1G24260.2|SEPALLATA3|SEP3|Length=251 -> AT1G24260.2|SEPALLATA3|SEP3|Length_251
AT2G03710.1|SEPALLATA4|SEP4|Length=258 -> AT2G03710.1|SEPALLATA4|SEP4|Length_258

                                           Gap/Ambiguity  Composition  p-value
Analyzing sequences: done in 6.60419e-05 secs using 84.79% CPU
   1  CKAN_01596700                               72.42%    passed     93.34%
   2  CKAN_01533600                               50.60%    passed     69.39%
   3  CKAN_02447300                               68.14%    failed      2.45%
   4  CKAN_01942000                               80.72%    passed     15.10%
   5  CKAN_01906900                               75.37%    passed     59.35%
   6  CKAN_01942500                               70.55%    passed     70.25%
   7  CKAN_01894500                               54.62%    failed      3.25%
   8  CKAN_01821800                               64.79%    passed     94.90%
   9  CKAN_01848800                               67.74%    passed     98.87%
  10  CKAN_02317200                               53.01%    passed     71.26%
  11  CKAN_02742500                               72.69%    passed     47.51%
  12  CKAN_00565900                               69.88%    passed     94.97%
  13  CKAN_00566000                               66.27%    passed     39.05%
  14  CKAN_00958900                               67.87%    passed     99.61%
  15  CKAN_00861800                               63.72%    failed      0.46%
  16  CKAN_00958800                               71.22%    passed     68.99%
  17  CKAN_01290200                               70.55%    passed     82.97%
  18  CKAN_01352300                               73.23%    passed      5.44%
  19  CKAN_00283400                               68.27%    passed     95.43%
  20  CKAN_00109600                               66.53%    passed     93.39%
  21  CKAN_02197200                               41.37%    failed      0.00%
  22  CKAN_02109000                               71.75%    passed     96.41%
  23  CKAN_02199500                               72.02%    passed     92.89%
  24  CKAN_02189300                               70.15%    passed     41.51%
  25  CKAN_02189800                               71.49%    passed     25.20%
  26  CKAN_02117700                               74.16%    passed     36.93%
  27  CKAN_02189500                               70.82%    passed     24.39%
  28  CKAN_02562300                               70.15%    passed     68.08%
  29  CKAN_01187700                               72.42%    passed     10.31%
  30  CKAN_01046400                               68.41%    passed     41.68%
  31  CKAN_01065400                               70.68%    passed     51.09%
  32  AT1G69120.1|APETALA1|AP1|Length_286         65.73%    passed     63.65%
  33  AT4G36920.1|APETALA2|AP2|Length_432         42.17%    failed      0.00%
  34  AT3G54340.1|APETALA3|AP3|Length_232         68.94%    passed     41.54%
  35  AT5G20240.1|PISTILLATA|PI|Length_208        72.16%    passed     11.91%
  36  AT4G18960.1|AGAMOUS|AG|Length_252           66.27%    passed     35.67%
  37  AT4G09960.4|SEEDSTICK|STK|Length_329        55.96%    passed     13.46%
  38  AT3G58780.4|SHATTERPROOF1|SHP1|Length_281   62.38%    passed     31.90%
  39  AT2G42830.2|SHATTERPROOF2|SHP2|Length_248   66.80%    passed     37.96%
  40  AT5G15800.2|SEPALLATA1|SEP1|Length_262      64.93%    passed     31.20%
  41  AT3G02310.1|SEPALLATA2|SEP2|Length_250      66.53%    passed     40.29%
  42  AT1G24260.2|SEPALLATA3|SEP3|Length_251      66.40%    passed     71.53%
  43  AT2G03710.1|SEPALLATA4|SEP4|Length_258      65.46%    passed     85.70%
WARNING: 41 sequences contain more than 50% gaps/ambiguity
****  TOTAL                                       66.64%  5 sequences failed composition chi2 test (p-value<5%; df=19)
Checking for duplicate sequences: done in 0.000142097 secs using 85.15% CPU

Create initial parsimony tree by phylogenetic likelihood library (PLL)... 0.006 seconds

NOTE: 4 MB RAM (0 GB) is required!
Estimate model parameters (epsilon = 0.010)
1. Initial log-likelihood: -21197.678
Optimal log-likelihood: -18817.868
Parameters optimization took 1 rounds (0.127 sec)
Wrote distance file to... 
BEST SCORE FOUND : -18817.868
Total tree length: 22.430

Total number of iterations: 0
CPU time used for tree search: 0.000 sec (0h:0m:0s)
Wall-clock time used for tree search: 0.000 sec (0h:0m:0s)
Total CPU time used: 0.141 sec (0h:0m:0s)
Total wall-clock time used: 0.145 sec (0h:0m:0s)

Analysis results written to: 
  IQ-TREE report:                /Users/bushrakhan/Desktop/NIPGR-data/MADS-box-Evolutionary-gene-detection/Simultaneous_Phylogenetic_Analysis/Results_v2/Trees/NJ/Cinnamomum_kanehirae_ClustalO_NJ.iqtree
  Maximum-likelihood tree:       /Users/bushrakhan/Desktop/NIPGR-data/MADS-box-Evolutionary-gene-detection/Simultaneous_Phylogenetic_Analysis/Results_v2/Trees/NJ/Cinnamomum_kanehirae_ClustalO_NJ.treefile
  Screen log file:               /Users/bushrakhan/Desktop/NIPGR-data/MADS-box-Evolutionary-gene-detection/Simultaneous_Phylogenetic_Analysis/Results_v2/Trees/NJ/Cinnamomum_kanehirae_ClustalO_NJ.log

Date and Time: Sun Apr  5 13:22:36 2026
