IQ-TREE multicore version 2.2.2.7 COVID-edition for Mac OS X 64-bit built May 30 2023
Developed by Bui Quang Minh, James Barbetti, Nguyen Lam Tung,
Olga Chernomor, Heiko Schmidt, Dominik Schrempf, Michael Woodhams, Ly Trong Nhan.

Host:    Bushras-MacBook-Air.local (SSE4.2, 16 GB RAM)
Command: /Users/bushrakhan/Desktop/NIPGR-data/MADS-box-Evolutionary-gene-detection/Advanced_Phylogenetic_Pipeline/Uploads/scripts/iqtree2 -s /Users/bushrakhan/Desktop/NIPGR-data/MADS-box-Evolutionary-gene-detection/Simultaneous_Phylogenetic_Analysis/Results_v2/Alignments/Glycine_max_MUSCLE.fa -m LG -n 0 -pre /Users/bushrakhan/Desktop/NIPGR-data/MADS-box-Evolutionary-gene-detection/Simultaneous_Phylogenetic_Analysis/Results_v2/Trees/NJ/Glycine_max_MUSCLE_NJ -redo
Seed:    531104 (Using SPRNG - Scalable Parallel Random Number Generator)
Time:    Sun Apr  5 14:48:15 2026
Kernel:  SSE2 - 1 threads (10 CPU cores detected)

HINT: Use -nt option to specify number of threads because your CPU has 10 cores!
HINT: -nt AUTO will automatically determine the best number of threads to use.

Reading alignment file /Users/bushrakhan/Desktop/NIPGR-data/MADS-box-Evolutionary-gene-detection/Simultaneous_Phylogenetic_Analysis/Results_v2/Alignments/Glycine_max_MUSCLE.fa ... Fasta format detected
Reading fasta file: done in 0.00500298 secs using 72.5% CPU
Alignment most likely contains protein sequences
Constructing alignment: done in 0.00176883 secs using 79.6% CPU
Alignment has 99 sequences with 1020 columns, 648 distinct patterns
295 parsimony-informative, 107 singleton sites, 618 constant sites
WARNING: Some sequence names are changed as follows:
AT4G36920.1|APETALA2|AP2|Length=432 -> AT4G36920.1|APETALA2|AP2|Length_432
AT3G58780.4|SHATTERPROOF1|SHP1|Length=281 -> AT3G58780.4|SHATTERPROOF1|SHP1|Length_281
AT2G42830.2|SHATTERPROOF2|SHP2|Length=248 -> AT2G42830.2|SHATTERPROOF2|SHP2|Length_248
AT4G18960.1|AGAMOUS|AG|Length=252 -> AT4G18960.1|AGAMOUS|AG|Length_252
AT4G09960.4|SEEDSTICK|STK|Length=329 -> AT4G09960.4|SEEDSTICK|STK|Length_329
AT1G69120.1|APETALA1|AP1|Length=286 -> AT1G69120.1|APETALA1|AP1|Length_286
AT1G24260.2|SEPALLATA3|SEP3|Length=251 -> AT1G24260.2|SEPALLATA3|SEP3|Length_251
AT2G03710.1|SEPALLATA4|SEP4|Length=258 -> AT2G03710.1|SEPALLATA4|SEP4|Length_258
AT5G15800.2|SEPALLATA1|SEP1|Length=262 -> AT5G15800.2|SEPALLATA1|SEP1|Length_262
AT3G02310.1|SEPALLATA2|SEP2|Length=250 -> AT3G02310.1|SEPALLATA2|SEP2|Length_250
AT5G20240.1|PISTILLATA|PI|Length=208 -> AT5G20240.1|PISTILLATA|PI|Length_208
AT3G54340.1|APETALA3|AP3|Length=232 -> AT3G54340.1|APETALA3|AP3|Length_232

                                           Gap/Ambiguity  Composition  p-value
Analyzing sequences: done in 0.000125885 secs using 87.38% CPU
   1  AT4G36920.1|APETALA2|AP2|Length_432         57.65%    failed      0.00%
   2  Glyma.13G086400.1.p                         67.25%    failed      0.18%
   3  Glyma.14G168700.1.p                         65.98%    failed      0.17%
   4  Glyma.20G034000.3.p                         65.59%    passed     30.61%
   5  Glyma.07G228900.1.p                         65.49%    passed     20.77%
   6  Glyma.11G158812.1.p                         76.27%    passed     37.53%
   7  Glyma.02G185500.3.p                         75.78%    passed     33.22%
   8  Glyma.02G216600.13.p                        74.31%    passed     70.58%
   9  Glyma.01G020500.3.p                         77.65%    passed     98.62%
  10  Glyma.09G201700.1.p                         78.33%    passed     88.78%
  11  Glyma.08G065400.2.p                         78.33%    passed     86.38%
  12  Glyma.08G065300.1.p                         76.37%    passed     84.59%
  13  Glyma.14G183800.2.p                         76.57%    passed     77.15%
  14  Glyma.15G059600.2.p                         76.57%    passed     81.25%
  15  Glyma.13G255200.6.p                         76.37%    passed     75.46%
  16  Glyma.06G095700.1.p                         77.06%    failed      1.82%
  17  Glyma.08G068200.8.p                         79.71%    passed     21.71%
  18  Glyma.07G181600.7.p                         77.45%    passed     84.74%
  19  Glyma.13G257000.7.p                         79.41%    passed     36.50%
  20  Glyma.15G057900.2.p                         79.61%    passed     13.23%
  21  Glyma.02G041500.1.p                         77.75%    passed     59.81%
  22  Glyma.01G023500.1.p                         77.75%    passed     52.41%
  23  AT3G58780.4|SHATTERPROOF1|SHP1|Length_281   72.45%    passed     35.00%
  24  AT2G42830.2|SHATTERPROOF2|SHP2|Length_248   75.69%    passed     38.59%
  25  Glyma.08G120600.1.p                         76.18%    passed     31.76%
  26  Glyma.05G163200.1.p                         76.18%    passed     27.32%
  27  AT4G18960.1|AGAMOUS|AG|Length_252           75.29%    passed     34.61%
  28  Glyma.15G088600.1.p                         76.18%    passed     76.95%
  29  Glyma.13G223300.1.p                         76.18%    passed     47.19%
  30  Glyma.08G310100.1.p                         75.78%    passed     71.52%
  31  Glyma.18G105800.1.p                         75.88%    passed     70.73%
  32  Glyma.02G287700.3.p                         75.88%    passed     43.95%
  33  Glyma.14G027251.1.p                         76.27%    passed     83.87%
  34  AT4G09960.4|SEEDSTICK|STK|Length_329        67.75%    passed     22.90%
  35  Glyma.04G257100.1.p                         78.24%    passed     81.80%
  36  Glyma.06G324400.2.p                         78.24%    passed     82.84%
  37  Glyma.16G200700.1.p                         76.86%    passed     12.07%
  38  Glyma.09G149000.1.p                         76.08%    passed     32.68%
  39  Glyma.20G153700.3.p                         76.86%    passed     20.57%
  40  Glyma.10G240900.1.p                         77.25%    passed     72.10%
  41  Glyma.03G019300.1.p                         76.76%    passed     82.39%
  42  Glyma.20G154200.3.p                         79.02%    passed     29.04%
  43  Glyma.10G240500.1.p                         79.02%    passed     21.19%
  44  Glyma.17G132700.5.p                         78.14%    passed     12.20%
  45  Glyma.05G050700.1.p                         77.75%    passed     17.95%
  46  Glyma.07G080900.4.p                         77.84%    passed     70.21%
  47  Glyma.09G266200.6.p                         79.31%    passed     68.04%
  48  Glyma.18G224500.1.p                         79.51%    passed     77.66%
  49  Glyma.04G159300.1.p                         76.08%    passed     95.68%
  50  Glyma.06G205800.1.p                         76.08%    passed     97.56%
  51  Glyma.17G081200.1.p                         76.57%    passed     75.71%
  52  Glyma.05G018800.1.p                         76.08%    passed     66.23%
  53  Glyma.02G121600.1.p                         76.18%    passed     99.14%
  54  Glyma.01G064200.1.p                         76.18%    passed     98.64%
  55  AT1G69120.1|APETALA1|AP1|Length_286         74.90%    passed     62.69%
  56  Glyma.16G091300.1.p                         76.86%    passed     97.22%
  57  Glyma.08G269800.1.p                         76.86%    passed     96.97%
  58  AT1G24260.2|SEPALLATA3|SEP3|Length_251      75.39%    passed     63.95%
  59  Glyma.11G252300.1.p                         76.18%    passed     67.29%
  60  Glyma.18G004700.4.p                         76.18%    passed     70.47%
  61  Glyma.08G105500.1.p                         76.08%    passed     50.05%
  62  Glyma.05G148800.1.p                         76.08%    passed     57.58%
  63  AT2G03710.1|SEPALLATA4|SEP4|Length_258      74.71%    passed     87.96%
  64  Glyma.20G001900.1.p                         75.98%    passed     48.84%
  65  Glyma.09G283800.3.p                         75.88%    passed     90.64%
  66  AT5G15800.2|SEPALLATA1|SEP1|Length_262      74.31%    passed     24.76%
  67  AT3G02310.1|SEPALLATA2|SEP2|Length_250      75.49%    passed     34.58%
  68  Glyma.12G005000.1.p                         80.00%    passed     44.15%
  69  Glyma.09G231600.4.p                         78.53%    passed      7.17%
  70  Glyma.17G080900.1.p                         76.18%    passed     79.82%
  71  Glyma.05G018900.1.p                         76.18%    passed     83.84%
  72  Glyma.02G121500.1.p                         76.08%    passed     83.19%
  73  Glyma.01G064100.1.p                         75.88%    passed     79.32%
  74  Glyma.13G052700.1.p                         75.59%    passed     87.02%
  75  Glyma.19G034500.1.p                         75.59%    passed     90.83%
  76  Glyma.08G250700.1.p                         75.39%    passed     99.02%
  77  Glyma.18G273500.1.p                         75.00%    passed     99.65%
  78  Glyma.15G058000.2.p                         79.31%    passed     91.50%
  79  Glyma.13G256900.1.p                         75.69%    passed     65.73%
  80  Glyma.13G052100.1.p                         76.08%    passed     24.97%
  81  Glyma.19G034600.1.p                         76.08%    passed     48.70%
  82  Glyma.08G250800.3.p                         75.69%    passed     32.74%
  83  Glyma.18G273600.2.p                         71.86%    passed     15.42%
  84  Glyma.07G081300.1.p                         75.98%    passed     99.54%
  85  Glyma.03G019400.1.p                         75.98%    passed     98.05%
  86  Glyma.09G266400.4.p                         76.57%    passed     70.17%
  87  Glyma.18G224300.2.p                         76.18%    passed     90.03%
  88  Glyma.08G105400.1.p                         81.76%    passed     53.92%
  89  Glyma.05G148700.2.p                         80.59%    passed     57.76%
  90  AT5G20240.1|PISTILLATA|PI|Length_208        79.61%    passed      9.28%
  91  Glyma.04G245500.2.p                         82.25%    passed     46.63%
  92  Glyma.06G117600.1.p                         82.25%    passed     50.77%
  93  Glyma.13G034100.2.p                         79.61%    passed     80.85%
  94  Glyma.14G155100.1.p                         79.61%    passed     86.75%
  95  AT3G54340.1|APETALA3|AP3|Length_232         77.25%    passed     52.45%
  96  Glyma.04G027200.1.p                         77.75%    passed     98.16%
  97  Glyma.06G027200.1.p                         77.75%    passed     93.68%
  98  Glyma.01G169600.1.p                         76.18%    passed      9.81%
  99  Glyma.11G073700.5.p                         75.78%    passed     12.26%
WARNING: 99 sequences contain more than 50% gaps/ambiguity
****  TOTAL                                       76.20%  4 sequences failed composition chi2 test (p-value<5%; df=19)
Checking for duplicate sequences: done in 0.000317097 secs using 85.78% CPU

Create initial parsimony tree by phylogenetic likelihood library (PLL)... 0.026 seconds

NOTE: 10 MB RAM (0 GB) is required!
Estimate model parameters (epsilon = 0.010)
1. Initial log-likelihood: -32641.416
Optimal log-likelihood: -28122.860
Parameters optimization took 1 rounds (0.336 sec)
Wrote distance file to... 
BEST SCORE FOUND : -28122.860
Total tree length: 30.140

Total number of iterations: 0
CPU time used for tree search: 0.000 sec (0h:0m:0s)
Wall-clock time used for tree search: 0.000 sec (0h:0m:0s)
Total CPU time used: 0.371 sec (0h:0m:0s)
Total wall-clock time used: 0.376 sec (0h:0m:0s)

Analysis results written to: 
  IQ-TREE report:                /Users/bushrakhan/Desktop/NIPGR-data/MADS-box-Evolutionary-gene-detection/Simultaneous_Phylogenetic_Analysis/Results_v2/Trees/NJ/Glycine_max_MUSCLE_NJ.iqtree
  Maximum-likelihood tree:       /Users/bushrakhan/Desktop/NIPGR-data/MADS-box-Evolutionary-gene-detection/Simultaneous_Phylogenetic_Analysis/Results_v2/Trees/NJ/Glycine_max_MUSCLE_NJ.treefile
  Screen log file:               /Users/bushrakhan/Desktop/NIPGR-data/MADS-box-Evolutionary-gene-detection/Simultaneous_Phylogenetic_Analysis/Results_v2/Trees/NJ/Glycine_max_MUSCLE_NJ.log

Date and Time: Sun Apr  5 14:48:15 2026
