IQ-TREE multicore version 2.2.2.7 COVID-edition for Mac OS X 64-bit built May 30 2023
Developed by Bui Quang Minh, James Barbetti, Nguyen Lam Tung,
Olga Chernomor, Heiko Schmidt, Dominik Schrempf, Michael Woodhams, Ly Trong Nhan.

Host:    Bushras-MacBook-Air.local (SSE4.2, 16 GB RAM)
Command: /Users/bushrakhan/Desktop/NIPGR-data/MADS-box-Evolutionary-gene-detection/Advanced_Phylogenetic_Pipeline/Uploads/scripts/iqtree2 -s /Users/bushrakhan/Desktop/NIPGR-data/MADS-box-Evolutionary-gene-detection/Simultaneous_Phylogenetic_Analysis/Results_v2/Alignments/Glycine_max_ClustalO.fa -m LG -n 0 -pre /Users/bushrakhan/Desktop/NIPGR-data/MADS-box-Evolutionary-gene-detection/Simultaneous_Phylogenetic_Analysis/Results_v2/Trees/NJ/Glycine_max_ClustalO_NJ -redo
Seed:    717663 (Using SPRNG - Scalable Parallel Random Number Generator)
Time:    Sun Apr  5 15:19:09 2026
Kernel:  SSE2 - 1 threads (10 CPU cores detected)

HINT: Use -nt option to specify number of threads because your CPU has 10 cores!
HINT: -nt AUTO will automatically determine the best number of threads to use.

Reading alignment file /Users/bushrakhan/Desktop/NIPGR-data/MADS-box-Evolutionary-gene-detection/Simultaneous_Phylogenetic_Analysis/Results_v2/Alignments/Glycine_max_ClustalO.fa ... Fasta format detected
Reading fasta file: done in 0.00301504 secs using 91.47% CPU
Alignment most likely contains protein sequences
Constructing alignment: done in 0.00135708 secs using 78.48% CPU
Alignment has 99 sequences with 676 columns, 585 distinct patterns
391 parsimony-informative, 115 singleton sites, 170 constant sites
WARNING: Some sequence names are changed as follows:
AT1G69120.1|APETALA1|AP1|Length=286 -> AT1G69120.1|APETALA1|AP1|Length_286
AT4G36920.1|APETALA2|AP2|Length=432 -> AT4G36920.1|APETALA2|AP2|Length_432
AT3G54340.1|APETALA3|AP3|Length=232 -> AT3G54340.1|APETALA3|AP3|Length_232
AT5G20240.1|PISTILLATA|PI|Length=208 -> AT5G20240.1|PISTILLATA|PI|Length_208
AT4G18960.1|AGAMOUS|AG|Length=252 -> AT4G18960.1|AGAMOUS|AG|Length_252
AT4G09960.4|SEEDSTICK|STK|Length=329 -> AT4G09960.4|SEEDSTICK|STK|Length_329
AT3G58780.4|SHATTERPROOF1|SHP1|Length=281 -> AT3G58780.4|SHATTERPROOF1|SHP1|Length_281
AT2G42830.2|SHATTERPROOF2|SHP2|Length=248 -> AT2G42830.2|SHATTERPROOF2|SHP2|Length_248
AT5G15800.2|SEPALLATA1|SEP1|Length=262 -> AT5G15800.2|SEPALLATA1|SEP1|Length_262
AT3G02310.1|SEPALLATA2|SEP2|Length=250 -> AT3G02310.1|SEPALLATA2|SEP2|Length_250
AT1G24260.2|SEPALLATA3|SEP3|Length=251 -> AT1G24260.2|SEPALLATA3|SEP3|Length_251
AT2G03710.1|SEPALLATA4|SEP4|Length=258 -> AT2G03710.1|SEPALLATA4|SEP4|Length_258

                                           Gap/Ambiguity  Composition  p-value
Analyzing sequences: done in 9.799e-05 secs using 93.89% CPU
   1  Glyma.16G091300.1.p                         65.09%    passed     98.41%
   2  Glyma.16G200700.1.p                         65.09%    passed     18.27%
   3  Glyma.04G027200.1.p                         66.42%    passed     98.22%
   4  Glyma.04G245500.2.p                         73.22%    passed     49.70%
   5  Glyma.04G159300.1.p                         63.91%    passed     98.89%
   6  Glyma.04G257100.1.p                         67.16%    passed     88.99%
   7  Glyma.17G081200.1.p                         64.64%    passed     80.75%
   8  Glyma.17G132700.5.p                         67.01%    passed     22.01%
   9  Glyma.17G080900.1.p                         64.05%    passed     87.87%
  10  Glyma.20G034000.3.p                         48.08%    passed     19.70%
  11  Glyma.20G154200.3.p                         68.34%    passed     41.25%
  12  Glyma.20G153700.3.p                         65.09%    passed     20.00%
  13  Glyma.20G001900.1.p                         63.76%    passed     44.33%
  14  Glyma.02G216600.13.p                        61.24%    passed     79.29%
  15  Glyma.02G041500.1.p                         66.42%    passed     78.37%
  16  Glyma.02G121500.1.p                         63.91%    passed     87.74%
  17  Glyma.02G185500.3.p                         63.46%    passed     55.44%
  18  Glyma.02G287700.3.p                         63.61%    passed     60.83%
  19  Glyma.02G121600.1.p                         64.05%    passed     99.24%
  20  Glyma.12G005000.1.p                         69.82%    passed     44.49%
  21  Glyma.10G240500.1.p                         68.34%    passed     29.40%
  22  Glyma.10G240900.1.p                         65.68%    passed     79.53%
  23  Glyma.08G068200.8.p                         69.38%    passed     37.63%
  24  Glyma.08G250700.1.p                         62.87%    passed     99.30%
  25  Glyma.08G105400.1.p                         72.49%    passed     48.18%
  26  Glyma.08G120600.1.p                         64.05%    passed     42.17%
  27  Glyma.08G269800.1.p                         65.09%    passed     96.96%
  28  Glyma.08G105500.1.p                         63.91%    passed     61.50%
  29  Glyma.08G310100.1.p                         63.46%    passed     85.12%
  30  Glyma.08G065300.1.p                         64.35%    passed     91.57%
  31  Glyma.08G250800.3.p                         63.31%    passed     36.08%
  32  Glyma.08G065400.2.p                         67.31%    passed     92.76%
  33  Glyma.01G023500.1.p                         66.42%    passed     73.85%
  34  Glyma.01G020500.3.p                         66.27%    passed     99.49%
  35  Glyma.01G064100.1.p                         63.61%    passed     81.63%
  36  Glyma.01G169600.1.p                         64.05%    passed      5.99%
  37  Glyma.01G064200.1.p                         64.05%    passed     99.14%
  38  Glyma.15G059600.2.p                         64.64%    passed     91.90%
  39  Glyma.15G058000.2.p                         68.79%    passed     96.79%
  40  Glyma.15G057900.2.p                         69.23%    passed     24.52%
  41  Glyma.15G088600.1.p                         64.05%    passed     87.36%
  42  Glyma.07G080900.4.p                         66.57%    passed     81.35%
  43  Glyma.07G181600.7.p                         65.98%    passed     92.95%
  44  Glyma.07G081300.1.p                         63.76%    passed     99.77%
  45  Glyma.07G228900.1.p                         47.93%    passed     12.03%
  46  Glyma.11G158812.1.p                         64.20%    passed     53.48%
  47  Glyma.11G252300.1.p                         64.05%    passed     73.60%
  48  Glyma.11G073700.5.p                         63.46%    passed      8.22%
  49  Glyma.09G149000.1.p                         63.91%    passed     37.68%
  50  Glyma.09G231600.4.p                         67.60%    passed      8.02%
  51  Glyma.09G266200.6.p                         68.79%    passed     85.96%
  52  Glyma.09G201700.1.p                         67.31%    passed     93.38%
  53  Glyma.09G283800.3.p                         63.61%    passed     90.14%
  54  Glyma.09G266400.4.p                         64.64%    passed     66.44%
  55  Glyma.13G052700.1.p                         63.17%    passed     91.90%
  56  Glyma.13G257000.7.p                         68.93%    passed     48.91%
  57  Glyma.13G223300.1.p                         64.05%    passed     60.23%
  58  Glyma.13G255200.6.p                         64.35%    passed     89.50%
  59  Glyma.13G086400.1.p                         50.59%    failed      0.05%
  60  Glyma.13G256900.1.p                         63.31%    passed     65.17%
  61  Glyma.13G034100.2.p                         69.23%    passed     82.34%
  62  Glyma.13G052100.1.p                         63.91%    passed     21.42%
  63  Glyma.05G018900.1.p                         64.05%    passed     90.84%
  64  Glyma.05G018800.1.p                         63.91%    passed     79.74%
  65  Glyma.05G050700.1.p                         66.42%    passed     29.71%
  66  Glyma.05G163200.1.p                         64.05%    passed     37.79%
  67  Glyma.05G148700.2.p                         70.71%    passed     64.87%
  68  Glyma.05G148800.1.p                         63.91%    passed     67.93%
  69  Glyma.14G027251.1.p                         64.20%    passed     89.27%
  70  Glyma.14G155100.1.p                         69.23%    passed     87.68%
  71  Glyma.14G183800.2.p                         64.64%    passed     89.66%
  72  Glyma.14G168700.1.p                         48.67%    failed      0.05%
  73  Glyma.06G205800.1.p                         63.91%    passed     99.28%
  74  Glyma.06G095700.1.p                         65.38%    failed      3.82%
  75  Glyma.06G027200.1.p                         66.42%    passed     94.21%
  76  Glyma.06G324400.2.p                         67.16%    passed     89.80%
  77  Glyma.06G117600.1.p                         73.22%    passed     54.07%
  78  Glyma.03G019400.1.p                         63.76%    passed     98.85%
  79  Glyma.03G019300.1.p                         64.94%    passed     88.50%
  80  Glyma.19G034600.1.p                         63.91%    passed     48.25%
  81  Glyma.19G034500.1.p                         63.17%    passed     94.15%
  82  Glyma.18G004700.4.p                         64.05%    passed     76.56%
  83  Glyma.18G224300.2.p                         64.05%    passed     87.45%
  84  Glyma.18G224500.1.p                         69.08%    passed     90.74%
  85  Glyma.18G273500.1.p                         62.28%    passed     99.78%
  86  Glyma.18G105800.1.p                         63.61%    passed     85.86%
  87  Glyma.18G273600.2.p                         57.54%    passed      8.32%
  88  AT1G69120.1|APETALA1|AP1|Length_286         62.13%    passed     57.10%
  89  AT4G36920.1|APETALA2|AP2|Length_432         36.09%    failed      0.00%
  90  AT3G54340.1|APETALA3|AP3|Length_232         65.68%    passed     48.47%
  91  AT5G20240.1|PISTILLATA|PI|Length_208        69.23%    passed      8.33%
  92  AT4G18960.1|AGAMOUS|AG|Length_252           62.72%    passed     47.44%
  93  AT4G09960.4|SEEDSTICK|STK|Length_329        51.33%    passed     16.32%
  94  AT3G58780.4|SHATTERPROOF1|SHP1|Length_281   58.43%    passed     42.32%
  95  AT2G42830.2|SHATTERPROOF2|SHP2|Length_248   63.31%    passed     53.36%
  96  AT5G15800.2|SEPALLATA1|SEP1|Length_262      61.24%    passed     19.53%
  97  AT3G02310.1|SEPALLATA2|SEP2|Length_250      63.02%    passed     31.65%
  98  AT1G24260.2|SEPALLATA3|SEP3|Length_251      62.87%    passed     72.80%
  99  AT2G03710.1|SEPALLATA4|SEP4|Length_258      61.83%    passed     90.64%
WARNING: 95 sequences contain more than 50% gaps/ambiguity
****  TOTAL                                       64.09%  4 sequences failed composition chi2 test (p-value<5%; df=19)
Checking for duplicate sequences: done in 0.00030303 secs using 84.81% CPU

Create initial parsimony tree by phylogenetic likelihood library (PLL)... 0.027 seconds

NOTE: 9 MB RAM (0 GB) is required!
Estimate model parameters (epsilon = 0.010)
1. Initial log-likelihood: -30364.128
Optimal log-likelihood: -27581.989
Parameters optimization took 1 rounds (0.234 sec)
Wrote distance file to... 
BEST SCORE FOUND : -27581.989
Total tree length: 28.696

Total number of iterations: 0
CPU time used for tree search: 0.000 sec (0h:0m:0s)
Wall-clock time used for tree search: 0.000 sec (0h:0m:0s)
Total CPU time used: 0.271 sec (0h:0m:0s)
Total wall-clock time used: 0.276 sec (0h:0m:0s)

Analysis results written to: 
  IQ-TREE report:                /Users/bushrakhan/Desktop/NIPGR-data/MADS-box-Evolutionary-gene-detection/Simultaneous_Phylogenetic_Analysis/Results_v2/Trees/NJ/Glycine_max_ClustalO_NJ.iqtree
  Maximum-likelihood tree:       /Users/bushrakhan/Desktop/NIPGR-data/MADS-box-Evolutionary-gene-detection/Simultaneous_Phylogenetic_Analysis/Results_v2/Trees/NJ/Glycine_max_ClustalO_NJ.treefile
  Screen log file:               /Users/bushrakhan/Desktop/NIPGR-data/MADS-box-Evolutionary-gene-detection/Simultaneous_Phylogenetic_Analysis/Results_v2/Trees/NJ/Glycine_max_ClustalO_NJ.log

Date and Time: Sun Apr  5 15:19:10 2026
