IQ-TREE multicore version 2.2.2.7 COVID-edition for Mac OS X 64-bit built May 30 2023
Developed by Bui Quang Minh, James Barbetti, Nguyen Lam Tung,
Olga Chernomor, Heiko Schmidt, Dominik Schrempf, Michael Woodhams, Ly Trong Nhan.

Host:    Bushras-MacBook-Air.local (SSE4.2, 16 GB RAM)
Command: /Users/bushrakhan/Desktop/NIPGR-data/MADS-box-Evolutionary-gene-detection/Advanced_Phylogenetic_Pipeline/Uploads/scripts/iqtree2 -s /Users/bushrakhan/Desktop/NIPGR-data/MADS-box-Evolutionary-gene-detection/Simultaneous_Phylogenetic_Analysis/Results_v2/Alignments/Glycine_max_MAFFT.fa -m LG -n 0 -pre /Users/bushrakhan/Desktop/NIPGR-data/MADS-box-Evolutionary-gene-detection/Simultaneous_Phylogenetic_Analysis/Results_v2/Trees/NJ/Glycine_max_MAFFT_NJ -redo
Seed:    347022 (Using SPRNG - Scalable Parallel Random Number Generator)
Time:    Sun Apr  5 14:02:01 2026
Kernel:  SSE2 - 1 threads (10 CPU cores detected)

HINT: Use -nt option to specify number of threads because your CPU has 10 cores!
HINT: -nt AUTO will automatically determine the best number of threads to use.

Reading alignment file /Users/bushrakhan/Desktop/NIPGR-data/MADS-box-Evolutionary-gene-detection/Simultaneous_Phylogenetic_Analysis/Results_v2/Alignments/Glycine_max_MAFFT.fa ... Fasta format detected
Reading fasta file: done in 0.0030899 secs using 94.66% CPU
Alignment most likely contains protein sequences
Constructing alignment: done in 0.00144291 secs using 79.28% CPU
Alignment has 99 sequences with 762 columns, 585 distinct patterns
348 parsimony-informative, 107 singleton sites, 307 constant sites
WARNING: Some sequence names are changed as follows:
AT1G69120.1|APETALA1|AP1|Length=286 -> AT1G69120.1|APETALA1|AP1|Length_286
AT4G36920.1|APETALA2|AP2|Length=432 -> AT4G36920.1|APETALA2|AP2|Length_432
AT3G54340.1|APETALA3|AP3|Length=232 -> AT3G54340.1|APETALA3|AP3|Length_232
AT5G20240.1|PISTILLATA|PI|Length=208 -> AT5G20240.1|PISTILLATA|PI|Length_208
AT4G18960.1|AGAMOUS|AG|Length=252 -> AT4G18960.1|AGAMOUS|AG|Length_252
AT4G09960.4|SEEDSTICK|STK|Length=329 -> AT4G09960.4|SEEDSTICK|STK|Length_329
AT3G58780.4|SHATTERPROOF1|SHP1|Length=281 -> AT3G58780.4|SHATTERPROOF1|SHP1|Length_281
AT2G42830.2|SHATTERPROOF2|SHP2|Length=248 -> AT2G42830.2|SHATTERPROOF2|SHP2|Length_248
AT5G15800.2|SEPALLATA1|SEP1|Length=262 -> AT5G15800.2|SEPALLATA1|SEP1|Length_262
AT3G02310.1|SEPALLATA2|SEP2|Length=250 -> AT3G02310.1|SEPALLATA2|SEP2|Length_250
AT1G24260.2|SEPALLATA3|SEP3|Length=251 -> AT1G24260.2|SEPALLATA3|SEP3|Length_251
AT2G03710.1|SEPALLATA4|SEP4|Length=258 -> AT2G03710.1|SEPALLATA4|SEP4|Length_258

                                           Gap/Ambiguity  Composition  p-value
Analyzing sequences: done in 9.70364e-05 secs using 95.84% CPU
   1  Glyma.16G091300.1.p                         69.03%    passed     98.39%
   2  Glyma.16G200700.1.p                         69.03%    passed     17.11%
   3  Glyma.04G027200.1.p                         70.21%    passed     98.31%
   4  Glyma.04G245500.2.p                         76.25%    passed     50.02%
   5  Glyma.04G159300.1.p                         67.98%    passed     98.60%
   6  Glyma.04G257100.1.p                         70.87%    passed     87.94%
   7  Glyma.17G081200.1.p                         68.64%    passed     80.55%
   8  Glyma.17G132700.5.p                         70.73%    passed     19.91%
   9  Glyma.17G080900.1.p                         68.11%    passed     86.73%
  10  Glyma.20G034000.3.p                         53.94%    passed     22.77%
  11  Glyma.20G154200.3.p                         71.92%    passed     39.05%
  12  Glyma.20G153700.3.p                         69.03%    passed     20.75%
  13  Glyma.20G001900.1.p                         67.85%    passed     46.28%
  14  Glyma.02G216600.13.p                        65.62%    passed     78.38%
  15  Glyma.02G041500.1.p                         70.21%    passed     75.14%
  16  Glyma.02G121500.1.p                         67.98%    passed     87.57%
  17  Glyma.02G185500.3.p                         67.59%    passed     50.87%
  18  Glyma.02G287700.3.p                         67.72%    passed     57.64%
  19  Glyma.02G121600.1.p                         68.11%    passed     99.33%
  20  Glyma.12G005000.1.p                         73.23%    passed     44.93%
  21  Glyma.10G240500.1.p                         71.92%    passed     28.31%
  22  Glyma.10G240900.1.p                         69.55%    passed     78.81%
  23  Glyma.08G068200.8.p                         72.83%    passed     34.11%
  24  Glyma.08G250700.1.p                         67.06%    passed     99.35%
  25  Glyma.08G105400.1.p                         75.59%    passed     50.53%
  26  Glyma.08G120600.1.p                         68.11%    passed     40.20%
  27  Glyma.08G269800.1.p                         69.03%    passed     97.27%
  28  Glyma.08G105500.1.p                         67.98%    passed     59.81%
  29  Glyma.08G310100.1.p                         67.59%    passed     82.89%
  30  Glyma.08G065300.1.p                         68.37%    passed     90.65%
  31  Glyma.08G250800.3.p                         67.45%    passed     36.16%
  32  Glyma.08G065400.2.p                         71.00%    passed     91.93%
  33  Glyma.01G023500.1.p                         70.21%    passed     69.94%
  34  Glyma.01G020500.3.p                         70.08%    passed     99.41%
  35  Glyma.01G064100.1.p                         67.72%    passed     82.10%
  36  Glyma.01G169600.1.p                         68.11%    passed      6.88%
  37  Glyma.01G064200.1.p                         68.11%    passed     99.16%
  38  Glyma.15G059600.2.p                         68.64%    passed     90.40%
  39  Glyma.15G058000.2.p                         72.31%    passed     96.16%
  40  Glyma.15G057900.2.p                         72.70%    passed     22.00%
  41  Glyma.15G088600.1.p                         68.11%    passed     85.71%
  42  Glyma.07G080900.4.p                         70.34%    passed     79.56%
  43  Glyma.07G181600.7.p                         69.82%    passed     91.84%
  44  Glyma.07G081300.1.p                         67.85%    passed     99.77%
  45  Glyma.07G228900.1.p                         53.81%    passed     14.26%
  46  Glyma.11G158812.1.p                         68.24%    passed     50.54%
  47  Glyma.11G252300.1.p                         68.11%    passed     73.01%
  48  Glyma.11G073700.5.p                         67.59%    passed      9.26%
  49  Glyma.09G149000.1.p                         67.98%    passed     37.21%
  50  Glyma.09G231600.4.p                         71.26%    passed      7.99%
  51  Glyma.09G266200.6.p                         72.31%    passed     83.00%
  52  Glyma.09G201700.1.p                         71.00%    passed     92.84%
  53  Glyma.09G283800.3.p                         67.72%    passed     90.88%
  54  Glyma.09G266400.4.p                         68.64%    passed     68.82%
  55  Glyma.13G052700.1.p                         67.32%    passed     91.54%
  56  Glyma.13G257000.7.p                         72.44%    passed     46.75%
  57  Glyma.13G223300.1.p                         68.11%    passed     57.82%
  58  Glyma.13G255200.6.p                         68.37%    passed     87.40%
  59  Glyma.13G086400.1.p                         56.17%    failed      0.07%
  60  Glyma.13G256900.1.p                         67.45%    passed     66.39%
  61  Glyma.13G034100.2.p                         72.70%    passed     82.77%
  62  Glyma.13G052100.1.p                         67.98%    passed     22.83%
  63  Glyma.05G018900.1.p                         68.11%    passed     89.85%
  64  Glyma.05G018800.1.p                         67.98%    passed     77.62%
  65  Glyma.05G050700.1.p                         70.21%    passed     27.32%
  66  Glyma.05G163200.1.p                         68.11%    passed     35.75%
  67  Glyma.05G148700.2.p                         74.02%    passed     64.37%
  68  Glyma.05G148800.1.p                         67.98%    passed     66.50%
  69  Glyma.14G027251.1.p                         68.24%    passed     88.60%
  70  Glyma.14G155100.1.p                         72.70%    passed     88.09%
  71  Glyma.14G183800.2.p                         68.64%    passed     87.81%
  72  Glyma.14G168700.1.p                         54.46%    failed      0.07%
  73  Glyma.06G205800.1.p                         67.98%    passed     99.15%
  74  Glyma.06G095700.1.p                         69.29%    failed      3.35%
  75  Glyma.06G027200.1.p                         70.21%    passed     94.32%
  76  Glyma.06G324400.2.p                         70.87%    passed     88.79%
  77  Glyma.06G117600.1.p                         76.25%    passed     54.38%
  78  Glyma.03G019400.1.p                         67.85%    passed     98.85%
  79  Glyma.03G019300.1.p                         68.90%    passed     87.77%
  80  Glyma.19G034600.1.p                         67.98%    passed     49.47%
  81  Glyma.19G034500.1.p                         67.32%    passed     93.99%
  82  Glyma.18G004700.4.p                         68.11%    passed     76.00%
  83  Glyma.18G224300.2.p                         68.11%    passed     89.09%
  84  Glyma.18G224500.1.p                         72.57%    passed     88.73%
  85  Glyma.18G273500.1.p                         66.54%    passed     99.80%
  86  Glyma.18G105800.1.p                         67.72%    passed     83.39%
  87  Glyma.18G273600.2.p                         62.34%    passed     10.12%
  88  AT1G69120.1|APETALA1|AP1|Length_286         66.40%    passed     59.48%
  89  AT4G36920.1|APETALA2|AP2|Length_432         43.31%    failed      0.00%
  90  AT3G54340.1|APETALA3|AP3|Length_232         69.55%    passed     49.93%
  91  AT5G20240.1|PISTILLATA|PI|Length_208        72.70%    passed      8.70%
  92  AT4G18960.1|AGAMOUS|AG|Length_252           66.93%    passed     44.95%
  93  AT4G09960.4|SEEDSTICK|STK|Length_329        56.82%    passed     19.21%
  94  AT3G58780.4|SHATTERPROOF1|SHP1|Length_281   63.12%    passed     41.25%
  95  AT2G42830.2|SHATTERPROOF2|SHP2|Length_248   67.45%    passed     50.50%
  96  AT5G15800.2|SEPALLATA1|SEP1|Length_262      65.62%    passed     21.37%
  97  AT3G02310.1|SEPALLATA2|SEP2|Length_250      67.19%    passed     33.30%
  98  AT1G24260.2|SEPALLATA3|SEP3|Length_251      67.06%    passed     71.70%
  99  AT2G03710.1|SEPALLATA4|SEP4|Length_258      66.14%    passed     90.65%
WARNING: 98 sequences contain more than 50% gaps/ambiguity
****  TOTAL                                       68.15%  4 sequences failed composition chi2 test (p-value<5%; df=19)
Checking for duplicate sequences: done in 0.000299931 secs using 84.69% CPU

Create initial parsimony tree by phylogenetic likelihood library (PLL)... 0.030 seconds

NOTE: 9 MB RAM (0 GB) is required!
Estimate model parameters (epsilon = 0.010)
1. Initial log-likelihood: -30392.418
Optimal log-likelihood: -27234.611
Parameters optimization took 1 rounds (0.236 sec)
Wrote distance file to... 
BEST SCORE FOUND : -27234.611
Total tree length: 28.432

Total number of iterations: 0
CPU time used for tree search: 0.000 sec (0h:0m:0s)
Wall-clock time used for tree search: 0.000 sec (0h:0m:0s)
Total CPU time used: 0.275 sec (0h:0m:0s)
Total wall-clock time used: 0.280 sec (0h:0m:0s)

Analysis results written to: 
  IQ-TREE report:                /Users/bushrakhan/Desktop/NIPGR-data/MADS-box-Evolutionary-gene-detection/Simultaneous_Phylogenetic_Analysis/Results_v2/Trees/NJ/Glycine_max_MAFFT_NJ.iqtree
  Maximum-likelihood tree:       /Users/bushrakhan/Desktop/NIPGR-data/MADS-box-Evolutionary-gene-detection/Simultaneous_Phylogenetic_Analysis/Results_v2/Trees/NJ/Glycine_max_MAFFT_NJ.treefile
  Screen log file:               /Users/bushrakhan/Desktop/NIPGR-data/MADS-box-Evolutionary-gene-detection/Simultaneous_Phylogenetic_Analysis/Results_v2/Trees/NJ/Glycine_max_MAFFT_NJ.log

Date and Time: Sun Apr  5 14:02:01 2026
