IQ-TREE multicore version 2.2.2.7 COVID-edition for Mac OS X 64-bit built May 30 2023
Developed by Bui Quang Minh, James Barbetti, Nguyen Lam Tung,
Olga Chernomor, Heiko Schmidt, Dominik Schrempf, Michael Woodhams, Ly Trong Nhan.

Host:    Bushras-MacBook-Air.local (SSE4.2, 16 GB RAM)
Command: /Users/bushrakhan/Desktop/NIPGR-data/MADS-box-Evolutionary-gene-detection/Advanced_Phylogenetic_Pipeline/Uploads/scripts/iqtree2 -s /Users/bushrakhan/Desktop/NIPGR-data/MADS-box-Evolutionary-gene-detection/Simultaneous_Phylogenetic_Analysis/Results_v2/Alignments/Helianthus_annuuss_MAFFT.fa -m LG -n 0 -pre /Users/bushrakhan/Desktop/NIPGR-data/MADS-box-Evolutionary-gene-detection/Simultaneous_Phylogenetic_Analysis/Results_v2/Trees/NJ/Helianthus_annuuss_MAFFT_NJ -redo
Seed:    824540 (Using SPRNG - Scalable Parallel Random Number Generator)
Time:    Sun Apr  5 15:47:11 2026
Kernel:  SSE2 - 1 threads (10 CPU cores detected)

HINT: Use -nt option to specify number of threads because your CPU has 10 cores!
HINT: -nt AUTO will automatically determine the best number of threads to use.

Reading alignment file /Users/bushrakhan/Desktop/NIPGR-data/MADS-box-Evolutionary-gene-detection/Simultaneous_Phylogenetic_Analysis/Results_v2/Alignments/Helianthus_annuuss_MAFFT.fa ... Fasta format detected
Reading fasta file: done in 0.00240493 secs using 93.97% CPU
Alignment most likely contains protein sequences
Constructing alignment: done in 0.00122786 secs using 77.53% CPU
Alignment has 70 sequences with 693 columns, 634 distinct patterns
320 parsimony-informative, 213 singleton sites, 160 constant sites
WARNING: Some sequence names are changed as follows:
AT1G69120.1|APETALA1|AP1|Length=286 -> AT1G69120.1|APETALA1|AP1|Length_286
AT4G36920.1|APETALA2|AP2|Length=432 -> AT4G36920.1|APETALA2|AP2|Length_432
AT3G54340.1|APETALA3|AP3|Length=232 -> AT3G54340.1|APETALA3|AP3|Length_232
AT5G20240.1|PISTILLATA|PI|Length=208 -> AT5G20240.1|PISTILLATA|PI|Length_208
AT4G18960.1|AGAMOUS|AG|Length=252 -> AT4G18960.1|AGAMOUS|AG|Length_252
AT4G09960.4|SEEDSTICK|STK|Length=329 -> AT4G09960.4|SEEDSTICK|STK|Length_329
AT3G58780.4|SHATTERPROOF1|SHP1|Length=281 -> AT3G58780.4|SHATTERPROOF1|SHP1|Length_281
AT2G42830.2|SHATTERPROOF2|SHP2|Length=248 -> AT2G42830.2|SHATTERPROOF2|SHP2|Length_248
AT5G15800.2|SEPALLATA1|SEP1|Length=262 -> AT5G15800.2|SEPALLATA1|SEP1|Length_262
AT3G02310.1|SEPALLATA2|SEP2|Length=250 -> AT3G02310.1|SEPALLATA2|SEP2|Length_250
AT1G24260.2|SEPALLATA3|SEP3|Length=251 -> AT1G24260.2|SEPALLATA3|SEP3|Length_251
AT2G03710.1|SEPALLATA4|SEP4|Length=258 -> AT2G03710.1|SEPALLATA4|SEP4|Length_258

                                           Gap/Ambiguity  Composition  p-value
Analyzing sequences: done in 7.20024e-05 secs using 97.22% CPU
   1  HanXRQChr00c0029g0571181                    63.49%    failed      4.73%
   2  HanXRQChr10g0299591                         60.17%    failed      0.79%
   3  HanXRQChr10g0291191                         67.82%    passed     88.66%
   4  HanXRQChr16g0519321                         65.66%    passed     55.19%
   5  HanXRQChr16g0501741                         66.96%    passed     98.48%
   6  HanXRQChr16g0523531                         68.54%    passed     60.02%
   7  HanXRQChr16g0501381                         66.96%    passed     98.48%
   8  HanXRQChr16g0507561                         65.95%    passed     70.32%
   9  HanXRQChr16g0530971                         67.97%    passed     10.62%
  10  HanXRQChr16g0503081                         67.24%    passed     78.06%
  11  HanXRQChr07g0200001                         65.95%    passed     66.06%
  12  HanXRQChr07g0200321                         63.49%    passed     94.78%
  13  HanXRQChr04g0122131                         68.98%    passed     21.17%
  14  HanXRQChr04g0110101                         65.80%    passed     97.31%
  15  HanXRQChr09g0266391                         59.60%    passed     85.83%
  16  HanXRQChr09g0270311                         57.00%    passed     98.52%
  17  HanXRQChr09g0267081                         71.14%    passed     23.94%
  18  HanXRQChr09g0269421                         66.96%    passed     94.71%
  19  HanXRQChr09g0270841                         67.10%    passed     72.75%
  20  HanXRQChr09g0262151                         71.28%    passed     67.57%
  21  HanXRQChr09g0265001                         64.07%    passed     73.62%
  22  HanXRQChr09g0273361                         70.42%    passed     56.20%
  23  HanXRQChr05g0151331                         66.09%    passed     89.24%
  24  HanXRQChr05g0150661                         67.10%    passed     64.46%
  25  HanXRQChr05g0163521                         65.22%    passed     90.23%
  26  HanXRQChr05g0150571                         49.06%    failed      0.36%
  27  HanXRQChr05g0154261                         65.95%    passed     79.83%
  28  HanXRQChr05g0149341                         63.78%    failed      1.87%
  29  HanXRQChr05g0147261                         61.76%    passed     69.75%
  30  HanXRQChr05g0156101                         36.94%    failed      0.04%
  31  HanXRQChr05g0163381                         53.25%    failed      4.75%
  32  HanXRQChr13g0405061                         67.10%    passed     55.47%
  33  HanXRQChr12g0364981                         63.78%    passed     98.45%
  34  HanXRQChr12g0358711                         63.35%    passed     79.11%
  35  HanXRQChr12g0375471                         69.55%    passed     69.18%
  36  HanXRQChr12g0361321                         64.21%    passed     90.70%
  37  HanXRQChr12g0358781                         71.72%    passed     70.17%
  38  HanXRQChr12g0358721                         70.27%    passed     80.11%
  39  HanXRQChr14g0452461                         66.67%    passed     45.57%
  40  HanXRQChr01g0015681                         62.34%    passed     88.41%
  41  HanXRQChr01g0007431                         57.58%    passed     56.54%
  42  HanXRQChr17g0538691                         69.41%    passed     33.33%
  43  HanXRQChr17g0550551                         74.03%    passed     15.42%
  44  HanXRQChr17g0560051                         68.83%    passed     49.17%
  45  HanXRQChr06g0174721                         64.50%    passed     82.35%
  46  HanXRQChr06g0169281                         70.42%    passed     12.90%
  47  HanXRQChr03g0091451                         53.54%    passed     17.73%
  48  HanXRQChr15g0483111                         57.58%    passed     24.06%
  49  HanXRQChr15g0474011                         77.92%    passed     93.28%
  50  HanXRQChr15g0489071                         63.92%    passed     95.18%
  51  HanXRQChr15g0484901                         66.38%    passed     13.53%
  52  HanXRQChr15g0495861                         67.68%    passed     51.43%
  53  HanXRQChr02g0043891                         62.48%    passed      9.38%
  54  HanXRQChr02g0045511                         71.72%    passed     49.05%
  55  HanXRQChr02g0040221                         72.29%    passed     45.06%
  56  HanXRQChr02g0042981                         64.21%    passed     65.39%
  57  HanXRQChr08g0223671                         76.05%    passed     60.19%
  58  HanXRQChr08g0223681                         64.21%    passed     99.65%
  59  AT1G69120.1|APETALA1|AP1|Length_286         63.06%    passed     64.49%
  60  AT4G36920.1|APETALA2|AP2|Length_432         37.66%    failed      0.00%
  61  AT3G54340.1|APETALA3|AP3|Length_232         66.52%    passed     62.58%
  62  AT5G20240.1|PISTILLATA|PI|Length_208        69.99%    passed     14.45%
  63  AT4G18960.1|AGAMOUS|AG|Length_252           63.64%    passed     44.17%
  64  AT4G09960.4|SEEDSTICK|STK|Length_329        52.53%    passed     11.28%
  65  AT3G58780.4|SHATTERPROOF1|SHP1|Length_281   59.45%    passed     47.06%
  66  AT2G42830.2|SHATTERPROOF2|SHP2|Length_248   64.21%    passed     55.39%
  67  AT5G15800.2|SEPALLATA1|SEP1|Length_262      62.19%    passed     23.46%
  68  AT3G02310.1|SEPALLATA2|SEP2|Length_250      63.92%    passed     32.69%
  69  AT1G24260.2|SEPALLATA3|SEP3|Length_251      63.78%    passed     67.23%
  70  AT2G03710.1|SEPALLATA4|SEP4|Length_258      62.77%    passed     87.87%
WARNING: 67 sequences contain more than 50% gaps/ambiguity
****  TOTAL                                       64.47%  7 sequences failed composition chi2 test (p-value<5%; df=19)
NOTE: HanXRQChr16g0501381 is identical to HanXRQChr16g0501741 but kept for subsequent analysis
Checking for duplicate sequences: done in 0.000231028 secs using 85.27% CPU

Create initial parsimony tree by phylogenetic likelihood library (PLL)... 0.015 seconds

NOTE: 7 MB RAM (0 GB) is required!
Estimate model parameters (epsilon = 0.010)
1. Initial log-likelihood: -29198.235
Optimal log-likelihood: -26352.602
Parameters optimization took 1 rounds (0.203 sec)
Wrote distance file to... 
BEST SCORE FOUND : -26352.602
Total tree length: 29.272

Total number of iterations: 0
CPU time used for tree search: 0.000 sec (0h:0m:0s)
Wall-clock time used for tree search: 0.000 sec (0h:0m:0s)
Total CPU time used: 0.227 sec (0h:0m:0s)
Total wall-clock time used: 0.231 sec (0h:0m:0s)

Analysis results written to: 
  IQ-TREE report:                /Users/bushrakhan/Desktop/NIPGR-data/MADS-box-Evolutionary-gene-detection/Simultaneous_Phylogenetic_Analysis/Results_v2/Trees/NJ/Helianthus_annuuss_MAFFT_NJ.iqtree
  Maximum-likelihood tree:       /Users/bushrakhan/Desktop/NIPGR-data/MADS-box-Evolutionary-gene-detection/Simultaneous_Phylogenetic_Analysis/Results_v2/Trees/NJ/Helianthus_annuuss_MAFFT_NJ.treefile
  Screen log file:               /Users/bushrakhan/Desktop/NIPGR-data/MADS-box-Evolutionary-gene-detection/Simultaneous_Phylogenetic_Analysis/Results_v2/Trees/NJ/Helianthus_annuuss_MAFFT_NJ.log

Date and Time: Sun Apr  5 15:47:12 2026
