IQ-TREE multicore version 2.2.2.7 COVID-edition for Mac OS X 64-bit built May 30 2023
Developed by Bui Quang Minh, James Barbetti, Nguyen Lam Tung,
Olga Chernomor, Heiko Schmidt, Dominik Schrempf, Michael Woodhams, Ly Trong Nhan.

Host:    Bushras-MacBook-Air.local (SSE4.2, 16 GB RAM)
Command: /Users/bushrakhan/Desktop/NIPGR-data/MADS-box-Evolutionary-gene-detection/Advanced_Phylogenetic_Pipeline/Uploads/scripts/iqtree2 -s /Users/bushrakhan/Desktop/NIPGR-data/MADS-box-Evolutionary-gene-detection/Simultaneous_Phylogenetic_Analysis/Results_v2/Alignments/Helianthus_annuuss_ClustalO.fa -m LG -n 0 -pre /Users/bushrakhan/Desktop/NIPGR-data/MADS-box-Evolutionary-gene-detection/Simultaneous_Phylogenetic_Analysis/Results_v2/Trees/NJ/Helianthus_annuuss_ClustalO_NJ -redo
Seed:    918459 (Using SPRNG - Scalable Parallel Random Number Generator)
Time:    Sun Apr  5 18:42:48 2026
Kernel:  SSE2 - 1 threads (10 CPU cores detected)

HINT: Use -nt option to specify number of threads because your CPU has 10 cores!
HINT: -nt AUTO will automatically determine the best number of threads to use.

Reading alignment file /Users/bushrakhan/Desktop/NIPGR-data/MADS-box-Evolutionary-gene-detection/Simultaneous_Phylogenetic_Analysis/Results_v2/Alignments/Helianthus_annuuss_ClustalO.fa ... Fasta format detected
Reading fasta file: done in 0.00247407 secs using 91.06% CPU
Alignment most likely contains protein sequences
Constructing alignment: done in 0.00116801 secs using 77.48% CPU
WARNING: 1 sites contain only gaps or ambiguous characters.
Alignment has 70 sequences with 644 columns, 577 distinct patterns
352 parsimony-informative, 161 singleton sites, 131 constant sites
WARNING: Some sequence names are changed as follows:
AT1G69120.1|APETALA1|AP1|Length=286 -> AT1G69120.1|APETALA1|AP1|Length_286
AT4G36920.1|APETALA2|AP2|Length=432 -> AT4G36920.1|APETALA2|AP2|Length_432
AT3G54340.1|APETALA3|AP3|Length=232 -> AT3G54340.1|APETALA3|AP3|Length_232
AT5G20240.1|PISTILLATA|PI|Length=208 -> AT5G20240.1|PISTILLATA|PI|Length_208
AT4G18960.1|AGAMOUS|AG|Length=252 -> AT4G18960.1|AGAMOUS|AG|Length_252
AT4G09960.4|SEEDSTICK|STK|Length=329 -> AT4G09960.4|SEEDSTICK|STK|Length_329
AT3G58780.4|SHATTERPROOF1|SHP1|Length=281 -> AT3G58780.4|SHATTERPROOF1|SHP1|Length_281
AT2G42830.2|SHATTERPROOF2|SHP2|Length=248 -> AT2G42830.2|SHATTERPROOF2|SHP2|Length_248
AT5G15800.2|SEPALLATA1|SEP1|Length=262 -> AT5G15800.2|SEPALLATA1|SEP1|Length_262
AT3G02310.1|SEPALLATA2|SEP2|Length=250 -> AT3G02310.1|SEPALLATA2|SEP2|Length_250
AT1G24260.2|SEPALLATA3|SEP3|Length=251 -> AT1G24260.2|SEPALLATA3|SEP3|Length_251
AT2G03710.1|SEPALLATA4|SEP4|Length=258 -> AT2G03710.1|SEPALLATA4|SEP4|Length_258

                                           Gap/Ambiguity  Composition  p-value
Analyzing sequences: done in 6.79493e-05 secs using 95.66% CPU
   1  HanXRQChr00c0029g0571181                    60.71%    failed      4.36%
   2  HanXRQChr10g0299591                         57.14%    failed      0.83%
   3  HanXRQChr10g0291191                         65.37%    passed     89.35%
   4  HanXRQChr16g0519321                         63.04%    passed     55.56%
   5  HanXRQChr16g0501741                         64.44%    passed     98.42%
   6  HanXRQChr16g0523531                         66.15%    passed     61.37%
   7  HanXRQChr16g0501381                         64.44%    passed     98.42%
   8  HanXRQChr16g0507561                         63.35%    passed     72.21%
   9  HanXRQChr16g0530971                         65.53%    passed     10.25%
  10  HanXRQChr16g0503081                         64.75%    passed     79.21%
  11  HanXRQChr07g0200001                         63.35%    passed     66.71%
  12  HanXRQChr07g0200321                         60.71%    passed     93.96%
  13  HanXRQChr04g0122131                         66.61%    passed     22.21%
  14  HanXRQChr04g0110101                         63.20%    passed     97.47%
  15  HanXRQChr09g0266391                         56.52%    passed     84.43%
  16  HanXRQChr09g0270311                         53.73%    passed     98.24%
  17  HanXRQChr09g0267081                         68.94%    passed     23.17%
  18  HanXRQChr09g0269421                         64.44%    passed     94.58%
  19  HanXRQChr09g0270841                         64.60%    passed     74.70%
  20  HanXRQChr09g0262151                         69.10%    passed     69.26%
  21  HanXRQChr09g0265001                         61.34%    passed     72.94%
  22  HanXRQChr09g0273361                         68.17%    passed     56.30%
  23  HanXRQChr05g0151331                         63.51%    passed     89.00%
  24  HanXRQChr05g0150661                         64.60%    passed     65.00%
  25  HanXRQChr05g0163521                         62.58%    passed     90.83%
  26  HanXRQChr05g0150571                         45.19%    failed      0.33%
  27  HanXRQChr05g0154261                         63.35%    passed     81.34%
  28  HanXRQChr05g0149341                         61.02%    failed      2.03%
  29  HanXRQChr05g0147261                         58.85%    passed     70.36%
  30  HanXRQChr05g0156101                         32.14%    failed      0.03%
  31  HanXRQChr05g0163381                         49.69%    failed      4.45%
  32  HanXRQChr13g0405061                         64.60%    passed     57.70%
  33  HanXRQChr12g0364981                         61.02%    passed     98.37%
  34  HanXRQChr12g0358711                         60.56%    passed     77.56%
  35  HanXRQChr12g0375471                         67.24%    passed     69.57%
  36  HanXRQChr12g0361321                         61.49%    passed     90.53%
  37  HanXRQChr12g0358781                         69.57%    passed     69.91%
  38  HanXRQChr12g0358721                         68.01%    passed     81.05%
  39  HanXRQChr14g0452461                         64.13%    passed     46.40%
  40  HanXRQChr01g0015681                         59.47%    passed     88.95%
  41  HanXRQChr01g0007431                         54.35%    passed     56.86%
  42  HanXRQChr17g0538691                         67.08%    passed     34.17%
  43  HanXRQChr17g0550551                         72.05%    passed     15.81%
  44  HanXRQChr17g0560051                         66.46%    passed     50.56%
  45  HanXRQChr06g0174721                         61.80%    passed     81.17%
  46  HanXRQChr06g0169281                         68.17%    passed     13.58%
  47  HanXRQChr03g0091451                         50.00%    passed     15.99%
  48  HanXRQChr15g0483111                         54.35%    passed     23.44%
  49  HanXRQChr15g0474011                         76.24%    passed     93.32%
  50  HanXRQChr15g0489071                         61.18%    passed     94.74%
  51  HanXRQChr15g0484901                         63.82%    passed     13.99%
  52  HanXRQChr15g0495861                         65.22%    passed     53.52%
  53  HanXRQChr02g0043891                         59.63%    passed      9.03%
  54  HanXRQChr02g0045511                         69.57%    passed     49.29%
  55  HanXRQChr02g0040221                         70.19%    passed     45.30%
  56  HanXRQChr02g0042981                         61.49%    passed     65.53%
  57  HanXRQChr08g0223671                         74.22%    passed     60.85%
  58  HanXRQChr08g0223681                         61.49%    passed     99.61%
  59  AT1G69120.1|APETALA1|AP1|Length_286         60.25%    passed     63.72%
  60  AT4G36920.1|APETALA2|AP2|Length_432         32.92%    failed      0.00%
  61  AT3G54340.1|APETALA3|AP3|Length_232         63.98%    passed     62.22%
  62  AT5G20240.1|PISTILLATA|PI|Length_208        67.70%    passed     14.36%
  63  AT4G18960.1|AGAMOUS|AG|Length_252           60.87%    passed     45.53%
  64  AT4G09960.4|SEEDSTICK|STK|Length_329        48.91%    passed     10.26%
  65  AT3G58780.4|SHATTERPROOF1|SHP1|Length_281   56.37%    passed     47.90%
  66  AT2G42830.2|SHATTERPROOF2|SHP2|Length_248   61.49%    passed     57.00%
  67  AT5G15800.2|SEPALLATA1|SEP1|Length_262      59.32%    passed     22.70%
  68  AT3G02310.1|SEPALLATA2|SEP2|Length_250      61.18%    passed     32.11%
  69  AT1G24260.2|SEPALLATA3|SEP3|Length_251      61.02%    passed     67.99%
  70  AT2G03710.1|SEPALLATA4|SEP4|Length_258      59.94%    passed     87.96%
WARNING: 64 sequences contain more than 50% gaps/ambiguity
****  TOTAL                                       61.77%  7 sequences failed composition chi2 test (p-value<5%; df=19)
NOTE: HanXRQChr16g0501381 is identical to HanXRQChr16g0501741 but kept for subsequent analysis
Checking for duplicate sequences: done in 0.00022006 secs using 84.52% CPU

Create initial parsimony tree by phylogenetic likelihood library (PLL)... 0.018 seconds

NOTE: 6 MB RAM (0 GB) is required!
Estimate model parameters (epsilon = 0.010)
1. Initial log-likelihood: -29229.725
Optimal log-likelihood: -26596.716
Parameters optimization took 1 rounds (0.179 sec)
Wrote distance file to... 
BEST SCORE FOUND : -26596.716
Total tree length: 29.955

Total number of iterations: 0
CPU time used for tree search: 0.000 sec (0h:0m:0s)
Wall-clock time used for tree search: 0.000 sec (0h:0m:0s)
Total CPU time used: 0.202 sec (0h:0m:0s)
Total wall-clock time used: 0.211 sec (0h:0m:0s)

Analysis results written to: 
  IQ-TREE report:                /Users/bushrakhan/Desktop/NIPGR-data/MADS-box-Evolutionary-gene-detection/Simultaneous_Phylogenetic_Analysis/Results_v2/Trees/NJ/Helianthus_annuuss_ClustalO_NJ.iqtree
  Maximum-likelihood tree:       /Users/bushrakhan/Desktop/NIPGR-data/MADS-box-Evolutionary-gene-detection/Simultaneous_Phylogenetic_Analysis/Results_v2/Trees/NJ/Helianthus_annuuss_ClustalO_NJ.treefile
  Screen log file:               /Users/bushrakhan/Desktop/NIPGR-data/MADS-box-Evolutionary-gene-detection/Simultaneous_Phylogenetic_Analysis/Results_v2/Trees/NJ/Helianthus_annuuss_ClustalO_NJ.log

Date and Time: Sun Apr  5 18:42:49 2026
