IQ-TREE multicore version 2.3.6 for MacOS ARM 64-bit built Jul 30 2024
Developed by Bui Quang Minh, Nguyen Lam Tung, Olga Chernomor, Heiko Schmidt,
Dominik Schrempf, Michael Woodhams, Ly Trong Nhan, Thomas Wong

Host:    Bushras-MacBook-Air.local (SSE4.2, 16 GB RAM)
Command: iqtree2 -s /Users/bushrakhan/Desktop/NIPGR-data/MADS-box-Evolutionary-gene-detection/Simultaneous_Phylogenetic_Analysis/Results_v4/Nymphaea_colorata/Nymphaea_colorata_MUSCLE.fa -m LG+G -B 1000 -T AUTO --abayes -pre /Users/bushrakhan/Desktop/NIPGR-data/MADS-box-Evolutionary-gene-detection/Simultaneous_Phylogenetic_Analysis/Results_v4/Nymphaea_colorata/Nymphaea_colorata_MUSCLE_Bayes -redo
Seed:    236622 (Using SPRNG - Scalable Parallel Random Number Generator)
Time:    Tue Apr  7 15:12:03 2026
Kernel:  SSE2 - auto-detect threads (10 CPU cores detected)

Reading alignment file /Users/bushrakhan/Desktop/NIPGR-data/MADS-box-Evolutionary-gene-detection/Simultaneous_Phylogenetic_Analysis/Results_v4/Nymphaea_colorata/Nymphaea_colorata_MUSCLE.fa ... Fasta format detected
Reading fasta file: done in 0.00191689 secs using 76.69% CPU
Alignment most likely contains protein sequences
Alignment has 101 sequences with 895 columns, 771 distinct patterns
295 parsimony-informative, 284 singleton sites, 316 constant sites
                  Gap/Ambiguity  Composition  p-value
Analyzing sequences: done in 8.79765e-05 secs using 273.9% CPU
   1  AT2G03060.2        56.87%    failed      0.06%
   2  AT1G69540.1        61.56%    passed     55.39%
   3  AT1G59810.1        68.38%    failed      0.15%
   4  AT1G77980.1        62.91%    passed     42.38%
   5  AT1G77950.1        71.84%    passed     56.96%
   6  AT1G77950.2        71.84%    passed     56.96%
   7  AT1G22130.1        62.57%    passed     26.14%
   8  Nycol.F00482.1.p   72.51%    passed     33.19%
   9  Nycol.M00404.1.p   72.85%    passed     84.04%
  10  AT5G60910.1        72.96%    passed     93.90%
  11  AT3G61120.1        72.74%    passed     28.29%
  12  Nycol.I01691.1.p   72.63%    passed     77.09%
  13  AT2G45650.1        71.84%    passed     71.83%
  14  Nycol.H00297.1.p   69.94%    passed     62.12%
  15  AT3G57390.1        71.40%    passed     70.11%
  16  AT2G14210.1        73.85%    passed     86.29%
  17  AT3G02310.1        72.07%    passed     23.87%
  18  AT5G15800.1        71.96%    passed     22.76%
  19  AT5G15800.2        70.73%    passed     16.02%
  20  AT1G26310.1        71.51%    passed     86.52%
  21  AT1G69120.1        71.40%    passed     45.55%
  22  AT2G03710.1        71.17%    passed     86.03%
  23  AT2G03710.2        71.28%    passed     87.12%
  24  Nycol.H00296.1.p   72.63%    passed     95.90%
  25  AT2G03710.3        79.11%    passed     83.03%
  26  AT1G24260.3        73.52%    passed     39.54%
  27  AT1G24260.2        71.96%    passed     50.16%
  28  AT1G24260.1        72.07%    passed     45.01%
  29  AT5G65080.2        77.99%    passed     41.11%
  30  AT1G77080.2        78.55%    passed     46.54%
  31  AT5G65060.2        79.33%    passed     32.87%
  32  AT5G10140.4        79.66%    passed     13.78%
  33  AT5G65050.1        79.66%    passed     42.74%
  34  AT5G10140.1        78.10%    passed      9.22%
  35  AT1G77080.4        78.10%    passed     49.51%
  36  AT5G65060.1        78.10%    passed     22.30%
  37  AT5G65050.3        78.10%    passed     45.77%
  38  AT5G65070.3        74.08%    passed     31.16%
  39  AT5G65070.1        77.65%    passed     15.41%
  40  AT5G65070.2        74.19%    passed     31.50%
  41  AT1G77080.5        80.67%    passed     16.22%
  42  AT5G65050.2        80.11%    passed     25.32%
  43  AT5G65080.1        77.09%    passed     35.42%
  44  AT5G10140.2        81.34%    passed      6.90%
  45  AT5G10140.3        79.22%    passed     11.65%
  46  AT3G30260.1        72.18%    passed     24.93%
  47  AT5G51870.2        80.78%    passed     32.53%
  48  AT1G71692.1        76.42%    passed     56.44%
  49  AT2G45660.1        76.09%    passed     60.49%
  50  Nycol.A00172.1.p   77.65%    passed     21.96%
  51  Nycol.G00190.1.p   77.43%    passed     23.41%
  52  AT5G51870.1        76.87%    passed     52.92%
  53  AT5G51870.3        75.53%    passed     66.98%
  54  AT5G62165.1        76.54%    passed     82.28%
  55  AT5G62165.3        76.54%    passed     82.28%
  56  AT5G62165.2        76.54%    passed     82.28%
  57  AT5G62165.4        78.10%    passed     95.60%
  58  Nycol.I01697.1.p   75.98%    passed     82.79%
  59  AT5G51860.1        76.42%    passed     20.15%
  60  AT5G51860.2        77.43%    passed     13.30%
  61  AT5G13790.1        70.06%    passed     53.82%
  62  AT2G22540.1        73.18%    passed     74.65%
  63  AT2G22540.2        73.74%    passed     72.21%
  64  Nycol.H00870.1.p   72.29%    passed     65.40%
  65  AT4G24540.1        75.42%    passed      5.69%
  66  Nycol.B01084.1.p   77.54%    passed     61.10%
  67  AT2G42830.1        72.51%    passed     42.02%
  68  AT2G42830.2        72.29%    passed     40.87%
  69  AT3G58780.3        69.50%    passed     70.37%
  70  AT3G58780.1        72.29%    passed     70.31%
  71  AT3G58780.2        73.07%    passed     73.75%
  72  AT4G18960.1        71.84%    passed     27.45%
  73  Nycol.A03014.1.p   73.85%    passed     22.50%
  74  Nycol.I00043.1.p   74.97%    passed     33.12%
  75  Nycol.G00206.1.p   75.64%    passed     62.13%
  76  AT4G09960.2        75.87%    passed     24.81%
  77  AT4G09960.4        73.85%    passed     29.14%
  78  AT4G09960.3        71.40%    passed     44.74%
  79  AT4G09960.1        74.30%    passed     27.55%
  80  AT3G57230.2        73.30%    passed     65.59%
  81  AT4G22950.1        75.53%    passed     72.52%
  82  AT4G11880.1        75.31%    passed     71.36%
  83  AT4G37940.1        74.53%    passed     97.41%
  84  AT2G22630.1        74.64%    passed     95.22%
  85  Nycol.I00993.1.p   74.75%    passed     78.44%
  86  Nycol.C02244.1.p   75.42%    passed     77.76%
  87  AT3G57230.1        73.18%    passed     55.83%
  88  AT1G31140.1        76.20%    passed     81.49%
  89  AT1G31140.2        75.98%    passed     81.27%
  90  AT5G23260.3        73.41%    passed      7.15%
  91  AT5G23260.2        71.84%    failed      4.50%
  92  AT5G23260.1        72.40%    passed      5.98%
  93  Nycol.F00329.1.p   87.04%    passed     77.99%
  94  Nycol.F00337.1.p   76.65%    passed     58.06%
  95  Nycol.F00318.1.p   76.87%    passed     78.55%
  96  AT3G54340.1        74.08%    passed     60.06%
  97  Nycol.F00306.1.p   78.88%    passed      5.26%
  98  Nycol.A01976.1.p   74.08%    passed     74.40%
  99  Nycol.A00432.1.p   75.75%    passed     96.86%
 100  Nycol.I01732.1.p   75.31%    passed     91.60%
 101  AT5G20240.1        76.76%    passed     15.91%
WARNING: 101 sequences contain more than 50% gaps/ambiguity
****  TOTAL              74.40%  3 sequences failed composition chi2 test (p-value<5%; df=19)
NOTE: AT1G77950.2 is identical to AT1G77950.1 but kept for subsequent analysis
NOTE: AT5G62165.3 is identical to AT5G62165.1 but kept for subsequent analysis
NOTE: 1 identical sequences (see below) will be ignored for subsequent analysis
NOTE: AT5G62165.2 (identical to AT5G62165.1) is ignored but added at the end
Alignment was printed to /Users/bushrakhan/Desktop/NIPGR-data/MADS-box-Evolutionary-gene-detection/Simultaneous_Phylogenetic_Analysis/Results_v4/Nymphaea_colorata/Nymphaea_colorata_MUSCLE_Bayes.uniqueseq.phy

For your convenience alignment with unique sequences printed to /Users/bushrakhan/Desktop/NIPGR-data/MADS-box-Evolutionary-gene-detection/Simultaneous_Phylogenetic_Analysis/Results_v4/Nymphaea_colorata/Nymphaea_colorata_MUSCLE_Bayes.uniqueseq.phy

Create initial parsimony tree by phylogenetic likelihood library (PLL)... 0.038 seconds
Generating 1000 samples for ultrafast bootstrap (seed: 236622)...

NOTE: 51 MB RAM (0 GB) is required!
Measuring multi-threading efficiency up to 10 CPU cores
Increase to 10 rounds for branch lengths
3 trees examined
Threads: 1 / Time: 12.325 sec / Speedup: 1.000 / Efficiency: 100% / LogL: -44244
Threads: 2 / Time: 7.865 sec / Speedup: 1.567 / Efficiency: 78% / LogL: -44244
Threads: 3 / Time: 5.381 sec / Speedup: 2.291 / Efficiency: 76% / LogL: -44244
Threads: 4 / Time: 4.952 sec / Speedup: 2.489 / Efficiency: 62% / LogL: -44244
Threads: 5 / Time: 4.934 sec / Speedup: 2.498 / Efficiency: 50% / LogL: -44244
BEST NUMBER OF THREADS: 4

Estimate model parameters (epsilon = 0.100)
1. Initial log-likelihood: -31022.641
2. Current log-likelihood: -27932.487
3. Current log-likelihood: -27849.922
4. Current log-likelihood: -27848.337
Optimal log-likelihood: -27848.274
Gamma shape alpha: 0.828
Parameters optimization took 4 rounds (3.363 sec)
Wrote distance file to... 
Computing ML distances based on estimated model parameters...
Calculating distance matrix: done in 0.835253 secs using 395.7% CPU
Computing ML distances took 0.835484 sec (of wall-clock time) 3.305492 sec (of CPU time)
WARNING: Some pairwise ML distances are too long (saturated)
Setting up auxiliary I and S matrices: done in 0.00018692 secs using 185.6% CPU
Computing RapidNJ tree took 0.006743 sec (of wall-clock time) 0.006464 sec (of CPU time)
Log-likelihood of RapidNJ tree: -28019.089
--------------------------------------------------------------------
|             INITIALIZING CANDIDATE TREE SET                      |
--------------------------------------------------------------------
Generating 98 parsimony trees... 3.025 second
Computing log-likelihood of 98 initial trees ... 20.470 seconds
Current best score: -27848.274

Do NNI search on 20 best initial trees
Estimate model parameters (epsilon = 0.100)
BETTER TREE FOUND at iteration 1: -27788.660
Estimate model parameters (epsilon = 0.100)
BETTER TREE FOUND at iteration 2: -27788.604
Estimate model parameters (epsilon = 0.100)
BETTER TREE FOUND at iteration 3: -27780.743
Estimate model parameters (epsilon = 0.100)
BETTER TREE FOUND at iteration 6: -27780.158
Iteration 10 / LogL: -27784.522 / Time: 0h:2m:12s
Estimate model parameters (epsilon = 0.100)
BETTER TREE FOUND at iteration 18: -27779.732
Iteration 20 / LogL: -27782.397 / Time: 0h:3m:26s
Finish initializing candidate tree set (20)
Current best tree score: -27779.732 / CPU time: 165.262
Number of iterations: 20
--------------------------------------------------------------------
|               OPTIMIZING CANDIDATE TREE SET                      |
--------------------------------------------------------------------
BETTER TREE FOUND at iteration 30: -27779.724
Iteration 30 / LogL: -27779.724 / Time: 0h:4m:31s (0h:15m:36s left)
Iteration 40 / LogL: -27779.808 / Time: 0h:5m:37s (0h:12m:58s left)
UPDATE BEST LOG-LIKELIHOOD: -27779.724
Estimate model parameters (epsilon = 0.100)
BETTER TREE FOUND at iteration 45: -27779.606
Iteration 50 / LogL: -27781.882 / Time: 0h:6m:48s (0h:13m:12s left)
Log-likelihood cutoff on original alignment: -27826.598
Iteration 60 / LogL: -27783.871 / Time: 0h:7m:55s (0h:11m:24s left)
Iteration 70 / LogL: -27782.916 / Time: 0h:9m:2s (0h:9m:49s left)
Estimate model parameters (epsilon = 0.100)
BETTER TREE FOUND at iteration 75: -27779.530
Iteration 80 / LogL: -27779.715 / Time: 0h:10m:6s (0h:12m:9s left)
UPDATE BEST LOG-LIKELIHOOD: -27779.528
Iteration 90 / LogL: -27851.539 / Time: 0h:11m:16s (0h:10m:45s left)
Iteration 100 / LogL: -27780.248 / Time: 0h:12m:20s (0h:9m:20s left)
Log-likelihood cutoff on original alignment: -27826.598
NOTE: Bootstrap correlation coefficient of split occurrence frequencies: 0.999
UPDATE BEST LOG-LIKELIHOOD: -27779.525
Iteration 110 / LogL: -27779.749 / Time: 0h:13m:29s (0h:11m:8s left)
Iteration 120 / LogL: -27779.832 / Time: 0h:14m:33s (0h:9m:47s left)
Iteration 130 / LogL: -27785.113 / Time: 0h:15m:42s (0h:8m:31s left)
Iteration 140 / LogL: -27797.760 / Time: 0h:16m:53s (0h:7m:17s left)
Iteration 150 / LogL: -27779.787 / Time: 0h:17m:54s (0h:6m:0s left)
Log-likelihood cutoff on original alignment: -27826.598
Iteration 160 / LogL: -27779.905 / Time: 0h:19m:1s (0h:4m:47s left)
Iteration 170 / LogL: -27782.926 / Time: 0h:20m:5s (0h:3m:33s left)
TREE SEARCH COMPLETED AFTER 176 ITERATIONS / Time: 0h:20m:45s

--------------------------------------------------------------------
|                    FINALIZING TREE SEARCH                        |
--------------------------------------------------------------------
Performs final model parameters optimization
Estimate model parameters (epsilon = 0.010)
1. Initial log-likelihood: -27779.525
Optimal log-likelihood: -27779.525
Gamma shape alpha: 0.813
Parameters optimization took 1 rounds (0.563 sec)
BEST SCORE FOUND : -27779.525

Testing tree branches by aBayes parametric test...
0.820 sec.
Creating bootstrap support values...
Split supports printed to NEXUS file /Users/bushrakhan/Desktop/NIPGR-data/MADS-box-Evolutionary-gene-detection/Simultaneous_Phylogenetic_Analysis/Results_v4/Nymphaea_colorata/Nymphaea_colorata_MUSCLE_Bayes.splits.nex
Total tree length: 64.426

Total number of iterations: 176
CPU time used for tree search: 3578.269 sec (0h:59m:38s)
Wall-clock time used for tree search: 1203.812 sec (0h:20m:3s)
Total CPU time used: 3669.834 sec (1h:1m:9s)
Total wall-clock time used: 1246.650 sec (0h:20m:46s)

Computing bootstrap consensus tree...
Reading input file /Users/bushrakhan/Desktop/NIPGR-data/MADS-box-Evolutionary-gene-detection/Simultaneous_Phylogenetic_Analysis/Results_v4/Nymphaea_colorata/Nymphaea_colorata_MUSCLE_Bayes.splits.nex...
100 taxa and 555 splits.
Consensus tree written to /Users/bushrakhan/Desktop/NIPGR-data/MADS-box-Evolutionary-gene-detection/Simultaneous_Phylogenetic_Analysis/Results_v4/Nymphaea_colorata/Nymphaea_colorata_MUSCLE_Bayes.contree
Reading input trees file /Users/bushrakhan/Desktop/NIPGR-data/MADS-box-Evolutionary-gene-detection/Simultaneous_Phylogenetic_Analysis/Results_v4/Nymphaea_colorata/Nymphaea_colorata_MUSCLE_Bayes.contree
Log-likelihood of consensus tree: -27779.700

Analysis results written to: 
  IQ-TREE report:                /Users/bushrakhan/Desktop/NIPGR-data/MADS-box-Evolutionary-gene-detection/Simultaneous_Phylogenetic_Analysis/Results_v4/Nymphaea_colorata/Nymphaea_colorata_MUSCLE_Bayes.iqtree
  Maximum-likelihood tree:       /Users/bushrakhan/Desktop/NIPGR-data/MADS-box-Evolutionary-gene-detection/Simultaneous_Phylogenetic_Analysis/Results_v4/Nymphaea_colorata/Nymphaea_colorata_MUSCLE_Bayes.treefile
  Likelihood distances:          /Users/bushrakhan/Desktop/NIPGR-data/MADS-box-Evolutionary-gene-detection/Simultaneous_Phylogenetic_Analysis/Results_v4/Nymphaea_colorata/Nymphaea_colorata_MUSCLE_Bayes.mldist

Ultrafast bootstrap approximation results written to:
  Split support values:          /Users/bushrakhan/Desktop/NIPGR-data/MADS-box-Evolutionary-gene-detection/Simultaneous_Phylogenetic_Analysis/Results_v4/Nymphaea_colorata/Nymphaea_colorata_MUSCLE_Bayes.splits.nex
  Consensus tree:                /Users/bushrakhan/Desktop/NIPGR-data/MADS-box-Evolutionary-gene-detection/Simultaneous_Phylogenetic_Analysis/Results_v4/Nymphaea_colorata/Nymphaea_colorata_MUSCLE_Bayes.contree
  Screen log file:               /Users/bushrakhan/Desktop/NIPGR-data/MADS-box-Evolutionary-gene-detection/Simultaneous_Phylogenetic_Analysis/Results_v4/Nymphaea_colorata/Nymphaea_colorata_MUSCLE_Bayes.log

Date and Time: Tue Apr  7 15:32:51 2026
