IQ-TREE multicore version 2.3.6 for MacOS ARM 64-bit built Jul 30 2024
Developed by Bui Quang Minh, Nguyen Lam Tung, Olga Chernomor, Heiko Schmidt,
Dominik Schrempf, Michael Woodhams, Ly Trong Nhan, Thomas Wong

Host:    Bushras-MacBook-Air.local (SSE4.2, 16 GB RAM)
Command: iqtree2 -s /Users/bushrakhan/Desktop/NIPGR-data/MADS-box-Evolutionary-gene-detection/Simultaneous_Phylogenetic_Analysis/Results_v4/Nymphaea_colorata/Nymphaea_colorata_MAFFT.fa -m JTT+G -B 1000 -T AUTO -pre /Users/bushrakhan/Desktop/NIPGR-data/MADS-box-Evolutionary-gene-detection/Simultaneous_Phylogenetic_Analysis/Results_v4/Nymphaea_colorata/Nymphaea_colorata_MAFFT_NJ -redo
Seed:    756901 (Using SPRNG - Scalable Parallel Random Number Generator)
Time:    Tue Apr  7 14:09:40 2026
Kernel:  SSE2 - auto-detect threads (10 CPU cores detected)

Reading alignment file /Users/bushrakhan/Desktop/NIPGR-data/MADS-box-Evolutionary-gene-detection/Simultaneous_Phylogenetic_Analysis/Results_v4/Nymphaea_colorata/Nymphaea_colorata_MAFFT.fa ... Fasta format detected
Reading fasta file: done in 0.00112104 secs using 85.1% CPU
Alignment most likely contains protein sequences
Alignment has 101 sequences with 606 columns, 583 distinct patterns
347 parsimony-informative, 152 singleton sites, 107 constant sites
                  Gap/Ambiguity  Composition  p-value
Analyzing sequences: done in 7.79629e-05 secs using 205.2% CPU
   1  Nycol.F00329.1.p   80.86%    passed     73.91%
   2  Nycol.F00337.1.p   65.51%    passed     52.59%
   3  Nycol.F00482.1.p   59.41%    passed     11.76%
   4  Nycol.F00306.1.p   68.81%    failed      2.04%
   5  Nycol.F00318.1.p   65.84%    passed     78.88%
   6  Nycol.A00172.1.p   67.00%    passed     15.42%
   7  Nycol.A03014.1.p   61.39%    passed     17.54%
   8  Nycol.A00432.1.p   64.19%    passed     98.67%
   9  Nycol.A01976.1.p   61.72%    passed     70.82%
  10  Nycol.B01084.1.p   66.83%    passed     75.71%
  11  Nycol.G00206.1.p   64.03%    passed     67.46%
  12  Nycol.G00190.1.p   66.67%    passed     17.56%
  13  Nycol.H00870.1.p   59.08%    passed     77.68%
  14  Nycol.H00296.1.p   59.57%    passed     94.31%
  15  Nycol.H00297.1.p   55.61%    passed     71.11%
  16  Nycol.M00404.1.p   59.90%    passed     83.38%
  17  Nycol.I00043.1.p   63.04%    passed     34.66%
  18  Nycol.I00993.1.p   62.71%    passed     90.62%
  19  Nycol.I01691.1.p   59.57%    passed     67.15%
  20  Nycol.I01697.1.p   64.52%    passed     87.34%
  21  Nycol.I01732.1.p   63.53%    passed     87.71%
  22  Nycol.C02244.1.p   63.70%    passed     86.96%
  23  AT5G65080.1        66.17%    passed     53.36%
  24  AT5G65050.2        70.63%    passed     42.28%
  25  AT2G03710.3        69.14%    passed     89.69%
  26  AT5G20240.1        65.68%    passed     14.26%
  27  AT4G09960.3        57.76%    passed     54.44%
  28  AT3G58780.1        59.08%    passed     76.60%
  29  AT5G15800.1        58.58%    passed     18.44%
  30  AT5G62165.1        65.35%    passed     91.38%
  31  AT3G58780.2        60.23%    passed     78.98%
  32  AT5G23260.2        58.42%    failed      3.48%
  33  AT5G23260.1        59.24%    failed      4.45%
  34  AT5G65060.1        67.66%    passed     37.79%
  35  AT1G24260.3        60.89%    passed     37.41%
  36  AT5G65070.1        67.00%    passed     26.53%
  37  AT5G10140.2        72.44%    passed     12.87%
  38  AT3G57230.1        60.40%    passed     61.95%
  39  AT1G77080.5        71.45%    passed     29.62%
  40  AT5G51870.1        65.84%    passed     63.39%
  41  AT5G62165.3        65.35%    passed     91.38%
  42  AT3G58780.3        54.95%    passed     76.70%
  43  AT5G65050.3        67.66%    passed     65.01%
  44  AT4G09960.4        61.39%    passed     37.30%
  45  AT5G65060.2        69.47%    passed     49.72%
  46  AT2G03710.1        57.43%    passed     83.21%
  47  AT2G22540.1        60.40%    passed     88.46%
  48  AT2G03060.2        36.30%    failed      0.01%
  49  AT1G77950.1        58.42%    passed     59.84%
  50  AT1G77950.2        58.42%    passed     59.84%
  51  AT1G24260.2        58.58%    passed     51.07%
  52  AT5G23260.3        60.73%    failed      4.66%
  53  AT4G37940.1        62.38%    passed     99.17%
  54  AT1G26310.1        57.92%    passed     87.65%
  55  AT5G51860.1        65.18%    passed     22.73%
  56  AT5G62165.4        67.66%    passed     98.18%
  57  AT2G14210.1        61.39%    passed     94.24%
  58  AT1G59810.1        53.30%    failed      0.04%
  59  AT4G09960.2        64.36%    passed     29.69%
  60  AT5G51870.3        63.86%    passed     77.97%
  61  AT1G71692.1        65.18%    passed     49.89%
  62  AT3G02310.1        58.75%    passed     17.29%
  63  AT5G65050.1        69.97%    passed     58.43%
  64  AT4G09960.1        62.05%    passed     34.54%
  65  AT2G42830.1        59.41%    passed     51.70%
  66  AT3G57390.1        57.76%    passed     84.00%
  67  AT5G10140.3        69.31%    passed     17.50%
  68  AT1G22130.1        44.72%    passed     16.61%
  69  AT1G77080.4        67.66%    passed     69.09%
  70  AT3G54340.1        61.72%    passed     53.75%
  71  AT5G65070.3        61.72%    passed     44.00%
  72  AT4G18960.1        58.42%    passed     32.86%
  73  AT1G69540.1        43.23%    passed     27.79%
  74  AT1G31140.1        64.85%    passed     54.32%
  75  AT5G10140.4        69.97%    passed     20.85%
  76  AT4G22950.1        63.86%    passed     86.25%
  77  AT2G03710.2        57.59%    passed     84.04%
  78  AT1G77080.2        68.32%    passed     63.47%
  79  AT1G31140.2        64.52%    passed     54.54%
  80  AT2G42830.2        59.08%    passed     50.61%
  81  AT5G13790.1        55.78%    passed     68.66%
  82  AT1G77980.1        45.21%    passed     31.49%
  83  AT5G60910.1        60.07%    passed     96.44%
  84  AT5G65070.2        61.88%    passed     47.11%
  85  AT5G10140.1        67.66%    passed     15.71%
  86  AT5G15800.2        56.77%    passed      9.98%
  87  AT5G65080.2        67.49%    passed     50.00%
  88  AT2G45650.1        58.42%    passed     51.50%
  89  AT2G22630.1        62.54%    passed     98.21%
  90  AT3G30260.1        58.91%    passed     25.96%
  91  AT4G11880.1        63.53%    passed     81.66%
  92  AT5G51860.2        66.67%    passed     16.46%
  93  AT5G62165.2        65.35%    passed     91.38%
  94  AT4G24540.1        63.70%    passed     10.91%
  95  AT2G45660.1        64.69%    passed     65.17%
  96  AT1G24260.1        58.75%    passed     45.94%
  97  AT3G57230.2        60.56%    passed     74.82%
  98  AT1G69120.1        57.76%    passed     32.98%
  99  AT5G51870.2        71.62%    passed     32.93%
 100  AT2G22540.2        61.22%    passed     87.01%
 101  AT3G61120.1        59.74%    passed     30.53%
WARNING: 97 sequences contain more than 50% gaps/ambiguity
****  TOTAL              62.19%  6 sequences failed composition chi2 test (p-value<5%; df=19)
NOTE: AT5G62165.3 is identical to AT5G62165.1 but kept for subsequent analysis
NOTE: AT1G77950.2 is identical to AT1G77950.1 but kept for subsequent analysis
NOTE: 1 identical sequences (see below) will be ignored for subsequent analysis
NOTE: AT5G62165.2 (identical to AT5G62165.1) is ignored but added at the end
Alignment was printed to /Users/bushrakhan/Desktop/NIPGR-data/MADS-box-Evolutionary-gene-detection/Simultaneous_Phylogenetic_Analysis/Results_v4/Nymphaea_colorata/Nymphaea_colorata_MAFFT_NJ.uniqueseq.phy

For your convenience alignment with unique sequences printed to /Users/bushrakhan/Desktop/NIPGR-data/MADS-box-Evolutionary-gene-detection/Simultaneous_Phylogenetic_Analysis/Results_v4/Nymphaea_colorata/Nymphaea_colorata_MAFFT_NJ.uniqueseq.phy

Create initial parsimony tree by phylogenetic likelihood library (PLL)... 0.031 seconds
Generating 1000 samples for ultrafast bootstrap (seed: 756901)...

NOTE: 39 MB RAM (0 GB) is required!
Measuring multi-threading efficiency up to 10 CPU cores
Increase to 10 rounds for branch lengths
4 trees examined
Threads: 1 / Time: 12.595 sec / Speedup: 1.000 / Efficiency: 100% / LogL: -44564
Threads: 2 / Time: 8.071 sec / Speedup: 1.561 / Efficiency: 78% / LogL: -44564
Threads: 3 / Time: 5.535 sec / Speedup: 2.276 / Efficiency: 76% / LogL: -44564
Threads: 4 / Time: 5.096 sec / Speedup: 2.472 / Efficiency: 62% / LogL: -44564
Threads: 5 / Time: 5.181 sec / Speedup: 2.431 / Efficiency: 49% / LogL: -44564
BEST NUMBER OF THREADS: 4

Estimate model parameters (epsilon = 0.100)
1. Initial log-likelihood: -28007.755
2. Current log-likelihood: -26554.123
3. Current log-likelihood: -26509.427
4. Current log-likelihood: -26505.442
5. Current log-likelihood: -26504.423
6. Current log-likelihood: -26504.183
Optimal log-likelihood: -26504.096
Gamma shape alpha: 1.035
Parameters optimization took 6 rounds (4.761 sec)
Wrote distance file to... 
Computing ML distances based on estimated model parameters...
Calculating distance matrix: done in 0.734769 secs using 394.4% CPU
Computing ML distances took 0.735012 sec (of wall-clock time) 2.898499 sec (of CPU time)
Setting up auxiliary I and S matrices: done in 0.000188112 secs using 180.7% CPU
Computing RapidNJ tree took 0.006692 sec (of wall-clock time) 0.006292 sec (of CPU time)
Log-likelihood of RapidNJ tree: -26664.016
--------------------------------------------------------------------
|             INITIALIZING CANDIDATE TREE SET                      |
--------------------------------------------------------------------
Generating 98 parsimony trees... 2.990 second
Computing log-likelihood of 98 initial trees ... 15.146 seconds
Current best score: -26504.096

Do NNI search on 20 best initial trees
Estimate model parameters (epsilon = 0.100)
BETTER TREE FOUND at iteration 1: -26467.525
Estimate model parameters (epsilon = 0.100)
BETTER TREE FOUND at iteration 2: -26463.271
Estimate model parameters (epsilon = 0.100)
BETTER TREE FOUND at iteration 4: -26457.209
Estimate model parameters (epsilon = 0.100)
BETTER TREE FOUND at iteration 5: -26456.622
Iteration 10 / LogL: -26460.443 / Time: 0h:1m:56s
Estimate model parameters (epsilon = 0.100)
BETTER TREE FOUND at iteration 15: -26456.392
Estimate model parameters (epsilon = 0.100)
BETTER TREE FOUND at iteration 16: -26453.924
Iteration 20 / LogL: -26459.213 / Time: 0h:2m:56s
Finish initializing candidate tree set (20)
Current best tree score: -26453.924 / CPU time: 133.215
Number of iterations: 20
--------------------------------------------------------------------
|               OPTIMIZING CANDIDATE TREE SET                      |
--------------------------------------------------------------------
Iteration 30 / LogL: -26455.751 / Time: 0h:3m:45s (0h:11m:9s left)
Iteration 40 / LogL: -26454.477 / Time: 0h:4m:36s (0h:8m:57s left)
Estimate model parameters (epsilon = 0.100)
BETTER TREE FOUND at iteration 48: -26453.537
UPDATE BEST LOG-LIKELIHOOD: -26453.537
Iteration 50 / LogL: -26453.537 / Time: 0h:5m:29s (0h:10m:58s left)
Log-likelihood cutoff on original alignment: -26495.469
Iteration 60 / LogL: -26456.170 / Time: 0h:6m:17s (0h:9m:22s left)
Iteration 70 / LogL: -26455.469 / Time: 0h:7m:7s (0h:8m:3s left)
Iteration 80 / LogL: -26456.748 / Time: 0h:8m:0s (0h:6m:53s left)
Iteration 90 / LogL: -26453.926 / Time: 0h:8m:52s (0h:5m:46s left)
Iteration 100 / LogL: -26455.058 / Time: 0h:9m:42s (0h:4m:42s left)
Log-likelihood cutoff on original alignment: -26495.469
NOTE: Bootstrap correlation coefficient of split occurrence frequencies: 0.999
Iteration 110 / LogL: -26453.930 / Time: 0h:10m:33s (0h:8m:42s left)
Iteration 120 / LogL: -26453.927 / Time: 0h:11m:28s (0h:7m:42s left)
Iteration 130 / LogL: -26454.475 / Time: 0h:12m:20s (0h:6m:41s left)
Iteration 140 / LogL: -26453.537 / Time: 0h:13m:12s (0h:5m:41s left)
TREE SEARCH COMPLETED AFTER 149 ITERATIONS / Time: 0h:13m:57s

--------------------------------------------------------------------
|                    FINALIZING TREE SEARCH                        |
--------------------------------------------------------------------
Performs final model parameters optimization
Estimate model parameters (epsilon = 0.010)
1. Initial log-likelihood: -26453.537
Optimal log-likelihood: -26453.537
Gamma shape alpha: 1.010
Parameters optimization took 1 rounds (0.429 sec)
BEST SCORE FOUND : -26453.537
Creating bootstrap support values...
Split supports printed to NEXUS file /Users/bushrakhan/Desktop/NIPGR-data/MADS-box-Evolutionary-gene-detection/Simultaneous_Phylogenetic_Analysis/Results_v4/Nymphaea_colorata/Nymphaea_colorata_MAFFT_NJ.splits.nex
Total tree length: 50.560

Total number of iterations: 149
CPU time used for tree search: 2313.373 sec (0h:38m:33s)
Wall-clock time used for tree search: 794.902 sec (0h:13m:14s)
Total CPU time used: 2405.109 sec (0h:40m:5s)
Total wall-clock time used: 838.524 sec (0h:13m:58s)

Computing bootstrap consensus tree...
Reading input file /Users/bushrakhan/Desktop/NIPGR-data/MADS-box-Evolutionary-gene-detection/Simultaneous_Phylogenetic_Analysis/Results_v4/Nymphaea_colorata/Nymphaea_colorata_MAFFT_NJ.splits.nex...
100 taxa and 513 splits.
Consensus tree written to /Users/bushrakhan/Desktop/NIPGR-data/MADS-box-Evolutionary-gene-detection/Simultaneous_Phylogenetic_Analysis/Results_v4/Nymphaea_colorata/Nymphaea_colorata_MAFFT_NJ.contree
Reading input trees file /Users/bushrakhan/Desktop/NIPGR-data/MADS-box-Evolutionary-gene-detection/Simultaneous_Phylogenetic_Analysis/Results_v4/Nymphaea_colorata/Nymphaea_colorata_MAFFT_NJ.contree
Log-likelihood of consensus tree: -26453.956

Analysis results written to: 
  IQ-TREE report:                /Users/bushrakhan/Desktop/NIPGR-data/MADS-box-Evolutionary-gene-detection/Simultaneous_Phylogenetic_Analysis/Results_v4/Nymphaea_colorata/Nymphaea_colorata_MAFFT_NJ.iqtree
  Maximum-likelihood tree:       /Users/bushrakhan/Desktop/NIPGR-data/MADS-box-Evolutionary-gene-detection/Simultaneous_Phylogenetic_Analysis/Results_v4/Nymphaea_colorata/Nymphaea_colorata_MAFFT_NJ.treefile
  Likelihood distances:          /Users/bushrakhan/Desktop/NIPGR-data/MADS-box-Evolutionary-gene-detection/Simultaneous_Phylogenetic_Analysis/Results_v4/Nymphaea_colorata/Nymphaea_colorata_MAFFT_NJ.mldist

Ultrafast bootstrap approximation results written to:
  Split support values:          /Users/bushrakhan/Desktop/NIPGR-data/MADS-box-Evolutionary-gene-detection/Simultaneous_Phylogenetic_Analysis/Results_v4/Nymphaea_colorata/Nymphaea_colorata_MAFFT_NJ.splits.nex
  Consensus tree:                /Users/bushrakhan/Desktop/NIPGR-data/MADS-box-Evolutionary-gene-detection/Simultaneous_Phylogenetic_Analysis/Results_v4/Nymphaea_colorata/Nymphaea_colorata_MAFFT_NJ.contree
  Screen log file:               /Users/bushrakhan/Desktop/NIPGR-data/MADS-box-Evolutionary-gene-detection/Simultaneous_Phylogenetic_Analysis/Results_v4/Nymphaea_colorata/Nymphaea_colorata_MAFFT_NJ.log

Date and Time: Tue Apr  7 14:23:40 2026
