IQ-TREE multicore version 2.3.6 for MacOS ARM 64-bit built Jul 30 2024
Developed by Bui Quang Minh, Nguyen Lam Tung, Olga Chernomor, Heiko Schmidt,
Dominik Schrempf, Michael Woodhams, Ly Trong Nhan, Thomas Wong

Host:    Bushras-MacBook-Air.local (SSE4.2, 16 GB RAM)
Command: iqtree2 -s /Users/bushrakhan/Desktop/NIPGR-data/MADS-box-Evolutionary-gene-detection/Simultaneous_Phylogenetic_Analysis/Results_v4/Nymphaea_colorata/Nymphaea_colorata_MUSCLE.fa -m JTT+G -B 1000 -T AUTO -pre /Users/bushrakhan/Desktop/NIPGR-data/MADS-box-Evolutionary-gene-detection/Simultaneous_Phylogenetic_Analysis/Results_v4/Nymphaea_colorata/Nymphaea_colorata_MUSCLE_NJ -redo
Seed:    967286 (Using SPRNG - Scalable Parallel Random Number Generator)
Time:    Tue Apr  7 14:23:40 2026
Kernel:  SSE2 - auto-detect threads (10 CPU cores detected)

Reading alignment file /Users/bushrakhan/Desktop/NIPGR-data/MADS-box-Evolutionary-gene-detection/Simultaneous_Phylogenetic_Analysis/Results_v4/Nymphaea_colorata/Nymphaea_colorata_MUSCLE.fa ... Fasta format detected
Reading fasta file: done in 0.00194192 secs using 76.93% CPU
Alignment most likely contains protein sequences
Alignment has 101 sequences with 895 columns, 771 distinct patterns
295 parsimony-informative, 284 singleton sites, 316 constant sites
                  Gap/Ambiguity  Composition  p-value
Analyzing sequences: done in 9.29832e-05 secs using 287.1% CPU
   1  AT2G03060.2        56.87%    failed      0.06%
   2  AT1G69540.1        61.56%    passed     55.39%
   3  AT1G59810.1        68.38%    failed      0.15%
   4  AT1G77980.1        62.91%    passed     42.38%
   5  AT1G77950.1        71.84%    passed     56.96%
   6  AT1G77950.2        71.84%    passed     56.96%
   7  AT1G22130.1        62.57%    passed     26.14%
   8  Nycol.F00482.1.p   72.51%    passed     33.19%
   9  Nycol.M00404.1.p   72.85%    passed     84.04%
  10  AT5G60910.1        72.96%    passed     93.90%
  11  AT3G61120.1        72.74%    passed     28.29%
  12  Nycol.I01691.1.p   72.63%    passed     77.09%
  13  AT2G45650.1        71.84%    passed     71.83%
  14  Nycol.H00297.1.p   69.94%    passed     62.12%
  15  AT3G57390.1        71.40%    passed     70.11%
  16  AT2G14210.1        73.85%    passed     86.29%
  17  AT3G02310.1        72.07%    passed     23.87%
  18  AT5G15800.1        71.96%    passed     22.76%
  19  AT5G15800.2        70.73%    passed     16.02%
  20  AT1G26310.1        71.51%    passed     86.52%
  21  AT1G69120.1        71.40%    passed     45.55%
  22  AT2G03710.1        71.17%    passed     86.03%
  23  AT2G03710.2        71.28%    passed     87.12%
  24  Nycol.H00296.1.p   72.63%    passed     95.90%
  25  AT2G03710.3        79.11%    passed     83.03%
  26  AT1G24260.3        73.52%    passed     39.54%
  27  AT1G24260.2        71.96%    passed     50.16%
  28  AT1G24260.1        72.07%    passed     45.01%
  29  AT5G65080.2        77.99%    passed     41.11%
  30  AT1G77080.2        78.55%    passed     46.54%
  31  AT5G65060.2        79.33%    passed     32.87%
  32  AT5G10140.4        79.66%    passed     13.78%
  33  AT5G65050.1        79.66%    passed     42.74%
  34  AT5G10140.1        78.10%    passed      9.22%
  35  AT1G77080.4        78.10%    passed     49.51%
  36  AT5G65060.1        78.10%    passed     22.30%
  37  AT5G65050.3        78.10%    passed     45.77%
  38  AT5G65070.3        74.08%    passed     31.16%
  39  AT5G65070.1        77.65%    passed     15.41%
  40  AT5G65070.2        74.19%    passed     31.50%
  41  AT1G77080.5        80.67%    passed     16.22%
  42  AT5G65050.2        80.11%    passed     25.32%
  43  AT5G65080.1        77.09%    passed     35.42%
  44  AT5G10140.2        81.34%    passed      6.90%
  45  AT5G10140.3        79.22%    passed     11.65%
  46  AT3G30260.1        72.18%    passed     24.93%
  47  AT5G51870.2        80.78%    passed     32.53%
  48  AT1G71692.1        76.42%    passed     56.44%
  49  AT2G45660.1        76.09%    passed     60.49%
  50  Nycol.A00172.1.p   77.65%    passed     21.96%
  51  Nycol.G00190.1.p   77.43%    passed     23.41%
  52  AT5G51870.1        76.87%    passed     52.92%
  53  AT5G51870.3        75.53%    passed     66.98%
  54  AT5G62165.1        76.54%    passed     82.28%
  55  AT5G62165.3        76.54%    passed     82.28%
  56  AT5G62165.2        76.54%    passed     82.28%
  57  AT5G62165.4        78.10%    passed     95.60%
  58  Nycol.I01697.1.p   75.98%    passed     82.79%
  59  AT5G51860.1        76.42%    passed     20.15%
  60  AT5G51860.2        77.43%    passed     13.30%
  61  AT5G13790.1        70.06%    passed     53.82%
  62  AT2G22540.1        73.18%    passed     74.65%
  63  AT2G22540.2        73.74%    passed     72.21%
  64  Nycol.H00870.1.p   72.29%    passed     65.40%
  65  AT4G24540.1        75.42%    passed      5.69%
  66  Nycol.B01084.1.p   77.54%    passed     61.10%
  67  AT2G42830.1        72.51%    passed     42.02%
  68  AT2G42830.2        72.29%    passed     40.87%
  69  AT3G58780.3        69.50%    passed     70.37%
  70  AT3G58780.1        72.29%    passed     70.31%
  71  AT3G58780.2        73.07%    passed     73.75%
  72  AT4G18960.1        71.84%    passed     27.45%
  73  Nycol.A03014.1.p   73.85%    passed     22.50%
  74  Nycol.I00043.1.p   74.97%    passed     33.12%
  75  Nycol.G00206.1.p   75.64%    passed     62.13%
  76  AT4G09960.2        75.87%    passed     24.81%
  77  AT4G09960.4        73.85%    passed     29.14%
  78  AT4G09960.3        71.40%    passed     44.74%
  79  AT4G09960.1        74.30%    passed     27.55%
  80  AT3G57230.2        73.30%    passed     65.59%
  81  AT4G22950.1        75.53%    passed     72.52%
  82  AT4G11880.1        75.31%    passed     71.36%
  83  AT4G37940.1        74.53%    passed     97.41%
  84  AT2G22630.1        74.64%    passed     95.22%
  85  Nycol.I00993.1.p   74.75%    passed     78.44%
  86  Nycol.C02244.1.p   75.42%    passed     77.76%
  87  AT3G57230.1        73.18%    passed     55.83%
  88  AT1G31140.1        76.20%    passed     81.49%
  89  AT1G31140.2        75.98%    passed     81.27%
  90  AT5G23260.3        73.41%    passed      7.15%
  91  AT5G23260.2        71.84%    failed      4.50%
  92  AT5G23260.1        72.40%    passed      5.98%
  93  Nycol.F00329.1.p   87.04%    passed     77.99%
  94  Nycol.F00337.1.p   76.65%    passed     58.06%
  95  Nycol.F00318.1.p   76.87%    passed     78.55%
  96  AT3G54340.1        74.08%    passed     60.06%
  97  Nycol.F00306.1.p   78.88%    passed      5.26%
  98  Nycol.A01976.1.p   74.08%    passed     74.40%
  99  Nycol.A00432.1.p   75.75%    passed     96.86%
 100  Nycol.I01732.1.p   75.31%    passed     91.60%
 101  AT5G20240.1        76.76%    passed     15.91%
WARNING: 101 sequences contain more than 50% gaps/ambiguity
****  TOTAL              74.40%  3 sequences failed composition chi2 test (p-value<5%; df=19)
NOTE: AT1G77950.2 is identical to AT1G77950.1 but kept for subsequent analysis
NOTE: AT5G62165.3 is identical to AT5G62165.1 but kept for subsequent analysis
NOTE: 1 identical sequences (see below) will be ignored for subsequent analysis
NOTE: AT5G62165.2 (identical to AT5G62165.1) is ignored but added at the end
Alignment was printed to /Users/bushrakhan/Desktop/NIPGR-data/MADS-box-Evolutionary-gene-detection/Simultaneous_Phylogenetic_Analysis/Results_v4/Nymphaea_colorata/Nymphaea_colorata_MUSCLE_NJ.uniqueseq.phy

For your convenience alignment with unique sequences printed to /Users/bushrakhan/Desktop/NIPGR-data/MADS-box-Evolutionary-gene-detection/Simultaneous_Phylogenetic_Analysis/Results_v4/Nymphaea_colorata/Nymphaea_colorata_MUSCLE_NJ.uniqueseq.phy

Create initial parsimony tree by phylogenetic likelihood library (PLL)... 0.036 seconds
Generating 1000 samples for ultrafast bootstrap (seed: 967286)...

NOTE: 51 MB RAM (0 GB) is required!
Measuring multi-threading efficiency up to 10 CPU cores
Increase to 10 rounds for branch lengths
3 trees examined
Threads: 1 / Time: 12.372 sec / Speedup: 1.000 / Efficiency: 100% / LogL: -44986
Threads: 2 / Time: 7.911 sec / Speedup: 1.564 / Efficiency: 78% / LogL: -44986
Threads: 3 / Time: 5.418 sec / Speedup: 2.283 / Efficiency: 76% / LogL: -44986
Threads: 4 / Time: 4.987 sec / Speedup: 2.481 / Efficiency: 62% / LogL: -44986
Threads: 5 / Time: 4.971 sec / Speedup: 2.489 / Efficiency: 50% / LogL: -44986
BEST NUMBER OF THREADS: 4

Estimate model parameters (epsilon = 0.100)
1. Initial log-likelihood: -30728.871
2. Current log-likelihood: -27795.434
3. Current log-likelihood: -27723.313
4. Current log-likelihood: -27720.895
5. Current log-likelihood: -27720.683
Optimal log-likelihood: -27720.646
Gamma shape alpha: 0.874
Parameters optimization took 5 rounds (5.038 sec)
Wrote distance file to... 
Computing ML distances based on estimated model parameters...
Calculating distance matrix: done in 0.79388 secs using 395% CPU
Computing ML distances took 0.794113 sec (of wall-clock time) 3.136464 sec (of CPU time)
WARNING: Some pairwise ML distances are too long (saturated)
Setting up auxiliary I and S matrices: done in 0.000151157 secs using 205.7% CPU
Computing RapidNJ tree took 0.007117 sec (of wall-clock time) 0.006415 sec (of CPU time)
Log-likelihood of RapidNJ tree: -27942.309
--------------------------------------------------------------------
|             INITIALIZING CANDIDATE TREE SET                      |
--------------------------------------------------------------------
Generating 98 parsimony trees... 3.055 second
Computing log-likelihood of 98 initial trees ... 20.470 seconds
Current best score: -27720.646

Do NNI search on 20 best initial trees
Estimate model parameters (epsilon = 0.100)
BETTER TREE FOUND at iteration 1: -27692.526
Estimate model parameters (epsilon = 0.100)
BETTER TREE FOUND at iteration 2: -27680.757
Estimate model parameters (epsilon = 0.100)
BETTER TREE FOUND at iteration 3: -27674.804
Iteration 10 / LogL: -27679.683 / Time: 0h:2m:11s
Iteration 20 / LogL: -27675.709 / Time: 0h:3m:18s
Finish initializing candidate tree set (20)
Current best tree score: -27674.804 / CPU time: 155.120
Number of iterations: 20
--------------------------------------------------------------------
|               OPTIMIZING CANDIDATE TREE SET                      |
--------------------------------------------------------------------
Estimate model parameters (epsilon = 0.100)
BETTER TREE FOUND at iteration 29: -27674.254
Iteration 30 / LogL: -27674.830 / Time: 0h:4m:22s (0h:14m:56s left)
Estimate model parameters (epsilon = 0.100)
BETTER TREE FOUND at iteration 32: -27674.082
BETTER TREE FOUND at iteration 33: -27674.082
Estimate model parameters (epsilon = 0.100)
BETTER TREE FOUND at iteration 37: -27674.012
Iteration 40 / LogL: -27674.225 / Time: 0h:5m:33s (0h:13m:50s left)
Iteration 50 / LogL: -27674.088 / Time: 0h:6m:41s (0h:11m:52s left)
Log-likelihood cutoff on original alignment: -27706.249
Iteration 60 / LogL: -27674.611 / Time: 0h:7m:44s (0h:10m:6s left)
UPDATE BEST LOG-LIKELIHOOD: -27674.012
Iteration 70 / LogL: -27674.012 / Time: 0h:8m:48s (0h:8m:33s left)
UPDATE BEST LOG-LIKELIHOOD: -27674.012
Iteration 80 / LogL: -27694.030 / Time: 0h:9m:55s (0h:7m:9s left)
Iteration 90 / LogL: -27674.235 / Time: 0h:11m:0s (0h:5m:48s left)
UPDATE BEST LOG-LIKELIHOOD: -27674.012
Iteration 100 / LogL: -27674.235 / Time: 0h:12m:1s (0h:4m:29s left)
Log-likelihood cutoff on original alignment: -27706.249
NOTE: Bootstrap correlation coefficient of split occurrence frequencies: 0.999
Iteration 110 / LogL: -27674.378 / Time: 0h:13m:9s (0h:10m:51s left)
Iteration 120 / LogL: -27674.089 / Time: 0h:14m:15s (0h:9m:35s left)
Iteration 130 / LogL: -27674.089 / Time: 0h:15m:16s (0h:8m:17s left)
TREE SEARCH COMPLETED AFTER 138 ITERATIONS / Time: 0h:16m:6s

--------------------------------------------------------------------
|                    FINALIZING TREE SEARCH                        |
--------------------------------------------------------------------
Performs final model parameters optimization
Estimate model parameters (epsilon = 0.010)
1. Initial log-likelihood: -27674.012
Optimal log-likelihood: -27674.011
Gamma shape alpha: 0.898
Parameters optimization took 1 rounds (0.575 sec)
BEST SCORE FOUND : -27674.011
Creating bootstrap support values...
Split supports printed to NEXUS file /Users/bushrakhan/Desktop/NIPGR-data/MADS-box-Evolutionary-gene-detection/Simultaneous_Phylogenetic_Analysis/Results_v4/Nymphaea_colorata/Nymphaea_colorata_MUSCLE_NJ.splits.nex
Total tree length: 61.300

Total number of iterations: 138
CPU time used for tree search: 2735.196 sec (0h:45m:35s)
Wall-clock time used for tree search: 923.392 sec (0h:15m:23s)
Total CPU time used: 2830.129 sec (0h:47m:10s)
Total wall-clock time used: 967.353 sec (0h:16m:7s)

Computing bootstrap consensus tree...
Reading input file /Users/bushrakhan/Desktop/NIPGR-data/MADS-box-Evolutionary-gene-detection/Simultaneous_Phylogenetic_Analysis/Results_v4/Nymphaea_colorata/Nymphaea_colorata_MUSCLE_NJ.splits.nex...
100 taxa and 496 splits.
Consensus tree written to /Users/bushrakhan/Desktop/NIPGR-data/MADS-box-Evolutionary-gene-detection/Simultaneous_Phylogenetic_Analysis/Results_v4/Nymphaea_colorata/Nymphaea_colorata_MUSCLE_NJ.contree
Reading input trees file /Users/bushrakhan/Desktop/NIPGR-data/MADS-box-Evolutionary-gene-detection/Simultaneous_Phylogenetic_Analysis/Results_v4/Nymphaea_colorata/Nymphaea_colorata_MUSCLE_NJ.contree
Log-likelihood of consensus tree: -27676.544

Analysis results written to: 
  IQ-TREE report:                /Users/bushrakhan/Desktop/NIPGR-data/MADS-box-Evolutionary-gene-detection/Simultaneous_Phylogenetic_Analysis/Results_v4/Nymphaea_colorata/Nymphaea_colorata_MUSCLE_NJ.iqtree
  Maximum-likelihood tree:       /Users/bushrakhan/Desktop/NIPGR-data/MADS-box-Evolutionary-gene-detection/Simultaneous_Phylogenetic_Analysis/Results_v4/Nymphaea_colorata/Nymphaea_colorata_MUSCLE_NJ.treefile
  Likelihood distances:          /Users/bushrakhan/Desktop/NIPGR-data/MADS-box-Evolutionary-gene-detection/Simultaneous_Phylogenetic_Analysis/Results_v4/Nymphaea_colorata/Nymphaea_colorata_MUSCLE_NJ.mldist

Ultrafast bootstrap approximation results written to:
  Split support values:          /Users/bushrakhan/Desktop/NIPGR-data/MADS-box-Evolutionary-gene-detection/Simultaneous_Phylogenetic_Analysis/Results_v4/Nymphaea_colorata/Nymphaea_colorata_MUSCLE_NJ.splits.nex
  Consensus tree:                /Users/bushrakhan/Desktop/NIPGR-data/MADS-box-Evolutionary-gene-detection/Simultaneous_Phylogenetic_Analysis/Results_v4/Nymphaea_colorata/Nymphaea_colorata_MUSCLE_NJ.contree
  Screen log file:               /Users/bushrakhan/Desktop/NIPGR-data/MADS-box-Evolutionary-gene-detection/Simultaneous_Phylogenetic_Analysis/Results_v4/Nymphaea_colorata/Nymphaea_colorata_MUSCLE_NJ.log

Date and Time: Tue Apr  7 14:39:50 2026
