IQ-TREE multicore version 2.3.6 for MacOS ARM 64-bit built Jul 30 2024
Developed by Bui Quang Minh, Nguyen Lam Tung, Olga Chernomor, Heiko Schmidt,
Dominik Schrempf, Michael Woodhams, Ly Trong Nhan, Thomas Wong

Host:    Bushras-MacBook-Air.local (SSE4.2, 16 GB RAM)
Command: /opt/homebrew/bin/iqtree2 -s /Users/bushrakhan/Desktop/NIPGR-data/MADS-box-Evolutionary-gene-detection/Advanced_Phylogenetic_Pipeline/3.Phylogeny_Output/Alignments_FullLength/Amborella_trichopoda_ClustalO_Aligned.fa -m LG+F+G -B 1000 -pre /Users/bushrakhan/Desktop/NIPGR-data/MADS-box-Evolutionary-gene-detection/Advanced_Phylogenetic_Pipeline/3.Phylogeny_Output/Trees_FullLength/Amborella_trichopoda_ClustalO_ML -nt AUTO -redo
Seed:    507393 (Using SPRNG - Scalable Parallel Random Number Generator)
Time:    Tue Apr 14 02:47:37 2026
Kernel:  SSE2 - auto-detect threads (10 CPU cores detected)

Reading alignment file /Users/bushrakhan/Desktop/NIPGR-data/MADS-box-Evolutionary-gene-detection/Advanced_Phylogenetic_Pipeline/3.Phylogeny_Output/Alignments_FullLength/Amborella_trichopoda_ClustalO_Aligned.fa ... Fasta format detected
Reading fasta file: done in 0.000738144 secs using 90.77% CPU
Alignment most likely contains protein sequences
WARNING: 1 sites contain only gaps or ambiguous characters.
Alignment has 61 sequences with 671 columns, 542 distinct patterns
310 parsimony-informative, 147 singleton sites, 214 constant sites
                                          Gap/Ambiguity  Composition  p-value
Analyzing sequences: done in 0.000221014 secs using 57.01% CPU
   1  evm_27.model.AmTr_v1.0_scaffold00089.36    68.41%    passed     98.65%
   2  evm_27.model.AmTr_v1.0_scaffold00013.60    74.37%    passed     97.72%
   3  evm_27.model.AmTr_v1.0_scaffold00013.53    64.08%    passed     81.16%
   4  evm_27.model.AmTr_v1.0_scaffold00001.409   66.77%    passed     91.88%
   5  evm_27.model.AmTr_v1.0_scaffold00001.461   65.57%    passed     78.81%
   6  evm_27.model.AmTr_v1.0_scaffold00001.225   65.72%    passed     43.47%
   7  evm_27.model.AmTr_v1.0_scaffold00001.413   65.87%    passed     75.55%
   8  evm_27.model.AmTr_v1.0_scaffold00046.134   66.92%    passed     99.22%
   9  evm_27.model.AmTr_v1.0_scaffold00053.185   71.98%    passed     47.17%
  10  evm_27.model.AmTr_v1.0_scaffold00095.150   66.02%    failed      0.66%
  11  evm_27.model.AmTr_v1.0_scaffold00071.203   66.92%    passed     42.88%
  12  evm_27.model.AmTr_v1.0_scaffold00021.296   65.13%    passed     88.69%
  13  evm_27.model.AmTr_v1.0_scaffold00047.121   63.79%    passed     72.03%
  14  evm_27.model.AmTr_v1.0_scaffold00047.105   63.93%    passed     21.58%
  15  evm_27.model.AmTr_v1.0_scaffold00066.97    67.21%    passed     42.61%
  16  evm_27.model.AmTr_v1.0_scaffold00127.17    67.36%    passed     65.06%
  17  AT1G22130.1                                50.07%    passed     23.76%
  18  AT1G24260.2                                62.59%    passed     52.17%
  19  AT1G26310.1                                62.00%    passed     84.91%
  20  AT1G31140.2                                67.96%    passed     68.04%
  21  AT1G59810.1                                57.82%    failed      0.05%
  22  AT1G69120.1                                61.85%    passed     37.49%
  23  AT1G69540.2                                45.31%    passed     13.02%
  24  AT1G71692.1                                68.55%    passed     60.91%
  25  AT1G77080.8                                66.77%    passed     61.17%
  26  AT1G77950.4                                62.44%    passed     59.52%
  27  AT1G77980.1                                50.52%    passed     41.28%
  28  AT2G03060.2                                42.47%    failed      0.05%
  29  AT2G03710.1                                61.55%    passed     87.24%
  30  AT2G14210.2                                64.98%    passed     88.08%
  31  AT2G22540.1                                64.23%    passed     86.69%
  32  AT2G22630.2                                66.17%    passed     96.53%
  33  AT2G42830.2                                63.04%    passed     46.14%
  34  AT2G45650.1                                62.44%    passed     72.73%
  35  AT2G45660.1                                68.11%    passed     68.26%
  36  AT3G02310.1                                62.74%    passed     20.14%
  37  AT3G30260.1                                62.89%    passed     29.65%
  38  AT3G54340.1                                65.42%    passed     49.20%
  39  AT3G57230.1                                64.23%    passed     54.42%
  40  AT3G57390.1                                61.85%    passed     77.42%
  41  AT3G58780.4                                58.12%    passed     39.12%
  42  AT3G61120.1                                63.64%    passed     34.76%
  43  AT4G09960.4                                50.97%    passed     13.76%
  44  AT4G11880.1                                67.06%    passed     79.81%
  45  AT4G18960.1                                62.44%    passed     32.15%
  46  AT4G22950.1                                67.36%    passed     84.18%
  47  AT4G24540.1                                67.21%    passed      8.91%
  48  AT4G37940.1                                66.02%    passed     98.12%
  49  AT5G10140.1                                70.79%    passed     11.17%
  50  AT5G13790.2                                59.61%    passed     68.86%
  51  AT5G15800.2                                60.95%    passed     13.74%
  52  AT5G20240.1                                69.00%    passed     13.52%
  53  AT5G23260.4                                60.06%    failed      4.91%
  54  AT5G51860.1                                68.55%    passed     19.95%
  55  AT5G51870.3                                65.87%    passed     87.60%
  56  AT5G60910.1                                63.93%    passed     95.92%
  57  AT5G62165.2                                68.70%    passed     86.11%
  58  AT5G65050.3                                70.79%    passed     58.68%
  59  AT5G65060.1                                70.79%    passed     28.66%
  60  AT5G65070.1                                70.19%    passed     21.23%
  61  AT5G65080.2                                69.60%    passed     44.49%
WARNING: 59 sequences contain more than 50% gaps/ambiguity
****  TOTAL                                      64.06%  4 sequences failed composition chi2 test (p-value<5%; df=19)

Create initial parsimony tree by phylogenetic likelihood library (PLL)... 0.016 seconds
Generating 1000 samples for ultrafast bootstrap (seed: 507393)...

NOTE: 23 MB RAM (0 GB) is required!
Measuring multi-threading efficiency up to 10 CPU cores
Increase to 10 rounds for branch lengths
6 trees examined
Threads: 1 / Time: 10.303 sec / Speedup: 1.000 / Efficiency: 100% / LogL: -29972
Threads: 2 / Time: 6.676 sec / Speedup: 1.543 / Efficiency: 77% / LogL: -29972
Threads: 3 / Time: 4.765 sec / Speedup: 2.162 / Efficiency: 72% / LogL: -29972
Threads: 4 / Time: 4.493 sec / Speedup: 2.293 / Efficiency: 57% / LogL: -29972
Threads: 5 / Time: 4.582 sec / Speedup: 2.249 / Efficiency: 45% / LogL: -29972
BEST NUMBER OF THREADS: 4

Estimate model parameters (epsilon = 0.100)
1. Initial log-likelihood: -26634.966
2. Current log-likelihood: -24788.414
3. Current log-likelihood: -24707.508
4. Current log-likelihood: -24703.603
5. Current log-likelihood: -24703.250
Optimal log-likelihood: -24703.186
Gamma shape alpha: 0.801
Parameters optimization took 5 rounds (2.003 sec)
Wrote distance file to... 
Computing ML distances based on estimated model parameters...
Calculating distance matrix: done in 0.353963 secs using 391.4% CPU
Computing ML distances took 0.354266 sec (of wall-clock time) 1.385651 sec (of CPU time)
WARNING: Some pairwise ML distances are too long (saturated)
Setting up auxiliary I and S matrices: done in 0.000170946 secs using 207.1% CPU
Computing RapidNJ tree took 0.004372 sec (of wall-clock time) 0.002961 sec (of CPU time)
Log-likelihood of RapidNJ tree: -24804.229
--------------------------------------------------------------------
|             INITIALIZING CANDIDATE TREE SET                      |
--------------------------------------------------------------------
Generating 98 parsimony trees... 1.295 second
Computing log-likelihood of 98 initial trees ... 8.959 seconds
Current best score: -24703.186

Do NNI search on 20 best initial trees
Estimate model parameters (epsilon = 0.100)
BETTER TREE FOUND at iteration 1: -24680.336
Estimate model parameters (epsilon = 0.100)
BETTER TREE FOUND at iteration 3: -24676.285
Estimate model parameters (epsilon = 0.100)
BETTER TREE FOUND at iteration 4: -24673.763
Estimate model parameters (epsilon = 0.100)
BETTER TREE FOUND at iteration 5: -24673.184
Iteration 10 / LogL: -24675.736 / Time: 0h:1m:15s
Estimate model parameters (epsilon = 0.100)
BETTER TREE FOUND at iteration 12: -24672.879
Iteration 20 / LogL: -24680.835 / Time: 0h:1m:43s
Finish initializing candidate tree set (16)
Current best tree score: -24672.879 / CPU time: 69.372
Number of iterations: 20
--------------------------------------------------------------------
|               OPTIMIZING CANDIDATE TREE SET                      |
--------------------------------------------------------------------
Estimate model parameters (epsilon = 0.100)
BETTER TREE FOUND at iteration 24: -24670.892
Estimate model parameters (epsilon = 0.100)
BETTER TREE FOUND at iteration 28: -24670.761
Iteration 30 / LogL: -24671.101 / Time: 0h:2m:7s (0h:7m:9s left)
Iteration 40 / LogL: -24671.040 / Time: 0h:2m:29s (0h:5m:36s left)
UPDATE BEST LOG-LIKELIHOOD: -24670.755
Estimate model parameters (epsilon = 0.100)
BETTER TREE FOUND at iteration 47: -24670.513
Estimate model parameters (epsilon = 0.100)
BETTER TREE FOUND at iteration 50: -24670.180
Iteration 50 / LogL: -24670.180 / Time: 0h:2m:53s (0h:5m:53s left)
Log-likelihood cutoff on original alignment: -24710.706
Iteration 60 / LogL: -24670.821 / Time: 0h:3m:13s (0h:4m:55s left)
Iteration 70 / LogL: -24672.719 / Time: 0h:3m:35s (0h:4m:9s left)
Iteration 80 / LogL: -24670.789 / Time: 0h:3m:59s (0h:3m:32s left)
Iteration 90 / LogL: -24674.727 / Time: 0h:4m:22s (0h:2m:57s left)
Iteration 100 / LogL: -24670.233 / Time: 0h:4m:47s (0h:2m:25s left)
Log-likelihood cutoff on original alignment: -24710.706
NOTE: Bootstrap correlation coefficient of split occurrence frequencies: 0.996
Iteration 110 / LogL: -24670.977 / Time: 0h:5m:9s (0h:4m:15s left)
Iteration 120 / LogL: -24670.492 / Time: 0h:5m:32s (0h:3m:43s left)
Iteration 130 / LogL: -24671.275 / Time: 0h:5m:56s (0h:3m:13s left)
Iteration 140 / LogL: -24674.266 / Time: 0h:6m:20s (0h:2m:44s left)
Iteration 150 / LogL: -24672.635 / Time: 0h:6m:42s (0h:2m:15s left)
Log-likelihood cutoff on original alignment: -24710.706
TREE SEARCH COMPLETED AFTER 151 ITERATIONS / Time: 0h:6m:44s

--------------------------------------------------------------------
|                    FINALIZING TREE SEARCH                        |
--------------------------------------------------------------------
Performs final model parameters optimization
Estimate model parameters (epsilon = 0.010)
1. Initial log-likelihood: -24670.180
Optimal log-likelihood: -24670.179
Gamma shape alpha: 0.786
Parameters optimization took 1 rounds (0.252 sec)
BEST SCORE FOUND : -24670.179
Creating bootstrap support values...
Split supports printed to NEXUS file /Users/bushrakhan/Desktop/NIPGR-data/MADS-box-Evolutionary-gene-detection/Advanced_Phylogenetic_Pipeline/3.Phylogeny_Output/Trees_FullLength/Amborella_trichopoda_ClustalO_ML.splits.nex
Total tree length: 63.307

Total number of iterations: 151
CPU time used for tree search: 1066.341 sec (0h:17m:46s)
Wall-clock time used for tree search: 370.903 sec (0h:6m:10s)
Total CPU time used: 1135.347 sec (0h:18m:55s)
Total wall-clock time used: 404.997 sec (0h:6m:44s)

Computing bootstrap consensus tree...
Reading input file /Users/bushrakhan/Desktop/NIPGR-data/MADS-box-Evolutionary-gene-detection/Advanced_Phylogenetic_Pipeline/3.Phylogeny_Output/Trees_FullLength/Amborella_trichopoda_ClustalO_ML.splits.nex...
61 taxa and 405 splits.
Consensus tree written to /Users/bushrakhan/Desktop/NIPGR-data/MADS-box-Evolutionary-gene-detection/Advanced_Phylogenetic_Pipeline/3.Phylogeny_Output/Trees_FullLength/Amborella_trichopoda_ClustalO_ML.contree
Reading input trees file /Users/bushrakhan/Desktop/NIPGR-data/MADS-box-Evolutionary-gene-detection/Advanced_Phylogenetic_Pipeline/3.Phylogeny_Output/Trees_FullLength/Amborella_trichopoda_ClustalO_ML.contree
Log-likelihood of consensus tree: -24670.463

Analysis results written to: 
  IQ-TREE report:                /Users/bushrakhan/Desktop/NIPGR-data/MADS-box-Evolutionary-gene-detection/Advanced_Phylogenetic_Pipeline/3.Phylogeny_Output/Trees_FullLength/Amborella_trichopoda_ClustalO_ML.iqtree
  Maximum-likelihood tree:       /Users/bushrakhan/Desktop/NIPGR-data/MADS-box-Evolutionary-gene-detection/Advanced_Phylogenetic_Pipeline/3.Phylogeny_Output/Trees_FullLength/Amborella_trichopoda_ClustalO_ML.treefile
  Likelihood distances:          /Users/bushrakhan/Desktop/NIPGR-data/MADS-box-Evolutionary-gene-detection/Advanced_Phylogenetic_Pipeline/3.Phylogeny_Output/Trees_FullLength/Amborella_trichopoda_ClustalO_ML.mldist

Ultrafast bootstrap approximation results written to:
  Split support values:          /Users/bushrakhan/Desktop/NIPGR-data/MADS-box-Evolutionary-gene-detection/Advanced_Phylogenetic_Pipeline/3.Phylogeny_Output/Trees_FullLength/Amborella_trichopoda_ClustalO_ML.splits.nex
  Consensus tree:                /Users/bushrakhan/Desktop/NIPGR-data/MADS-box-Evolutionary-gene-detection/Advanced_Phylogenetic_Pipeline/3.Phylogeny_Output/Trees_FullLength/Amborella_trichopoda_ClustalO_ML.contree
  Screen log file:               /Users/bushrakhan/Desktop/NIPGR-data/MADS-box-Evolutionary-gene-detection/Advanced_Phylogenetic_Pipeline/3.Phylogeny_Output/Trees_FullLength/Amborella_trichopoda_ClustalO_ML.log

Date and Time: Tue Apr 14 02:54:23 2026
