IQ-TREE multicore version 2.3.6 for MacOS ARM 64-bit built Jul 30 2024
Developed by Bui Quang Minh, Nguyen Lam Tung, Olga Chernomor, Heiko Schmidt,
Dominik Schrempf, Michael Woodhams, Ly Trong Nhan, Thomas Wong

Host:    Bushras-MacBook-Air.local (SSE4.2, 16 GB RAM)
Command: /opt/homebrew/bin/iqtree2 -s /Users/bushrakhan/Desktop/NIPGR-data/MADS-box-Evolutionary-gene-detection/Advanced_Phylogenetic_Pipeline/3.Phylogeny_Output/Alignments_FullLength/Cinnamomum_kanehirae_ClustalO_Aligned.fa -m LG+F+G -B 1000 -pre /Users/bushrakhan/Desktop/NIPGR-data/MADS-box-Evolutionary-gene-detection/Advanced_Phylogenetic_Pipeline/3.Phylogeny_Output/Trees_FullLength/Cinnamomum_kanehirae_ClustalO_ML -nt AUTO -redo
Seed:    11405 (Using SPRNG - Scalable Parallel Random Number Generator)
Time:    Tue Apr 14 03:39:17 2026
Kernel:  SSE2 - auto-detect threads (10 CPU cores detected)

Reading alignment file /Users/bushrakhan/Desktop/NIPGR-data/MADS-box-Evolutionary-gene-detection/Advanced_Phylogenetic_Pipeline/3.Phylogeny_Output/Alignments_FullLength/Cinnamomum_kanehirae_ClustalO_Aligned.fa ... Fasta format detected
Reading fasta file: done in 0.00108886 secs using 87.98% CPU
Alignment most likely contains protein sequences
WARNING: 1 sites contain only gaps or ambiguous characters.
Alignment has 76 sequences with 814 columns, 716 distinct patterns
366 parsimony-informative, 254 singleton sites, 194 constant sites
               Gap/Ambiguity  Composition  p-value
Analyzing sequences: done in 9.20296e-05 secs using 213% CPU
   1  CKAN_01596700   74.69%    passed     94.07%
   2  CKAN_01533600   54.67%    passed     67.33%
   3  CKAN_02447300   70.76%    failed      2.43%
   4  CKAN_01942000   82.31%    passed     11.37%
   5  CKAN_01906900   77.40%    passed     81.25%
   6  CKAN_01942500   72.97%    passed     63.26%
   7  CKAN_01894500   58.35%    failed      4.03%
   8  CKAN_01821800   67.69%    passed     89.66%
   9  CKAN_01848800   70.39%    passed     95.74%
  10  CKAN_02317200   56.88%    passed     78.85%
  11  CKAN_02742500   74.94%    passed     41.27%
  12  CKAN_00565900   72.36%    passed     94.15%
  13  CKAN_00566000   69.04%    passed     40.75%
  14  CKAN_00958900   70.52%    passed     98.67%
  15  CKAN_00861800   66.71%    failed      0.55%
  16  CKAN_00958800   73.59%    passed     72.58%
  17  CKAN_01290200   72.97%    passed     94.16%
  18  CKAN_01352300   75.43%    failed      4.10%
  19  CKAN_00283400   70.88%    passed     80.41%
  20  CKAN_00109600   69.29%    passed     89.74%
  21  CKAN_02197200   46.19%    failed      0.00%
  22  CKAN_02109000   74.08%    passed     98.29%
  23  CKAN_02199500   74.32%    passed     98.10%
  24  CKAN_02189300   72.60%    passed     29.60%
  25  CKAN_02189800   73.83%    passed     18.92%
  26  CKAN_02117700   76.29%    passed     56.49%
  27  CKAN_02189500   73.22%    passed     18.37%
  28  CKAN_02562300   72.60%    passed     61.12%
  29  CKAN_01187700   74.69%    passed      8.25%
  30  CKAN_01046400   71.01%    passed     38.76%
  31  CKAN_01065400   73.10%    passed     39.05%
  32  AT1G22130.1     58.85%    passed     33.94%
  33  AT1G24260.2     69.16%    passed     51.50%
  34  AT1G26310.1     68.67%    passed     81.67%
  35  AT1G31140.2     73.59%    passed     79.56%
  36  AT1G59810.1     65.23%    failed      0.05%
  37  AT1G69120.1     68.55%    passed     47.97%
  38  AT1G69540.2     54.91%    passed     26.32%
  39  AT1G71692.1     74.08%    passed     74.67%
  40  AT1G77080.8     72.60%    passed     43.16%
  41  AT1G77950.4     69.04%    passed     63.47%
  42  AT1G77980.1     59.21%    passed     45.62%
  43  AT2G03060.2     52.58%    failed      0.36%
  44  AT2G03710.1     68.30%    passed     81.80%
  45  AT2G14210.2     71.13%    passed     81.97%
  46  AT2G22540.1     70.52%    passed     74.77%
  47  AT2G22630.2     72.11%    passed     90.95%
  48  AT2G42830.2     69.53%    passed     33.88%
  49  AT2G45650.1     69.04%    passed     81.34%
  50  AT2G45660.1     73.71%    passed     61.65%
  51  AT3G02310.1     69.29%    passed     21.61%
  52  AT3G30260.1     69.41%    passed     38.26%
  53  AT3G54340.1     71.50%    passed     44.61%
  54  AT3G57230.1     70.52%    passed     44.31%
  55  AT3G57390.1     68.55%    passed     63.34%
  56  AT3G58780.4     65.48%    passed     31.24%
  57  AT3G61120.1     70.02%    passed     31.47%
  58  AT4G09960.4     59.58%    passed     17.51%
  59  AT4G11880.1     72.85%    passed     74.97%
  60  AT4G18960.1     69.04%    passed     25.67%
  61  AT4G22950.1     73.10%    passed     74.47%
  62  AT4G24540.1     72.97%    failed      4.67%
  63  AT4G37940.1     71.99%    passed     94.07%
  64  AT5G10140.1     75.92%    passed      6.08%
  65  AT5G13790.2     66.71%    passed     55.58%
  66  AT5G15800.2     67.81%    passed     14.92%
  67  AT5G20240.1     74.45%    passed     14.23%
  68  AT5G23260.4     67.08%    passed      6.67%
  69  AT5G51860.1     74.08%    passed     18.39%
  70  AT5G51870.3     71.87%    passed     82.19%
  71  AT5G60910.1     70.27%    passed     89.71%
  72  AT5G62165.2     74.20%    passed     75.59%
  73  AT5G65050.3     75.92%    passed     42.83%
  74  AT5G65060.1     75.92%    passed     17.46%
  75  AT5G65070.1     75.43%    passed     14.32%
  76  AT5G65080.2     74.94%    passed     34.82%
WARNING: 75 sequences contain more than 50% gaps/ambiguity
****  TOTAL           69.91%  8 sequences failed composition chi2 test (p-value<5%; df=19)

Create initial parsimony tree by phylogenetic likelihood library (PLL)... 0.018 seconds
Generating 1000 samples for ultrafast bootstrap (seed: 11405)...

NOTE: 37 MB RAM (0 GB) is required!
Measuring multi-threading efficiency up to 10 CPU cores
Increase to 10 rounds for branch lengths
4 trees examined
Threads: 1 / Time: 11.728 sec / Speedup: 1.000 / Efficiency: 100% / LogL: -37856
Threads: 2 / Time: 7.460 sec / Speedup: 1.572 / Efficiency: 79% / LogL: -37856
Threads: 3 / Time: 5.419 sec / Speedup: 2.164 / Efficiency: 72% / LogL: -37856
Threads: 4 / Time: 5.131 sec / Speedup: 2.286 / Efficiency: 57% / LogL: -37856
Threads: 5 / Time: 5.068 sec / Speedup: 2.314 / Efficiency: 46% / LogL: -37856
BEST NUMBER OF THREADS: 4

Estimate model parameters (epsilon = 0.100)
1. Initial log-likelihood: -33038.140
2. Current log-likelihood: -30319.548
3. Current log-likelihood: -30274.294
4. Current log-likelihood: -30269.942
5. Current log-likelihood: -30269.539
Optimal log-likelihood: -30269.451
Gamma shape alpha: 0.948
Parameters optimization took 5 rounds (3.927 sec)
Wrote distance file to... 
Computing ML distances based on estimated model parameters...
Calculating distance matrix: done in 0.510315 secs using 391.5% CPU
Computing ML distances took 0.510598 sec (of wall-clock time) 1.998200 sec (of CPU time)
WARNING: Some pairwise ML distances are too long (saturated)
Setting up auxiliary I and S matrices: done in 0.000175953 secs using 221.1% CPU
Computing RapidNJ tree took 0.008372 sec (of wall-clock time) 0.004639 sec (of CPU time)
Log-likelihood of RapidNJ tree: -30302.922
--------------------------------------------------------------------
|             INITIALIZING CANDIDATE TREE SET                      |
--------------------------------------------------------------------
Generating 98 parsimony trees... 2.301 second
Computing log-likelihood of 98 initial trees ... 14.978 seconds
Current best score: -30269.451

Do NNI search on 20 best initial trees
Estimate model parameters (epsilon = 0.100)
BETTER TREE FOUND at iteration 1: -30200.679
Estimate model parameters (epsilon = 0.100)
BETTER TREE FOUND at iteration 3: -30193.486
Iteration 10 / LogL: -30206.068 / Time: 0h:1m:37s
Iteration 20 / LogL: -30196.801 / Time: 0h:2m:20s
Finish initializing candidate tree set (20)
Current best tree score: -30193.486 / CPU time: 100.179
Number of iterations: 20
--------------------------------------------------------------------
|               OPTIMIZING CANDIDATE TREE SET                      |
--------------------------------------------------------------------
Estimate model parameters (epsilon = 0.100)
BETTER TREE FOUND at iteration 22: -30192.966
Estimate model parameters (epsilon = 0.100)
BETTER TREE FOUND at iteration 24: -30192.738
Estimate model parameters (epsilon = 0.100)
BETTER TREE FOUND at iteration 27: -30190.580
Estimate model parameters (epsilon = 0.100)
BETTER TREE FOUND at iteration 29: -30189.981
Iteration 30 / LogL: -30193.117 / Time: 0h:2m:59s (0h:10m:13s left)
Estimate model parameters (epsilon = 0.100)
BETTER TREE FOUND at iteration 32: -30189.114
Iteration 40 / LogL: -30191.301 / Time: 0h:3m:36s (0h:8m:31s left)
Estimate model parameters (epsilon = 0.100)
BETTER TREE FOUND at iteration 41: -30188.930
Iteration 50 / LogL: -30189.221 / Time: 0h:4m:14s (0h:7m:52s left)
Log-likelihood cutoff on original alignment: -30241.885
Iteration 60 / LogL: -30189.435 / Time: 0h:4m:52s (0h:6m:41s left)
Iteration 70 / LogL: -30197.082 / Time: 0h:5m:26s (0h:5m:36s left)
Iteration 80 / LogL: -30189.957 / Time: 0h:6m:0s (0h:4m:38s left)
Iteration 90 / LogL: -30189.469 / Time: 0h:6m:40s (0h:3m:49s left)
Iteration 100 / LogL: -30194.666 / Time: 0h:7m:17s (0h:3m:1s left)
Log-likelihood cutoff on original alignment: -30241.885
NOTE: Bootstrap correlation coefficient of split occurrence frequencies: 0.999
Iteration 110 / LogL: -30189.453 / Time: 0h:7m:53s (0h:6m:31s left)
Iteration 120 / LogL: -30192.003 / Time: 0h:8m:31s (0h:5m:43s left)
Iteration 130 / LogL: -30189.200 / Time: 0h:9m:8s (0h:4m:57s left)
Iteration 140 / LogL: -30195.294 / Time: 0h:9m:46s (0h:4m:12s left)
TREE SEARCH COMPLETED AFTER 142 ITERATIONS / Time: 0h:9m:51s

--------------------------------------------------------------------
|                    FINALIZING TREE SEARCH                        |
--------------------------------------------------------------------
Performs final model parameters optimization
Estimate model parameters (epsilon = 0.010)
1. Initial log-likelihood: -30188.930
Optimal log-likelihood: -30188.927
Gamma shape alpha: 0.941
Parameters optimization took 1 rounds (0.431 sec)
BEST SCORE FOUND : -30188.927
Creating bootstrap support values...
Split supports printed to NEXUS file /Users/bushrakhan/Desktop/NIPGR-data/MADS-box-Evolutionary-gene-detection/Advanced_Phylogenetic_Pipeline/3.Phylogeny_Output/Trees_FullLength/Cinnamomum_kanehirae_ClustalO_ML.splits.nex
Total tree length: 64.369

Total number of iterations: 142
CPU time used for tree search: 1597.143 sec (0h:26m:37s)
Wall-clock time used for tree search: 551.176 sec (0h:9m:11s)
Total CPU time used: 1684.338 sec (0h:28m:4s)
Total wall-clock time used: 592.486 sec (0h:9m:52s)

Computing bootstrap consensus tree...
Reading input file /Users/bushrakhan/Desktop/NIPGR-data/MADS-box-Evolutionary-gene-detection/Advanced_Phylogenetic_Pipeline/3.Phylogeny_Output/Trees_FullLength/Cinnamomum_kanehirae_ClustalO_ML.splits.nex...
76 taxa and 463 splits.
Consensus tree written to /Users/bushrakhan/Desktop/NIPGR-data/MADS-box-Evolutionary-gene-detection/Advanced_Phylogenetic_Pipeline/3.Phylogeny_Output/Trees_FullLength/Cinnamomum_kanehirae_ClustalO_ML.contree
Reading input trees file /Users/bushrakhan/Desktop/NIPGR-data/MADS-box-Evolutionary-gene-detection/Advanced_Phylogenetic_Pipeline/3.Phylogeny_Output/Trees_FullLength/Cinnamomum_kanehirae_ClustalO_ML.contree
Log-likelihood of consensus tree: -30189.455

Analysis results written to: 
  IQ-TREE report:                /Users/bushrakhan/Desktop/NIPGR-data/MADS-box-Evolutionary-gene-detection/Advanced_Phylogenetic_Pipeline/3.Phylogeny_Output/Trees_FullLength/Cinnamomum_kanehirae_ClustalO_ML.iqtree
  Maximum-likelihood tree:       /Users/bushrakhan/Desktop/NIPGR-data/MADS-box-Evolutionary-gene-detection/Advanced_Phylogenetic_Pipeline/3.Phylogeny_Output/Trees_FullLength/Cinnamomum_kanehirae_ClustalO_ML.treefile
  Likelihood distances:          /Users/bushrakhan/Desktop/NIPGR-data/MADS-box-Evolutionary-gene-detection/Advanced_Phylogenetic_Pipeline/3.Phylogeny_Output/Trees_FullLength/Cinnamomum_kanehirae_ClustalO_ML.mldist

Ultrafast bootstrap approximation results written to:
  Split support values:          /Users/bushrakhan/Desktop/NIPGR-data/MADS-box-Evolutionary-gene-detection/Advanced_Phylogenetic_Pipeline/3.Phylogeny_Output/Trees_FullLength/Cinnamomum_kanehirae_ClustalO_ML.splits.nex
  Consensus tree:                /Users/bushrakhan/Desktop/NIPGR-data/MADS-box-Evolutionary-gene-detection/Advanced_Phylogenetic_Pipeline/3.Phylogeny_Output/Trees_FullLength/Cinnamomum_kanehirae_ClustalO_ML.contree
  Screen log file:               /Users/bushrakhan/Desktop/NIPGR-data/MADS-box-Evolutionary-gene-detection/Advanced_Phylogenetic_Pipeline/3.Phylogeny_Output/Trees_FullLength/Cinnamomum_kanehirae_ClustalO_ML.log

Date and Time: Tue Apr 14 03:49:11 2026
