IQ-TREE multicore version 2.3.6 for MacOS ARM 64-bit built Jul 30 2024
Developed by Bui Quang Minh, Nguyen Lam Tung, Olga Chernomor, Heiko Schmidt,
Dominik Schrempf, Michael Woodhams, Ly Trong Nhan, Thomas Wong

Host:    Bushras-MacBook-Air.local (SSE4.2, 16 GB RAM)
Command: /opt/homebrew/bin/iqtree2 -s Advanced_Phylogenetic_Pipeline/3.Phylogeny_Output/Alignments_FullLength/Medicago_truncatula_MAFFT_Aligned.fa -m LG -B 1000 -pre Advanced_Phylogenetic_Pipeline/3.Phylogeny_Output/Trees_FullLength/Medicago_truncatula_ML -nt AUTO -redo
Seed:    532908 (Using SPRNG - Scalable Parallel Random Number Generator)
Time:    Mon Apr 13 19:45:53 2026
Kernel:  SSE2 - auto-detect threads (10 CPU cores detected)

Reading alignment file Advanced_Phylogenetic_Pipeline/3.Phylogeny_Output/Alignments_FullLength/Medicago_truncatula_MAFFT_Aligned.fa ... Fasta format detected
Reading fasta file: done in 0.00152993 secs using 82.81% CPU
Alignment most likely contains protein sequences
Alignment has 84 sequences with 735 columns, 645 distinct patterns
380 parsimony-informative, 152 singleton sites, 203 constant sites
                  Gap/Ambiguity  Composition  p-value
Analyzing sequences: done in 0.00010705 secs using 233.5% CPU
   1  Medtr3g084980.1    66.80%    passed     81.99%
   2  Medtr3g088615.1    75.37%    passed     44.61%
   3  Medtr3g005530.1    69.66%    passed     83.65%
   4  Medtr3g452380.3    66.80%    passed     85.02%
   5  Medtr3g113030.1    68.84%    passed     83.31%
   6  Medtr3g102570.1    56.73%    passed     35.51%
   7  Medtr2g009890.1    62.18%    passed     98.81%
   8  Medtr2g017865.1    64.63%    passed     35.67%
   9  Medtr8g066260.1    67.35%    passed     91.09%
  10  Medtr8g033220.1    68.71%    passed     29.89%
  11  Medtr8g033270.1    65.85%    passed     80.35%
  12  Medtr8g097090.1    67.07%    passed     18.95%
  13  Medtr8g033250.1    69.52%    passed     41.99%
  14  Medtr8g087860.1    66.80%    passed     46.43%
  15  Medtr7g075850.1    65.99%    passed     91.81%
  16  Medtr7g075870.1    71.02%    passed     79.80%
  17  Medtr7g016630.1    65.17%    passed     65.08%
  18  Medtr7g016600.1    66.12%    passed     76.49%
  19  Medtr5g041650.1    45.31%    failed      1.63%
  20  Medtr5g061740.1    54.97%    failed      0.00%
  21  Medtr5g021270.2    68.44%    passed     14.03%
  22  Medtr5g031000.1    67.48%    passed     80.65%
  23  Medtr5g032520.1    69.12%    passed     71.67%
  24  Medtr5g032150.1    68.98%    passed     58.35%
  25  Medtr5g066180.1    69.39%    passed     58.54%
  26  Medtr5g046790.1    71.29%    passed     96.59%
  27  Medtr1g101970.1    74.29%    passed     92.79%
  28  Medtr1g038300.1    68.44%    passed     51.74%
  29  Medtr1g053070.1    66.12%    passed     96.09%
  30  Medtr1g029670.1    75.51%    passed     18.29%
  31  Medtr6g464720.1    65.99%    passed     85.12%
  32  Medtr6g015975.1    65.99%    passed     94.53%
  33  Medtr0003s0590.1   65.17%    passed     91.08%
  34  Medtr4g102530.1    72.11%    passed     12.67%
  35  Medtr4g093970.1    67.48%    passed     26.93%
  36  Medtr4g084740.1    54.56%    failed      0.15%
  37  Medtr4g036050.1    72.52%    passed     18.07%
  38  Medtr4g109830.1    68.44%    passed     97.90%
  39  Medtr4g109810.1    67.07%    passed     81.27%
  40  AT1G22130.1        54.42%    passed     33.17%
  41  AT1G24260.2        65.85%    passed     54.74%
  42  AT1G26310.1        65.31%    passed     87.40%
  43  AT1G31140.2        70.75%    passed     71.35%
  44  AT1G59810.1        61.50%    failed      0.04%
  45  AT1G69120.1        65.17%    passed     46.67%
  46  AT1G69540.2        50.07%    passed     18.88%
  47  AT1G71692.1        71.29%    passed     69.10%
  48  AT1G77080.8        69.66%    passed     52.46%
  49  AT1G77950.4        65.71%    passed     63.35%
  50  AT1G77980.1        54.83%    passed     50.74%
  51  AT2G03060.2        47.48%    failed      0.26%
  52  AT2G03710.1        64.90%    passed     86.47%
  53  AT2G14210.2        68.03%    passed     90.58%
  54  AT2G22540.1        67.35%    passed     79.73%
  55  AT2G22630.2        69.12%    passed     95.81%
  56  AT2G42830.2        66.26%    passed     49.58%
  57  AT2G45650.1        65.71%    passed     76.66%
  58  AT2G45660.1        70.88%    passed     63.02%
  59  AT3G02310.1        65.99%    passed     22.96%
  60  AT3G30260.1        66.12%    passed     24.23%
  61  AT3G54340.1        68.44%    passed     50.21%
  62  AT3G57230.1        67.35%    passed     60.39%
  63  AT3G57390.1        65.17%    passed     74.36%
  64  AT3G58780.4        61.77%    passed     42.18%
  65  AT3G61120.1        66.80%    passed     33.77%
  66  AT4G09960.4        55.24%    passed     11.92%
  67  AT4G11880.1        69.93%    passed     77.46%
  68  AT4G18960.1        65.71%    passed     37.83%
  69  AT4G22950.1        70.20%    passed     78.58%
  70  AT4G24540.1        70.07%    passed      5.36%
  71  AT4G37940.1        68.98%    passed     97.70%
  72  AT5G10140.1        73.33%    passed      8.56%
  73  AT5G13790.2        63.13%    passed     61.06%
  74  AT5G15800.2        64.35%    passed     16.11%
  75  AT5G20240.1        71.70%    passed     15.07%
  76  AT5G23260.4        63.54%    passed      6.97%
  77  AT5G51860.1        71.29%    passed     16.96%
  78  AT5G51870.3        68.84%    passed     81.36%
  79  AT5G60910.1        67.07%    passed     92.86%
  80  AT5G62165.2        71.43%    passed     84.64%
  81  AT5G65050.3        73.33%    passed     49.75%
  82  AT5G65060.1        73.33%    passed     22.63%
  83  AT5G65070.1        72.79%    passed     15.62%
  84  AT5G65080.2        72.24%    passed     37.28%
WARNING: 82 sequences contain more than 50% gaps/ambiguity
****  TOTAL              66.50%  5 sequences failed composition chi2 test (p-value<5%; df=19)

Create initial parsimony tree by phylogenetic likelihood library (PLL)... 0.037 seconds
Generating 1000 samples for ultrafast bootstrap (seed: 532908)...

NOTE: 11 MB RAM (0 GB) is required!
Measuring multi-threading efficiency up to 10 CPU cores
Increase to 10 rounds for branch lengths
12 trees examined
Threads: 1 / Time: 10.070 sec / Speedup: 1.000 / Efficiency: 100% / LogL: -44415
Threads: 2 / Time: 8.657 sec / Speedup: 1.163 / Efficiency: 58% / LogL: -44415
Threads: 3 / Time: 6.067 sec / Speedup: 1.660 / Efficiency: 55% / LogL: -44415
Threads: 4 / Time: 5.653 sec / Speedup: 1.781 / Efficiency: 45% / LogL: -44415
BEST NUMBER OF THREADS: 3

Estimate model parameters (epsilon = 0.100)
1. Initial log-likelihood: -36684.893
Optimal log-likelihood: -32908.406
Parameters optimization took 1 rounds (0.296 sec)
Wrote distance file to... 
Computing ML distances based on estimated model parameters...
Calculating distance matrix: done in 0.197438 secs using 276% CPU
Computing ML distances took 0.197814 sec (of wall-clock time) 0.545332 sec (of CPU time)
Setting up auxiliary I and S matrices: done in 0.000207186 secs using 195% CPU
Computing RapidNJ tree took 0.008233 sec (of wall-clock time) 0.005233 sec (of CPU time)
Log-likelihood of RapidNJ tree: -32879.724
--------------------------------------------------------------------
|             INITIALIZING CANDIDATE TREE SET                      |
--------------------------------------------------------------------
Generating 98 parsimony trees... 4.011 second
Computing log-likelihood of 98 initial trees ... 9.079 seconds
Current best score: -32879.724

Do NNI search on 20 best initial trees
Estimate model parameters (epsilon = 0.100)
BETTER TREE FOUND at iteration 1: -32848.443
Estimate model parameters (epsilon = 0.100)
BETTER TREE FOUND at iteration 3: -32838.663
Estimate model parameters (epsilon = 0.100)
BETTER TREE FOUND at iteration 6: -32838.073
Estimate model parameters (epsilon = 0.100)
BETTER TREE FOUND at iteration 9: -32836.239
Iteration 10 / LogL: -32839.770 / Time: 0h:0m:56s
Iteration 20 / LogL: -32836.837 / Time: 0h:1m:11s
Finish initializing candidate tree set (19)
Current best tree score: -32836.239 / CPU time: 39.721
Number of iterations: 20
--------------------------------------------------------------------
|               OPTIMIZING CANDIDATE TREE SET                      |
--------------------------------------------------------------------
Estimate model parameters (epsilon = 0.100)
BETTER TREE FOUND at iteration 23: -32836.070
Iteration 30 / LogL: -32836.253 / Time: 0h:1m:27s (0h:4m:38s left)
Estimate model parameters (epsilon = 0.100)
BETTER TREE FOUND at iteration 36: -32835.805
Iteration 40 / LogL: -32837.176 / Time: 0h:1m:41s (0h:4m:9s left)
Iteration 50 / LogL: -32836.342 / Time: 0h:1m:57s (0h:3m:26s left)
Log-likelihood cutoff on original alignment: -32877.754
Iteration 60 / LogL: -32837.636 / Time: 0h:2m:13s (0h:2m:52s left)
Iteration 70 / LogL: -32835.850 / Time: 0h:2m:27s (0h:2m:21s left)
Iteration 80 / LogL: -32836.640 / Time: 0h:2m:45s (0h:1m:57s left)
Iteration 90 / LogL: -32836.526 / Time: 0h:3m:0s (0h:1m:33s left)
Iteration 100 / LogL: -32835.952 / Time: 0h:3m:14s (0h:1m:10s left)
Log-likelihood cutoff on original alignment: -32874.846
NOTE: Bootstrap correlation coefficient of split occurrence frequencies: 0.999
Iteration 110 / LogL: -32836.397 / Time: 0h:3m:30s (0h:2m:53s left)
Iteration 120 / LogL: -32835.898 / Time: 0h:3m:43s (0h:2m:30s left)
Iteration 130 / LogL: -32835.971 / Time: 0h:3m:59s (0h:2m:9s left)
TREE SEARCH COMPLETED AFTER 137 ITERATIONS / Time: 0h:4m:11s

--------------------------------------------------------------------
|                    FINALIZING TREE SEARCH                        |
--------------------------------------------------------------------
Performs final model parameters optimization
Estimate model parameters (epsilon = 0.010)
1. Initial log-likelihood: -32835.805
Optimal log-likelihood: -32835.805
Parameters optimization took 1 rounds (0.169 sec)
BEST SCORE FOUND : -32835.805
Creating bootstrap support values...
Split supports printed to NEXUS file Advanced_Phylogenetic_Pipeline/3.Phylogeny_Output/Trees_FullLength/Medicago_truncatula_ML.splits.nex
Total tree length: 35.459

Total number of iterations: 137
CPU time used for tree search: 395.839 sec (0h:6m:35s)
Wall-clock time used for tree search: 220.212 sec (0h:3m:40s)
Total CPU time used: 444.800 sec (0h:7m:24s)
Total wall-clock time used: 252.062 sec (0h:4m:12s)

Computing bootstrap consensus tree...
Reading input file Advanced_Phylogenetic_Pipeline/3.Phylogeny_Output/Trees_FullLength/Medicago_truncatula_ML.splits.nex...
84 taxa and 368 splits.
Consensus tree written to Advanced_Phylogenetic_Pipeline/3.Phylogeny_Output/Trees_FullLength/Medicago_truncatula_ML.contree
Reading input trees file Advanced_Phylogenetic_Pipeline/3.Phylogeny_Output/Trees_FullLength/Medicago_truncatula_ML.contree
Log-likelihood of consensus tree: -32838.980

Analysis results written to: 
  IQ-TREE report:                Advanced_Phylogenetic_Pipeline/3.Phylogeny_Output/Trees_FullLength/Medicago_truncatula_ML.iqtree
  Maximum-likelihood tree:       Advanced_Phylogenetic_Pipeline/3.Phylogeny_Output/Trees_FullLength/Medicago_truncatula_ML.treefile
  Likelihood distances:          Advanced_Phylogenetic_Pipeline/3.Phylogeny_Output/Trees_FullLength/Medicago_truncatula_ML.mldist

Ultrafast bootstrap approximation results written to:
  Split support values:          Advanced_Phylogenetic_Pipeline/3.Phylogeny_Output/Trees_FullLength/Medicago_truncatula_ML.splits.nex
  Consensus tree:                Advanced_Phylogenetic_Pipeline/3.Phylogeny_Output/Trees_FullLength/Medicago_truncatula_ML.contree
  Screen log file:               Advanced_Phylogenetic_Pipeline/3.Phylogeny_Output/Trees_FullLength/Medicago_truncatula_ML.log

Date and Time: Mon Apr 13 19:50:06 2026
