IQ-TREE multicore version 2.3.6 for MacOS ARM 64-bit built Jul 30 2024
Developed by Bui Quang Minh, Nguyen Lam Tung, Olga Chernomor, Heiko Schmidt,
Dominik Schrempf, Michael Woodhams, Ly Trong Nhan, Thomas Wong

Host:    Bushras-MacBook-Air.local (SSE4.2, 16 GB RAM)
Command: /opt/homebrew/bin/iqtree2 -s /Users/bushrakhan/Desktop/NIPGR-data/MADS-box-Evolutionary-gene-detection/Advanced_Phylogenetic_Pipeline/3.Phylogeny_Output/Alignments_FullLength/Oryza_sativa_MUSCLE_Aligned.fa -m LG+F+G -B 1000 -pre /Users/bushrakhan/Desktop/NIPGR-data/MADS-box-Evolutionary-gene-detection/Advanced_Phylogenetic_Pipeline/3.Phylogeny_Output/Trees_FullLength/Oryza_sativa_MUSCLE_ML -nt AUTO -redo
Seed:    277983 (Using SPRNG - Scalable Parallel Random Number Generator)
Time:    Tue Apr 14 07:51:15 2026
Kernel:  SSE2 - auto-detect threads (10 CPU cores detected)

Reading alignment file /Users/bushrakhan/Desktop/NIPGR-data/MADS-box-Evolutionary-gene-detection/Advanced_Phylogenetic_Pipeline/3.Phylogeny_Output/Alignments_FullLength/Oryza_sativa_MUSCLE_Aligned.fa ... Fasta format detected
Reading fasta file: done in 0.00168896 secs using 91.18% CPU
Alignment most likely contains protein sequences
WARNING: 1 sites contain only gaps or ambiguous characters.
Alignment has 84 sequences with 1280 columns, 838 distinct patterns
275 parsimony-informative, 267 singleton sites, 738 constant sites
                  Gap/Ambiguity  Composition  p-value
Analyzing sequences: done in 0.000119925 secs using 203.5% CPU
   1  AT1G69540.2        71.33%    passed     42.79%
   2  AT2G03060.2        69.84%    failed      0.27%
   3  AT1G59810.1        77.89%    failed      0.31%
   4  LOC_Os11g43740.1   69.38%    failed      0.03%
   5  LOC_Os08g41960.1   85.70%    passed     38.27%
   6  AT1G77980.1        74.06%    passed     47.50%
   7  AT1G22130.1        73.83%    passed     34.61%
   8  AT1G77950.4        80.31%    passed     34.04%
   9  LOC_Os04g31804.1   80.55%    failed      0.59%
  10  LOC_Os01g52680.1   84.69%    passed     64.19%
  11  LOC_Os06g45650.1   82.73%    passed     18.24%
  12  LOC_Os12g31748.2   80.70%    passed     91.28%
  13  AT1G31140.2        83.20%    passed     80.66%
  14  AT3G57390.1        80.00%    passed     27.21%
  15  AT5G65080.2        84.06%    passed     10.58%
  16  AT5G65070.1        84.38%    failed      2.16%
  17  AT1G77080.8        82.58%    passed     16.06%
  18  AT5G10140.1        84.69%    failed      2.77%
  19  AT5G65050.3        84.69%    passed     13.50%
  20  AT5G65060.1        84.69%    failed      4.58%
  21  LOC_Os06g01890.1   83.36%    passed     62.14%
  22  LOC_Os02g01355.1   78.83%    failed      4.91%
  23  LOC_Os02g01365.1   62.27%    failed      0.07%
  24  LOC_Os06g49840.1   82.50%    passed     19.42%
  25  AT5G20240.1        83.75%    passed     12.68%
  26  LOC_Os01g66030.1   83.67%    passed     75.63%
  27  LOC_Os05g34940.1   83.20%    passed     91.64%
  28  LOC_Os08g02070.1   82.66%    passed     34.67%
  29  AT1G26310.1        80.08%    passed     56.48%
  30  AT1G69120.1        80.00%    passed     43.87%
  31  AT1G24260.2        80.39%    passed     34.92%
  32  LOC_Os08g41950.1   75.78%    passed     52.41%
  33  LOC_Os09g32948.1   80.62%    passed     73.58%
  34  AT3G54340.1        81.88%    passed     40.65%
  35  LOC_Os04g52410.2   81.25%    passed     22.07%
  36  LOC_Os12g10540.3   78.91%    failed      0.03%
  37  AT2G03710.1        79.84%    passed     83.64%
  38  AT5G23260.4        79.06%    failed      4.10%
  39  LOC_Os02g07430.1   79.69%    passed     55.18%
  40  AT5G13790.2        78.83%    passed     23.33%
  41  AT2G42830.2        80.62%    passed     16.57%
  42  AT3G58780.4        78.05%    passed     23.46%
  43  LOC_Os01g66290.1   79.30%    failed      1.89%
  44  LOC_Os03g11614.1   79.92%    passed     15.96%
  45  AT5G51860.1        83.52%    passed      7.82%
  46  AT5G51870.3        82.11%    passed     55.15%
  47  AT1G71692.1        83.52%    passed     57.01%
  48  AT3G02310.1        80.47%    passed     21.92%
  49  AT5G15800.2        79.53%    passed     19.09%
  50  LOC_Os10g39130.1   81.80%    passed      9.30%
  51  AT4G11880.1        82.73%    passed     33.77%
  52  AT4G22950.1        82.89%    passed     31.15%
  53  LOC_Os03g54170.1   81.33%    passed     17.54%
  54  LOC_Os06g06750.1   82.42%    passed     78.12%
  55  LOC_Os05g11380.1   88.44%    passed     49.26%
  56  LOC_Os05g11414.1   77.50%    passed     42.85%
  57  AT3G61120.1        80.94%    passed     14.91%
  58  AT5G62165.2        83.59%    passed     32.68%
  59  AT5G60910.1        81.09%    passed     67.59%
  60  AT4G24540.1        82.81%    failed      0.63%
  61  LOC_Os01g10504.1   77.58%    passed      6.16%
  62  LOC_Os03g08754.1   80.47%    failed      1.95%
  63  LOC_Os04g49150.1   80.16%    passed     81.30%
  64  AT3G30260.1        80.55%    passed     24.94%
  65  AT2G45650.1        80.31%    passed     78.36%
  66  AT4G09960.4        74.30%    passed     14.58%
  67  LOC_Os03g54160.1   80.23%    passed     78.44%
  68  AT2G45660.1        83.28%    passed     27.68%
  69  LOC_Os07g01820.1   76.88%    passed     25.83%
  70  AT2G22540.1        81.25%    passed     45.88%
  71  LOC_Os02g49840.1   81.17%    passed     51.15%
  72  AT4G18960.1        80.31%    passed     14.14%
  73  LOC_Os12g10520.1   84.22%    passed     19.25%
  74  LOC_Os07g41370.1   80.55%    passed     29.84%
  75  LOC_Os04g23910.1   82.27%    passed     76.19%
  76  LOC_Os06g11330.1   84.45%    passed     46.22%
  77  AT2G14210.2        81.64%    passed     46.27%
  78  LOC_Os02g52340.1   82.19%    passed     31.34%
  79  LOC_Os02g45770.1   80.47%    passed     64.18%
  80  LOC_Os02g36924.1   81.25%    passed     94.18%
  81  AT3G57230.1        81.25%    passed     30.15%
  82  LOC_Os08g33488.1   87.58%    passed     83.77%
  83  AT2G22630.2        82.27%    passed     65.34%
  84  AT4G37940.1        82.19%    passed     81.72%
WARNING: 84 sequences contain more than 50% gaps/ambiguity
****  TOTAL              80.66%  14 sequences failed composition chi2 test (p-value<5%; df=19)

Create initial parsimony tree by phylogenetic likelihood library (PLL)... 0.021 seconds
Generating 1000 samples for ultrafast bootstrap (seed: 277983)...

NOTE: 47 MB RAM (0 GB) is required!
Measuring multi-threading efficiency up to 10 CPU cores
Increase to 10 rounds for branch lengths
3 trees examined
Threads: 1 / Time: 10.925 sec / Speedup: 1.000 / Efficiency: 100% / LogL: -43048
Threads: 2 / Time: 6.972 sec / Speedup: 1.567 / Efficiency: 78% / LogL: -43048
Threads: 3 / Time: 4.746 sec / Speedup: 2.302 / Efficiency: 77% / LogL: -43048
Threads: 4 / Time: 4.349 sec / Speedup: 2.512 / Efficiency: 63% / LogL: -43048
Threads: 5 / Time: 4.306 sec / Speedup: 2.537 / Efficiency: 51% / LogL: -43048
Threads: 6 / Time: 4.399 sec / Speedup: 2.484 / Efficiency: 41% / LogL: -43048
BEST NUMBER OF THREADS: 4

Estimate model parameters (epsilon = 0.100)
1. Initial log-likelihood: -41222.114
2. Current log-likelihood: -35642.999
3. Current log-likelihood: -35540.565
4. Current log-likelihood: -35538.596
5. Current log-likelihood: -35538.446
Optimal log-likelihood: -35538.428
Gamma shape alpha: 0.736
Parameters optimization took 5 rounds (4.516 sec)
Wrote distance file to... 
Computing ML distances based on estimated model parameters...
Calculating distance matrix: done in 0.654133 secs using 390.5% CPU
Computing ML distances took 0.654428 sec (of wall-clock time) 2.554983 sec (of CPU time)
WARNING: Some pairwise ML distances are too long (saturated)
Setting up auxiliary I and S matrices: done in 0.000181913 secs using 209.4% CPU
Computing RapidNJ tree took 0.006892 sec (of wall-clock time) 0.004939 sec (of CPU time)
Log-likelihood of RapidNJ tree: -35587.474
--------------------------------------------------------------------
|             INITIALIZING CANDIDATE TREE SET                      |
--------------------------------------------------------------------
Generating 98 parsimony trees... 2.184 second
Computing log-likelihood of 98 initial trees ... 18.223 seconds
Current best score: -35538.428

Do NNI search on 20 best initial trees
Estimate model parameters (epsilon = 0.100)
BETTER TREE FOUND at iteration 1: -35492.332
Estimate model parameters (epsilon = 0.100)
BETTER TREE FOUND at iteration 3: -35492.184
Estimate model parameters (epsilon = 0.100)
BETTER TREE FOUND at iteration 4: -35488.125
Iteration 10 / LogL: -35499.220 / Time: 0h:1m:56s
Iteration 20 / LogL: -35494.996 / Time: 0h:2m:50s
Finish initializing candidate tree set (20)
Current best tree score: -35488.125 / CPU time: 127.657
Number of iterations: 20
--------------------------------------------------------------------
|               OPTIMIZING CANDIDATE TREE SET                      |
--------------------------------------------------------------------
Estimate model parameters (epsilon = 0.100)
BETTER TREE FOUND at iteration 25: -35487.446
Iteration 30 / LogL: -35491.968 / Time: 0h:3m:39s (0h:11m:59s left)
Estimate model parameters (epsilon = 0.100)
BETTER TREE FOUND at iteration 37: -35486.880
Estimate model parameters (epsilon = 0.100)
BETTER TREE FOUND at iteration 39: -35486.051
Iteration 40 / LogL: -35487.655 / Time: 0h:4m:27s (0h:11m:19s left)
Iteration 50 / LogL: -35487.146 / Time: 0h:5m:17s (0h:9m:37s left)
Log-likelihood cutoff on original alignment: -35524.397
Iteration 60 / LogL: -35489.675 / Time: 0h:6m:7s (0h:8m:12s left)
Estimate model parameters (epsilon = 0.100)
BETTER TREE FOUND at iteration 62: -35485.785
Iteration 70 / LogL: -35486.872 / Time: 0h:6m:56s (0h:9m:15s left)
Estimate model parameters (epsilon = 0.100)
BETTER TREE FOUND at iteration 75: -35485.245
Iteration 80 / LogL: -35487.860 / Time: 0h:7m:46s (0h:9m:21s left)
Estimate model parameters (epsilon = 0.100)
BETTER TREE FOUND at iteration 84: -35485.228
Iteration 90 / LogL: -35486.006 / Time: 0h:8m:36s (0h:9m:5s left)
Iteration 100 / LogL: -35515.136 / Time: 0h:9m:25s (0h:7m:59s left)
Log-likelihood cutoff on original alignment: -35524.397
NOTE: Bootstrap correlation coefficient of split occurrence frequencies: 0.983
NOTE: UFBoot does not converge, continue at least 100 more iterations
Iteration 110 / LogL: -35493.515 / Time: 0h:10m:14s (0h:8m:27s left)
Iteration 120 / LogL: -35485.923 / Time: 0h:11m:2s (0h:7m:25s left)
Iteration 130 / LogL: -35487.388 / Time: 0h:11m:56s (0h:6m:28s left)
Iteration 140 / LogL: -35485.785 / Time: 0h:12m:45s (0h:5m:30s left)
Iteration 150 / LogL: -35485.913 / Time: 0h:13m:36s (0h:4m:33s left)
Log-likelihood cutoff on original alignment: -35518.736
Iteration 160 / LogL: -35489.898 / Time: 0h:14m:28s (0h:3m:38s left)
Iteration 170 / LogL: -35485.245 / Time: 0h:15m:18s (0h:2m:43s left)
UPDATE BEST LOG-LIKELIHOOD: -35485.228
Iteration 180 / LogL: -35485.247 / Time: 0h:16m:9s (0h:1m:48s left)
Iteration 190 / LogL: -35485.231 / Time: 0h:16m:58s (0h:0m:53s left)
Iteration 200 / LogL: -35485.843 / Time: 0h:17m:51s (0h:0m:0s left)
Log-likelihood cutoff on original alignment: -35518.736
NOTE: Bootstrap correlation coefficient of split occurrence frequencies: 0.997
TREE SEARCH COMPLETED AFTER 200 ITERATIONS / Time: 0h:17m:52s

--------------------------------------------------------------------
|                    FINALIZING TREE SEARCH                        |
--------------------------------------------------------------------
Performs final model parameters optimization
Estimate model parameters (epsilon = 0.010)
1. Initial log-likelihood: -35485.228
Optimal log-likelihood: -35485.228
Gamma shape alpha: 0.733
Parameters optimization took 1 rounds (0.582 sec)
BEST SCORE FOUND : -35485.228
Creating bootstrap support values...
Split supports printed to NEXUS file /Users/bushrakhan/Desktop/NIPGR-data/MADS-box-Evolutionary-gene-detection/Advanced_Phylogenetic_Pipeline/3.Phylogeny_Output/Trees_FullLength/Oryza_sativa_MUSCLE_ML.splits.nex
Total tree length: 85.119

Total number of iterations: 200
CPU time used for tree search: 3046.625 sec (0h:50m:46s)
Wall-clock time used for tree search: 1029.176 sec (0h:17m:9s)
Total CPU time used: 3146.647 sec (0h:52m:26s)
Total wall-clock time used: 1072.821 sec (0h:17m:52s)

Computing bootstrap consensus tree...
Reading input file /Users/bushrakhan/Desktop/NIPGR-data/MADS-box-Evolutionary-gene-detection/Advanced_Phylogenetic_Pipeline/3.Phylogeny_Output/Trees_FullLength/Oryza_sativa_MUSCLE_ML.splits.nex...
84 taxa and 619 splits.
Consensus tree written to /Users/bushrakhan/Desktop/NIPGR-data/MADS-box-Evolutionary-gene-detection/Advanced_Phylogenetic_Pipeline/3.Phylogeny_Output/Trees_FullLength/Oryza_sativa_MUSCLE_ML.contree
Reading input trees file /Users/bushrakhan/Desktop/NIPGR-data/MADS-box-Evolutionary-gene-detection/Advanced_Phylogenetic_Pipeline/3.Phylogeny_Output/Trees_FullLength/Oryza_sativa_MUSCLE_ML.contree
Log-likelihood of consensus tree: -35486.796

Analysis results written to: 
  IQ-TREE report:                /Users/bushrakhan/Desktop/NIPGR-data/MADS-box-Evolutionary-gene-detection/Advanced_Phylogenetic_Pipeline/3.Phylogeny_Output/Trees_FullLength/Oryza_sativa_MUSCLE_ML.iqtree
  Maximum-likelihood tree:       /Users/bushrakhan/Desktop/NIPGR-data/MADS-box-Evolutionary-gene-detection/Advanced_Phylogenetic_Pipeline/3.Phylogeny_Output/Trees_FullLength/Oryza_sativa_MUSCLE_ML.treefile
  Likelihood distances:          /Users/bushrakhan/Desktop/NIPGR-data/MADS-box-Evolutionary-gene-detection/Advanced_Phylogenetic_Pipeline/3.Phylogeny_Output/Trees_FullLength/Oryza_sativa_MUSCLE_ML.mldist

Ultrafast bootstrap approximation results written to:
  Split support values:          /Users/bushrakhan/Desktop/NIPGR-data/MADS-box-Evolutionary-gene-detection/Advanced_Phylogenetic_Pipeline/3.Phylogeny_Output/Trees_FullLength/Oryza_sativa_MUSCLE_ML.splits.nex
  Consensus tree:                /Users/bushrakhan/Desktop/NIPGR-data/MADS-box-Evolutionary-gene-detection/Advanced_Phylogenetic_Pipeline/3.Phylogeny_Output/Trees_FullLength/Oryza_sativa_MUSCLE_ML.contree
  Screen log file:               /Users/bushrakhan/Desktop/NIPGR-data/MADS-box-Evolutionary-gene-detection/Advanced_Phylogenetic_Pipeline/3.Phylogeny_Output/Trees_FullLength/Oryza_sativa_MUSCLE_ML.log

Date and Time: Tue Apr 14 08:09:09 2026
