IQ-TREE multicore version 2.3.6 for MacOS ARM 64-bit built Jul 30 2024
Developed by Bui Quang Minh, Nguyen Lam Tung, Olga Chernomor, Heiko Schmidt,
Dominik Schrempf, Michael Woodhams, Ly Trong Nhan, Thomas Wong

Host:    Bushras-MacBook-Air.local (SSE4.2, 16 GB RAM)
Command: /opt/homebrew/bin/iqtree2 -s /Users/bushrakhan/Desktop/NIPGR-data/MADS-box-Evolutionary-gene-detection/Advanced_Phylogenetic_Pipeline/3.Phylogeny_Output/Alignments_FullLength/Piper_auritum_MAFFT_Aligned.fa -m LG+F+G -B 1000 -pre /Users/bushrakhan/Desktop/NIPGR-data/MADS-box-Evolutionary-gene-detection/Advanced_Phylogenetic_Pipeline/3.Phylogeny_Output/Trees_FullLength/Piper_auritum_MAFFT_ML -nt AUTO -redo
Seed:    284186 (Using SPRNG - Scalable Parallel Random Number Generator)
Time:    Tue Apr 14 08:19:01 2026
Kernel:  SSE2 - auto-detect threads (10 CPU cores detected)

Reading alignment file /Users/bushrakhan/Desktop/NIPGR-data/MADS-box-Evolutionary-gene-detection/Advanced_Phylogenetic_Pipeline/3.Phylogeny_Output/Alignments_FullLength/Piper_auritum_MAFFT_Aligned.fa ... Fasta format detected
Reading fasta file: done in 0.000602961 secs using 91.22% CPU
Alignment most likely contains protein sequences
Alignment has 52 sequences with 663 columns, 569 distinct patterns
283 parsimony-informative, 185 singleton sites, 195 constant sites
                                     Gap/Ambiguity  Composition  p-value
Analyzing sequences: done in 5.98431e-05 secs using 175.5% CPU
   1  scaffold-MUNP-2001384-Piper_auritum   65.76%    passed     96.75%
   2  scaffold-MUNP-2001472-Piper_auritum   62.90%    passed     96.09%
   3  scaffold-MUNP-2001867-Piper_auritum   65.76%    passed     95.59%
   4  scaffold-MUNP-2004874-Piper_auritum   68.63%    passed     91.06%
   5  scaffold-MUNP-2004875-Piper_auritum   68.63%    passed     91.06%
   6  scaffold-MUNP-2011315-Piper_auritum   76.77%    passed     96.08%
   7  scaffold-MUNP-2011435-Piper_auritum   68.33%    passed     63.98%
   8  AT1G22130.1                           49.47%    passed     27.15%
   9  AT1G24260.2                           62.14%    passed     45.56%
  10  AT1G26310.1                           61.54%    passed     83.10%
  11  AT1G31140.2                           67.57%    passed     66.17%
  12  AT1G59810.1                           57.32%    failed      0.05%
  13  AT1G69120.1                           61.39%    passed     35.27%
  14  AT1G69540.2                           44.65%    passed     14.05%
  15  AT1G71692.1                           68.17%    passed     57.53%
  16  AT1G77080.8                           66.37%    passed     70.05%
  17  AT1G77950.4                           61.99%    passed     65.50%
  18  AT1G77980.1                           49.92%    passed     40.21%
  19  AT2G03060.2                           41.78%    failed      0.08%
  20  AT2G03710.1                           61.09%    passed     82.63%
  21  AT2G14210.2                           64.56%    passed     90.24%
  22  AT2G22540.1                           63.80%    passed     85.69%
  23  AT2G22630.2                           65.76%    passed     97.37%
  24  AT2G42830.2                           62.59%    passed     44.36%
  25  AT2G45650.1                           61.99%    passed     70.16%
  26  AT2G45660.1                           67.72%    passed     75.29%
  27  AT3G02310.1                           62.29%    passed     15.43%
  28  AT3G30260.1                           62.44%    passed     27.31%
  29  AT3G54340.1                           65.01%    passed     45.11%
  30  AT3G57230.1                           63.80%    passed     57.77%
  31  AT3G57390.1                           61.39%    passed     85.59%
  32  AT3G58780.4                           57.62%    passed     41.30%
  33  AT3G61120.1                           63.20%    passed     29.87%
  34  AT4G09960.4                           50.38%    passed     14.36%
  35  AT4G11880.1                           66.67%    passed     83.27%
  36  AT4G18960.1                           61.99%    passed     31.44%
  37  AT4G22950.1                           66.97%    passed     87.75%
  38  AT4G24540.1                           66.82%    passed      9.35%
  39  AT4G37940.1                           65.61%    passed     98.24%
  40  AT5G10140.1                           70.44%    passed     12.18%
  41  AT5G13790.2                           59.13%    passed     71.90%
  42  AT5G15800.2                           60.48%    passed      8.51%
  43  AT5G20240.1                           68.63%    passed     10.83%
  44  AT5G23260.4                           59.58%    failed      4.78%
  45  AT5G51860.1                           68.17%    passed     21.67%
  46  AT5G51870.3                           65.46%    passed     87.65%
  47  AT5G60910.1                           63.50%    passed     96.86%
  48  AT5G62165.2                           68.33%    passed     90.24%
  49  AT5G65050.3                           70.44%    passed     61.87%
  50  AT5G65060.1                           70.44%    passed     34.44%
  51  AT5G65070.1                           69.83%    passed     23.68%
  52  AT5G65080.2                           69.23%    passed     52.08%
WARNING: 48 sequences contain more than 50% gaps/ambiguity
****  TOTAL                                 63.35%  3 sequences failed composition chi2 test (p-value<5%; df=19)
NOTE: scaffold-MUNP-2004875-Piper_auritum is identical to scaffold-MUNP-2004874-Piper_auritum but kept for subsequent analysis

Create initial parsimony tree by phylogenetic likelihood library (PLL)... 0.011 seconds
Generating 1000 samples for ultrafast bootstrap (seed: 284186)...

NOTE: 21 MB RAM (0 GB) is required!
Measuring multi-threading efficiency up to 10 CPU cores
Increase to 10 rounds for branch lengths
7 trees examined
Threads: 1 / Time: 10.983 sec / Speedup: 1.000 / Efficiency: 100% / LogL: -25883
Threads: 2 / Time: 6.950 sec / Speedup: 1.580 / Efficiency: 79% / LogL: -25883
Threads: 3 / Time: 4.766 sec / Speedup: 2.304 / Efficiency: 77% / LogL: -25883
Threads: 4 / Time: 4.364 sec / Speedup: 2.517 / Efficiency: 63% / LogL: -25883
Threads: 5 / Time: 4.460 sec / Speedup: 2.462 / Efficiency: 49% / LogL: -25883
BEST NUMBER OF THREADS: 4

Estimate model parameters (epsilon = 0.100)
1. Initial log-likelihood: -22807.034
2. Current log-likelihood: -21200.088
3. Current log-likelihood: -21157.490
4. Current log-likelihood: -21156.021
Optimal log-likelihood: -21155.956
Gamma shape alpha: 0.811
Parameters optimization took 4 rounds (1.546 sec)
Wrote distance file to... 
Computing ML distances based on estimated model parameters...
Calculating distance matrix: done in 0.271054 secs using 382.9% CPU
Computing ML distances took 0.271292 sec (of wall-clock time) 1.038050 sec (of CPU time)
WARNING: Some pairwise ML distances are too long (saturated)
Setting up auxiliary I and S matrices: done in 0.000157833 secs using 173% CPU
Computing RapidNJ tree took 0.004533 sec (of wall-clock time) 0.002884 sec (of CPU time)
Log-likelihood of RapidNJ tree: -21171.085
--------------------------------------------------------------------
|             INITIALIZING CANDIDATE TREE SET                      |
--------------------------------------------------------------------
Generating 98 parsimony trees... 1.232 second
Computing log-likelihood of 98 initial trees ... 7.283 seconds
Current best score: -21155.956

Do NNI search on 20 best initial trees
Estimate model parameters (epsilon = 0.100)
BETTER TREE FOUND at iteration 1: -21135.181
Estimate model parameters (epsilon = 0.100)
BETTER TREE FOUND at iteration 5: -21134.587
Estimate model parameters (epsilon = 0.100)
BETTER TREE FOUND at iteration 7: -21134.085
Estimate model parameters (epsilon = 0.100)
BETTER TREE FOUND at iteration 8: -21133.993
Iteration 10 / LogL: -21136.990 / Time: 0h:1m:1s
Iteration 20 / LogL: -21134.133 / Time: 0h:1m:20s
Finish initializing candidate tree set (9)
Current best tree score: -21133.993 / CPU time: 46.673
Number of iterations: 20
--------------------------------------------------------------------
|               OPTIMIZING CANDIDATE TREE SET                      |
--------------------------------------------------------------------
Estimate model parameters (epsilon = 0.100)
BETTER TREE FOUND at iteration 22: -21133.935
Iteration 30 / LogL: -21134.056 / Time: 0h:1m:39s (0h:5m:16s left)
Iteration 40 / LogL: -21134.886 / Time: 0h:1m:59s (0h:4m:10s left)
Iteration 50 / LogL: -21150.191 / Time: 0h:2m:17s (0h:3m:21s left)
Log-likelihood cutoff on original alignment: -21171.836
Iteration 60 / LogL: -21134.359 / Time: 0h:2m:33s (0h:2m:41s left)
Iteration 70 / LogL: -21134.106 / Time: 0h:2m:51s (0h:2m:9s left)
Iteration 80 / LogL: -21134.020 / Time: 0h:3m:9s (0h:1m:40s left)
Iteration 90 / LogL: -21137.224 / Time: 0h:3m:29s (0h:1m:15s left)
Iteration 100 / LogL: -21134.597 / Time: 0h:3m:47s (0h:0m:50s left)
Log-likelihood cutoff on original alignment: -21171.836
NOTE: Bootstrap correlation coefficient of split occurrence frequencies: 0.999
Iteration 110 / LogL: -21136.748 / Time: 0h:4m:5s (0h:3m:23s left)
Iteration 120 / LogL: -21134.753 / Time: 0h:4m:23s (0h:2m:57s left)
TREE SEARCH COMPLETED AFTER 123 ITERATIONS / Time: 0h:4m:28s

--------------------------------------------------------------------
|                    FINALIZING TREE SEARCH                        |
--------------------------------------------------------------------
Performs final model parameters optimization
Estimate model parameters (epsilon = 0.010)
1. Initial log-likelihood: -21133.935
Optimal log-likelihood: -21133.935
Gamma shape alpha: 0.795
Parameters optimization took 1 rounds (0.257 sec)
BEST SCORE FOUND : -21133.935
Creating bootstrap support values...
Split supports printed to NEXUS file /Users/bushrakhan/Desktop/NIPGR-data/MADS-box-Evolutionary-gene-detection/Advanced_Phylogenetic_Pipeline/3.Phylogeny_Output/Trees_FullLength/Piper_auritum_MAFFT_ML.splits.nex
Total tree length: 49.962

Total number of iterations: 123
CPU time used for tree search: 675.596 sec (0h:11m:15s)
Wall-clock time used for tree search: 234.610 sec (0h:3m:54s)
Total CPU time used: 742.892 sec (0h:12m:22s)
Total wall-clock time used: 268.774 sec (0h:4m:28s)

Computing bootstrap consensus tree...
Reading input file /Users/bushrakhan/Desktop/NIPGR-data/MADS-box-Evolutionary-gene-detection/Advanced_Phylogenetic_Pipeline/3.Phylogeny_Output/Trees_FullLength/Piper_auritum_MAFFT_ML.splits.nex...
52 taxa and 354 splits.
Consensus tree written to /Users/bushrakhan/Desktop/NIPGR-data/MADS-box-Evolutionary-gene-detection/Advanced_Phylogenetic_Pipeline/3.Phylogeny_Output/Trees_FullLength/Piper_auritum_MAFFT_ML.contree
Reading input trees file /Users/bushrakhan/Desktop/NIPGR-data/MADS-box-Evolutionary-gene-detection/Advanced_Phylogenetic_Pipeline/3.Phylogeny_Output/Trees_FullLength/Piper_auritum_MAFFT_ML.contree
Log-likelihood of consensus tree: -21135.171

Analysis results written to: 
  IQ-TREE report:                /Users/bushrakhan/Desktop/NIPGR-data/MADS-box-Evolutionary-gene-detection/Advanced_Phylogenetic_Pipeline/3.Phylogeny_Output/Trees_FullLength/Piper_auritum_MAFFT_ML.iqtree
  Maximum-likelihood tree:       /Users/bushrakhan/Desktop/NIPGR-data/MADS-box-Evolutionary-gene-detection/Advanced_Phylogenetic_Pipeline/3.Phylogeny_Output/Trees_FullLength/Piper_auritum_MAFFT_ML.treefile
  Likelihood distances:          /Users/bushrakhan/Desktop/NIPGR-data/MADS-box-Evolutionary-gene-detection/Advanced_Phylogenetic_Pipeline/3.Phylogeny_Output/Trees_FullLength/Piper_auritum_MAFFT_ML.mldist

Ultrafast bootstrap approximation results written to:
  Split support values:          /Users/bushrakhan/Desktop/NIPGR-data/MADS-box-Evolutionary-gene-detection/Advanced_Phylogenetic_Pipeline/3.Phylogeny_Output/Trees_FullLength/Piper_auritum_MAFFT_ML.splits.nex
  Consensus tree:                /Users/bushrakhan/Desktop/NIPGR-data/MADS-box-Evolutionary-gene-detection/Advanced_Phylogenetic_Pipeline/3.Phylogeny_Output/Trees_FullLength/Piper_auritum_MAFFT_ML.contree
  Screen log file:               /Users/bushrakhan/Desktop/NIPGR-data/MADS-box-Evolutionary-gene-detection/Advanced_Phylogenetic_Pipeline/3.Phylogeny_Output/Trees_FullLength/Piper_auritum_MAFFT_ML.log

Date and Time: Tue Apr 14 08:23:30 2026
