IQ-TREE multicore version 2.2.2.7 COVID-edition for Mac OS X 64-bit built May 30 2023
Developed by Bui Quang Minh, James Barbetti, Nguyen Lam Tung,
Olga Chernomor, Heiko Schmidt, Dominik Schrempf, Michael Woodhams, Ly Trong Nhan.

Host:    Bushras-MacBook-Air.local (SSE4.2, 16 GB RAM)
Command: /Users/bushrakhan/Desktop/NIPGR-data/MADS-box-Evolutionary-gene-detection/Advanced_Phylogenetic_Pipeline/Uploads/scripts/iqtree2 -s /Users/bushrakhan/Desktop/NIPGR-data/MADS-box-Evolutionary-gene-detection/Simultaneous_Phylogenetic_Analysis/Results/Alignments/Amborella_trichopoda_ClustalO.fa -m LG -n 0 -pre /Users/bushrakhan/Desktop/NIPGR-data/MADS-box-Evolutionary-gene-detection/Simultaneous_Phylogenetic_Analysis/Results/Trees/NJ/Amborella_trichopoda_ClustalO_NJ -redo
Seed:    625797 (Using SPRNG - Scalable Parallel Random Number Generator)
Time:    Sun Apr  5 09:39:30 2026
Kernel:  SSE2 - 1 threads (10 CPU cores detected)

HINT: Use -nt option to specify number of threads because your CPU has 10 cores!
HINT: -nt AUTO will automatically determine the best number of threads to use.

Reading alignment file /Users/bushrakhan/Desktop/NIPGR-data/MADS-box-Evolutionary-gene-detection/Simultaneous_Phylogenetic_Analysis/Results/Alignments/Amborella_trichopoda_ClustalO.fa ... Fasta format detected
Reading fasta file: done in 0.00110006 secs using 93.45% CPU
Alignment most likely contains protein sequences
Constructing alignment: done in 0.000380993 secs using 78.74% CPU
WARNING: 1 sites contain only gaps or ambiguous characters.
Alignment has 16 sequences with 298 columns, 288 distinct patterns
191 parsimony-informative, 69 singleton sites, 38 constant sites
                                          Gap/Ambiguity  Composition  p-value
Analyzing sequences: done in 1.40667e-05 secs using 92.42% CPU
   1  evm_27.model.AmTr_v1.0_scaffold00089.36    28.86%    passed     99.13%
   2  evm_27.model.AmTr_v1.0_scaffold00013.60    42.28%    passed     97.21%
   3  evm_27.model.AmTr_v1.0_scaffold00013.53    19.13%    passed     87.85%
   4  evm_27.model.AmTr_v1.0_scaffold00001.409   25.17%    passed     91.18%
   5  evm_27.model.AmTr_v1.0_scaffold00001.461   22.48%    passed     90.94%
   6  evm_27.model.AmTr_v1.0_scaffold00001.225   22.82%    passed     55.36%
   7  evm_27.model.AmTr_v1.0_scaffold00001.413   23.15%    passed     86.07%
   8  evm_27.model.AmTr_v1.0_scaffold00046.134   25.50%    passed     98.29%
   9  evm_27.model.AmTr_v1.0_scaffold00053.185   36.91%    passed     45.99%
  10  evm_27.model.AmTr_v1.0_scaffold00095.150   23.49%    failed      3.20%
  11  evm_27.model.AmTr_v1.0_scaffold00071.203   25.50%    passed     70.99%
  12  evm_27.model.AmTr_v1.0_scaffold00021.296   21.48%    passed     89.67%
  13  evm_27.model.AmTr_v1.0_scaffold00047.121   18.46%    passed     65.78%
  14  evm_27.model.AmTr_v1.0_scaffold00047.105   18.79%    passed     20.88%
  15  evm_27.model.AmTr_v1.0_scaffold00066.97    26.17%    passed     51.68%
  16  evm_27.model.AmTr_v1.0_scaffold00127.17    26.51%    passed     68.21%
****  TOTAL                                      25.42%  1 sequences failed composition chi2 test (p-value<5%; df=19)
Checking for duplicate sequences: done in 0.000108957 secs using 86.27% CPU

Create initial parsimony tree by phylogenetic likelihood library (PLL)... 0.001 seconds

NOTE: 0 MB RAM (0 GB) is required!
Estimate model parameters (epsilon = 0.010)
1. Initial log-likelihood: -7160.700
Optimal log-likelihood: -6970.280
Parameters optimization took 1 rounds (0.014 sec)
Wrote distance file to... 
BEST SCORE FOUND : -6970.280
Total tree length: 9.995

Total number of iterations: 0
CPU time used for tree search: 0.000 sec (0h:0m:0s)
Wall-clock time used for tree search: 0.000 sec (0h:0m:0s)
Total CPU time used: 0.024 sec (0h:0m:0s)
Total wall-clock time used: 0.025 sec (0h:0m:0s)

Analysis results written to: 
  IQ-TREE report:                /Users/bushrakhan/Desktop/NIPGR-data/MADS-box-Evolutionary-gene-detection/Simultaneous_Phylogenetic_Analysis/Results/Trees/NJ/Amborella_trichopoda_ClustalO_NJ.iqtree
  Maximum-likelihood tree:       /Users/bushrakhan/Desktop/NIPGR-data/MADS-box-Evolutionary-gene-detection/Simultaneous_Phylogenetic_Analysis/Results/Trees/NJ/Amborella_trichopoda_ClustalO_NJ.treefile
  Screen log file:               /Users/bushrakhan/Desktop/NIPGR-data/MADS-box-Evolutionary-gene-detection/Simultaneous_Phylogenetic_Analysis/Results/Trees/NJ/Amborella_trichopoda_ClustalO_NJ.log

Date and Time: Sun Apr  5 09:39:30 2026
