IQ-TREE multicore version 2.2.2.7 COVID-edition for Mac OS X 64-bit built May 30 2023
Developed by Bui Quang Minh, James Barbetti, Nguyen Lam Tung,
Olga Chernomor, Heiko Schmidt, Dominik Schrempf, Michael Woodhams, Ly Trong Nhan.

Host:    Bushras-MacBook-Air.local (SSE4.2, 16 GB RAM)
Command: /Users/bushrakhan/Desktop/NIPGR-data/MADS-box-Evolutionary-gene-detection/Advanced_Phylogenetic_Pipeline/Uploads/scripts/iqtree2 -s /Users/bushrakhan/Desktop/NIPGR-data/MADS-box-Evolutionary-gene-detection/Simultaneous_Phylogenetic_Analysis/Results/Alignments/Amborella_trichopoda_MUSCLE.fa -m LG -n 0 -pre /Users/bushrakhan/Desktop/NIPGR-data/MADS-box-Evolutionary-gene-detection/Simultaneous_Phylogenetic_Analysis/Results/Trees/NJ/Amborella_trichopoda_MUSCLE_NJ -redo
Seed:    586289 (Using SPRNG - Scalable Parallel Random Number Generator)
Time:    Sun Apr  5 09:37:09 2026
Kernel:  SSE2 - 1 threads (10 CPU cores detected)

HINT: Use -nt option to specify number of threads because your CPU has 10 cores!
HINT: -nt AUTO will automatically determine the best number of threads to use.

Reading alignment file /Users/bushrakhan/Desktop/NIPGR-data/MADS-box-Evolutionary-gene-detection/Simultaneous_Phylogenetic_Analysis/Results/Alignments/Amborella_trichopoda_MUSCLE.fa ... Fasta format detected
Reading fasta file: done in 0.00113606 secs using 92.86% CPU
Alignment most likely contains protein sequences
Constructing alignment: done in 0.000398159 secs using 78.86% CPU
WARNING: 1 sites contain only gaps or ambiguous characters.
Alignment has 16 sequences with 318 columns, 304 distinct patterns
181 parsimony-informative, 79 singleton sites, 57 constant sites
                                          Gap/Ambiguity  Composition  p-value
Analyzing sequences: done in 1.50204e-05 secs using 93.21% CPU
   1  evm_27.model.AmTr_v1.0_scaffold00095.150   28.30%    failed      3.20%
   2  evm_27.model.AmTr_v1.0_scaffold00001.409   29.87%    passed     91.18%
   3  evm_27.model.AmTr_v1.0_scaffold00001.225   27.67%    passed     55.36%
   4  evm_27.model.AmTr_v1.0_scaffold00066.97    30.82%    passed     51.69%
   5  evm_27.model.AmTr_v1.0_scaffold00046.134   30.19%    passed     98.29%
   6  evm_27.model.AmTr_v1.0_scaffold00089.36    33.33%    passed     99.13%
   7  evm_27.model.AmTr_v1.0_scaffold00001.461   27.36%    passed     90.93%
   8  evm_27.model.AmTr_v1.0_scaffold00127.17    31.13%    passed     68.21%
   9  evm_27.model.AmTr_v1.0_scaffold00047.105   23.90%    passed     20.89%
  10  evm_27.model.AmTr_v1.0_scaffold00071.203   30.19%    passed     70.98%
  11  evm_27.model.AmTr_v1.0_scaffold00021.296   26.42%    passed     89.67%
  12  evm_27.model.AmTr_v1.0_scaffold00013.60    45.91%    passed     97.21%
  13  evm_27.model.AmTr_v1.0_scaffold00001.413   27.99%    passed     86.07%
  14  evm_27.model.AmTr_v1.0_scaffold00053.185   40.88%    passed     45.99%
  15  evm_27.model.AmTr_v1.0_scaffold00013.53    24.21%    passed     87.86%
  16  evm_27.model.AmTr_v1.0_scaffold00047.121   23.58%    passed     65.80%
****  TOTAL                                      30.11%  1 sequences failed composition chi2 test (p-value<5%; df=19)
Checking for duplicate sequences: done in 0.000109911 secs using 86.43% CPU

Create initial parsimony tree by phylogenetic likelihood library (PLL)... 0.001 seconds

NOTE: 0 MB RAM (0 GB) is required!
Estimate model parameters (epsilon = 0.010)
1. Initial log-likelihood: -7171.890
Optimal log-likelihood: -6972.804
Parameters optimization took 1 rounds (0.017 sec)
Wrote distance file to... 
BEST SCORE FOUND : -6972.804
Total tree length: 10.059

Total number of iterations: 0
CPU time used for tree search: 0.000 sec (0h:0m:0s)
Wall-clock time used for tree search: 0.000 sec (0h:0m:0s)
Total CPU time used: 0.027 sec (0h:0m:0s)
Total wall-clock time used: 0.029 sec (0h:0m:0s)

Analysis results written to: 
  IQ-TREE report:                /Users/bushrakhan/Desktop/NIPGR-data/MADS-box-Evolutionary-gene-detection/Simultaneous_Phylogenetic_Analysis/Results/Trees/NJ/Amborella_trichopoda_MUSCLE_NJ.iqtree
  Maximum-likelihood tree:       /Users/bushrakhan/Desktop/NIPGR-data/MADS-box-Evolutionary-gene-detection/Simultaneous_Phylogenetic_Analysis/Results/Trees/NJ/Amborella_trichopoda_MUSCLE_NJ.treefile
  Screen log file:               /Users/bushrakhan/Desktop/NIPGR-data/MADS-box-Evolutionary-gene-detection/Simultaneous_Phylogenetic_Analysis/Results/Trees/NJ/Amborella_trichopoda_MUSCLE_NJ.log

Date and Time: Sun Apr  5 09:37:09 2026
