IQ-TREE multicore version 2.2.2.7 COVID-edition for Mac OS X 64-bit built May 30 2023
Developed by Bui Quang Minh, James Barbetti, Nguyen Lam Tung,
Olga Chernomor, Heiko Schmidt, Dominik Schrempf, Michael Woodhams, Ly Trong Nhan.

Host:    Bushras-MacBook-Air.local (SSE4.2, 16 GB RAM)
Command: /Users/bushrakhan/Desktop/NIPGR-data/MADS-box-Evolutionary-gene-detection/Advanced_Phylogenetic_Pipeline/Uploads/scripts/iqtree2 -s /Users/bushrakhan/Desktop/NIPGR-data/MADS-box-Evolutionary-gene-detection/Simultaneous_Phylogenetic_Analysis/Results/Alignments/Cinnamomum_kanehirae_MUSCLE.fa -m LG -n 0 -pre /Users/bushrakhan/Desktop/NIPGR-data/MADS-box-Evolutionary-gene-detection/Simultaneous_Phylogenetic_Analysis/Results/Trees/NJ/Cinnamomum_kanehirae_MUSCLE_NJ -redo
Seed:    344735 (Using SPRNG - Scalable Parallel Random Number Generator)
Time:    Sun Apr  5 09:51:29 2026
Kernel:  SSE2 - 1 threads (10 CPU cores detected)

HINT: Use -nt option to specify number of threads because your CPU has 10 cores!
HINT: -nt AUTO will automatically determine the best number of threads to use.

Reading alignment file /Users/bushrakhan/Desktop/NIPGR-data/MADS-box-Evolutionary-gene-detection/Simultaneous_Phylogenetic_Analysis/Results/Alignments/Cinnamomum_kanehirae_MUSCLE.fa ... Fasta format detected
Reading fasta file: done in 0.00176096 secs using 94.1% CPU
Alignment most likely contains protein sequences
Constructing alignment: done in 0.00102091 secs using 77.77% CPU
Alignment has 31 sequences with 876 columns, 515 distinct patterns
223 parsimony-informative, 132 singleton sites, 521 constant sites
               Gap/Ambiguity  Composition  p-value
Analyzing sequences: done in 3.00407e-05 secs using 96.54% CPU
   1  CKAN_02317200   59.93%    passed     63.52%
   2  CKAN_02447300   72.83%    passed     10.22%
   3  CKAN_02197200   50.00%    failed      0.00%
   4  CKAN_01894500   61.30%    failed      2.98%
   5  CKAN_01187700   76.48%    passed     13.20%
   6  CKAN_01046400   73.06%    passed     34.45%
   7  CKAN_02109000   75.91%    passed     94.30%
   8  CKAN_02199500   76.14%    passed     91.88%
   9  CKAN_00861800   69.06%    failed      1.17%
  10  CKAN_02742500   76.71%    passed     45.67%
  11  CKAN_00565900   74.32%    passed     92.91%
  12  CKAN_00566000   71.23%    passed     30.82%
  13  CKAN_01065400   75.00%    passed     38.71%
  14  CKAN_00958800   75.46%    passed     77.68%
  15  CKAN_02117700   77.97%    passed     42.94%
  16  CKAN_01533600   57.88%    passed     75.16%
  17  CKAN_01848800   72.49%    passed     98.17%
  18  CKAN_00958900   72.60%    passed     99.48%
  19  CKAN_01906900   79.00%    passed     61.00%
  20  CKAN_01290200   74.89%    passed     82.53%
  21  CKAN_01942500   74.89%    passed     48.53%
  22  CKAN_02189300   74.54%    passed     25.78%
  23  CKAN_01821800   69.98%    passed     85.16%
  24  CKAN_02562300   74.54%    passed     45.78%
  25  CKAN_00109600   71.46%    passed     95.08%
  26  CKAN_00283400   72.95%    passed     91.72%
  27  CKAN_01596700   76.48%    passed     92.86%
  28  CKAN_01942000   83.56%    passed     24.87%
  29  CKAN_01352300   77.17%    passed      6.97%
  30  CKAN_02189800   75.68%    passed     43.98%
  31  CKAN_02189500   75.11%    passed     38.75%
WARNING: 30 sequences contain more than 50% gaps/ambiguity
****  TOTAL           72.54%  3 sequences failed composition chi2 test (p-value<5%; df=19)
Checking for duplicate sequences: done in 9.20296e-05 secs using 82.58% CPU

Create initial parsimony tree by phylogenetic likelihood library (PLL)... 0.004 seconds

NOTE: 2 MB RAM (0 GB) is required!
Estimate model parameters (epsilon = 0.010)
1. Initial log-likelihood: -15562.885
Optimal log-likelihood: -13478.617
Parameters optimization took 1 rounds (0.073 sec)
Wrote distance file to... 
BEST SCORE FOUND : -13478.617
Total tree length: 16.554

Total number of iterations: 0
CPU time used for tree search: 0.000 sec (0h:0m:0s)
Wall-clock time used for tree search: 0.000 sec (0h:0m:0s)
Total CPU time used: 0.086 sec (0h:0m:0s)
Total wall-clock time used: 0.088 sec (0h:0m:0s)

Analysis results written to: 
  IQ-TREE report:                /Users/bushrakhan/Desktop/NIPGR-data/MADS-box-Evolutionary-gene-detection/Simultaneous_Phylogenetic_Analysis/Results/Trees/NJ/Cinnamomum_kanehirae_MUSCLE_NJ.iqtree
  Maximum-likelihood tree:       /Users/bushrakhan/Desktop/NIPGR-data/MADS-box-Evolutionary-gene-detection/Simultaneous_Phylogenetic_Analysis/Results/Trees/NJ/Cinnamomum_kanehirae_MUSCLE_NJ.treefile
  Screen log file:               /Users/bushrakhan/Desktop/NIPGR-data/MADS-box-Evolutionary-gene-detection/Simultaneous_Phylogenetic_Analysis/Results/Trees/NJ/Cinnamomum_kanehirae_MUSCLE_NJ.log

Date and Time: Sun Apr  5 09:51:29 2026
