IQ-TREE multicore version 2.2.2.7 COVID-edition for Mac OS X 64-bit built May 30 2023
Developed by Bui Quang Minh, James Barbetti, Nguyen Lam Tung,
Olga Chernomor, Heiko Schmidt, Dominik Schrempf, Michael Woodhams, Ly Trong Nhan.

Host:    Bushras-MacBook-Air.local (SSE4.2, 16 GB RAM)
Command: /Users/bushrakhan/Desktop/NIPGR-data/MADS-box-Evolutionary-gene-detection/Advanced_Phylogenetic_Pipeline/Uploads/scripts/iqtree2 -s /Users/bushrakhan/Desktop/NIPGR-data/MADS-box-Evolutionary-gene-detection/Simultaneous_Phylogenetic_Analysis/Results/Alignments/Cinnamomum_kanehirae_ClustalO.fa -m LG -n 0 -pre /Users/bushrakhan/Desktop/NIPGR-data/MADS-box-Evolutionary-gene-detection/Simultaneous_Phylogenetic_Analysis/Results/Trees/NJ/Cinnamomum_kanehirae_ClustalO_NJ -redo
Seed:    704310 (Using SPRNG - Scalable Parallel Random Number Generator)
Time:    Sun Apr  5 09:55:56 2026
Kernel:  SSE2 - 1 threads (10 CPU cores detected)

HINT: Use -nt option to specify number of threads because your CPU has 10 cores!
HINT: -nt AUTO will automatically determine the best number of threads to use.

Reading alignment file /Users/bushrakhan/Desktop/NIPGR-data/MADS-box-Evolutionary-gene-detection/Simultaneous_Phylogenetic_Analysis/Results/Alignments/Cinnamomum_kanehirae_ClustalO.fa ... Fasta format detected
Reading fasta file: done in 0.00154281 secs using 92.62% CPU
Alignment most likely contains protein sequences
Constructing alignment: done in 0.000860214 secs using 78.24% CPU
WARNING: 1 sites contain only gaps or ambiguous characters.
Alignment has 31 sequences with 654 columns, 528 distinct patterns
259 parsimony-informative, 208 singleton sites, 187 constant sites
               Gap/Ambiguity  Composition  p-value
Analyzing sequences: done in 3.09944e-05 secs using 96.79% CPU
   1  CKAN_01596700   68.50%    passed     95.70%
   2  CKAN_01533600   43.58%    passed     81.12%
   3  CKAN_02447300   63.61%    passed      5.13%
   4  CKAN_01942000   77.98%    passed     23.39%
   5  CKAN_01906900   71.87%    passed     70.78%
   6  CKAN_01942500   66.36%    passed     55.13%
   7  CKAN_01894500   48.17%    failed      2.04%
   8  CKAN_01821800   59.79%    passed     89.91%
   9  CKAN_01848800   63.15%    passed     98.34%
  10  CKAN_02317200   46.33%    passed     56.79%
  11  CKAN_02742500   68.81%    passed     49.96%
  12  CKAN_00565900   65.60%    passed     94.68%
  13  CKAN_00566000   61.47%    passed     33.91%
  14  CKAN_00958900   63.30%    passed     99.49%
  15  CKAN_00861800   58.56%    failed      0.96%
  16  CKAN_00958800   67.13%    passed     84.22%
  17  CKAN_01290200   66.36%    passed     90.05%
  18  CKAN_01352300   69.42%    passed      9.21%
  19  CKAN_00283400   63.76%    passed     92.03%
  20  CKAN_00109600   61.77%    passed     94.67%
  21  CKAN_02197200   33.03%    failed      0.00%
  22  CKAN_02109000   67.74%    passed     95.86%
  23  CKAN_02199500   68.04%    passed     93.26%
  24  CKAN_02189300   65.90%    passed     30.57%
  25  CKAN_02189800   67.43%    passed     43.43%
  26  CKAN_02117700   70.49%    passed     55.97%
  27  CKAN_02189500   66.67%    passed     39.05%
  28  CKAN_02562300   65.90%    passed     49.53%
  29  CKAN_01187700   68.50%    passed      8.99%
  30  CKAN_01046400   63.91%    passed     30.51%
  31  CKAN_01065400   66.51%    passed     39.44%
WARNING: 27 sequences contain more than 50% gaps/ambiguity
****  TOTAL           63.21%  3 sequences failed composition chi2 test (p-value<5%; df=19)
Checking for duplicate sequences: done in 9.29832e-05 secs using 84.96% CPU

Create initial parsimony tree by phylogenetic likelihood library (PLL)... 0.003 seconds

NOTE: 2 MB RAM (0 GB) is required!
Estimate model parameters (epsilon = 0.010)
1. Initial log-likelihood: -14809.177
Optimal log-likelihood: -13302.065
Parameters optimization took 1 rounds (0.075 sec)
Wrote distance file to... 
BEST SCORE FOUND : -13302.065
Total tree length: 16.115

Total number of iterations: 0
CPU time used for tree search: 0.000 sec (0h:0m:0s)
Wall-clock time used for tree search: 0.000 sec (0h:0m:0s)
Total CPU time used: 0.085 sec (0h:0m:0s)
Total wall-clock time used: 0.089 sec (0h:0m:0s)

Analysis results written to: 
  IQ-TREE report:                /Users/bushrakhan/Desktop/NIPGR-data/MADS-box-Evolutionary-gene-detection/Simultaneous_Phylogenetic_Analysis/Results/Trees/NJ/Cinnamomum_kanehirae_ClustalO_NJ.iqtree
  Maximum-likelihood tree:       /Users/bushrakhan/Desktop/NIPGR-data/MADS-box-Evolutionary-gene-detection/Simultaneous_Phylogenetic_Analysis/Results/Trees/NJ/Cinnamomum_kanehirae_ClustalO_NJ.treefile
  Screen log file:               /Users/bushrakhan/Desktop/NIPGR-data/MADS-box-Evolutionary-gene-detection/Simultaneous_Phylogenetic_Analysis/Results/Trees/NJ/Cinnamomum_kanehirae_ClustalO_NJ.log

Date and Time: Sun Apr  5 09:55:56 2026
