IQ-TREE multicore version 2.2.2.7 COVID-edition for Mac OS X 64-bit built May 30 2023
Developed by Bui Quang Minh, James Barbetti, Nguyen Lam Tung,
Olga Chernomor, Heiko Schmidt, Dominik Schrempf, Michael Woodhams, Ly Trong Nhan.

Host:    Bushras-MacBook-Air.local (SSE4.2, 16 GB RAM)
Command: /Users/bushrakhan/Desktop/NIPGR-data/MADS-box-Evolutionary-gene-detection/Advanced_Phylogenetic_Pipeline/Uploads/scripts/iqtree2 -s /Users/bushrakhan/Desktop/NIPGR-data/MADS-box-Evolutionary-gene-detection/Simultaneous_Phylogenetic_Analysis/Results/Alignments/Glycine_max_MUSCLE.fa -m LG -n 0 -pre /Users/bushrakhan/Desktop/NIPGR-data/MADS-box-Evolutionary-gene-detection/Simultaneous_Phylogenetic_Analysis/Results/Trees/NJ/Glycine_max_MUSCLE_NJ -redo
Seed:    140089 (Using SPRNG - Scalable Parallel Random Number Generator)
Time:    Sun Apr  5 10:38:34 2026
Kernel:  SSE2 - 1 threads (10 CPU cores detected)

HINT: Use -nt option to specify number of threads because your CPU has 10 cores!
HINT: -nt AUTO will automatically determine the best number of threads to use.

Reading alignment file /Users/bushrakhan/Desktop/NIPGR-data/MADS-box-Evolutionary-gene-detection/Simultaneous_Phylogenetic_Analysis/Results/Alignments/Glycine_max_MUSCLE.fa ... Fasta format detected
Reading fasta file: done in 0.00275111 secs using 93.96% CPU
Alignment most likely contains protein sequences
Constructing alignment: done in 0.00126696 secs using 77.82% CPU
WARNING: 1 sites contain only gaps or ambiguous characters.
Alignment has 87 sequences with 673 columns, 554 distinct patterns
287 parsimony-informative, 101 singleton sites, 285 constant sites
                      Gap/Ambiguity  Composition  p-value
Analyzing sequences: done in 7.70092e-05 secs using 97.39% CPU
   1  Glyma.13G086400.1.p    50.37%    failed      0.02%
   2  Glyma.14G168700.1.p    48.44%    failed      0.03%
   3  Glyma.20G034000.3.p    47.85%    passed     17.40%
   4  Glyma.07G228900.1.p    47.70%    passed      9.40%
   5  Glyma.11G158812.1.p    64.04%    passed     59.90%
   6  Glyma.02G185500.3.p    63.30%    passed     61.50%
   7  Glyma.02G216600.13.p   61.07%    passed     77.92%
   8  Glyma.01G020500.3.p    66.12%    passed     99.54%
   9  Glyma.09G201700.1.p    67.16%    passed     94.51%
  10  Glyma.08G065400.2.p    67.16%    passed     93.43%
  11  Glyma.08G065300.1.p    64.19%    passed     91.88%
  12  Glyma.14G183800.2.p    64.49%    passed     90.24%
  13  Glyma.15G059600.2.p    64.49%    passed     91.72%
  14  Glyma.13G255200.6.p    64.19%    passed     89.26%
  15  Glyma.06G095700.1.p    65.23%    failed      4.81%
  16  Glyma.08G068200.8.p    69.24%    passed     41.85%
  17  Glyma.07G181600.7.p    65.82%    passed     93.71%
  18  Glyma.13G257000.7.p    68.80%    passed     56.68%
  19  Glyma.15G057900.2.p    69.09%    passed     30.32%
  20  Glyma.02G041500.1.p    66.27%    passed     81.54%
  21  Glyma.01G023500.1.p    66.27%    passed     76.98%
  22  Glyma.16G200700.1.p    64.93%    passed     20.48%
  23  Glyma.09G149000.1.p    63.74%    passed     40.00%
  24  Glyma.20G153700.3.p    64.93%    passed     21.52%
  25  Glyma.10G240900.1.p    65.53%    passed     81.70%
  26  Glyma.04G257100.1.p    67.01%    passed     88.92%
  27  Glyma.06G324400.2.p    67.01%    passed     89.59%
  28  Glyma.08G310100.1.p    63.30%    passed     81.90%
  29  Glyma.18G105800.1.p    63.45%    passed     83.00%
  30  Glyma.02G287700.3.p    63.45%    passed     58.70%
  31  Glyma.14G027251.1.p    64.04%    passed     87.84%
  32  Glyma.15G088600.1.p    63.89%    passed     82.67%
  33  Glyma.13G223300.1.p    63.89%    passed     52.92%
  34  Glyma.08G120600.1.p    63.89%    passed     37.54%
  35  Glyma.05G163200.1.p    63.89%    passed     33.29%
  36  Glyma.03G019300.1.p    64.78%    passed     89.34%
  37  Glyma.20G154200.3.p    68.20%    passed     42.09%
  38  Glyma.10G240500.1.p    68.20%    passed     30.06%
  39  Glyma.17G132700.5.p    66.86%    passed     27.01%
  40  Glyma.05G050700.1.p    66.27%    passed     36.51%
  41  Glyma.07G080900.4.p    66.42%    passed     84.48%
  42  Glyma.09G266200.6.p    68.65%    passed     86.75%
  43  Glyma.18G224500.1.p    68.95%    passed     91.65%
  44  Glyma.08G105400.1.p    72.36%    passed     50.66%
  45  Glyma.05G148700.2.p    70.58%    passed     68.20%
  46  Glyma.04G245500.2.p    73.11%    passed     50.65%
  47  Glyma.06G117600.1.p    73.11%    passed     55.30%
  48  Glyma.13G034100.2.p    69.09%    passed     81.34%
  49  Glyma.14G155100.1.p    69.09%    passed     87.38%
  50  Glyma.04G027200.1.p    66.27%    passed     97.98%
  51  Glyma.06G027200.1.p    66.27%    passed     93.65%
  52  Glyma.01G169600.1.p    63.89%    passed      5.89%
  53  Glyma.11G073700.5.p    63.30%    passed      8.49%
  54  Glyma.07G081300.1.p    63.60%    passed     99.75%
  55  Glyma.03G019400.1.p    63.60%    passed     98.81%
  56  Glyma.09G266400.4.p    64.49%    passed     67.12%
  57  Glyma.18G224300.2.p    63.89%    passed     88.21%
  58  Glyma.11G252300.1.p    63.89%    passed     69.94%
  59  Glyma.18G004700.4.p    63.89%    passed     73.45%
  60  Glyma.08G105500.1.p    63.74%    passed     58.37%
  61  Glyma.05G148800.1.p    63.74%    passed     64.80%
  62  Glyma.20G001900.1.p    63.60%    passed     46.27%
  63  Glyma.09G283800.3.p    63.45%    passed     91.53%
  64  Glyma.12G005000.1.p    69.69%    passed     46.47%
  65  Glyma.09G231600.4.p    67.46%    passed      8.51%
  66  Glyma.17G080900.1.p    63.89%    passed     86.61%
  67  Glyma.05G018900.1.p    63.89%    passed     89.85%
  68  Glyma.02G121500.1.p    63.74%    passed     84.31%
  69  Glyma.01G064100.1.p    63.45%    passed     77.99%
  70  Glyma.13G052700.1.p    63.00%    passed     91.03%
  71  Glyma.19G034500.1.p    63.00%    passed     93.53%
  72  Glyma.08G250700.1.p    62.70%    passed     99.02%
  73  Glyma.18G273500.1.p    62.11%    passed     99.64%
  74  Glyma.15G058000.2.p    68.65%    passed     97.80%
  75  Glyma.13G256900.1.p    63.15%    passed     71.33%
  76  Glyma.13G052100.1.p    63.74%    passed     22.42%
  77  Glyma.19G034600.1.p    63.74%    passed     51.78%
  78  Glyma.08G250800.3.p    63.15%    passed     39.55%
  79  Glyma.18G273600.2.p    57.36%    passed      9.46%
  80  Glyma.16G091300.1.p    64.93%    passed     98.18%
  81  Glyma.08G269800.1.p    64.93%    passed     96.56%
  82  Glyma.02G121600.1.p    63.89%    passed     99.18%
  83  Glyma.01G064200.1.p    63.89%    passed     98.79%
  84  Glyma.04G159300.1.p    63.74%    passed     99.23%
  85  Glyma.06G205800.1.p    63.74%    passed     99.48%
  86  Glyma.17G081200.1.p    64.49%    passed     81.50%
  87  Glyma.05G018800.1.p    63.74%    passed     82.14%
WARNING: 84 sequences contain more than 50% gaps/ambiguity
****  TOTAL                  64.52%  3 sequences failed composition chi2 test (p-value<5%; df=19)
Checking for duplicate sequences: done in 0.000256062 secs using 84.75% CPU

Create initial parsimony tree by phylogenetic likelihood library (PLL)... 0.023 seconds

NOTE: 7 MB RAM (0 GB) is required!
Estimate model parameters (epsilon = 0.010)
1. Initial log-likelihood: -25634.508
Optimal log-likelihood: -23298.845
Parameters optimization took 1 rounds (0.194 sec)
Wrote distance file to... 
BEST SCORE FOUND : -23298.845
Total tree length: 24.461

Total number of iterations: 0
CPU time used for tree search: 0.000 sec (0h:0m:0s)
Wall-clock time used for tree search: 0.000 sec (0h:0m:0s)
Total CPU time used: 0.226 sec (0h:0m:0s)
Total wall-clock time used: 0.230 sec (0h:0m:0s)

Analysis results written to: 
  IQ-TREE report:                /Users/bushrakhan/Desktop/NIPGR-data/MADS-box-Evolutionary-gene-detection/Simultaneous_Phylogenetic_Analysis/Results/Trees/NJ/Glycine_max_MUSCLE_NJ.iqtree
  Maximum-likelihood tree:       /Users/bushrakhan/Desktop/NIPGR-data/MADS-box-Evolutionary-gene-detection/Simultaneous_Phylogenetic_Analysis/Results/Trees/NJ/Glycine_max_MUSCLE_NJ.treefile
  Screen log file:               /Users/bushrakhan/Desktop/NIPGR-data/MADS-box-Evolutionary-gene-detection/Simultaneous_Phylogenetic_Analysis/Results/Trees/NJ/Glycine_max_MUSCLE_NJ.log

Date and Time: Sun Apr  5 10:38:34 2026
