IQ-TREE multicore version 2.2.2.7 COVID-edition for Mac OS X 64-bit built May 30 2023
Developed by Bui Quang Minh, James Barbetti, Nguyen Lam Tung,
Olga Chernomor, Heiko Schmidt, Dominik Schrempf, Michael Woodhams, Ly Trong Nhan.

Host:    Bushras-MacBook-Air.local (SSE4.2, 16 GB RAM)
Command: /Users/bushrakhan/Desktop/NIPGR-data/MADS-box-Evolutionary-gene-detection/Advanced_Phylogenetic_Pipeline/Uploads/scripts/iqtree2 -s /Users/bushrakhan/Desktop/NIPGR-data/MADS-box-Evolutionary-gene-detection/Simultaneous_Phylogenetic_Analysis/Results/Alignments/Glycine_max_ClustalO.fa -m LG -n 0 -pre /Users/bushrakhan/Desktop/NIPGR-data/MADS-box-Evolutionary-gene-detection/Simultaneous_Phylogenetic_Analysis/Results/Trees/NJ/Glycine_max_ClustalO_NJ -redo
Seed:    293052 (Using SPRNG - Scalable Parallel Random Number Generator)
Time:    Sun Apr  5 11:17:45 2026
Kernel:  SSE2 - 1 threads (10 CPU cores detected)

HINT: Use -nt option to specify number of threads because your CPU has 10 cores!
HINT: -nt AUTO will automatically determine the best number of threads to use.

Reading alignment file /Users/bushrakhan/Desktop/NIPGR-data/MADS-box-Evolutionary-gene-detection/Simultaneous_Phylogenetic_Analysis/Results/Alignments/Glycine_max_ClustalO.fa ... Fasta format detected
Reading fasta file: done in 0.00244594 secs using 92.97% CPU
Alignment most likely contains protein sequences
Constructing alignment: done in 0.00100207 secs using 76.84% CPU
WARNING: 1 sites contain only gaps or ambiguous characters.
Alignment has 87 sequences with 520 columns, 487 distinct patterns
333 parsimony-informative, 63 singleton sites, 124 constant sites
                      Gap/Ambiguity  Composition  p-value
Analyzing sequences: done in 0.000103951 secs using 75.04% CPU
   1  Glyma.16G091300.1.p    54.62%    passed     97.84%
   2  Glyma.16G200700.1.p    54.62%    passed     21.67%
   3  Glyma.04G027200.1.p    56.35%    passed     97.68%
   4  Glyma.04G245500.2.p    65.19%    passed     48.66%
   5  Glyma.04G159300.1.p    53.08%    passed     99.34%
   6  Glyma.04G257100.1.p    57.31%    passed     89.81%
   7  Glyma.17G081200.1.p    54.04%    passed     80.52%
   8  Glyma.17G132700.5.p    57.12%    passed     29.83%
   9  Glyma.17G080900.1.p    53.27%    passed     87.50%
  10  Glyma.20G034000.3.p    32.50%    passed     13.27%
  11  Glyma.20G154200.3.p    58.85%    passed     44.12%
  12  Glyma.20G153700.3.p    54.62%    passed     19.88%
  13  Glyma.20G001900.1.p    52.88%    passed     42.45%
  14  Glyma.02G216600.13.p   49.62%    passed     77.87%
  15  Glyma.02G041500.1.p    56.35%    passed     84.72%
  16  Glyma.02G121500.1.p    53.08%    passed     83.12%
  17  Glyma.02G185500.3.p    52.50%    passed     66.85%
  18  Glyma.02G287700.3.p    52.69%    passed     62.11%
  19  Glyma.02G121600.1.p    53.27%    passed     98.80%
  20  Glyma.12G005000.1.p    60.77%    passed     45.21%
  21  Glyma.10G240500.1.p    58.85%    passed     30.22%
  22  Glyma.10G240900.1.p    55.38%    passed     81.71%
  23  Glyma.08G068200.8.p    60.19%    passed     46.43%
  24  Glyma.08G250700.1.p    51.73%    passed     98.71%
  25  Glyma.08G105400.1.p    64.23%    passed     46.11%
  26  Glyma.08G120600.1.p    53.27%    passed     39.42%
  27  Glyma.08G269800.1.p    54.62%    passed     95.49%
  28  Glyma.08G105500.1.p    53.08%    passed     59.38%
  29  Glyma.08G310100.1.p    52.50%    passed     84.27%
  30  Glyma.08G065300.1.p    53.65%    passed     92.51%
  31  Glyma.08G250800.3.p    52.31%    passed     38.27%
  32  Glyma.08G065400.2.p    57.50%    passed     93.99%
  33  Glyma.01G023500.1.p    56.35%    passed     80.98%
  34  Glyma.01G020500.3.p    56.15%    passed     99.57%
  35  Glyma.01G064100.1.p    52.69%    passed     75.61%
  36  Glyma.01G169600.1.p    53.27%    failed      4.70%
  37  Glyma.01G064200.1.p    53.27%    passed     98.49%
  38  Glyma.15G059600.2.p    54.04%    passed     92.97%
  39  Glyma.15G058000.2.p    59.42%    passed     98.18%
  40  Glyma.15G057900.2.p    60.00%    passed     33.84%
  41  Glyma.15G088600.1.p    53.27%    passed     84.43%
  42  Glyma.07G080900.4.p    56.54%    passed     86.11%
  43  Glyma.07G181600.7.p    55.77%    passed     94.54%
  44  Glyma.07G081300.1.p    52.88%    passed     99.68%
  45  Glyma.07G228900.1.p    32.31%    passed      6.86%
  46  Glyma.11G158812.1.p    53.46%    passed     63.15%
  47  Glyma.11G252300.1.p    53.27%    passed     69.60%
  48  Glyma.11G073700.5.p    52.50%    passed      6.97%
  49  Glyma.09G149000.1.p    53.08%    passed     39.78%
  50  Glyma.09G231600.4.p    57.88%    passed      8.33%
  51  Glyma.09G266200.6.p    59.42%    passed     89.63%
  52  Glyma.09G201700.1.p    57.50%    passed     94.76%
  53  Glyma.09G283800.3.p    52.69%    passed     89.76%
  54  Glyma.09G266400.4.p    54.04%    passed     61.44%
  55  Glyma.13G052700.1.p    52.12%    passed     90.59%
  56  Glyma.13G257000.7.p    59.62%    passed     58.87%
  57  Glyma.13G223300.1.p    53.27%    passed     55.28%
  58  Glyma.13G255200.6.p    53.65%    passed     91.14%
  59  Glyma.13G086400.1.p    35.77%    failed      0.01%
  60  Glyma.13G256900.1.p    52.31%    passed     68.48%
  61  Glyma.13G034100.2.p    60.00%    passed     79.49%
  62  Glyma.13G052100.1.p    53.08%    passed     19.78%
  63  Glyma.05G018900.1.p    53.27%    passed     90.64%
  64  Glyma.05G018800.1.p    53.08%    passed     83.93%
  65  Glyma.05G050700.1.p    56.35%    passed     39.56%
  66  Glyma.05G163200.1.p    53.27%    passed     35.29%
  67  Glyma.05G148700.2.p    61.92%    passed     67.35%
  68  Glyma.05G148800.1.p    53.08%    passed     65.50%
  69  Glyma.14G027251.1.p    53.46%    passed     88.25%
  70  Glyma.14G155100.1.p    60.00%    passed     85.81%
  71  Glyma.14G183800.2.p    54.04%    passed     91.86%
  72  Glyma.14G168700.1.p    33.27%    failed      0.01%
  73  Glyma.06G205800.1.p    53.08%    passed     99.50%
  74  Glyma.06G095700.1.p    55.00%    passed      5.50%
  75  Glyma.06G027200.1.p    56.35%    passed     93.15%
  76  Glyma.06G324400.2.p    57.31%    passed     90.42%
  77  Glyma.06G117600.1.p    65.19%    passed     53.28%
  78  Glyma.03G019400.1.p    52.88%    passed     98.59%
  79  Glyma.03G019300.1.p    54.42%    passed     89.71%
  80  Glyma.19G034600.1.p    53.08%    passed     48.69%
  81  Glyma.19G034500.1.p    52.12%    passed     92.99%
  82  Glyma.18G004700.4.p    53.27%    passed     73.12%
  83  Glyma.18G224300.2.p    53.27%    passed     84.09%
  84  Glyma.18G224500.1.p    59.81%    passed     93.49%
  85  Glyma.18G273500.1.p    50.96%    passed     99.49%
  86  Glyma.18G105800.1.p    52.69%    passed     85.67%
  87  Glyma.18G273600.2.p    44.81%    passed      6.74%
WARNING: 81 sequences contain more than 50% gaps/ambiguity
****  TOTAL                  54.09%  3 sequences failed composition chi2 test (p-value<5%; df=19)
Checking for duplicate sequences: done in 0.000240088 secs using 84.55% CPU

Create initial parsimony tree by phylogenetic likelihood library (PLL)... 0.018 seconds

NOTE: 6 MB RAM (0 GB) is required!
Estimate model parameters (epsilon = 0.010)
1. Initial log-likelihood: -24407.302
Optimal log-likelihood: -22888.893
Parameters optimization took 1 rounds (0.171 sec)
Wrote distance file to... 
BEST SCORE FOUND : -22888.893
Total tree length: 24.010

Total number of iterations: 0
CPU time used for tree search: 0.000 sec (0h:0m:0s)
Wall-clock time used for tree search: 0.000 sec (0h:0m:0s)
Total CPU time used: 0.198 sec (0h:0m:0s)
Total wall-clock time used: 0.202 sec (0h:0m:0s)

Analysis results written to: 
  IQ-TREE report:                /Users/bushrakhan/Desktop/NIPGR-data/MADS-box-Evolutionary-gene-detection/Simultaneous_Phylogenetic_Analysis/Results/Trees/NJ/Glycine_max_ClustalO_NJ.iqtree
  Maximum-likelihood tree:       /Users/bushrakhan/Desktop/NIPGR-data/MADS-box-Evolutionary-gene-detection/Simultaneous_Phylogenetic_Analysis/Results/Trees/NJ/Glycine_max_ClustalO_NJ.treefile
  Screen log file:               /Users/bushrakhan/Desktop/NIPGR-data/MADS-box-Evolutionary-gene-detection/Simultaneous_Phylogenetic_Analysis/Results/Trees/NJ/Glycine_max_ClustalO_NJ.log

Date and Time: Sun Apr  5 11:17:45 2026
