IQ-TREE multicore version 2.3.6 for MacOS ARM 64-bit built Jul 30 2024
Developed by Bui Quang Minh, Nguyen Lam Tung, Olga Chernomor, Heiko Schmidt,
Dominik Schrempf, Michael Woodhams, Ly Trong Nhan, Thomas Wong

Host:    Bushras-MacBook-Air.local (SSE4.2, 16 GB RAM)
Command: /opt/homebrew/bin/iqtree2 -s /Users/bushrakhan/Desktop/NIPGR-data/MADS-box-Evolutionary-gene-detection/Advanced_Phylogenetic_Pipeline/3.Phylogeny_Output/Alignments_FullLength/Amborella_trichopoda_MUSCLE_Aligned.fa -m LG+F+G -B 1000 -pre /Users/bushrakhan/Desktop/NIPGR-data/MADS-box-Evolutionary-gene-detection/Advanced_Phylogenetic_Pipeline/3.Phylogeny_Output/Trees_FullLength/Amborella_trichopoda_MUSCLE_ML -nt AUTO -redo
Seed:    227300 (Using SPRNG - Scalable Parallel Random Number Generator)
Time:    Tue Apr 14 02:38:30 2026
Kernel:  SSE2 - auto-detect threads (10 CPU cores detected)

Reading alignment file /Users/bushrakhan/Desktop/NIPGR-data/MADS-box-Evolutionary-gene-detection/Advanced_Phylogenetic_Pipeline/3.Phylogeny_Output/Alignments_FullLength/Amborella_trichopoda_MUSCLE_Aligned.fa ... Fasta format detected
Reading fasta file: done in 0.000929117 secs using 90.09% CPU
Alignment most likely contains protein sequences
WARNING: 1 sites contain only gaps or ambiguous characters.
Alignment has 61 sequences with 883 columns, 683 distinct patterns
248 parsimony-informative, 203 singleton sites, 432 constant sites
                                          Gap/Ambiguity  Composition  p-value
Analyzing sequences: done in 8.08239e-05 secs using 185.6% CPU
   1  AT1G59810.1                                67.95%    failed      0.11%
   2  AT1G69540.2                                58.44%    passed     28.36%
   3  AT2G03060.2                                56.29%    failed      0.14%
   4  evm_27.model.AmTr_v1.0_scaffold00095.150   74.18%    failed      1.21%
   5  AT1G31140.2                                75.65%    passed     80.55%
   6  AT1G77980.1                                62.40%    passed     46.71%
   7  AT1G22130.1                                62.06%    passed     29.32%
   8  AT1G77950.4                                71.46%    passed     56.04%
   9  evm_27.model.AmTr_v1.0_scaffold00001.225   73.95%    passed     43.40%
  10  evm_27.model.AmTr_v1.0_scaffold00066.97    75.08%    passed     47.38%
  11  evm_27.model.AmTr_v1.0_scaffold00089.36    75.99%    passed     98.60%
  12  AT5G23260.4                                69.65%    passed      5.44%
  13  evm_27.model.AmTr_v1.0_scaffold00001.461   73.84%    passed     75.21%
  14  AT5G20240.1                                76.44%    passed     14.21%
  15  AT3G30260.1                                71.80%    passed     27.54%
  16  AT1G71692.1                                76.10%    passed     63.38%
  17  evm_27.model.AmTr_v1.0_scaffold00047.105   72.59%    passed     24.41%
  18  AT1G26310.1                                71.12%    passed     83.47%
  19  AT1G69120.1                                71.01%    passed     43.96%
  20  AT5G60910.1                                72.59%    passed     92.98%
  21  AT3G54340.1                                73.73%    passed     53.31%
  22  AT1G24260.2                                71.57%    passed     50.17%
  23  evm_27.model.AmTr_v1.0_scaffold00013.60    80.52%    passed     96.17%
  24  evm_27.model.AmTr_v1.0_scaffold00053.185   78.71%    passed     41.49%
  25  AT3G61120.1                                72.37%    passed     32.09%
  26  evm_27.model.AmTr_v1.0_scaffold00001.413   74.07%    passed     77.11%
  27  AT2G45650.1                                71.46%    passed     80.02%
  28  AT2G03710.1                                70.78%    passed     87.20%
  29  evm_27.model.AmTr_v1.0_scaffold00013.53    72.71%    passed     84.67%
  30  evm_27.model.AmTr_v1.0_scaffold00047.121   72.48%    passed     77.86%
  31  AT3G02310.1                                71.69%    passed     23.43%
  32  AT5G15800.2                                70.33%    passed     17.28%
  33  AT5G13790.2                                69.31%    passed     57.18%
  34  AT3G57390.1                                71.01%    passed     66.84%
  35  AT5G65080.2                                76.90%    passed     36.66%
  36  AT5G65070.1                                77.35%    passed     14.20%
  37  AT1G77080.8                                74.75%    passed     48.04%
  38  AT5G10140.1                                77.80%    passed      7.65%
  39  AT5G65050.3                                77.80%    passed     44.70%
  40  AT5G65060.1                                77.80%    passed     19.40%
  41  AT2G45660.1                                75.76%    passed     62.07%
  42  evm_27.model.AmTr_v1.0_scaffold00001.409   74.75%    passed     87.67%
  43  AT5G62165.2                                76.22%    passed     78.11%
  44  AT5G51860.1                                76.10%    passed     18.04%
  45  AT5G51870.3                                74.07%    passed     82.07%
  46  evm_27.model.AmTr_v1.0_scaffold00127.17    75.20%    passed     58.46%
  47  AT2G22540.1                                72.82%    passed     76.67%
  48  AT4G18960.1                                71.46%    passed     27.91%
  49  AT4G09960.4                                62.74%    passed     20.32%
  50  evm_27.model.AmTr_v1.0_scaffold00071.203   74.86%    passed     40.20%
  51  evm_27.model.AmTr_v1.0_scaffold00021.296   73.50%    passed     88.07%
  52  AT4G24540.1                                75.08%    passed      5.40%
  53  AT4G11880.1                                74.97%    passed     71.85%
  54  AT4G22950.1                                75.20%    passed     73.48%
  55  AT2G14210.2                                73.39%    passed     81.52%
  56  AT2G42830.2                                71.91%    passed     39.39%
  57  AT3G58780.4                                68.18%    passed     37.08%
  58  AT3G57230.1                                72.82%    passed     50.07%
  59  evm_27.model.AmTr_v1.0_scaffold00046.134   74.86%    passed     98.01%
  60  AT2G22630.2                                74.29%    passed     93.56%
  61  AT4G37940.1                                74.18%    passed     96.17%
WARNING: 61 sequences contain more than 50% gaps/ambiguity
****  TOTAL                                      72.69%  3 sequences failed composition chi2 test (p-value<5%; df=19)

Create initial parsimony tree by phylogenetic likelihood library (PLL)... 0.011 seconds
Generating 1000 samples for ultrafast bootstrap (seed: 227300)...

NOTE: 29 MB RAM (0 GB) is required!
Measuring multi-threading efficiency up to 10 CPU cores
Increase to 10 rounds for branch lengths
5 trees examined
Threads: 1 / Time: 11.065 sec / Speedup: 1.000 / Efficiency: 100% / LogL: -30373
Threads: 2 / Time: 6.956 sec / Speedup: 1.591 / Efficiency: 80% / LogL: -30373
Threads: 3 / Time: 4.987 sec / Speedup: 2.219 / Efficiency: 74% / LogL: -30373
Threads: 4 / Time: 4.595 sec / Speedup: 2.408 / Efficiency: 60% / LogL: -30373
Threads: 5 / Time: 4.651 sec / Speedup: 2.379 / Efficiency: 48% / LogL: -30373
BEST NUMBER OF THREADS: 4

Estimate model parameters (epsilon = 0.100)
1. Initial log-likelihood: -27767.720
2. Current log-likelihood: -25028.743
3. Current log-likelihood: -24951.392
4. Current log-likelihood: -24950.068
Optimal log-likelihood: -24949.992
Gamma shape alpha: 0.787
Parameters optimization took 4 rounds (2.188 sec)
Wrote distance file to... 
Computing ML distances based on estimated model parameters...
Calculating distance matrix: done in 0.37688 secs using 390.8% CPU
Computing ML distances took 0.377165 sec (of wall-clock time) 1.473165 sec (of CPU time)
WARNING: Some pairwise ML distances are too long (saturated)
Setting up auxiliary I and S matrices: done in 0.000178814 secs using 152.1% CPU
Computing RapidNJ tree took 0.005241 sec (of wall-clock time) 0.003533 sec (of CPU time)
Log-likelihood of RapidNJ tree: -24968.848
--------------------------------------------------------------------
|             INITIALIZING CANDIDATE TREE SET                      |
--------------------------------------------------------------------
Generating 98 parsimony trees... 1.293 second
Computing log-likelihood of 98 initial trees ... 11.298 seconds
Current best score: -24949.992

Do NNI search on 20 best initial trees
Estimate model parameters (epsilon = 0.100)
BETTER TREE FOUND at iteration 1: -24925.108
Estimate model parameters (epsilon = 0.100)
BETTER TREE FOUND at iteration 6: -24922.724
Estimate model parameters (epsilon = 0.100)
BETTER TREE FOUND at iteration 8: -24922.408
Iteration 10 / LogL: -24925.521 / Time: 0h:1m:16s
Iteration 20 / LogL: -24929.556 / Time: 0h:1m:48s
Finish initializing candidate tree set (18)
Current best tree score: -24922.408 / CPU time: 72.556
Number of iterations: 20
--------------------------------------------------------------------
|               OPTIMIZING CANDIDATE TREE SET                      |
--------------------------------------------------------------------
Iteration 30 / LogL: -24938.937 / Time: 0h:2m:19s (0h:6m:15s left)
Iteration 40 / LogL: -24922.408 / Time: 0h:2m:50s (0h:4m:57s left)
Estimate model parameters (epsilon = 0.100)
BETTER TREE FOUND at iteration 43: -24917.980
Iteration 50 / LogL: -24926.442 / Time: 0h:3m:22s (0h:6m:23s left)
Log-likelihood cutoff on original alignment: -24959.515
UPDATE BEST LOG-LIKELIHOOD: -24917.980
Iteration 60 / LogL: -24917.980 / Time: 0h:3m:58s (0h:5m:34s left)
Iteration 70 / LogL: -24917.980 / Time: 0h:4m:34s (0h:4m:50s left)
Iteration 80 / LogL: -24919.798 / Time: 0h:5m:15s (0h:4m:11s left)
Iteration 90 / LogL: -24917.984 / Time: 0h:5m:49s (0h:3m:27s left)
UPDATE BEST LOG-LIKELIHOOD: -24917.980
Iteration 100 / LogL: -24918.590 / Time: 0h:6m:25s (0h:2m:47s left)
Log-likelihood cutoff on original alignment: -24954.122
NOTE: Bootstrap correlation coefficient of split occurrence frequencies: 0.994
Iteration 110 / LogL: -24917.980 / Time: 0h:7m:4s (0h:5m:50s left)
Iteration 120 / LogL: -24933.951 / Time: 0h:7m:39s (0h:5m:9s left)
UPDATE BEST LOG-LIKELIHOOD: -24917.980
Iteration 130 / LogL: -24917.980 / Time: 0h:8m:15s (0h:4m:28s left)
Iteration 140 / LogL: -24923.978 / Time: 0h:8m:49s (0h:3m:48s left)
UPDATE BEST LOG-LIKELIHOOD: -24917.980
TREE SEARCH COMPLETED AFTER 144 ITERATIONS / Time: 0h:9m:5s

--------------------------------------------------------------------
|                    FINALIZING TREE SEARCH                        |
--------------------------------------------------------------------
Performs final model parameters optimization
Estimate model parameters (epsilon = 0.010)
1. Initial log-likelihood: -24917.980
Optimal log-likelihood: -24917.980
Gamma shape alpha: 0.784
Parameters optimization took 1 rounds (0.324 sec)
BEST SCORE FOUND : -24917.980
Creating bootstrap support values...
Split supports printed to NEXUS file /Users/bushrakhan/Desktop/NIPGR-data/MADS-box-Evolutionary-gene-detection/Advanced_Phylogenetic_Pipeline/3.Phylogeny_Output/Trees_FullLength/Amborella_trichopoda_MUSCLE_ML.splits.nex
Total tree length: 62.193

Total number of iterations: 144
CPU time used for tree search: 1482.581 sec (0h:24m:42s)
Wall-clock time used for tree search: 509.410 sec (0h:8m:29s)
Total CPU time used: 1556.359 sec (0h:25m:56s)
Total wall-clock time used: 545.427 sec (0h:9m:5s)

Computing bootstrap consensus tree...
Reading input file /Users/bushrakhan/Desktop/NIPGR-data/MADS-box-Evolutionary-gene-detection/Advanced_Phylogenetic_Pipeline/3.Phylogeny_Output/Trees_FullLength/Amborella_trichopoda_MUSCLE_ML.splits.nex...
61 taxa and 431 splits.
Consensus tree written to /Users/bushrakhan/Desktop/NIPGR-data/MADS-box-Evolutionary-gene-detection/Advanced_Phylogenetic_Pipeline/3.Phylogeny_Output/Trees_FullLength/Amborella_trichopoda_MUSCLE_ML.contree
Reading input trees file /Users/bushrakhan/Desktop/NIPGR-data/MADS-box-Evolutionary-gene-detection/Advanced_Phylogenetic_Pipeline/3.Phylogeny_Output/Trees_FullLength/Amborella_trichopoda_MUSCLE_ML.contree
Log-likelihood of consensus tree: -24917.980

Analysis results written to: 
  IQ-TREE report:                /Users/bushrakhan/Desktop/NIPGR-data/MADS-box-Evolutionary-gene-detection/Advanced_Phylogenetic_Pipeline/3.Phylogeny_Output/Trees_FullLength/Amborella_trichopoda_MUSCLE_ML.iqtree
  Maximum-likelihood tree:       /Users/bushrakhan/Desktop/NIPGR-data/MADS-box-Evolutionary-gene-detection/Advanced_Phylogenetic_Pipeline/3.Phylogeny_Output/Trees_FullLength/Amborella_trichopoda_MUSCLE_ML.treefile
  Likelihood distances:          /Users/bushrakhan/Desktop/NIPGR-data/MADS-box-Evolutionary-gene-detection/Advanced_Phylogenetic_Pipeline/3.Phylogeny_Output/Trees_FullLength/Amborella_trichopoda_MUSCLE_ML.mldist

Ultrafast bootstrap approximation results written to:
  Split support values:          /Users/bushrakhan/Desktop/NIPGR-data/MADS-box-Evolutionary-gene-detection/Advanced_Phylogenetic_Pipeline/3.Phylogeny_Output/Trees_FullLength/Amborella_trichopoda_MUSCLE_ML.splits.nex
  Consensus tree:                /Users/bushrakhan/Desktop/NIPGR-data/MADS-box-Evolutionary-gene-detection/Advanced_Phylogenetic_Pipeline/3.Phylogeny_Output/Trees_FullLength/Amborella_trichopoda_MUSCLE_ML.contree
  Screen log file:               /Users/bushrakhan/Desktop/NIPGR-data/MADS-box-Evolutionary-gene-detection/Advanced_Phylogenetic_Pipeline/3.Phylogeny_Output/Trees_FullLength/Amborella_trichopoda_MUSCLE_ML.log

Date and Time: Tue Apr 14 02:47:36 2026
