IQ-TREE multicore version 2.3.6 for MacOS ARM 64-bit built Jul 30 2024
Developed by Bui Quang Minh, Nguyen Lam Tung, Olga Chernomor, Heiko Schmidt,
Dominik Schrempf, Michael Woodhams, Ly Trong Nhan, Thomas Wong

Host:    Bushras-MacBook-Air.local (SSE4.2, 16 GB RAM)
Command: /opt/homebrew/bin/iqtree2 -s /Users/bushrakhan/Desktop/NIPGR-data/MADS-box-Evolutionary-gene-detection/Advanced_Phylogenetic_Pipeline/3.Phylogeny_Output/Alignments_FullLength/Nelumbo_nucifera_MAFFT_Aligned.fa -m LG+F+G -B 1000 -pre /Users/bushrakhan/Desktop/NIPGR-data/MADS-box-Evolutionary-gene-detection/Advanced_Phylogenetic_Pipeline/3.Phylogeny_Output/Trees_FullLength/Nelumbo_nucifera_MAFFT_ML -nt AUTO -redo
Seed:    365540 (Using SPRNG - Scalable Parallel Random Number Generator)
Time:    Tue Apr 14 06:28:16 2026
Kernel:  SSE2 - auto-detect threads (10 CPU cores detected)

Reading alignment file /Users/bushrakhan/Desktop/NIPGR-data/MADS-box-Evolutionary-gene-detection/Advanced_Phylogenetic_Pipeline/3.Phylogeny_Output/Alignments_FullLength/Nelumbo_nucifera_MAFFT_Aligned.fa ... Fasta format detected
Reading fasta file: done in 0.00114107 secs using 87.72% CPU
Alignment most likely contains protein sequences
Alignment has 92 sequences with 738 columns, 636 distinct patterns
373 parsimony-informative, 150 singleton sites, 214 constant sites
                Gap/Ambiguity  Composition  p-value
Analyzing sequences: done in 9.70364e-05 secs using 207.1% CPU
   1  XP_010240899.1   68.83%    passed     41.04%
   2  XP_010244698.1   67.62%    passed     95.37%
   3  XP_010244699.1   67.75%    passed     93.69%
   4  XP_010244700.1   69.51%    passed     96.54%
   5  XP_010245525.1   72.90%    passed     11.59%
   6  XP_010249055.1   72.36%    passed     42.83%
   7  XP_010249056.1   72.49%    passed     41.63%
   8  XP_010249057.1   72.49%    passed     39.50%
   9  XP_010250667.1   67.62%    passed     85.18%
  10  XP_010254524.1   69.38%    passed     87.47%
  11  XP_010254525.1   69.65%    passed     87.42%
  12  XP_010254615.1   67.48%    passed     97.85%
  13  XP_010254616.1   67.62%    passed     98.04%
  14  XP_010254617.1   69.38%    passed     99.53%
  15  XP_010255589.1   69.65%    passed     97.73%
  16  XP_010255590.1   69.65%    passed     97.73%
  17  XP_010255596.1   67.34%    passed     99.36%
  18  XP_010257792.1   54.61%    passed     26.50%
  19  XP_010257957.1   66.40%    passed     65.31%
  20  XP_010257958.1   67.07%    passed     81.41%
  21  XP_010258314.1   50.81%    passed     17.59%
  22  XP_010258315.1   52.17%    passed     41.29%
  23  XP_010258316.1   67.89%    passed     83.18%
  24  XP_010260833.1   67.07%    passed     83.55%
  25  XP_010260844.1   66.12%    passed     86.05%
  26  XP_010263856.1   69.51%    passed     91.86%
  27  XP_010269077.1   71.41%    passed     88.40%
  28  XP_010269101.1   40.65%    failed      0.33%
  29  XP_010269745.1   65.45%    passed     76.65%
  30  XP_010271509.1   69.51%    passed     69.60%
  31  XP_010272601.1   70.60%    passed     98.10%
  32  XP_010272608.1   67.21%    passed     82.25%
  33  XP_010272685.1   69.65%    passed     50.11%
  34  XP_010273432.1   69.51%    passed     90.87%
  35  XP_010273433.1   69.51%    passed     90.87%
  36  XP_010274370.1   59.62%    failed      4.38%
  37  XP_010275495.1   65.99%    passed     13.08%
  38  XP_010277487.1   68.97%    passed     81.54%
  39  XP_010277488.1   68.97%    passed     81.54%
  40  XP_010277489.1   69.24%    passed     82.25%
  41  XP_010279516.1   65.45%    passed     22.20%
  42  XP_019051694.1   67.62%    passed     95.37%
  43  XP_019053529.1   67.34%    passed     26.91%
  44  XP_019053922.1   67.07%    passed     83.55%
  45  XP_019055004.1   76.02%    passed     27.91%
  46  XP_019056050.1   65.45%    passed     22.20%
  47  XP_019056051.1   67.34%    passed     18.59%
  48  AT1G22130.1      54.61%    passed     29.59%
  49  AT1G24260.2      65.99%    passed     66.39%
  50  AT1G26310.1      65.45%    passed     88.96%
  51  AT1G31140.2      70.87%    passed     69.72%
  52  AT1G59810.1      61.65%    failed      0.02%
  53  AT1G69120.1      65.31%    passed     47.89%
  54  AT1G69540.2      50.27%    passed     14.06%
  55  AT1G71692.1      71.41%    passed     60.73%
  56  AT1G77080.8      69.78%    passed     51.67%
  57  AT1G77950.4      65.85%    passed     71.84%
  58  AT1G77980.1      55.01%    passed     43.64%
  59  AT2G03060.2      47.70%    failed      0.25%
  60  AT2G03710.1      65.04%    passed     84.18%
  61  AT2G14210.2      68.16%    passed     91.37%
  62  AT2G22540.1      67.48%    passed     82.58%
  63  AT2G22630.2      69.24%    passed     94.97%
  64  AT2G42830.2      66.40%    passed     43.37%
  65  AT2G45650.1      65.85%    passed     63.53%
  66  AT2G45660.1      71.00%    passed     58.48%
  67  AT3G02310.1      66.12%    passed     25.27%
  68  AT3G30260.1      66.26%    passed     38.15%
  69  AT3G54340.1      68.56%    passed     49.77%
  70  AT3G57230.1      67.48%    passed     51.66%
  71  AT3G57390.1      65.31%    passed     78.79%
  72  AT3G58780.4      61.92%    passed     35.09%
  73  AT3G61120.1      66.94%    passed     28.12%
  74  AT4G09960.4      55.42%    passed     13.27%
  75  AT4G11880.1      70.05%    passed     77.67%
  76  AT4G18960.1      65.85%    passed     41.54%
  77  AT4G22950.1      70.33%    passed     82.42%
  78  AT4G24540.1      70.19%    passed      6.46%
  79  AT4G37940.1      69.11%    passed     98.10%
  80  AT5G10140.1      73.44%    passed      5.27%
  81  AT5G13790.2      63.28%    passed     70.73%
  82  AT5G15800.2      64.50%    passed     13.92%
  83  AT5G20240.1      71.82%    passed      9.02%
  84  AT5G23260.4      63.69%    passed     10.76%
  85  AT5G51860.1      71.41%    passed      9.67%
  86  AT5G51870.3      68.97%    passed     79.33%
  87  AT5G60910.1      67.21%    passed     90.42%
  88  AT5G62165.2      71.54%    passed     85.01%
  89  AT5G65050.3      73.44%    passed     46.65%
  90  AT5G65060.1      73.44%    passed     19.58%
  91  AT5G65070.1      72.90%    passed     15.92%
  92  AT5G65080.2      72.36%    passed     32.38%
WARNING: 90 sequences contain more than 50% gaps/ambiguity
****  TOTAL            66.68%  4 sequences failed composition chi2 test (p-value<5%; df=19)
NOTE: XP_019051694.1 is identical to XP_010244698.1 but kept for subsequent analysis
NOTE: XP_010255590.1 is identical to XP_010255589.1 but kept for subsequent analysis
NOTE: XP_019053922.1 is identical to XP_010260833.1 but kept for subsequent analysis
NOTE: XP_010273433.1 is identical to XP_010273432.1 but kept for subsequent analysis
NOTE: XP_010277488.1 is identical to XP_010277487.1 but kept for subsequent analysis
NOTE: XP_019056050.1 is identical to XP_010279516.1 but kept for subsequent analysis

Create initial parsimony tree by phylogenetic likelihood library (PLL)... 0.021 seconds
Generating 1000 samples for ultrafast bootstrap (seed: 365540)...

NOTE: 39 MB RAM (0 GB) is required!
Measuring multi-threading efficiency up to 10 CPU cores
Increase to 10 rounds for branch lengths
4 trees examined
Threads: 1 / Time: 12.710 sec / Speedup: 1.000 / Efficiency: 100% / LogL: -43089
Threads: 2 / Time: 8.013 sec / Speedup: 1.586 / Efficiency: 79% / LogL: -43089
Threads: 3 / Time: 5.615 sec / Speedup: 2.264 / Efficiency: 75% / LogL: -43089
Threads: 4 / Time: 5.053 sec / Speedup: 2.515 / Efficiency: 63% / LogL: -43089
Threads: 5 / Time: 5.139 sec / Speedup: 2.473 / Efficiency: 49% / LogL: -43089
BEST NUMBER OF THREADS: 4

Estimate model parameters (epsilon = 0.100)
1. Initial log-likelihood: -29298.507
2. Current log-likelihood: -27370.090
3. Current log-likelihood: -27299.455
4. Current log-likelihood: -27291.625
5. Current log-likelihood: -27290.780
Optimal log-likelihood: -27290.656
Gamma shape alpha: 0.905
Parameters optimization took 5 rounds (4.293 sec)
Wrote distance file to... 
Computing ML distances based on estimated model parameters...
Calculating distance matrix: done in 0.752732 secs using 373.7% CPU
Computing ML distances took 0.753020 sec (of wall-clock time) 2.813197 sec (of CPU time)
Setting up auxiliary I and S matrices: done in 0.000206947 secs using 215% CPU
Computing RapidNJ tree took 0.009339 sec (of wall-clock time) 0.006266 sec (of CPU time)
Log-likelihood of RapidNJ tree: -27431.212
--------------------------------------------------------------------
|             INITIALIZING CANDIDATE TREE SET                      |
--------------------------------------------------------------------
Generating 98 parsimony trees... 2.482 second
Computing log-likelihood of 98 initial trees ... 14.297 seconds
Current best score: -27290.656

Do NNI search on 20 best initial trees
Estimate model parameters (epsilon = 0.100)
BETTER TREE FOUND at iteration 1: -27252.172
Estimate model parameters (epsilon = 0.100)
BETTER TREE FOUND at iteration 3: -27250.618
Estimate model parameters (epsilon = 0.100)
BETTER TREE FOUND at iteration 4: -27248.326
Estimate model parameters (epsilon = 0.100)
BETTER TREE FOUND at iteration 5: -27247.963
Iteration 10 / LogL: -27254.033 / Time: 0h:1m:50s
Iteration 20 / LogL: -27250.994 / Time: 0h:2m:43s
Finish initializing candidate tree set (20)
Current best tree score: -27247.963 / CPU time: 121.275
Number of iterations: 20
--------------------------------------------------------------------
|               OPTIMIZING CANDIDATE TREE SET                      |
--------------------------------------------------------------------
Estimate model parameters (epsilon = 0.100)
BETTER TREE FOUND at iteration 28: -27247.564
Iteration 30 / LogL: -27248.078 / Time: 0h:3m:30s (0h:11m:50s left)
Iteration 40 / LogL: -27253.750 / Time: 0h:4m:15s (0h:9m:36s left)
Iteration 50 / LogL: -27247.965 / Time: 0h:5m:2s (0h:8m:1s left)
Log-likelihood cutoff on original alignment: -27280.022
Iteration 60 / LogL: -27248.318 / Time: 0h:5m:50s (0h:6m:44s left)
Estimate model parameters (epsilon = 0.100)
BETTER TREE FOUND at iteration 66: -27247.548
Iteration 70 / LogL: -27292.204 / Time: 0h:6m:37s (0h:9m:12s left)
Iteration 80 / LogL: -27249.670 / Time: 0h:7m:22s (0h:8m:2s left)
Iteration 90 / LogL: -27250.528 / Time: 0h:8m:5s (0h:6m:54s left)
Iteration 100 / LogL: -27248.389 / Time: 0h:8m:48s (0h:5m:52s left)
Log-likelihood cutoff on original alignment: -27280.022
NOTE: Bootstrap correlation coefficient of split occurrence frequencies: 0.999
Iteration 110 / LogL: -27248.340 / Time: 0h:9m:36s (0h:7m:55s left)
Iteration 120 / LogL: -27254.777 / Time: 0h:10m:23s (0h:6m:59s left)
Iteration 130 / LogL: -27247.984 / Time: 0h:11m:3s (0h:5m:59s left)
Iteration 140 / LogL: -27249.240 / Time: 0h:11m:47s (0h:5m:5s left)
Iteration 150 / LogL: -27247.988 / Time: 0h:12m:33s (0h:4m:12s left)
Log-likelihood cutoff on original alignment: -27280.022
Iteration 160 / LogL: -27250.717 / Time: 0h:13m:18s (0h:3m:20s left)
TREE SEARCH COMPLETED AFTER 167 ITERATIONS / Time: 0h:13m:51s

--------------------------------------------------------------------
|                    FINALIZING TREE SEARCH                        |
--------------------------------------------------------------------
Performs final model parameters optimization
Estimate model parameters (epsilon = 0.010)
1. Initial log-likelihood: -27247.548
Optimal log-likelihood: -27247.548
Gamma shape alpha: 0.879
Parameters optimization took 1 rounds (0.446 sec)
BEST SCORE FOUND : -27247.548
Creating bootstrap support values...
Split supports printed to NEXUS file /Users/bushrakhan/Desktop/NIPGR-data/MADS-box-Evolutionary-gene-detection/Advanced_Phylogenetic_Pipeline/3.Phylogeny_Output/Trees_FullLength/Nelumbo_nucifera_MAFFT_ML.splits.nex
Total tree length: 57.553

Total number of iterations: 167
CPU time used for tree search: 2311.599 sec (0h:38m:31s)
Wall-clock time used for tree search: 788.372 sec (0h:13m:8s)
Total CPU time used: 2402.015 sec (0h:40m:2s)
Total wall-clock time used: 831.667 sec (0h:13m:51s)

Computing bootstrap consensus tree...
Reading input file /Users/bushrakhan/Desktop/NIPGR-data/MADS-box-Evolutionary-gene-detection/Advanced_Phylogenetic_Pipeline/3.Phylogeny_Output/Trees_FullLength/Nelumbo_nucifera_MAFFT_ML.splits.nex...
92 taxa and 465 splits.
Consensus tree written to /Users/bushrakhan/Desktop/NIPGR-data/MADS-box-Evolutionary-gene-detection/Advanced_Phylogenetic_Pipeline/3.Phylogeny_Output/Trees_FullLength/Nelumbo_nucifera_MAFFT_ML.contree
Reading input trees file /Users/bushrakhan/Desktop/NIPGR-data/MADS-box-Evolutionary-gene-detection/Advanced_Phylogenetic_Pipeline/3.Phylogeny_Output/Trees_FullLength/Nelumbo_nucifera_MAFFT_ML.contree
Log-likelihood of consensus tree: -27247.556

Analysis results written to: 
  IQ-TREE report:                /Users/bushrakhan/Desktop/NIPGR-data/MADS-box-Evolutionary-gene-detection/Advanced_Phylogenetic_Pipeline/3.Phylogeny_Output/Trees_FullLength/Nelumbo_nucifera_MAFFT_ML.iqtree
  Maximum-likelihood tree:       /Users/bushrakhan/Desktop/NIPGR-data/MADS-box-Evolutionary-gene-detection/Advanced_Phylogenetic_Pipeline/3.Phylogeny_Output/Trees_FullLength/Nelumbo_nucifera_MAFFT_ML.treefile
  Likelihood distances:          /Users/bushrakhan/Desktop/NIPGR-data/MADS-box-Evolutionary-gene-detection/Advanced_Phylogenetic_Pipeline/3.Phylogeny_Output/Trees_FullLength/Nelumbo_nucifera_MAFFT_ML.mldist

Ultrafast bootstrap approximation results written to:
  Split support values:          /Users/bushrakhan/Desktop/NIPGR-data/MADS-box-Evolutionary-gene-detection/Advanced_Phylogenetic_Pipeline/3.Phylogeny_Output/Trees_FullLength/Nelumbo_nucifera_MAFFT_ML.splits.nex
  Consensus tree:                /Users/bushrakhan/Desktop/NIPGR-data/MADS-box-Evolutionary-gene-detection/Advanced_Phylogenetic_Pipeline/3.Phylogeny_Output/Trees_FullLength/Nelumbo_nucifera_MAFFT_ML.contree
  Screen log file:               /Users/bushrakhan/Desktop/NIPGR-data/MADS-box-Evolutionary-gene-detection/Advanced_Phylogenetic_Pipeline/3.Phylogeny_Output/Trees_FullLength/Nelumbo_nucifera_MAFFT_ML.log

Date and Time: Tue Apr 14 06:42:10 2026
