IQ-TREE multicore version 2.3.6 for MacOS ARM 64-bit built Jul 30 2024
Developed by Bui Quang Minh, Nguyen Lam Tung, Olga Chernomor, Heiko Schmidt,
Dominik Schrempf, Michael Woodhams, Ly Trong Nhan, Thomas Wong

Host:    Bushras-MacBook-Air.local (SSE4.2, 16 GB RAM)
Command: /opt/homebrew/bin/iqtree2 -s /Users/bushrakhan/Desktop/NIPGR-data/MADS-box-Evolutionary-gene-detection/Advanced_Phylogenetic_Pipeline/3.Phylogeny_Output/Alignments_FullLength/Piper_auritum_MUSCLE_Aligned.fa -m LG+F+G -B 1000 -pre /Users/bushrakhan/Desktop/NIPGR-data/MADS-box-Evolutionary-gene-detection/Advanced_Phylogenetic_Pipeline/3.Phylogeny_Output/Trees_FullLength/Piper_auritum_MUSCLE_ML -nt AUTO -redo
Seed:    866895 (Using SPRNG - Scalable Parallel Random Number Generator)
Time:    Tue Apr 14 08:23:51 2026
Kernel:  SSE2 - auto-detect threads (10 CPU cores detected)

Reading alignment file /Users/bushrakhan/Desktop/NIPGR-data/MADS-box-Evolutionary-gene-detection/Advanced_Phylogenetic_Pipeline/3.Phylogeny_Output/Alignments_FullLength/Piper_auritum_MUSCLE_Aligned.fa ... Fasta format detected
Reading fasta file: done in 0.00073719 secs using 90.75% CPU
Alignment most likely contains protein sequences
Alignment has 52 sequences with 835 columns, 669 distinct patterns
276 parsimony-informative, 206 singleton sites, 353 constant sites
                                     Gap/Ambiguity  Composition  p-value
Analyzing sequences: done in 7.48634e-05 secs using 185.7% CPU
   1  AT1G59810.1                           66.11%    failed      0.10%
   2  AT1G31140.2                           74.25%    passed     77.84%
   3  AT1G77980.1                           60.24%    passed     45.17%
   4  AT1G22130.1                           59.88%    passed     32.18%
   5  AT1G77950.4                           69.82%    passed     63.02%
   6  AT1G24260.2                           69.94%    passed     44.84%
   7  AT1G71692.1                           74.73%    passed     60.32%
   8  AT5G23260.4                           67.90%    passed      5.23%
   9  scaffold-MUNP-2011315-Piper_auritum   81.56%    passed     96.73%
  10  AT3G30260.1                           70.18%    passed     25.98%
  11  AT5G20240.1                           75.09%    passed     11.70%
  12  AT5G60910.1                           71.02%    passed     95.38%
  13  scaffold-MUNP-2001384-Piper_auritum   72.81%    passed     99.01%
  14  scaffold-MUNP-2001472-Piper_auritum   70.54%    passed     96.00%
  15  AT1G26310.1                           69.46%    passed     82.64%
  16  AT1G69120.1                           69.34%    passed     40.99%
  17  AT4G09960.4                           60.60%    passed     21.04%
  18  AT3G57390.1                           69.34%    passed     79.00%
  19  AT5G65080.2                           75.57%    passed     46.49%
  20  AT5G65070.1                           76.05%    passed     17.96%
  21  AT1G77080.8                           73.29%    passed     60.26%
  22  AT5G10140.1                           76.53%    passed      9.30%
  23  AT5G65050.3                           76.53%    passed     51.58%
  24  AT5G65060.1                           76.53%    passed     26.40%
  25  AT5G13790.2                           67.54%    passed     63.47%
  26  AT2G42830.2                           70.30%    passed     39.85%
  27  AT3G58780.4                           66.35%    passed     40.13%
  28  AT2G14210.2                           71.86%    passed     86.07%
  29  AT4G24540.1                           73.65%    passed      6.55%
  30  scaffold-MUNP-2001867-Piper_auritum   72.81%    passed     91.48%
  31  AT2G22540.1                           71.26%    passed     78.62%
  32  AT4G18960.1                           69.82%    passed     28.59%
  33  AT3G57230.1                           71.26%    passed     54.96%
  34  AT2G22630.2                           72.81%    passed     95.74%
  35  AT4G37940.1                           72.69%    passed     97.03%
  36  AT3G54340.1                           72.22%    passed     48.89%
  37  AT2G03710.1                           69.10%    passed     83.55%
  38  AT3G02310.1                           70.06%    passed     18.26%
  39  AT5G15800.2                           68.62%    passed     10.94%
  40  AT4G11880.1                           73.53%    passed     78.07%
  41  AT4G22950.1                           73.77%    passed     80.89%
  42  AT3G61120.1                           70.78%    passed     28.59%
  43  AT2G45650.1                           69.82%    passed     77.46%
  44  AT5G51870.3                           72.57%    passed     83.86%
  45  AT2G45660.1                           74.37%    passed     71.73%
  46  AT5G62165.2                           74.85%    passed     85.45%
  47  scaffold-MUNP-2011435-Piper_auritum   74.85%    passed     57.85%
  48  scaffold-MUNP-2004874-Piper_auritum   75.09%    passed     88.28%
  49  scaffold-MUNP-2004875-Piper_auritum   75.09%    passed     88.28%
  50  AT5G51860.1                           74.73%    passed     20.45%
  51  AT1G69540.2                           56.05%    passed     27.47%
  52  AT2G03060.2                           53.77%    failed      0.18%
WARNING: 52 sequences contain more than 50% gaps/ambiguity
****  TOTAL                                 70.90%  2 sequences failed composition chi2 test (p-value<5%; df=19)
NOTE: scaffold-MUNP-2004875-Piper_auritum is identical to scaffold-MUNP-2004874-Piper_auritum but kept for subsequent analysis

Create initial parsimony tree by phylogenetic likelihood library (PLL)... 0.008 seconds
Generating 1000 samples for ultrafast bootstrap (seed: 866895)...

NOTE: 24 MB RAM (0 GB) is required!
Measuring multi-threading efficiency up to 10 CPU cores
Increase to 10 rounds for branch lengths
6 trees examined
Threads: 1 / Time: 10.933 sec / Speedup: 1.000 / Efficiency: 100% / LogL: -26177
Threads: 2 / Time: 7.026 sec / Speedup: 1.556 / Efficiency: 78% / LogL: -26177
Threads: 3 / Time: 4.825 sec / Speedup: 2.266 / Efficiency: 76% / LogL: -26177
Threads: 4 / Time: 4.401 sec / Speedup: 2.484 / Efficiency: 62% / LogL: -26177
Threads: 5 / Time: 4.520 sec / Speedup: 2.419 / Efficiency: 48% / LogL: -26177
BEST NUMBER OF THREADS: 4

Estimate model parameters (epsilon = 0.100)
1. Initial log-likelihood: -23734.829
2. Current log-likelihood: -21512.014
3. Current log-likelihood: -21453.840
4. Current log-likelihood: -21452.199
Optimal log-likelihood: -21452.119
Gamma shape alpha: 0.771
Parameters optimization took 4 rounds (2.122 sec)
Wrote distance file to... 
Computing ML distances based on estimated model parameters...
Calculating distance matrix: done in 0.262189 secs using 381.9% CPU
Computing ML distances took 0.262482 sec (of wall-clock time) 1.001578 sec (of CPU time)
WARNING: Some pairwise ML distances are too long (saturated)
Setting up auxiliary I and S matrices: done in 0.000172138 secs using 209.7% CPU
Computing RapidNJ tree took 0.004584 sec (of wall-clock time) 0.002803 sec (of CPU time)
Log-likelihood of RapidNJ tree: -21439.549
--------------------------------------------------------------------
|             INITIALIZING CANDIDATE TREE SET                      |
--------------------------------------------------------------------
Generating 98 parsimony trees... 0.990 second
Computing log-likelihood of 98 initial trees ... 8.694 seconds
Current best score: -21439.549

Do NNI search on 20 best initial trees
Estimate model parameters (epsilon = 0.100)
BETTER TREE FOUND at iteration 1: -21425.227
Estimate model parameters (epsilon = 0.100)
BETTER TREE FOUND at iteration 3: -21421.140
Estimate model parameters (epsilon = 0.100)
BETTER TREE FOUND at iteration 7: -21418.793
Iteration 10 / LogL: -21423.348 / Time: 0h:1m:6s
Iteration 20 / LogL: -21434.018 / Time: 0h:1m:30s
Finish initializing candidate tree set (20)
Current best tree score: -21418.793 / CPU time: 55.622
Number of iterations: 20
--------------------------------------------------------------------
|               OPTIMIZING CANDIDATE TREE SET                      |
--------------------------------------------------------------------
Estimate model parameters (epsilon = 0.100)
BETTER TREE FOUND at iteration 26: -21418.710
Estimate model parameters (epsilon = 0.100)
BETTER TREE FOUND at iteration 27: -21418.430
Iteration 30 / LogL: -21420.028 / Time: 0h:1m:51s (0h:6m:14s left)
Iteration 40 / LogL: -21418.743 / Time: 0h:2m:13s (0h:4m:57s left)
Estimate model parameters (epsilon = 0.100)
BETTER TREE FOUND at iteration 42: -21418.394
Estimate model parameters (epsilon = 0.100)
BETTER TREE FOUND at iteration 43: -21418.120
UPDATE BEST LOG-LIKELIHOOD: -21418.119
Iteration 50 / LogL: -21418.656 / Time: 0h:2m:38s (0h:5m:0s left)
Log-likelihood cutoff on original alignment: -21456.750
Iteration 60 / LogL: -21418.461 / Time: 0h:3m:0s (0h:4m:13s left)
Iteration 70 / LogL: -21418.330 / Time: 0h:3m:24s (0h:3m:35s left)
Iteration 80 / LogL: -21418.154 / Time: 0h:3m:47s (0h:3m:1s left)
Iteration 90 / LogL: -21418.119 / Time: 0h:4m:12s (0h:2m:30s left)
Iteration 100 / LogL: -21418.119 / Time: 0h:4m:36s (0h:1m:59s left)
Log-likelihood cutoff on original alignment: -21456.750
NOTE: Bootstrap correlation coefficient of split occurrence frequencies: 0.995
Iteration 110 / LogL: -21420.259 / Time: 0h:5m:0s (0h:4m:8s left)
Iteration 120 / LogL: -21424.350 / Time: 0h:5m:23s (0h:3m:37s left)
Iteration 130 / LogL: -21418.259 / Time: 0h:5m:47s (0h:3m:8s left)
Iteration 140 / LogL: -21418.772 / Time: 0h:6m:12s (0h:2m:40s left)
TREE SEARCH COMPLETED AFTER 144 ITERATIONS / Time: 0h:6m:21s

--------------------------------------------------------------------
|                    FINALIZING TREE SEARCH                        |
--------------------------------------------------------------------
Performs final model parameters optimization
Estimate model parameters (epsilon = 0.010)
1. Initial log-likelihood: -21418.119
Optimal log-likelihood: -21418.118
Gamma shape alpha: 0.760
Parameters optimization took 1 rounds (0.309 sec)
BEST SCORE FOUND : -21418.118
Creating bootstrap support values...
Split supports printed to NEXUS file /Users/bushrakhan/Desktop/NIPGR-data/MADS-box-Evolutionary-gene-detection/Advanced_Phylogenetic_Pipeline/3.Phylogeny_Output/Trees_FullLength/Piper_auritum_MUSCLE_ML.splits.nex
Total tree length: 57.122

Total number of iterations: 144
CPU time used for tree search: 1012.005 sec (0h:16m:52s)
Wall-clock time used for tree search: 347.178 sec (0h:5m:47s)
Total CPU time used: 1082.440 sec (0h:18m:2s)
Total wall-clock time used: 382.222 sec (0h:6m:22s)

Computing bootstrap consensus tree...
Reading input file /Users/bushrakhan/Desktop/NIPGR-data/MADS-box-Evolutionary-gene-detection/Advanced_Phylogenetic_Pipeline/3.Phylogeny_Output/Trees_FullLength/Piper_auritum_MUSCLE_ML.splits.nex...
52 taxa and 453 splits.
Consensus tree written to /Users/bushrakhan/Desktop/NIPGR-data/MADS-box-Evolutionary-gene-detection/Advanced_Phylogenetic_Pipeline/3.Phylogeny_Output/Trees_FullLength/Piper_auritum_MUSCLE_ML.contree
Reading input trees file /Users/bushrakhan/Desktop/NIPGR-data/MADS-box-Evolutionary-gene-detection/Advanced_Phylogenetic_Pipeline/3.Phylogeny_Output/Trees_FullLength/Piper_auritum_MUSCLE_ML.contree
Log-likelihood of consensus tree: -21418.120

Analysis results written to: 
  IQ-TREE report:                /Users/bushrakhan/Desktop/NIPGR-data/MADS-box-Evolutionary-gene-detection/Advanced_Phylogenetic_Pipeline/3.Phylogeny_Output/Trees_FullLength/Piper_auritum_MUSCLE_ML.iqtree
  Maximum-likelihood tree:       /Users/bushrakhan/Desktop/NIPGR-data/MADS-box-Evolutionary-gene-detection/Advanced_Phylogenetic_Pipeline/3.Phylogeny_Output/Trees_FullLength/Piper_auritum_MUSCLE_ML.treefile
  Likelihood distances:          /Users/bushrakhan/Desktop/NIPGR-data/MADS-box-Evolutionary-gene-detection/Advanced_Phylogenetic_Pipeline/3.Phylogeny_Output/Trees_FullLength/Piper_auritum_MUSCLE_ML.mldist

Ultrafast bootstrap approximation results written to:
  Split support values:          /Users/bushrakhan/Desktop/NIPGR-data/MADS-box-Evolutionary-gene-detection/Advanced_Phylogenetic_Pipeline/3.Phylogeny_Output/Trees_FullLength/Piper_auritum_MUSCLE_ML.splits.nex
  Consensus tree:                /Users/bushrakhan/Desktop/NIPGR-data/MADS-box-Evolutionary-gene-detection/Advanced_Phylogenetic_Pipeline/3.Phylogeny_Output/Trees_FullLength/Piper_auritum_MUSCLE_ML.contree
  Screen log file:               /Users/bushrakhan/Desktop/NIPGR-data/MADS-box-Evolutionary-gene-detection/Advanced_Phylogenetic_Pipeline/3.Phylogeny_Output/Trees_FullLength/Piper_auritum_MUSCLE_ML.log

Date and Time: Tue Apr 14 08:30:15 2026
