IQ-TREE multicore version 2.3.6 for MacOS ARM 64-bit built Jul 30 2024
Developed by Bui Quang Minh, Nguyen Lam Tung, Olga Chernomor, Heiko Schmidt,
Dominik Schrempf, Michael Woodhams, Ly Trong Nhan, Thomas Wong

Host:    Bushras-MacBook-Air.local (SSE4.2, 16 GB RAM)
Command: iqtree2 -s /Users/bushrakhan/Desktop/NIPGR-data/MADS-box-Evolutionary-gene-detection/Simultaneous_Phylogenetic_Analysis/Results_v4/Medicago_truncatula/Medicago_truncatula_MUSCLE.fa -m JTT+G -B 1000 -T AUTO -pre /Users/bushrakhan/Desktop/NIPGR-data/MADS-box-Evolutionary-gene-detection/Simultaneous_Phylogenetic_Analysis/Results_v4/Medicago_truncatula/Medicago_truncatula_MUSCLE_NJ -redo
Seed:    507636 (Using SPRNG - Scalable Parallel Random Number Generator)
Time:    Tue Apr  7 07:28:39 2026
Kernel:  SSE2 - auto-detect threads (10 CPU cores detected)

Reading alignment file /Users/bushrakhan/Desktop/NIPGR-data/MADS-box-Evolutionary-gene-detection/Simultaneous_Phylogenetic_Analysis/Results_v4/Medicago_truncatula/Medicago_truncatula_MUSCLE.fa ... Fasta format detected
Reading fasta file: done in 0.00245118 secs using 87.79% CPU
Alignment most likely contains protein sequences
Alignment has 118 sequences with 1136 columns, 878 distinct patterns
342 parsimony-informative, 226 singleton sites, 568 constant sites
                  Gap/Ambiguity  Composition  p-value
Analyzing sequences: done in 8.41618e-05 secs using 322% CPU
   1  AT1G59810.1        75.09%    failed      0.16%
   2  AT2G03060.2        66.02%    failed      0.30%
   3  Medtr5g041650.1    64.61%    failed      2.00%
   4  AT1G69540.1        69.72%    passed     65.46%
   5  AT1G77980.1        70.77%    passed     46.46%
   6  AT1G77950.1        77.82%    passed     47.01%
   7  AT1G77950.2        77.82%    passed     47.01%
   8  AT1G22130.1        70.51%    passed     31.91%
   9  Medtr5g061740.1    70.86%    failed      0.01%
  10  Medtr4g084740.1    70.60%    failed      0.29%
  11  Medtr3g102570.1    72.01%    passed     33.17%
  12  AT1G31140.1        81.25%    passed     86.79%
  13  AT1G31140.2        81.07%    passed     86.23%
  14  Medtr1g053070.1    78.08%    passed     83.44%
  15  AT5G23260.3        79.05%    passed      7.34%
  16  AT5G23260.2        77.82%    failed      4.10%
  17  AT5G23260.1        78.26%    passed      5.49%
  18  Medtr5g021270.2    79.58%    passed     22.42%
  19  Medtr3g088615.1    84.07%    passed     43.11%
  20  Medtr1g029670.1    84.15%    passed     15.97%
  21  AT5G20240.1        81.69%    passed     15.25%
  22  Medtr3g113030.1    79.84%    passed     81.93%
  23  AT3G54340.1        79.58%    passed     56.70%
  24  Medtr0003s0590.1   77.46%    passed     75.94%
  25  AT5G13790.1        76.41%    passed     32.82%
  26  AT2G22540.1        78.87%    passed     53.79%
  27  AT2G22540.2        79.31%    passed     50.80%
  28  Medtr5g032520.1    80.02%    passed     43.32%
  29  Medtr5g032150.1    79.93%    passed     34.49%
  30  Medtr5g066180.1    80.19%    passed     42.00%
  31  AT4G24540.1        80.63%    failed      1.80%
  32  Medtr5g031000.1    78.96%    passed     68.27%
  33  Medtr2g009890.1    75.53%    passed     96.38%
  34  AT2G14210.1        79.40%    passed     74.25%
  35  AT3G57230.2        78.96%    passed     56.61%
  36  AT3G57230.1        78.87%    passed     48.91%
  37  AT4G37940.1        79.93%    passed     91.17%
  38  AT2G22630.1        80.02%    passed     87.78%
  39  AT5G60910.1        78.70%    passed     84.03%
  40  Medtr4g109830.1    79.58%    passed     92.01%
  41  AT3G30260.1        78.08%    passed     16.87%
  42  AT3G61120.1        78.52%    passed     24.02%
  43  AT1G24260.3        79.14%    passed     36.99%
  44  AT1G24260.2        77.90%    passed     43.63%
  45  AT1G24260.1        77.99%    passed     38.64%
  46  Medtr3g084980.1    78.52%    passed     78.80%
  47  Medtr8g097090.1    78.70%    passed     14.79%
  48  AT1G26310.1        77.55%    passed     81.60%
  49  AT1G69120.1        77.46%    passed     50.94%
  50  Medtr8g066260.1    78.87%    passed     91.95%
  51  Medtr5g046790.1    81.43%    passed     95.48%
  52  Medtr6g464720.1    77.99%    passed     92.65%
  53  Medtr8g033270.1    77.90%    passed     80.16%
  54  Medtr1g101970.1    83.36%    passed     87.01%
  55  AT3G02310.1        77.99%    passed     27.04%
  56  AT5G15800.1        77.90%    passed     25.69%
  57  AT5G15800.2        76.94%    passed     19.77%
  58  Medtr7g016600.1    78.08%    passed     64.31%
  59  Medtr6g015975.1    77.99%    passed     92.11%
  60  AT2G45650.1        77.82%    passed     81.90%
  61  AT2G03710.1        77.29%    passed     81.26%
  62  AT2G03710.2        77.38%    passed     82.90%
  63  Medtr7g075850.1    77.99%    passed     87.45%
  64  AT2G03710.3        83.54%    passed     66.81%
  65  AT5G51870.2        84.86%    passed     28.18%
  66  Medtr7g016630.1    77.46%    passed     51.69%
  67  AT3G57390.1        77.46%    passed     49.84%
  68  Medtr3g005530.1    80.37%    passed     72.82%
  69  AT4G09960.2        80.99%    passed     20.41%
  70  AT4G09960.4        79.40%    passed     21.96%
  71  AT4G09960.3        77.46%    passed     33.47%
  72  AT4G09960.1        79.75%    passed     21.36%
  73  AT2G42830.1        78.35%    passed     36.54%
  74  AT2G42830.2        78.17%    passed     35.47%
  75  AT3G58780.3        75.97%    passed     65.52%
  76  AT3G58780.1        78.17%    passed     66.04%
  77  AT3G58780.2        78.79%    passed     70.67%
  78  AT4G18960.1        77.82%    passed     24.53%
  79  Medtr2g017865.1    77.11%    passed     21.24%
  80  Medtr3g452380.3    78.52%    passed     70.68%
  81  Medtr8g087860.1    78.52%    passed     34.36%
  82  AT4G22950.1        80.72%    passed     52.57%
  83  AT4G11880.1        80.55%    passed     56.84%
  84  Medtr8g033220.1    79.75%    passed     13.13%
  85  Medtr8g033250.1    80.28%    passed     21.82%
  86  Medtr4g093970.1    78.96%    passed     13.83%
  87  AT5G51870.1        81.78%    passed     36.64%
  88  AT5G51870.3        80.72%    passed     47.39%
  89  AT5G51860.1        81.43%    passed     15.83%
  90  AT5G51860.2        82.22%    passed      9.67%
  91  AT5G62165.1        81.51%    passed     65.52%
  92  AT5G62165.3        81.51%    passed     65.52%
  93  AT5G62165.2        81.51%    passed     65.52%
  94  AT5G62165.4        82.75%    passed     88.06%
  95  Medtr4g102530.1    81.95%    passed      6.24%
  96  Medtr7g075870.1    81.25%    passed     64.02%
  97  AT2G45660.1        81.16%    passed     47.99%
  98  AT5G65080.2        82.66%    passed     26.96%
  99  Medtr4g109810.1    78.70%    passed     82.44%
 100  AT1G77080.2        83.10%    passed     30.82%
 101  AT5G65060.2        83.71%    passed     18.35%
 102  AT5G10140.4        83.98%    passed      8.23%
 103  AT5G65050.1        83.98%    passed     27.52%
 104  AT5G10140.1        82.75%    failed      4.98%
 105  AT1G77080.4        82.75%    passed     29.28%
 106  AT5G65060.1        82.75%    passed     11.28%
 107  AT5G65050.3        82.75%    passed     27.83%
 108  AT5G65070.3        79.58%    passed     17.74%
 109  AT5G65070.1        82.39%    passed      6.87%
 110  AT5G65070.2        79.67%    passed     15.48%
 111  AT1G77080.5        84.77%    passed      6.94%
 112  AT5G65050.2        84.33%    passed     12.97%
 113  AT5G65080.1        81.95%    passed     19.20%
 114  AT5G10140.2        85.30%    failed      3.27%
 115  AT5G10140.3        83.63%    passed      6.33%
 116  Medtr1g038300.1    79.58%    passed     47.37%
 117  Medtr4g036050.1    82.22%    passed     15.94%
 118  AT1G71692.1        81.43%    passed     65.02%
WARNING: 118 sequences contain more than 50% gaps/ambiguity
****  TOTAL              79.23%  9 sequences failed composition chi2 test (p-value<5%; df=19)
NOTE: AT1G77950.2 is identical to AT1G77950.1 but kept for subsequent analysis
NOTE: AT5G62165.3 is identical to AT5G62165.1 but kept for subsequent analysis
NOTE: 1 identical sequences (see below) will be ignored for subsequent analysis
NOTE: AT5G62165.2 (identical to AT5G62165.1) is ignored but added at the end
Alignment was printed to /Users/bushrakhan/Desktop/NIPGR-data/MADS-box-Evolutionary-gene-detection/Simultaneous_Phylogenetic_Analysis/Results_v4/Medicago_truncatula/Medicago_truncatula_MUSCLE_NJ.uniqueseq.phy

For your convenience alignment with unique sequences printed to /Users/bushrakhan/Desktop/NIPGR-data/MADS-box-Evolutionary-gene-detection/Simultaneous_Phylogenetic_Analysis/Results_v4/Medicago_truncatula/Medicago_truncatula_MUSCLE_NJ.uniqueseq.phy

Create initial parsimony tree by phylogenetic likelihood library (PLL)... 0.053 seconds
Generating 1000 samples for ultrafast bootstrap (seed: 507636)...

NOTE: 68 MB RAM (0 GB) is required!
Measuring multi-threading efficiency up to 10 CPU cores
Increase to 10 rounds for branch lengths
2 trees examined
Threads: 1 / Time: 10.996 sec / Speedup: 1.000 / Efficiency: 100% / LogL: -54210
Threads: 2 / Time: 7.001 sec / Speedup: 1.571 / Efficiency: 79% / LogL: -54210
Threads: 3 / Time: 4.759 sec / Speedup: 2.311 / Efficiency: 77% / LogL: -54210
Threads: 4 / Time: 4.313 sec / Speedup: 2.549 / Efficiency: 64% / LogL: -54210
Threads: 5 / Time: 4.305 sec / Speedup: 2.554 / Efficiency: 51% / LogL: -54210
Threads: 6 / Time: 4.279 sec / Speedup: 2.570 / Efficiency: 43% / LogL: -54210
BEST NUMBER OF THREADS: 4

Estimate model parameters (epsilon = 0.100)
1. Initial log-likelihood: -37624.732
2. Current log-likelihood: -33469.197
3. Current log-likelihood: -33388.621
4. Current log-likelihood: -33384.368
5. Current log-likelihood: -33383.207
6. Current log-likelihood: -33382.981
Optimal log-likelihood: -33382.910
Gamma shape alpha: 0.886
Parameters optimization took 6 rounds (7.215 sec)
Wrote distance file to... 
Computing ML distances based on estimated model parameters...
Calculating distance matrix: done in 1.00653 secs using 392.9% CPU
Computing ML distances took 1.006760 sec (of wall-clock time) 3.954915 sec (of CPU time)
Setting up auxiliary I and S matrices: done in 0.000147104 secs using 234.5% CPU
Computing RapidNJ tree took 0.007198 sec (of wall-clock time) 0.007311 sec (of CPU time)
Log-likelihood of RapidNJ tree: -33551.010
--------------------------------------------------------------------
|             INITIALIZING CANDIDATE TREE SET                      |
--------------------------------------------------------------------
Generating 98 parsimony trees... 3.668 second
Computing log-likelihood of 98 initial trees ... 26.942 seconds
Current best score: -33382.910

Do NNI search on 20 best initial trees
Estimate model parameters (epsilon = 0.100)
BETTER TREE FOUND at iteration 1: -33334.882
Estimate model parameters (epsilon = 0.100)
BETTER TREE FOUND at iteration 2: -33332.638
Iteration 10 / LogL: -33334.548 / Time: 0h:2m:47s
Iteration 20 / LogL: -33335.292 / Time: 0h:4m:28s
Finish initializing candidate tree set (18)
Current best tree score: -33332.638 / CPU time: 222.330
Number of iterations: 20
--------------------------------------------------------------------
|               OPTIMIZING CANDIDATE TREE SET                      |
--------------------------------------------------------------------
Estimate model parameters (epsilon = 0.100)
BETTER TREE FOUND at iteration 25: -33332.562
Iteration 30 / LogL: -33333.241 / Time: 0h:5m:55s (0h:19m:25s left)
Estimate model parameters (epsilon = 0.100)
BETTER TREE FOUND at iteration 34: -33332.374
Iteration 40 / LogL: -33350.302 / Time: 0h:7m:19s (0h:17m:38s left)
Estimate model parameters (epsilon = 0.100)
BETTER TREE FOUND at iteration 44: -33331.819
Iteration 50 / LogL: -33333.852 / Time: 0h:8m:45s (0h:16m:47s left)
Log-likelihood cutoff on original alignment: -33374.716
Iteration 60 / LogL: -33332.639 / Time: 0h:10m:5s (0h:14m:21s left)
Estimate model parameters (epsilon = 0.100)
BETTER TREE FOUND at iteration 67: -33331.374
Estimate model parameters (epsilon = 0.100)
BETTER TREE FOUND at iteration 69: -33331.100
Iteration 70 / LogL: -33331.610 / Time: 0h:11m:32s (0h:16m:33s left)
Iteration 80 / LogL: -33331.100 / Time: 0h:12m:54s (0h:14m:32s left)
Iteration 90 / LogL: -33331.101 / Time: 0h:14m:15s (0h:12m:39s left)
Iteration 100 / LogL: -33331.101 / Time: 0h:15m:39s (0h:10m:54s left)
Log-likelihood cutoff on original alignment: -33374.716
NOTE: Bootstrap correlation coefficient of split occurrence frequencies: 0.997
Iteration 110 / LogL: -33332.962 / Time: 0h:17m:8s (0h:14m:9s left)
Iteration 120 / LogL: -33331.776 / Time: 0h:18m:36s (0h:12m:30s left)
Iteration 130 / LogL: -33331.110 / Time: 0h:20m:7s (0h:10m:55s left)
Iteration 140 / LogL: -33334.136 / Time: 0h:21m:32s (0h:9m:18s left)
Iteration 150 / LogL: -33331.376 / Time: 0h:23m:0s (0h:7m:43s left)
Log-likelihood cutoff on original alignment: -33374.716
UPDATE BEST LOG-LIKELIHOOD: -33331.100
Iteration 160 / LogL: -33332.179 / Time: 0h:24m:28s (0h:6m:9s left)
Iteration 170 / LogL: -33331.377 / Time: 0h:25m:55s (0h:4m:36s left)
TREE SEARCH COMPLETED AFTER 170 ITERATIONS / Time: 0h:25m:55s

--------------------------------------------------------------------
|                    FINALIZING TREE SEARCH                        |
--------------------------------------------------------------------
Performs final model parameters optimization
Estimate model parameters (epsilon = 0.010)
1. Initial log-likelihood: -33331.100
Optimal log-likelihood: -33331.099
Gamma shape alpha: 0.875
Parameters optimization took 1 rounds (0.744 sec)
BEST SCORE FOUND : -33331.099
Creating bootstrap support values...
Split supports printed to NEXUS file /Users/bushrakhan/Desktop/NIPGR-data/MADS-box-Evolutionary-gene-detection/Simultaneous_Phylogenetic_Analysis/Results_v4/Medicago_truncatula/Medicago_truncatula_MUSCLE_NJ.splits.nex
Total tree length: 69.845

Total number of iterations: 170
CPU time used for tree search: 4515.687 sec (1h:15m:15s)
Wall-clock time used for tree search: 1509.639 sec (0h:25m:9s)
Total CPU time used: 4626.995 sec (1h:17m:6s)
Total wall-clock time used: 1556.672 sec (0h:25m:56s)

Computing bootstrap consensus tree...
Reading input file /Users/bushrakhan/Desktop/NIPGR-data/MADS-box-Evolutionary-gene-detection/Simultaneous_Phylogenetic_Analysis/Results_v4/Medicago_truncatula/Medicago_truncatula_MUSCLE_NJ.splits.nex...
117 taxa and 495 splits.
Consensus tree written to /Users/bushrakhan/Desktop/NIPGR-data/MADS-box-Evolutionary-gene-detection/Simultaneous_Phylogenetic_Analysis/Results_v4/Medicago_truncatula/Medicago_truncatula_MUSCLE_NJ.contree
Reading input trees file /Users/bushrakhan/Desktop/NIPGR-data/MADS-box-Evolutionary-gene-detection/Simultaneous_Phylogenetic_Analysis/Results_v4/Medicago_truncatula/Medicago_truncatula_MUSCLE_NJ.contree
Log-likelihood of consensus tree: -33331.736

Analysis results written to: 
  IQ-TREE report:                /Users/bushrakhan/Desktop/NIPGR-data/MADS-box-Evolutionary-gene-detection/Simultaneous_Phylogenetic_Analysis/Results_v4/Medicago_truncatula/Medicago_truncatula_MUSCLE_NJ.iqtree
  Maximum-likelihood tree:       /Users/bushrakhan/Desktop/NIPGR-data/MADS-box-Evolutionary-gene-detection/Simultaneous_Phylogenetic_Analysis/Results_v4/Medicago_truncatula/Medicago_truncatula_MUSCLE_NJ.treefile
  Likelihood distances:          /Users/bushrakhan/Desktop/NIPGR-data/MADS-box-Evolutionary-gene-detection/Simultaneous_Phylogenetic_Analysis/Results_v4/Medicago_truncatula/Medicago_truncatula_MUSCLE_NJ.mldist

Ultrafast bootstrap approximation results written to:
  Split support values:          /Users/bushrakhan/Desktop/NIPGR-data/MADS-box-Evolutionary-gene-detection/Simultaneous_Phylogenetic_Analysis/Results_v4/Medicago_truncatula/Medicago_truncatula_MUSCLE_NJ.splits.nex
  Consensus tree:                /Users/bushrakhan/Desktop/NIPGR-data/MADS-box-Evolutionary-gene-detection/Simultaneous_Phylogenetic_Analysis/Results_v4/Medicago_truncatula/Medicago_truncatula_MUSCLE_NJ.contree
  Screen log file:               /Users/bushrakhan/Desktop/NIPGR-data/MADS-box-Evolutionary-gene-detection/Simultaneous_Phylogenetic_Analysis/Results_v4/Medicago_truncatula/Medicago_truncatula_MUSCLE_NJ.log

Date and Time: Tue Apr  7 07:54:38 2026
