IQ-TREE multicore version 2.3.6 for MacOS ARM 64-bit built Jul 30 2024
Developed by Bui Quang Minh, Nguyen Lam Tung, Olga Chernomor, Heiko Schmidt,
Dominik Schrempf, Michael Woodhams, Ly Trong Nhan, Thomas Wong

Host:    Bushras-MacBook-Air.local (SSE4.2, 16 GB RAM)
Command: iqtree2 -s /Users/bushrakhan/Desktop/NIPGR-data/MADS-box-Evolutionary-gene-detection/Simultaneous_Phylogenetic_Analysis/Results_v4/Cinnamomum_kanehirae/Cinnamomum_kanehirae_MUSCLE.fa -m LG+G -B 1000 -T AUTO --abayes -pre /Users/bushrakhan/Desktop/NIPGR-data/MADS-box-Evolutionary-gene-detection/Simultaneous_Phylogenetic_Analysis/Results_v4/Cinnamomum_kanehirae/Cinnamomum_kanehirae_MUSCLE_Bayes -redo
Seed:    959663 (Using SPRNG - Scalable Parallel Random Number Generator)
Time:    Tue Apr  7 00:14:26 2026
Kernel:  SSE2 - auto-detect threads (10 CPU cores detected)

Reading alignment file /Users/bushrakhan/Desktop/NIPGR-data/MADS-box-Evolutionary-gene-detection/Simultaneous_Phylogenetic_Analysis/Results_v4/Cinnamomum_kanehirae/Cinnamomum_kanehirae_MUSCLE.fa ... Fasta format detected
Reading fasta file: done in 0.00299501 secs using 89.45% CPU
Alignment most likely contains protein sequences
Alignment has 110 sequences with 1272 columns, 866 distinct patterns
304 parsimony-informative, 290 singleton sites, 678 constant sites
               Gap/Ambiguity  Composition  p-value
Analyzing sequences: done in 0.000142097 secs using 291.3% CPU
   1  AT1G59810.1     77.75%    failed      0.17%
   2  AT2G03060.2     69.65%    failed      0.31%
   3  CKAN_02317200   72.41%    passed     81.37%
   4  AT1G69540.1     72.96%    passed     60.12%
   5  CKAN_02447300   81.29%    passed      9.13%
   6  CKAN_02197200   65.57%    failed      0.00%
   7  CKAN_01894500   73.35%    passed      5.94%
   8  AT1G77980.1     73.90%    passed     38.46%
   9  AT1G77950.2     80.19%    passed     38.48%
  10  AT1G77950.1     80.19%    passed     38.48%
  11  AT1G22130.1     73.66%    passed     28.02%
  12  CKAN_01187700   83.81%    passed     16.63%
  13  AT1G31140.1     83.25%    passed     87.48%
  14  AT1G31140.2     83.10%    passed     86.35%
  15  CKAN_01046400   81.45%    passed     40.26%
  16  AT3G54340.1     81.76%    passed     51.15%
  17  AT5G23260.3     81.29%    passed      6.99%
  18  AT5G23260.2     80.19%    failed      3.13%
  19  AT5G23260.1     80.58%    failed      4.55%
  20  AT5G20240.1     83.65%    passed     13.12%
  21  CKAN_02109000   83.41%    passed     95.01%
  22  CKAN_02199500   83.57%    passed     95.99%
  23  CKAN_00861800   78.69%    failed      0.59%
  24  CKAN_02742500   83.96%    passed     25.41%
  25  CKAN_00565900   82.31%    passed     84.14%
  26  AT2G22540.1     81.13%    passed     40.03%
  27  AT2G22540.2     81.53%    passed     37.78%
  28  CKAN_01906900   85.53%    passed     58.19%
  29  CKAN_01290200   82.70%    passed     75.73%
  30  CKAN_01533600   70.99%    passed     45.79%
  31  CKAN_02117700   84.83%    passed     28.52%
  32  AT2G42830.2     80.50%    passed     21.84%
  33  AT2G42830.1     80.66%    passed     22.66%
  34  AT3G58780.3     78.54%    passed     48.05%
  35  AT3G58780.2     81.05%    passed     55.31%
  36  AT3G58780.1     80.50%    passed     50.64%
  37  AT4G18960.1     80.19%    passed     14.89%
  38  AT4G09960.2     83.02%    passed     13.87%
  39  AT4G09960.4     81.60%    passed     14.06%
  40  AT4G09960.3     79.87%    passed     23.62%
  41  AT4G09960.1     81.92%    passed     13.95%
  42  CKAN_01942500   82.70%    passed     45.79%
  43  CKAN_02189300   82.47%    passed     18.75%
  44  CKAN_01821800   79.32%    passed     74.42%
  45  CKAN_02562300   82.47%    passed     52.68%
  46  AT5G13790.1     78.93%    passed     22.75%
  47  AT4G24540.1     82.70%    failed      1.00%
  48  AT3G57230.2     81.21%    passed     39.88%
  49  AT3G57230.1     81.13%    passed     32.92%
  50  AT4G37940.1     82.08%    passed     80.46%
  51  AT2G22630.1     82.15%    passed     75.44%
  52  CKAN_01065400   82.78%    passed     31.62%
  53  AT3G30260.1     80.42%    passed     19.17%
  54  CKAN_00566000   80.19%    passed     28.47%
  55  AT5G51870.2     86.48%    passed     24.75%
  56  CKAN_00958800   83.10%    passed     47.19%
  57  AT2G45660.1     83.18%    passed     37.05%
  58  AT5G51870.3     82.78%    passed     40.19%
  59  AT5G51870.1     83.73%    passed     29.66%
  60  AT5G51860.1     83.41%    passed     14.21%
  61  AT5G51860.2     84.12%    passed      8.27%
  62  AT5G62165.1     83.49%    passed     48.37%
  63  AT5G62165.2     83.49%    passed     48.37%
  64  AT5G62165.3     83.49%    passed     48.37%
  65  AT5G62165.4     84.59%    passed     76.38%
  66  AT3G57390.1     79.87%    passed     32.78%
  67  AT1G71692.1     83.41%    passed     64.92%
  68  CKAN_01848800   81.05%    passed     91.59%
  69  CKAN_00958900   81.13%    passed     96.75%
  70  AT3G61120.1     80.82%    passed     18.95%
  71  AT2G14210.1     81.60%    passed     56.05%
  72  AT2G45650.1     80.19%    passed     79.21%
  73  CKAN_00109600   80.35%    passed     83.56%
  74  CKAN_00283400   81.37%    passed     73.59%
  75  AT1G24260.3     81.37%    passed     29.89%
  76  AT1G24260.2     80.27%    passed     35.06%
  77  AT1G24260.1     80.35%    passed     30.62%
  78  AT5G65080.2     84.51%    passed     18.24%
  79  AT1G77080.2     84.91%    passed     21.00%
  80  AT5G65060.2     85.46%    passed     12.39%
  81  AT5G10140.4     85.69%    passed      5.26%
  82  AT5G65050.1     85.69%    passed     19.38%
  83  AT5G10140.1     84.59%    failed      2.82%
  84  AT1G77080.4     84.59%    passed     18.56%
  85  AT5G65050.3     84.59%    passed     18.04%
  86  AT5G65060.1     84.59%    passed      6.59%
  87  AT5G65070.3     81.76%    passed     12.25%
  88  AT5G65070.2     81.84%    passed     10.55%
  89  AT5G65070.1     84.28%    failed      4.22%
  90  AT1G77080.5     86.40%    failed      3.65%
  91  AT5G65050.2     86.01%    passed      7.61%
  92  AT5G65080.1     83.88%    passed     12.46%
  93  AT5G10140.2     86.87%    failed      1.84%
  94  AT5G10140.3     85.38%    failed      3.92%
  95  AT3G02310.1     80.35%    passed     22.10%
  96  AT5G15800.2     79.40%    passed     16.10%
  97  AT5G15800.1     80.27%    passed     19.23%
  98  AT5G60910.1     80.97%    passed     71.43%
  99  AT1G69120.1     79.87%    passed     46.48%
 100  AT1G26310.1     79.95%    passed     70.63%
 101  AT2G03710.2     79.80%    passed     73.86%
 102  AT2G03710.1     79.72%    passed     71.46%
 103  AT2G03710.3     85.30%    passed     59.50%
 104  CKAN_01596700   83.81%    passed     84.27%
 105  CKAN_01352300   84.28%    failed      1.63%
 106  CKAN_02189800   83.25%    passed     17.11%
 107  CKAN_02189500   82.86%    passed     15.34%
 108  CKAN_01942000   88.68%    passed     13.01%
 109  AT4G22950.1     82.78%    passed     39.51%
 110  AT4G11880.1     82.63%    passed     46.73%
WARNING: 110 sequences contain more than 50% gaps/ambiguity
****  TOTAL           81.58%  13 sequences failed composition chi2 test (p-value<5%; df=19)
NOTE: AT1G77950.1 is identical to AT1G77950.2 but kept for subsequent analysis
NOTE: AT5G62165.2 is identical to AT5G62165.1 but kept for subsequent analysis
NOTE: 1 identical sequences (see below) will be ignored for subsequent analysis
NOTE: AT5G62165.3 (identical to AT5G62165.1) is ignored but added at the end
Alignment was printed to /Users/bushrakhan/Desktop/NIPGR-data/MADS-box-Evolutionary-gene-detection/Simultaneous_Phylogenetic_Analysis/Results_v4/Cinnamomum_kanehirae/Cinnamomum_kanehirae_MUSCLE_Bayes.uniqueseq.phy

For your convenience alignment with unique sequences printed to /Users/bushrakhan/Desktop/NIPGR-data/MADS-box-Evolutionary-gene-detection/Simultaneous_Phylogenetic_Analysis/Results_v4/Cinnamomum_kanehirae/Cinnamomum_kanehirae_MUSCLE_Bayes.uniqueseq.phy

Create initial parsimony tree by phylogenetic likelihood library (PLL)... 0.048 seconds
Generating 1000 samples for ultrafast bootstrap (seed: 959663)...

NOTE: 63 MB RAM (0 GB) is required!
Measuring multi-threading efficiency up to 10 CPU cores
Increase to 10 rounds for branch lengths
2 trees examined
Threads: 1 / Time: 14.254 sec / Speedup: 1.000 / Efficiency: 100% / LogL: -50737
Threads: 2 / Time: 10.072 sec / Speedup: 1.415 / Efficiency: 71% / LogL: -50737
Threads: 3 / Time: 7.149 sec / Speedup: 1.994 / Efficiency: 66% / LogL: -50737
Threads: 4 / Time: 5.818 sec / Speedup: 2.450 / Efficiency: 61% / LogL: -50737
Threads: 5 / Time: 5.720 sec / Speedup: 2.492 / Efficiency: 50% / LogL: -50737
BEST NUMBER OF THREADS: 4

Estimate model parameters (epsilon = 0.100)
1. Initial log-likelihood: -36340.183
2. Current log-likelihood: -31737.548
3. Current log-likelihood: -31657.808
4. Current log-likelihood: -31649.092
5. Current log-likelihood: -31648.202
Optimal log-likelihood: -31648.096
Gamma shape alpha: 0.868
Parameters optimization took 5 rounds (7.298 sec)
Wrote distance file to... 
Computing ML distances based on estimated model parameters...
Calculating distance matrix: done in 1.34673 secs using 367% CPU
Computing ML distances took 1.347063 sec (of wall-clock time) 4.942753 sec (of CPU time)
WARNING: Some pairwise ML distances are too long (saturated)
Setting up auxiliary I and S matrices: done in 0.000151157 secs using 246.1% CPU
Computing RapidNJ tree took 0.008073 sec (of wall-clock time) 0.007299 sec (of CPU time)
Log-likelihood of RapidNJ tree: -31817.711
--------------------------------------------------------------------
|             INITIALIZING CANDIDATE TREE SET                      |
--------------------------------------------------------------------
Generating 98 parsimony trees... 4.807 second
Computing log-likelihood of 98 initial trees ... 34.044 seconds
Current best score: -31648.096

Do NNI search on 20 best initial trees
Estimate model parameters (epsilon = 0.100)
BETTER TREE FOUND at iteration 1: -31597.985
Estimate model parameters (epsilon = 0.100)
BETTER TREE FOUND at iteration 3: -31593.718
Iteration 10 / LogL: -31599.171 / Time: 0h:3m:12s
Iteration 20 / LogL: -31597.918 / Time: 0h:4m:54s
Finish initializing candidate tree set (20)
Current best tree score: -31593.718 / CPU time: 240.153
Number of iterations: 20
--------------------------------------------------------------------
|               OPTIMIZING CANDIDATE TREE SET                      |
--------------------------------------------------------------------
Iteration 30 / LogL: -31617.669 / Time: 0h:6m:18s (0h:15m:51s left)
Estimate model parameters (epsilon = 0.100)
BETTER TREE FOUND at iteration 31: -31592.822
Estimate model parameters (epsilon = 0.100)
BETTER TREE FOUND at iteration 34: -31592.165
Estimate model parameters (epsilon = 0.100)
BETTER TREE FOUND at iteration 36: -31590.576
Iteration 40 / LogL: -31594.811 / Time: 0h:7m:44s (0h:19m:3s left)
Estimate model parameters (epsilon = 0.100)
BETTER TREE FOUND at iteration 44: -31589.663
Iteration 50 / LogL: -31590.342 / Time: 0h:9m:15s (0h:17m:45s left)
Log-likelihood cutoff on original alignment: -31654.427
Estimate model parameters (epsilon = 0.100)
BETTER TREE FOUND at iteration 54: -31589.255
Iteration 60 / LogL: -31591.590 / Time: 0h:10m:32s (0h:16m:47s left)
Estimate model parameters (epsilon = 0.100)
BETTER TREE FOUND at iteration 64: -31588.645
Iteration 70 / LogL: -31591.289 / Time: 0h:11m:51s (0h:16m:8s left)
Estimate model parameters (epsilon = 0.100)
BETTER TREE FOUND at iteration 78: -31587.781
Iteration 80 / LogL: -31589.923 / Time: 0h:13m:15s (0h:16m:27s left)
Estimate model parameters (epsilon = 0.100)
BETTER TREE FOUND at iteration 83: -31587.472
Estimate model parameters (epsilon = 0.100)
BETTER TREE FOUND at iteration 86: -31586.670
Iteration 90 / LogL: -31591.653 / Time: 0h:14m:37s (0h:15m:46s left)
Iteration 100 / LogL: -31587.196 / Time: 0h:16m:3s (0h:13m:56s left)
Log-likelihood cutoff on original alignment: -31637.550
NOTE: Bootstrap correlation coefficient of split occurrence frequencies: 0.988
NOTE: UFBoot does not converge, continue at least 100 more iterations
Estimate model parameters (epsilon = 0.100)
BETTER TREE FOUND at iteration 101: -31586.553
Iteration 110 / LogL: -31611.681 / Time: 0h:17m:29s (0h:14m:36s left)
Iteration 120 / LogL: -31588.839 / Time: 0h:18m:56s (0h:12m:53s left)
Iteration 130 / LogL: -31589.019 / Time: 0h:20m:29s (0h:11m:16s left)
Estimate model parameters (epsilon = 0.100)
BETTER TREE FOUND at iteration 138: -31586.482
Iteration 140 / LogL: -31594.627 / Time: 0h:21m:53s (0h:15m:25s left)
Estimate model parameters (epsilon = 0.100)
BETTER TREE FOUND at iteration 147: -31586.433
Iteration 150 / LogL: -31598.620 / Time: 0h:23m:12s (0h:15m:6s left)
Log-likelihood cutoff on original alignment: -31637.550
Iteration 160 / LogL: -31590.325 / Time: 0h:24m:34s (0h:13m:26s left)
BETTER TREE FOUND at iteration 167: -31586.433
Iteration 170 / LogL: -31726.635 / Time: 0h:25m:55s (0h:14m:52s left)
Iteration 180 / LogL: -31589.748 / Time: 0h:27m:18s (0h:13m:16s left)
Iteration 190 / LogL: -31588.505 / Time: 0h:28m:41s (0h:11m:41s left)
Iteration 200 / LogL: -31587.500 / Time: 0h:30m:4s (0h:10m:7s left)
Log-likelihood cutoff on original alignment: -31637.550
NOTE: Bootstrap correlation coefficient of split occurrence frequencies: 0.998
Iteration 210 / LogL: -31606.104 / Time: 0h:31m:32s (0h:13m:34s left)
Iteration 220 / LogL: -31591.471 / Time: 0h:32m:56s (0h:12m:2s left)
Iteration 230 / LogL: -31590.569 / Time: 0h:34m:17s (0h:10m:28s left)
Iteration 240 / LogL: -31589.655 / Time: 0h:35m:37s (0h:8m:56s left)
Iteration 250 / LogL: -31689.015 / Time: 0h:36m:59s (0h:7m:25s left)
Log-likelihood cutoff on original alignment: -31637.550
Iteration 260 / LogL: -31587.032 / Time: 0h:38m:19s (0h:5m:55s left)
TREE SEARCH COMPLETED AFTER 268 ITERATIONS / Time: 0h:39m:23s

--------------------------------------------------------------------
|                    FINALIZING TREE SEARCH                        |
--------------------------------------------------------------------
Performs final model parameters optimization
Estimate model parameters (epsilon = 0.010)
1. Initial log-likelihood: -31586.433
Optimal log-likelihood: -31586.433
Gamma shape alpha: 0.830
Parameters optimization took 1 rounds (0.681 sec)
BEST SCORE FOUND : -31586.433

Testing tree branches by aBayes parametric test...
1.006 sec.
Creating bootstrap support values...
Split supports printed to NEXUS file /Users/bushrakhan/Desktop/NIPGR-data/MADS-box-Evolutionary-gene-detection/Simultaneous_Phylogenetic_Analysis/Results_v4/Cinnamomum_kanehirae/Cinnamomum_kanehirae_MUSCLE_Bayes.splits.nex
Total tree length: 76.125

Total number of iterations: 268
CPU time used for tree search: 6835.548 sec (1h:53m:55s)
Wall-clock time used for tree search: 2308.352 sec (0h:38m:28s)
Total CPU time used: 6953.777 sec (1h:55m:53s)
Total wall-clock time used: 2364.879 sec (0h:39m:24s)

Computing bootstrap consensus tree...
Reading input file /Users/bushrakhan/Desktop/NIPGR-data/MADS-box-Evolutionary-gene-detection/Simultaneous_Phylogenetic_Analysis/Results_v4/Cinnamomum_kanehirae/Cinnamomum_kanehirae_MUSCLE_Bayes.splits.nex...
109 taxa and 604 splits.
Consensus tree written to /Users/bushrakhan/Desktop/NIPGR-data/MADS-box-Evolutionary-gene-detection/Simultaneous_Phylogenetic_Analysis/Results_v4/Cinnamomum_kanehirae/Cinnamomum_kanehirae_MUSCLE_Bayes.contree
Reading input trees file /Users/bushrakhan/Desktop/NIPGR-data/MADS-box-Evolutionary-gene-detection/Simultaneous_Phylogenetic_Analysis/Results_v4/Cinnamomum_kanehirae/Cinnamomum_kanehirae_MUSCLE_Bayes.contree
Log-likelihood of consensus tree: -31586.976

Analysis results written to: 
  IQ-TREE report:                /Users/bushrakhan/Desktop/NIPGR-data/MADS-box-Evolutionary-gene-detection/Simultaneous_Phylogenetic_Analysis/Results_v4/Cinnamomum_kanehirae/Cinnamomum_kanehirae_MUSCLE_Bayes.iqtree
  Maximum-likelihood tree:       /Users/bushrakhan/Desktop/NIPGR-data/MADS-box-Evolutionary-gene-detection/Simultaneous_Phylogenetic_Analysis/Results_v4/Cinnamomum_kanehirae/Cinnamomum_kanehirae_MUSCLE_Bayes.treefile
  Likelihood distances:          /Users/bushrakhan/Desktop/NIPGR-data/MADS-box-Evolutionary-gene-detection/Simultaneous_Phylogenetic_Analysis/Results_v4/Cinnamomum_kanehirae/Cinnamomum_kanehirae_MUSCLE_Bayes.mldist

Ultrafast bootstrap approximation results written to:
  Split support values:          /Users/bushrakhan/Desktop/NIPGR-data/MADS-box-Evolutionary-gene-detection/Simultaneous_Phylogenetic_Analysis/Results_v4/Cinnamomum_kanehirae/Cinnamomum_kanehirae_MUSCLE_Bayes.splits.nex
  Consensus tree:                /Users/bushrakhan/Desktop/NIPGR-data/MADS-box-Evolutionary-gene-detection/Simultaneous_Phylogenetic_Analysis/Results_v4/Cinnamomum_kanehirae/Cinnamomum_kanehirae_MUSCLE_Bayes.contree
  Screen log file:               /Users/bushrakhan/Desktop/NIPGR-data/MADS-box-Evolutionary-gene-detection/Simultaneous_Phylogenetic_Analysis/Results_v4/Cinnamomum_kanehirae/Cinnamomum_kanehirae_MUSCLE_Bayes.log

Date and Time: Tue Apr  7 00:53:54 2026
