IQ-TREE multicore version 2.3.6 for MacOS ARM 64-bit built Jul 30 2024
Developed by Bui Quang Minh, Nguyen Lam Tung, Olga Chernomor, Heiko Schmidt,
Dominik Schrempf, Michael Woodhams, Ly Trong Nhan, Thomas Wong

Host:    Bushras-MacBook-Air.local (SSE4.2, 16 GB RAM)
Command: iqtree2 -s /Users/bushrakhan/Desktop/NIPGR-data/MADS-box-Evolutionary-gene-detection/Simultaneous_Phylogenetic_Analysis/Results_v4/Cinnamomum_kanehirae/Cinnamomum_kanehirae_ClustalO.fa -m LG+G -B 1000 -T AUTO --abayes -pre /Users/bushrakhan/Desktop/NIPGR-data/MADS-box-Evolutionary-gene-detection/Simultaneous_Phylogenetic_Analysis/Results_v4/Cinnamomum_kanehirae/Cinnamomum_kanehirae_ClustalO_Bayes -redo
Seed:    772952 (Using SPRNG - Scalable Parallel Random Number Generator)
Time:    Tue Apr  7 00:53:54 2026
Kernel:  SSE2 - auto-detect threads (10 CPU cores detected)

Reading alignment file /Users/bushrakhan/Desktop/NIPGR-data/MADS-box-Evolutionary-gene-detection/Simultaneous_Phylogenetic_Analysis/Results_v4/Cinnamomum_kanehirae/Cinnamomum_kanehirae_ClustalO.fa ... Fasta format detected
Reading fasta file: done in 0.00162911 secs using 87.41% CPU
Alignment most likely contains protein sequences
Alignment has 110 sequences with 770 columns, 631 distinct patterns
385 parsimony-informative, 162 singleton sites, 223 constant sites
               Gap/Ambiguity  Composition  p-value
Analyzing sequences: done in 8.60691e-05 secs using 203.3% CPU
   1  CKAN_01596700   73.25%    passed     95.98%
   2  CKAN_01533600   52.08%    passed     62.23%
   3  CKAN_02447300   69.09%    failed      1.05%
   4  CKAN_01942000   81.30%    passed      9.57%
   5  CKAN_01906900   76.10%    passed     86.20%
   6  CKAN_01942500   71.43%    passed     68.60%
   7  CKAN_01894500   55.97%    failed      2.09%
   8  CKAN_01821800   65.84%    passed     90.52%
   9  CKAN_01848800   68.70%    passed     93.25%
  10  CKAN_02317200   54.42%    passed     70.60%
  11  CKAN_02742500   73.51%    passed     31.51%
  12  CKAN_00565900   70.78%    passed     90.32%
  13  CKAN_00566000   67.27%    passed     41.04%
  14  CKAN_00958900   68.83%    passed     96.92%
  15  CKAN_00861800   64.81%    failed      0.25%
  16  CKAN_00958800   72.08%    passed     66.40%
  17  CKAN_01290200   71.43%    passed     96.41%
  18  CKAN_01352300   74.03%    failed      3.30%
  19  CKAN_00283400   69.22%    passed     73.21%
  20  CKAN_00109600   67.53%    passed     79.74%
  21  CKAN_02197200   43.12%    failed      0.00%
  22  CKAN_02109000   72.60%    passed     98.98%
  23  CKAN_02199500   72.86%    passed     99.17%
  24  CKAN_02189300   71.04%    passed     33.62%
  25  CKAN_02189800   72.34%    passed     11.80%
  26  CKAN_02117700   74.94%    passed     64.88%
  27  CKAN_02189500   71.69%    passed     12.03%
  28  CKAN_02562300   71.04%    passed     70.50%
  29  CKAN_01187700   73.25%    failed      4.63%
  30  CKAN_01046400   69.35%    passed     33.02%
  31  CKAN_01065400   71.56%    passed     35.92%
  32  AT1G69540.1     55.32%    passed     45.49%
  33  AT1G59810.1     63.25%    failed      0.04%
  34  AT5G62165.1     72.73%    passed     83.65%
  35  AT3G30260.1     67.66%    passed     32.43%
  36  AT2G22540.1     68.83%    passed     80.67%
  37  AT5G62165.2     72.73%    passed     83.65%
  38  AT5G65050.1     76.36%    passed     51.46%
  39  AT2G03710.3     75.71%    passed     82.94%
  40  AT5G65080.1     73.38%    passed     43.50%
  41  AT5G51870.2     77.66%    passed     29.39%
  42  AT3G54340.1     69.87%    passed     48.17%
  43  AT2G22540.2     69.48%    passed     77.97%
  44  AT1G77080.5     77.53%    passed     17.71%
  45  AT5G60910.1     68.57%    passed     94.82%
  46  AT1G77980.1     56.88%    passed     36.32%
  47  AT3G58780.3     64.55%    passed     73.10%
  48  AT4G09960.3     66.75%    passed     45.83%
  49  AT5G51860.1     72.60%    passed     24.38%
  50  AT5G20240.1     72.99%    passed     14.85%
  51  AT2G03710.2     66.62%    passed     83.01%
  52  AT5G65080.2     74.42%    passed     47.63%
  53  AT3G57390.1     66.75%    passed     72.72%
  54  AT5G65060.2     75.97%    passed     39.38%
  55  AT3G57230.2     68.96%    passed     65.28%
  56  AT5G10140.1     74.55%    passed     11.19%
  57  AT2G42830.2     67.79%    passed     43.80%
  58  AT2G45660.1     72.21%    passed     67.23%
  59  AT4G09960.4     69.61%    passed     29.86%
  60  AT4G22950.1     71.56%    passed     80.34%
  61  AT5G23260.3     69.09%    passed      5.71%
  62  AT4G37940.1     70.39%    passed     96.68%
  63  AT5G15800.2     65.97%    passed     14.20%
  64  AT5G65050.3     74.55%    passed     55.69%
  65  AT4G09960.2     71.95%    passed     24.81%
  66  AT2G22630.1     70.52%    passed     95.55%
  67  AT5G15800.1     67.40%    passed     24.26%
  68  AT1G77950.2     67.27%    passed     61.03%
  69  AT2G03060.2     49.87%    failed      0.06%
  70  AT5G65070.3     69.87%    passed     39.20%
  71  AT3G58780.2     68.70%    passed     75.30%
  72  AT5G51860.2     73.77%    passed     17.13%
  73  AT1G77950.1     67.27%    passed     61.03%
  74  AT3G61120.1     68.31%    passed     30.76%
  75  AT1G24260.2     67.40%    passed     51.79%
  76  AT5G10140.2     78.31%    passed      8.59%
  77  AT5G10140.3     75.84%    passed     13.10%
  78  AT5G65070.2     70.00%    passed     39.19%
  79  AT5G65070.1     74.03%    passed     20.20%
  80  AT2G14210.1     69.61%    passed     88.69%
  81  AT1G24260.1     67.53%    passed     46.59%
  82  AT5G51870.3     71.56%    passed     70.77%
  83  AT2G03710.1     66.49%    passed     81.72%
  84  AT5G65050.2     76.88%    passed     30.33%
  85  AT5G62165.4     74.55%    passed     95.36%
  86  AT4G18960.1     67.27%    passed     28.83%
  87  AT1G69120.1     66.75%    passed     44.00%
  88  AT4G11880.1     71.30%    passed     77.98%
  89  AT2G42830.1     68.05%    passed     44.77%
  90  AT2G45650.1     67.27%    passed     75.83%
  91  AT3G57230.1     68.83%    passed     52.76%
  92  AT1G71692.1     72.60%    passed     67.75%
  93  AT5G10140.4     76.36%    passed     15.66%
  94  AT3G58780.1     67.79%    passed     72.61%
  95  AT4G09960.1     70.13%    passed     28.04%
  96  AT4G24540.1     71.43%    passed      6.47%
  97  AT5G62165.3     72.73%    passed     83.65%
  98  AT1G26310.1     66.88%    passed     86.12%
  99  AT1G24260.3     69.22%    passed     39.52%
 100  AT1G31140.1     72.34%    passed     74.53%
 101  AT1G77080.2     75.06%    passed     56.43%
 102  AT5G23260.2     67.27%    failed      3.65%
 103  AT1G31140.2     72.08%    passed     73.41%
 104  AT1G22130.1     56.49%    passed     24.63%
 105  AT5G23260.1     67.92%    failed      4.82%
 106  AT1G77080.4     74.55%    passed     54.15%
 107  AT5G51870.1     73.12%    passed     54.46%
 108  AT5G13790.1     65.19%    passed     58.23%
 109  AT5G65060.1     74.55%    passed     27.32%
 110  AT3G02310.1     67.53%    passed     23.59%
WARNING: 108 sequences contain more than 50% gaps/ambiguity
****  TOTAL           69.57%  10 sequences failed composition chi2 test (p-value<5%; df=19)
NOTE: AT5G62165.2 is identical to AT5G62165.1 but kept for subsequent analysis
NOTE: AT1G77950.1 is identical to AT1G77950.2 but kept for subsequent analysis
NOTE: 1 identical sequences (see below) will be ignored for subsequent analysis
NOTE: AT5G62165.3 (identical to AT5G62165.1) is ignored but added at the end
Alignment was printed to /Users/bushrakhan/Desktop/NIPGR-data/MADS-box-Evolutionary-gene-detection/Simultaneous_Phylogenetic_Analysis/Results_v4/Cinnamomum_kanehirae/Cinnamomum_kanehirae_ClustalO_Bayes.uniqueseq.phy

For your convenience alignment with unique sequences printed to /Users/bushrakhan/Desktop/NIPGR-data/MADS-box-Evolutionary-gene-detection/Simultaneous_Phylogenetic_Analysis/Results_v4/Cinnamomum_kanehirae/Cinnamomum_kanehirae_ClustalO_Bayes.uniqueseq.phy

Create initial parsimony tree by phylogenetic likelihood library (PLL)... 0.052 seconds
Generating 1000 samples for ultrafast bootstrap (seed: 772952)...

NOTE: 46 MB RAM (0 GB) is required!
Measuring multi-threading efficiency up to 10 CPU cores
Increase to 10 rounds for branch lengths
3 trees examined
Threads: 1 / Time: 11.056 sec / Speedup: 1.000 / Efficiency: 100% / LogL: -51156
Threads: 2 / Time: 7.117 sec / Speedup: 1.554 / Efficiency: 78% / LogL: -51156
Threads: 3 / Time: 4.893 sec / Speedup: 2.260 / Efficiency: 75% / LogL: -51156
Threads: 4 / Time: 4.481 sec / Speedup: 2.467 / Efficiency: 62% / LogL: -51156
Threads: 5 / Time: 4.532 sec / Speedup: 2.439 / Efficiency: 49% / LogL: -51156
BEST NUMBER OF THREADS: 4

Estimate model parameters (epsilon = 0.100)
1. Initial log-likelihood: -34029.100
2. Current log-likelihood: -31515.757
3. Current log-likelihood: -31441.644
4. Current log-likelihood: -31438.583
5. Current log-likelihood: -31438.383
Optimal log-likelihood: -31438.350
Gamma shape alpha: 0.957
Parameters optimization took 5 rounds (4.310 sec)
Wrote distance file to... 
Computing ML distances based on estimated model parameters...
Calculating distance matrix: done in 0.897469 secs using 391.8% CPU
Computing ML distances took 0.897683 sec (of wall-clock time) 3.516580 sec (of CPU time)
WARNING: Some pairwise ML distances are too long (saturated)
Setting up auxiliary I and S matrices: done in 0.000193119 secs using 216.4% CPU
Computing RapidNJ tree took 0.006852 sec (of wall-clock time) 0.006764 sec (of CPU time)
Log-likelihood of RapidNJ tree: -31599.793
--------------------------------------------------------------------
|             INITIALIZING CANDIDATE TREE SET                      |
--------------------------------------------------------------------
Generating 98 parsimony trees... 3.550 second
Computing log-likelihood of 98 initial trees ... 18.101 seconds
Current best score: -31438.350

Do NNI search on 20 best initial trees
Estimate model parameters (epsilon = 0.100)
BETTER TREE FOUND at iteration 1: -31381.524
Estimate model parameters (epsilon = 0.100)
BETTER TREE FOUND at iteration 3: -31369.077
BETTER TREE FOUND at iteration 5: -31369.076
Iteration 10 / LogL: -31378.090 / Time: 0h:2m:9s
Estimate model parameters (epsilon = 0.100)
BETTER TREE FOUND at iteration 12: -31368.914
Iteration 20 / LogL: -31372.813 / Time: 0h:3m:26s
Finish initializing candidate tree set (20)
Current best tree score: -31368.914 / CPU time: 167.684
Number of iterations: 20
--------------------------------------------------------------------
|               OPTIMIZING CANDIDATE TREE SET                      |
--------------------------------------------------------------------
Estimate model parameters (epsilon = 0.100)
BETTER TREE FOUND at iteration 25: -31368.734
Estimate model parameters (epsilon = 0.100)
BETTER TREE FOUND at iteration 30: -31368.662
Iteration 30 / LogL: -31368.662 / Time: 0h:4m:33s (0h:15m:42s left)
Iteration 40 / LogL: -31369.071 / Time: 0h:5m:32s (0h:12m:47s left)
Estimate model parameters (epsilon = 0.100)
BETTER TREE FOUND at iteration 44: -31367.524
Iteration 50 / LogL: -31371.832 / Time: 0h:6m:35s (0h:12m:38s left)
Log-likelihood cutoff on original alignment: -31434.183
Estimate model parameters (epsilon = 0.100)
BETTER TREE FOUND at iteration 57: -31367.384
Iteration 60 / LogL: -31368.023 / Time: 0h:7m:38s (0h:12m:34s left)
Iteration 70 / LogL: -31369.094 / Time: 0h:8m:42s (0h:10m:59s left)
Estimate model parameters (epsilon = 0.100)
BETTER TREE FOUND at iteration 80: -31367.359
Iteration 80 / LogL: -31367.359 / Time: 0h:9m:58s (0h:12m:36s left)
BETTER TREE FOUND at iteration 86: -31367.357
UPDATE BEST LOG-LIKELIHOOD: -31367.357
Iteration 90 / LogL: -31391.115 / Time: 0h:11m:7s (0h:12m:0s left)
Iteration 100 / LogL: -31431.047 / Time: 0h:12m:9s (0h:10m:33s left)
Log-likelihood cutoff on original alignment: -31434.183
NOTE: Bootstrap correlation coefficient of split occurrence frequencies: 0.995
Iteration 110 / LogL: -31376.118 / Time: 0h:13m:15s (0h:10m:57s left)
UPDATE BEST LOG-LIKELIHOOD: -31367.357
Iteration 120 / LogL: -31373.507 / Time: 0h:14m:20s (0h:9m:38s left)
Iteration 130 / LogL: -31369.898 / Time: 0h:15m:27s (0h:8m:23s left)
Iteration 140 / LogL: -31388.986 / Time: 0h:16m:31s (0h:7m:8s left)
Iteration 150 / LogL: -31367.611 / Time: 0h:17m:40s (0h:5m:55s left)
Log-likelihood cutoff on original alignment: -31434.183
Iteration 160 / LogL: -31367.616 / Time: 0h:18m:45s (0h:4m:43s left)
Iteration 170 / LogL: -31370.263 / Time: 0h:19m:48s (0h:3m:30s left)
Iteration 180 / LogL: -31367.500 / Time: 0h:20m:57s (0h:2m:20s left)
TREE SEARCH COMPLETED AFTER 187 ITERATIONS / Time: 0h:21m:43s

--------------------------------------------------------------------
|                    FINALIZING TREE SEARCH                        |
--------------------------------------------------------------------
Performs final model parameters optimization
Estimate model parameters (epsilon = 0.010)
1. Initial log-likelihood: -31367.357
Optimal log-likelihood: -31367.355
Gamma shape alpha: 0.914
Parameters optimization took 1 rounds (0.580 sec)
BEST SCORE FOUND : -31367.355

Testing tree branches by aBayes parametric test...
0.771 sec.
Creating bootstrap support values...
Split supports printed to NEXUS file /Users/bushrakhan/Desktop/NIPGR-data/MADS-box-Evolutionary-gene-detection/Simultaneous_Phylogenetic_Analysis/Results_v4/Cinnamomum_kanehirae/Cinnamomum_kanehirae_ClustalO_Bayes.splits.nex
Total tree length: 63.333

Total number of iterations: 187
CPU time used for tree search: 3684.691 sec (1h:1m:24s)
Wall-clock time used for tree search: 1265.479 sec (0h:21m:5s)
Total CPU time used: 3770.236 sec (1h:2m:50s)
Total wall-clock time used: 1305.413 sec (0h:21m:45s)

Computing bootstrap consensus tree...
Reading input file /Users/bushrakhan/Desktop/NIPGR-data/MADS-box-Evolutionary-gene-detection/Simultaneous_Phylogenetic_Analysis/Results_v4/Cinnamomum_kanehirae/Cinnamomum_kanehirae_ClustalO_Bayes.splits.nex...
109 taxa and 483 splits.
Consensus tree written to /Users/bushrakhan/Desktop/NIPGR-data/MADS-box-Evolutionary-gene-detection/Simultaneous_Phylogenetic_Analysis/Results_v4/Cinnamomum_kanehirae/Cinnamomum_kanehirae_ClustalO_Bayes.contree
Reading input trees file /Users/bushrakhan/Desktop/NIPGR-data/MADS-box-Evolutionary-gene-detection/Simultaneous_Phylogenetic_Analysis/Results_v4/Cinnamomum_kanehirae/Cinnamomum_kanehirae_ClustalO_Bayes.contree
Log-likelihood of consensus tree: -31367.553

Analysis results written to: 
  IQ-TREE report:                /Users/bushrakhan/Desktop/NIPGR-data/MADS-box-Evolutionary-gene-detection/Simultaneous_Phylogenetic_Analysis/Results_v4/Cinnamomum_kanehirae/Cinnamomum_kanehirae_ClustalO_Bayes.iqtree
  Maximum-likelihood tree:       /Users/bushrakhan/Desktop/NIPGR-data/MADS-box-Evolutionary-gene-detection/Simultaneous_Phylogenetic_Analysis/Results_v4/Cinnamomum_kanehirae/Cinnamomum_kanehirae_ClustalO_Bayes.treefile
  Likelihood distances:          /Users/bushrakhan/Desktop/NIPGR-data/MADS-box-Evolutionary-gene-detection/Simultaneous_Phylogenetic_Analysis/Results_v4/Cinnamomum_kanehirae/Cinnamomum_kanehirae_ClustalO_Bayes.mldist

Ultrafast bootstrap approximation results written to:
  Split support values:          /Users/bushrakhan/Desktop/NIPGR-data/MADS-box-Evolutionary-gene-detection/Simultaneous_Phylogenetic_Analysis/Results_v4/Cinnamomum_kanehirae/Cinnamomum_kanehirae_ClustalO_Bayes.splits.nex
  Consensus tree:                /Users/bushrakhan/Desktop/NIPGR-data/MADS-box-Evolutionary-gene-detection/Simultaneous_Phylogenetic_Analysis/Results_v4/Cinnamomum_kanehirae/Cinnamomum_kanehirae_ClustalO_Bayes.contree
  Screen log file:               /Users/bushrakhan/Desktop/NIPGR-data/MADS-box-Evolutionary-gene-detection/Simultaneous_Phylogenetic_Analysis/Results_v4/Cinnamomum_kanehirae/Cinnamomum_kanehirae_ClustalO_Bayes.log

Date and Time: Tue Apr  7 01:15:42 2026
