IQ-TREE multicore version 2.3.6 for MacOS ARM 64-bit built Jul 30 2024
Developed by Bui Quang Minh, Nguyen Lam Tung, Olga Chernomor, Heiko Schmidt,
Dominik Schrempf, Michael Woodhams, Ly Trong Nhan, Thomas Wong

Host:    Bushras-MacBook-Air.local (SSE4.2, 16 GB RAM)
Command: iqtree2 -s /Users/bushrakhan/Desktop/NIPGR-data/MADS-box-Evolutionary-gene-detection/Simultaneous_Phylogenetic_Analysis/Results_v4/Cinnamomum_kanehirae/Cinnamomum_kanehirae_ClustalO.fa -m JTT+G -B 1000 -T AUTO -pre /Users/bushrakhan/Desktop/NIPGR-data/MADS-box-Evolutionary-gene-detection/Simultaneous_Phylogenetic_Analysis/Results_v4/Cinnamomum_kanehirae/Cinnamomum_kanehirae_ClustalO_NJ -redo
Seed:    790934 (Using SPRNG - Scalable Parallel Random Number Generator)
Time:    Mon Apr  6 22:04:15 2026
Kernel:  SSE2 - auto-detect threads (10 CPU cores detected)

Reading alignment file /Users/bushrakhan/Desktop/NIPGR-data/MADS-box-Evolutionary-gene-detection/Simultaneous_Phylogenetic_Analysis/Results_v4/Cinnamomum_kanehirae/Cinnamomum_kanehirae_ClustalO.fa ... Fasta format detected
Reading fasta file: done in 0.00158191 secs using 85.34% CPU
Alignment most likely contains protein sequences
Alignment has 110 sequences with 770 columns, 631 distinct patterns
385 parsimony-informative, 162 singleton sites, 223 constant sites
               Gap/Ambiguity  Composition  p-value
Analyzing sequences: done in 8.2016e-05 secs using 209.7% CPU
   1  CKAN_01596700   73.25%    passed     95.98%
   2  CKAN_01533600   52.08%    passed     62.23%
   3  CKAN_02447300   69.09%    failed      1.05%
   4  CKAN_01942000   81.30%    passed      9.57%
   5  CKAN_01906900   76.10%    passed     86.20%
   6  CKAN_01942500   71.43%    passed     68.60%
   7  CKAN_01894500   55.97%    failed      2.09%
   8  CKAN_01821800   65.84%    passed     90.52%
   9  CKAN_01848800   68.70%    passed     93.25%
  10  CKAN_02317200   54.42%    passed     70.60%
  11  CKAN_02742500   73.51%    passed     31.51%
  12  CKAN_00565900   70.78%    passed     90.32%
  13  CKAN_00566000   67.27%    passed     41.04%
  14  CKAN_00958900   68.83%    passed     96.92%
  15  CKAN_00861800   64.81%    failed      0.25%
  16  CKAN_00958800   72.08%    passed     66.40%
  17  CKAN_01290200   71.43%    passed     96.41%
  18  CKAN_01352300   74.03%    failed      3.30%
  19  CKAN_00283400   69.22%    passed     73.21%
  20  CKAN_00109600   67.53%    passed     79.74%
  21  CKAN_02197200   43.12%    failed      0.00%
  22  CKAN_02109000   72.60%    passed     98.98%
  23  CKAN_02199500   72.86%    passed     99.17%
  24  CKAN_02189300   71.04%    passed     33.62%
  25  CKAN_02189800   72.34%    passed     11.80%
  26  CKAN_02117700   74.94%    passed     64.88%
  27  CKAN_02189500   71.69%    passed     12.03%
  28  CKAN_02562300   71.04%    passed     70.50%
  29  CKAN_01187700   73.25%    failed      4.63%
  30  CKAN_01046400   69.35%    passed     33.02%
  31  CKAN_01065400   71.56%    passed     35.92%
  32  AT1G69540.1     55.32%    passed     45.49%
  33  AT1G59810.1     63.25%    failed      0.04%
  34  AT5G62165.1     72.73%    passed     83.65%
  35  AT3G30260.1     67.66%    passed     32.43%
  36  AT2G22540.1     68.83%    passed     80.67%
  37  AT5G62165.2     72.73%    passed     83.65%
  38  AT5G65050.1     76.36%    passed     51.46%
  39  AT2G03710.3     75.71%    passed     82.94%
  40  AT5G65080.1     73.38%    passed     43.50%
  41  AT5G51870.2     77.66%    passed     29.39%
  42  AT3G54340.1     69.87%    passed     48.17%
  43  AT2G22540.2     69.48%    passed     77.97%
  44  AT1G77080.5     77.53%    passed     17.71%
  45  AT5G60910.1     68.57%    passed     94.82%
  46  AT1G77980.1     56.88%    passed     36.32%
  47  AT3G58780.3     64.55%    passed     73.10%
  48  AT4G09960.3     66.75%    passed     45.83%
  49  AT5G51860.1     72.60%    passed     24.38%
  50  AT5G20240.1     72.99%    passed     14.85%
  51  AT2G03710.2     66.62%    passed     83.01%
  52  AT5G65080.2     74.42%    passed     47.63%
  53  AT3G57390.1     66.75%    passed     72.72%
  54  AT5G65060.2     75.97%    passed     39.38%
  55  AT3G57230.2     68.96%    passed     65.28%
  56  AT5G10140.1     74.55%    passed     11.19%
  57  AT2G42830.2     67.79%    passed     43.80%
  58  AT2G45660.1     72.21%    passed     67.23%
  59  AT4G09960.4     69.61%    passed     29.86%
  60  AT4G22950.1     71.56%    passed     80.34%
  61  AT5G23260.3     69.09%    passed      5.71%
  62  AT4G37940.1     70.39%    passed     96.68%
  63  AT5G15800.2     65.97%    passed     14.20%
  64  AT5G65050.3     74.55%    passed     55.69%
  65  AT4G09960.2     71.95%    passed     24.81%
  66  AT2G22630.1     70.52%    passed     95.55%
  67  AT5G15800.1     67.40%    passed     24.26%
  68  AT1G77950.2     67.27%    passed     61.03%
  69  AT2G03060.2     49.87%    failed      0.06%
  70  AT5G65070.3     69.87%    passed     39.20%
  71  AT3G58780.2     68.70%    passed     75.30%
  72  AT5G51860.2     73.77%    passed     17.13%
  73  AT1G77950.1     67.27%    passed     61.03%
  74  AT3G61120.1     68.31%    passed     30.76%
  75  AT1G24260.2     67.40%    passed     51.79%
  76  AT5G10140.2     78.31%    passed      8.59%
  77  AT5G10140.3     75.84%    passed     13.10%
  78  AT5G65070.2     70.00%    passed     39.19%
  79  AT5G65070.1     74.03%    passed     20.20%
  80  AT2G14210.1     69.61%    passed     88.69%
  81  AT1G24260.1     67.53%    passed     46.59%
  82  AT5G51870.3     71.56%    passed     70.77%
  83  AT2G03710.1     66.49%    passed     81.72%
  84  AT5G65050.2     76.88%    passed     30.33%
  85  AT5G62165.4     74.55%    passed     95.36%
  86  AT4G18960.1     67.27%    passed     28.83%
  87  AT1G69120.1     66.75%    passed     44.00%
  88  AT4G11880.1     71.30%    passed     77.98%
  89  AT2G42830.1     68.05%    passed     44.77%
  90  AT2G45650.1     67.27%    passed     75.83%
  91  AT3G57230.1     68.83%    passed     52.76%
  92  AT1G71692.1     72.60%    passed     67.75%
  93  AT5G10140.4     76.36%    passed     15.66%
  94  AT3G58780.1     67.79%    passed     72.61%
  95  AT4G09960.1     70.13%    passed     28.04%
  96  AT4G24540.1     71.43%    passed      6.47%
  97  AT5G62165.3     72.73%    passed     83.65%
  98  AT1G26310.1     66.88%    passed     86.12%
  99  AT1G24260.3     69.22%    passed     39.52%
 100  AT1G31140.1     72.34%    passed     74.53%
 101  AT1G77080.2     75.06%    passed     56.43%
 102  AT5G23260.2     67.27%    failed      3.65%
 103  AT1G31140.2     72.08%    passed     73.41%
 104  AT1G22130.1     56.49%    passed     24.63%
 105  AT5G23260.1     67.92%    failed      4.82%
 106  AT1G77080.4     74.55%    passed     54.15%
 107  AT5G51870.1     73.12%    passed     54.46%
 108  AT5G13790.1     65.19%    passed     58.23%
 109  AT5G65060.1     74.55%    passed     27.32%
 110  AT3G02310.1     67.53%    passed     23.59%
WARNING: 108 sequences contain more than 50% gaps/ambiguity
****  TOTAL           69.57%  10 sequences failed composition chi2 test (p-value<5%; df=19)
NOTE: AT5G62165.2 is identical to AT5G62165.1 but kept for subsequent analysis
NOTE: AT1G77950.1 is identical to AT1G77950.2 but kept for subsequent analysis
NOTE: 1 identical sequences (see below) will be ignored for subsequent analysis
NOTE: AT5G62165.3 (identical to AT5G62165.1) is ignored but added at the end
Alignment was printed to /Users/bushrakhan/Desktop/NIPGR-data/MADS-box-Evolutionary-gene-detection/Simultaneous_Phylogenetic_Analysis/Results_v4/Cinnamomum_kanehirae/Cinnamomum_kanehirae_ClustalO_NJ.uniqueseq.phy

For your convenience alignment with unique sequences printed to /Users/bushrakhan/Desktop/NIPGR-data/MADS-box-Evolutionary-gene-detection/Simultaneous_Phylogenetic_Analysis/Results_v4/Cinnamomum_kanehirae/Cinnamomum_kanehirae_ClustalO_NJ.uniqueseq.phy

Create initial parsimony tree by phylogenetic likelihood library (PLL)... 0.029 seconds
Generating 1000 samples for ultrafast bootstrap (seed: 790934)...

NOTE: 46 MB RAM (0 GB) is required!
Measuring multi-threading efficiency up to 10 CPU cores
Increase to 10 rounds for branch lengths
3 trees examined
Threads: 1 / Time: 11.272 sec / Speedup: 1.000 / Efficiency: 100% / LogL: -50812
Threads: 2 / Time: 7.130 sec / Speedup: 1.581 / Efficiency: 79% / LogL: -50812
Threads: 3 / Time: 4.883 sec / Speedup: 2.308 / Efficiency: 77% / LogL: -50812
Threads: 4 / Time: 4.428 sec / Speedup: 2.546 / Efficiency: 64% / LogL: -50812
Threads: 5 / Time: 4.505 sec / Speedup: 2.502 / Efficiency: 50% / LogL: -50812
Threads: 6 / Time: 4.602 sec / Speedup: 2.449 / Efficiency: 41% / LogL: -50812
BEST NUMBER OF THREADS: 4

Estimate model parameters (epsilon = 0.100)
1. Initial log-likelihood: -33654.845
2. Current log-likelihood: -31295.892
3. Current log-likelihood: -31234.592
4. Current log-likelihood: -31230.864
5. Current log-likelihood: -31229.953
6. Current log-likelihood: -31229.645
7. Current log-likelihood: -31229.536
Optimal log-likelihood: -31229.397
Gamma shape alpha: 1.046
Parameters optimization took 7 rounds (5.324 sec)
Wrote distance file to... 
Computing ML distances based on estimated model parameters...
Calculating distance matrix: done in 0.89318 secs using 393% CPU
Computing ML distances took 0.893406 sec (of wall-clock time) 3.510666 sec (of CPU time)
WARNING: Some pairwise ML distances are too long (saturated)
Setting up auxiliary I and S matrices: done in 0.000192881 secs using 248.3% CPU
Computing RapidNJ tree took 0.009453 sec (of wall-clock time) 0.007260 sec (of CPU time)
Log-likelihood of RapidNJ tree: -31389.423
--------------------------------------------------------------------
|             INITIALIZING CANDIDATE TREE SET                      |
--------------------------------------------------------------------
Generating 98 parsimony trees... 3.666 second
Computing log-likelihood of 98 initial trees ... 18.099 seconds
Current best score: -31229.397

Do NNI search on 20 best initial trees
Estimate model parameters (epsilon = 0.100)
BETTER TREE FOUND at iteration 1: -31176.248
Estimate model parameters (epsilon = 0.100)
BETTER TREE FOUND at iteration 3: -31167.270
Estimate model parameters (epsilon = 0.100)
BETTER TREE FOUND at iteration 4: -31164.944
Estimate model parameters (epsilon = 0.100)
BETTER TREE FOUND at iteration 5: -31164.911
UPDATE BEST LOG-LIKELIHOOD: -31164.909
Iteration 10 / LogL: -31165.550 / Time: 0h:2m:19s
Iteration 20 / LogL: -31177.022 / Time: 0h:3m:42s
Finish initializing candidate tree set (17)
Current best tree score: -31164.909 / CPU time: 177.487
Number of iterations: 20
--------------------------------------------------------------------
|               OPTIMIZING CANDIDATE TREE SET                      |
--------------------------------------------------------------------
Estimate model parameters (epsilon = 0.100)
BETTER TREE FOUND at iteration 22: -31163.343
Estimate model parameters (epsilon = 0.100)
BETTER TREE FOUND at iteration 29: -31163.299
Iteration 30 / LogL: -31164.554 / Time: 0h:4m:43s (0h:16m:8s left)
Estimate model parameters (epsilon = 0.100)
BETTER TREE FOUND at iteration 33: -31161.071
Estimate model parameters (epsilon = 0.100)
BETTER TREE FOUND at iteration 34: -31160.180
Iteration 40 / LogL: -31163.427 / Time: 0h:5m:43s (0h:13m:48s left)
UPDATE BEST LOG-LIKELIHOOD: -31160.180
Iteration 50 / LogL: -31160.180 / Time: 0h:6m:44s (0h:11m:33s left)
Log-likelihood cutoff on original alignment: -31224.580
Iteration 60 / LogL: -31161.038 / Time: 0h:7m:44s (0h:9m:42s left)
Iteration 70 / LogL: -31161.039 / Time: 0h:8m:44s (0h:8m:6s left)
Estimate model parameters (epsilon = 0.100)
BETTER TREE FOUND at iteration 72: -31160.110
BETTER TREE FOUND at iteration 73: -31160.109
UPDATE BEST LOG-LIKELIHOOD: -31160.108
Iteration 80 / LogL: -31160.821 / Time: 0h:9m:45s (0h:11m:28s left)
Iteration 90 / LogL: -31164.173 / Time: 0h:10m:42s (0h:9m:59s left)
Iteration 100 / LogL: -31160.123 / Time: 0h:11m:43s (0h:8m:38s left)
Log-likelihood cutoff on original alignment: -31224.580
NOTE: Bootstrap correlation coefficient of split occurrence frequencies: 0.997
Iteration 110 / LogL: -31165.398 / Time: 0h:12m:44s (0h:10m:31s left)
Iteration 120 / LogL: -31160.222 / Time: 0h:13m:44s (0h:9m:14s left)
BETTER TREE FOUND at iteration 126: -31160.108
Iteration 130 / LogL: -31169.246 / Time: 0h:14m:46s (0h:10m:59s left)
Iteration 140 / LogL: -31161.136 / Time: 0h:15m:46s (0h:9m:45s left)
Iteration 150 / LogL: -31160.182 / Time: 0h:16m:43s (0h:8m:32s left)
Log-likelihood cutoff on original alignment: -31224.580
Iteration 160 / LogL: -31160.182 / Time: 0h:17m:44s (0h:7m:21s left)
Iteration 170 / LogL: -31162.311 / Time: 0h:18m:46s (0h:6m:13s left)
Iteration 180 / LogL: -31165.033 / Time: 0h:19m:45s (0h:5m:4s left)
Iteration 190 / LogL: -31160.124 / Time: 0h:20m:46s (0h:3m:57s left)
Iteration 200 / LogL: -31165.646 / Time: 0h:21m:49s (0h:2m:51s left)
Log-likelihood cutoff on original alignment: -31224.580
NOTE: Bootstrap correlation coefficient of split occurrence frequencies: 1.000
Iteration 210 / LogL: -31160.990 / Time: 0h:22m:49s (0h:9m:49s left)
Iteration 220 / LogL: -31178.823 / Time: 0h:23m:47s (0h:8m:41s left)
TREE SEARCH COMPLETED AFTER 227 ITERATIONS / Time: 0h:24m:26s

--------------------------------------------------------------------
|                    FINALIZING TREE SEARCH                        |
--------------------------------------------------------------------
Performs final model parameters optimization
Estimate model parameters (epsilon = 0.010)
1. Initial log-likelihood: -31160.108
Optimal log-likelihood: -31160.105
Gamma shape alpha: 0.942
Parameters optimization took 1 rounds (0.538 sec)
BEST SCORE FOUND : -31160.105
Creating bootstrap support values...
Split supports printed to NEXUS file /Users/bushrakhan/Desktop/NIPGR-data/MADS-box-Evolutionary-gene-detection/Simultaneous_Phylogenetic_Analysis/Results_v4/Cinnamomum_kanehirae/Cinnamomum_kanehirae_ClustalO_NJ.splits.nex
Total tree length: 64.506

Total number of iterations: 227
CPU time used for tree search: 4153.155 sec (1h:9m:13s)
Wall-clock time used for tree search: 1422.240 sec (0h:23m:42s)
Total CPU time used: 4255.825 sec (1h:10m:55s)
Total wall-clock time used: 1467.613 sec (0h:24m:27s)

Computing bootstrap consensus tree...
Reading input file /Users/bushrakhan/Desktop/NIPGR-data/MADS-box-Evolutionary-gene-detection/Simultaneous_Phylogenetic_Analysis/Results_v4/Cinnamomum_kanehirae/Cinnamomum_kanehirae_ClustalO_NJ.splits.nex...
109 taxa and 514 splits.
Consensus tree written to /Users/bushrakhan/Desktop/NIPGR-data/MADS-box-Evolutionary-gene-detection/Simultaneous_Phylogenetic_Analysis/Results_v4/Cinnamomum_kanehirae/Cinnamomum_kanehirae_ClustalO_NJ.contree
Reading input trees file /Users/bushrakhan/Desktop/NIPGR-data/MADS-box-Evolutionary-gene-detection/Simultaneous_Phylogenetic_Analysis/Results_v4/Cinnamomum_kanehirae/Cinnamomum_kanehirae_ClustalO_NJ.contree
Log-likelihood of consensus tree: -31160.193

Analysis results written to: 
  IQ-TREE report:                /Users/bushrakhan/Desktop/NIPGR-data/MADS-box-Evolutionary-gene-detection/Simultaneous_Phylogenetic_Analysis/Results_v4/Cinnamomum_kanehirae/Cinnamomum_kanehirae_ClustalO_NJ.iqtree
  Maximum-likelihood tree:       /Users/bushrakhan/Desktop/NIPGR-data/MADS-box-Evolutionary-gene-detection/Simultaneous_Phylogenetic_Analysis/Results_v4/Cinnamomum_kanehirae/Cinnamomum_kanehirae_ClustalO_NJ.treefile
  Likelihood distances:          /Users/bushrakhan/Desktop/NIPGR-data/MADS-box-Evolutionary-gene-detection/Simultaneous_Phylogenetic_Analysis/Results_v4/Cinnamomum_kanehirae/Cinnamomum_kanehirae_ClustalO_NJ.mldist

Ultrafast bootstrap approximation results written to:
  Split support values:          /Users/bushrakhan/Desktop/NIPGR-data/MADS-box-Evolutionary-gene-detection/Simultaneous_Phylogenetic_Analysis/Results_v4/Cinnamomum_kanehirae/Cinnamomum_kanehirae_ClustalO_NJ.splits.nex
  Consensus tree:                /Users/bushrakhan/Desktop/NIPGR-data/MADS-box-Evolutionary-gene-detection/Simultaneous_Phylogenetic_Analysis/Results_v4/Cinnamomum_kanehirae/Cinnamomum_kanehirae_ClustalO_NJ.contree
  Screen log file:               /Users/bushrakhan/Desktop/NIPGR-data/MADS-box-Evolutionary-gene-detection/Simultaneous_Phylogenetic_Analysis/Results_v4/Cinnamomum_kanehirae/Cinnamomum_kanehirae_ClustalO_NJ.log

Date and Time: Mon Apr  6 22:28:45 2026
