IQ-TREE multicore version 2.3.6 for MacOS ARM 64-bit built Jul 30 2024
Developed by Bui Quang Minh, Nguyen Lam Tung, Olga Chernomor, Heiko Schmidt,
Dominik Schrempf, Michael Woodhams, Ly Trong Nhan, Thomas Wong

Host:    Bushras-MacBook-Air.local (SSE4.2, 16 GB RAM)
Command: /opt/homebrew/bin/iqtree2 -s /Users/bushrakhan/Desktop/NIPGR-data/MADS-box-Evolutionary-gene-detection/Advanced_Phylogenetic_Pipeline/Uploads/Final_Portfolio_Refined/Alignments/Nymphaea_colorata_ClustalO.fa -m LG+G -B 1000 -T AUTO --prefix /Users/bushrakhan/Desktop/NIPGR-data/MADS-box-Evolutionary-gene-detection/Advanced_Phylogenetic_Pipeline/Uploads/Final_Portfolio_Refined/Trees/Nymphaea_colorata_ClustalO -redo
Seed:    508640 (Using SPRNG - Scalable Parallel Random Number Generator)
Time:    Fri Apr 10 04:56:01 2026
Kernel:  SSE2 - auto-detect threads (10 CPU cores detected)

Reading alignment file /Users/bushrakhan/Desktop/NIPGR-data/MADS-box-Evolutionary-gene-detection/Advanced_Phylogenetic_Pipeline/Uploads/Final_Portfolio_Refined/Alignments/Nymphaea_colorata_ClustalO.fa ... Fasta format detected
Reading fasta file: done in 0.000375032 secs using 89.06% CPU
Alignment most likely contains protein sequences
Alignment has 34 sequences with 584 columns, 468 distinct patterns
254 parsimony-informative, 168 singleton sites, 162 constant sites
WARNING: Some sequence names are changed as follows:
AT1G69120.1|APETALA1|AP1|Length=286 -> AT1G69120.1|APETALA1|AP1|Length_286
AT4G36920.1|APETALA2|AP2|Length=432 -> AT4G36920.1|APETALA2|AP2|Length_432
AT3G54340.1|APETALA3|AP3|Length=232 -> AT3G54340.1|APETALA3|AP3|Length_232
AT5G20240.1|PISTILLATA|PI|Length=208 -> AT5G20240.1|PISTILLATA|PI|Length_208
AT4G18960.1|AGAMOUS|AG|Length=252 -> AT4G18960.1|AGAMOUS|AG|Length_252
AT4G09960.4|SEEDSTICK|STK|Length=329 -> AT4G09960.4|SEEDSTICK|STK|Length_329
AT3G58780.4|SHATTERPROOF1|SHP1|Length=281 -> AT3G58780.4|SHATTERPROOF1|SHP1|Length_281
AT2G42830.2|SHATTERPROOF2|SHP2|Length=248 -> AT2G42830.2|SHATTERPROOF2|SHP2|Length_248
AT5G15800.2|SEPALLATA1|SEP1|Length=262 -> AT5G15800.2|SEPALLATA1|SEP1|Length_262
AT3G02310.1|SEPALLATA2|SEP2|Length=250 -> AT3G02310.1|SEPALLATA2|SEP2|Length_250
AT1G24260.2|SEPALLATA3|SEP3|Length=251 -> AT1G24260.2|SEPALLATA3|SEP3|Length_251
AT2G03710.1|SEPALLATA4|SEP4|Length=258 -> AT2G03710.1|SEPALLATA4|SEP4|Length_258

                                           Gap/Ambiguity  Composition  p-value
Analyzing sequences: done in 6.29425e-05 secs using 120.7% CPU
   1  Nycol.F00329.1.p                            80.14%    passed     79.40%
   2  Nycol.F00337.1.p                            64.21%    passed     67.26%
   3  Nycol.F00482.1.p                            57.88%    passed     43.76%
   4  Nycol.F00306.1.p                            67.64%    passed      6.42%
   5  Nycol.F00318.1.p                            64.55%    passed     87.79%
   6  Nycol.A00172.1.p                            65.75%    passed     30.66%
   7  Nycol.A03014.1.p                            59.93%    passed     30.02%
   8  Nycol.A00432.1.p                            62.84%    passed     96.23%
   9  Nycol.A01976.1.p                            60.27%    passed     89.80%
  10  Nycol.B01084.1.p                            65.58%    passed     57.01%
  11  Nycol.G00206.1.p                            62.67%    passed     79.88%
  12  Nycol.G00190.1.p                            65.41%    passed     14.61%
  13  Nycol.H00870.1.p                            57.53%    passed     65.21%
  14  Nycol.H00296.1.p                            58.05%    passed     98.50%
  15  Nycol.H00297.1.p                            53.94%    passed     50.40%
  16  Nycol.M00404.1.p                            58.39%    passed     65.38%
  17  Nycol.I00043.1.p                            61.64%    passed     48.47%
  18  Nycol.I00993.1.p                            61.30%    passed     88.59%
  19  Nycol.I01691.1.p                            58.05%    passed     82.31%
  20  Nycol.I01697.1.p                            63.18%    passed     72.79%
  21  Nycol.I01732.1.p                            62.16%    passed     82.97%
  22  Nycol.C02244.1.p                            62.33%    passed     88.42%
  23  AT1G69120.1|APETALA1|AP1|Length_286         56.16%    passed     61.01%
  24  AT4G36920.1|APETALA2|AP2|Length_432         26.03%    failed      0.00%
  25  AT3G54340.1|APETALA3|AP3|Length_232         60.27%    passed     66.25%
  26  AT5G20240.1|PISTILLATA|PI|Length_208        64.38%    passed     12.95%
  27  AT4G18960.1|AGAMOUS|AG|Length_252           56.85%    passed     51.16%
  28  AT4G09960.4|SEEDSTICK|STK|Length_329        43.66%    passed      6.24%
  29  AT3G58780.4|SHATTERPROOF1|SHP1|Length_281   51.88%    passed     36.00%
  30  AT2G42830.2|SHATTERPROOF2|SHP2|Length_248   57.53%    passed     46.67%
  31  AT5G15800.2|SEPALLATA1|SEP1|Length_262      55.14%    passed     36.49%
  32  AT3G02310.1|SEPALLATA2|SEP2|Length_250      57.19%    passed     39.73%
  33  AT1G24260.2|SEPALLATA3|SEP3|Length_251      57.02%    passed     82.22%
  34  AT2G03710.1|SEPALLATA4|SEP4|Length_258      55.82%    passed     96.66%
WARNING: 32 sequences contain more than 50% gaps/ambiguity
****  TOTAL                                       59.28%  1 sequences failed composition chi2 test (p-value<5%; df=19)

Create initial parsimony tree by phylogenetic likelihood library (PLL)... 0.004 seconds
Generating 1000 samples for ultrafast bootstrap (seed: 508640)...

NOTE: 12 MB RAM (0 GB) is required!
Measuring multi-threading efficiency up to 10 CPU cores
Increase to 10 rounds for branch lengths
8 trees examined
Threads: 1 / Time: 10.966 sec / Speedup: 1.000 / Efficiency: 100% / LogL: -16069
Threads: 2 / Time: 8.006 sec / Speedup: 1.370 / Efficiency: 68% / LogL: -16069
Threads: 3 / Time: 6.449 sec / Speedup: 1.701 / Efficiency: 57% / LogL: -16069
Threads: 4 / Time: 5.341 sec / Speedup: 2.053 / Efficiency: 51% / LogL: -16069
Threads: 5 / Time: 5.993 sec / Speedup: 1.830 / Efficiency: 37% / LogL: -16069
BEST NUMBER OF THREADS: 4

Estimate model parameters (epsilon = 0.100)
1. Initial log-likelihood: -14816.619
2. Current log-likelihood: -13883.131
3. Current log-likelihood: -13863.624
4. Current log-likelihood: -13862.105
5. Current log-likelihood: -13861.664
Optimal log-likelihood: -13861.646
Gamma shape alpha: 1.090
Parameters optimization took 5 rounds (2.053 sec)
Wrote distance file to... 
Computing ML distances based on estimated model parameters...
Calculating distance matrix: done in 0.144362 secs using 331.2% CPU
Computing ML distances took 0.144528 sec (of wall-clock time) 0.478280 sec (of CPU time)
Setting up auxiliary I and S matrices: done in 0.000121117 secs using 155.2% CPU
Computing RapidNJ tree took 0.003755 sec (of wall-clock time) 0.001593 sec (of CPU time)
Log-likelihood of RapidNJ tree: -13901.402
--------------------------------------------------------------------
|             INITIALIZING CANDIDATE TREE SET                      |
--------------------------------------------------------------------
Generating 98 parsimony trees... 1.386 second
Computing log-likelihood of 98 initial trees ... 8.434 seconds
Current best score: -13861.646

Do NNI search on 20 best initial trees
Estimate model parameters (epsilon = 0.100)
BETTER TREE FOUND at iteration 1: -13811.506
Estimate model parameters (epsilon = 0.100)
BETTER TREE FOUND at iteration 2: -13808.147
Iteration 10 / LogL: -13813.260 / Time: 0h:1m:9s
Iteration 20 / LogL: -13808.312 / Time: 0h:1m:33s
Finish initializing candidate tree set (13)
Current best tree score: -13808.147 / CPU time: 53.500
Number of iterations: 20
--------------------------------------------------------------------
|               OPTIMIZING CANDIDATE TREE SET                      |
--------------------------------------------------------------------
Iteration 30 / LogL: -13812.312 / Time: 0h:1m:50s (0h:4m:33s left)
Iteration 40 / LogL: -13808.380 / Time: 0h:2m:5s (0h:3m:19s left)
Estimate model parameters (epsilon = 0.100)
BETTER TREE FOUND at iteration 45: -13807.450
Iteration 50 / LogL: -13808.444 / Time: 0h:2m:21s (0h:4m:34s left)
Log-likelihood cutoff on original alignment: -13858.641
Iteration 60 / LogL: -13808.501 / Time: 0h:2m:39s (0h:3m:49s left)
Iteration 70 / LogL: -13809.417 / Time: 0h:2m:56s (0h:3m:12s left)
Iteration 80 / LogL: -13809.550 / Time: 0h:3m:14s (0h:2m:40s left)
Iteration 90 / LogL: -13809.427 / Time: 0h:3m:33s (0h:2m:11s left)
Iteration 100 / LogL: -13808.461 / Time: 0h:3m:50s (0h:1m:44s left)
Log-likelihood cutoff on original alignment: -13858.641
NOTE: Bootstrap correlation coefficient of split occurrence frequencies: 0.996
Iteration 110 / LogL: -13808.678 / Time: 0h:4m:5s (0h:3m:22s left)
Iteration 120 / LogL: -13809.470 / Time: 0h:4m:22s (0h:2m:56s left)
Iteration 130 / LogL: -13807.514 / Time: 0h:4m:39s (0h:2m:31s left)
Iteration 140 / LogL: -13940.156 / Time: 0h:4m:58s (0h:2m:8s left)
TREE SEARCH COMPLETED AFTER 146 ITERATIONS / Time: 0h:5m:7s

--------------------------------------------------------------------
|                    FINALIZING TREE SEARCH                        |
--------------------------------------------------------------------
Performs final model parameters optimization
Estimate model parameters (epsilon = 0.010)
1. Initial log-likelihood: -13807.450
Optimal log-likelihood: -13807.449
Gamma shape alpha: 1.031
Parameters optimization took 1 rounds (0.187 sec)
BEST SCORE FOUND : -13807.449
Creating bootstrap support values...
Split supports printed to NEXUS file /Users/bushrakhan/Desktop/NIPGR-data/MADS-box-Evolutionary-gene-detection/Advanced_Phylogenetic_Pipeline/Uploads/Final_Portfolio_Refined/Trees/Nymphaea_colorata_ClustalO.splits.nex
Total tree length: 33.399

Total number of iterations: 146
CPU time used for tree search: 452.945 sec (0h:7m:32s)
Wall-clock time used for tree search: 267.975 sec (0h:4m:27s)
Total CPU time used: 506.042 sec (0h:8m:26s)
Total wall-clock time used: 308.252 sec (0h:5m:8s)

Computing bootstrap consensus tree...
Reading input file /Users/bushrakhan/Desktop/NIPGR-data/MADS-box-Evolutionary-gene-detection/Advanced_Phylogenetic_Pipeline/Uploads/Final_Portfolio_Refined/Trees/Nymphaea_colorata_ClustalO.splits.nex...
34 taxa and 249 splits.
Consensus tree written to /Users/bushrakhan/Desktop/NIPGR-data/MADS-box-Evolutionary-gene-detection/Advanced_Phylogenetic_Pipeline/Uploads/Final_Portfolio_Refined/Trees/Nymphaea_colorata_ClustalO.contree
Reading input trees file /Users/bushrakhan/Desktop/NIPGR-data/MADS-box-Evolutionary-gene-detection/Advanced_Phylogenetic_Pipeline/Uploads/Final_Portfolio_Refined/Trees/Nymphaea_colorata_ClustalO.contree
Log-likelihood of consensus tree: -13808.565

Analysis results written to: 
  IQ-TREE report:                /Users/bushrakhan/Desktop/NIPGR-data/MADS-box-Evolutionary-gene-detection/Advanced_Phylogenetic_Pipeline/Uploads/Final_Portfolio_Refined/Trees/Nymphaea_colorata_ClustalO.iqtree
  Maximum-likelihood tree:       /Users/bushrakhan/Desktop/NIPGR-data/MADS-box-Evolutionary-gene-detection/Advanced_Phylogenetic_Pipeline/Uploads/Final_Portfolio_Refined/Trees/Nymphaea_colorata_ClustalO.treefile
  Likelihood distances:          /Users/bushrakhan/Desktop/NIPGR-data/MADS-box-Evolutionary-gene-detection/Advanced_Phylogenetic_Pipeline/Uploads/Final_Portfolio_Refined/Trees/Nymphaea_colorata_ClustalO.mldist

Ultrafast bootstrap approximation results written to:
  Split support values:          /Users/bushrakhan/Desktop/NIPGR-data/MADS-box-Evolutionary-gene-detection/Advanced_Phylogenetic_Pipeline/Uploads/Final_Portfolio_Refined/Trees/Nymphaea_colorata_ClustalO.splits.nex
  Consensus tree:                /Users/bushrakhan/Desktop/NIPGR-data/MADS-box-Evolutionary-gene-detection/Advanced_Phylogenetic_Pipeline/Uploads/Final_Portfolio_Refined/Trees/Nymphaea_colorata_ClustalO.contree
  Screen log file:               /Users/bushrakhan/Desktop/NIPGR-data/MADS-box-Evolutionary-gene-detection/Advanced_Phylogenetic_Pipeline/Uploads/Final_Portfolio_Refined/Trees/Nymphaea_colorata_ClustalO.log

Date and Time: Fri Apr 10 05:01:11 2026
