IQ-TREE multicore version 2.3.6 for MacOS ARM 64-bit built Jul 30 2024
Developed by Bui Quang Minh, Nguyen Lam Tung, Olga Chernomor, Heiko Schmidt,
Dominik Schrempf, Michael Woodhams, Ly Trong Nhan, Thomas Wong

Host:    Bushras-MacBook-Air.local (SSE4.2, 16 GB RAM)
Command: /opt/homebrew/bin/iqtree2 -s /Users/bushrakhan/Desktop/NIPGR-data/MADS-box-Evolutionary-gene-detection/Advanced_Phylogenetic_Pipeline/3.Phylogeny_Output/Alignments_FullLength/Amborella_trichopoda_MAFFT_Aligned.fa -m LG+F+G -B 1000 -pre /Users/bushrakhan/Desktop/NIPGR-data/MADS-box-Evolutionary-gene-detection/Advanced_Phylogenetic_Pipeline/3.Phylogeny_Output/Trees_FullLength/Amborella_trichopoda_MAFFT_ML -nt AUTO -redo
Seed:    324669 (Using SPRNG - Scalable Parallel Random Number Generator)
Time:    Tue Apr 14 02:31:39 2026
Kernel:  SSE2 - auto-detect threads (10 CPU cores detected)

Reading alignment file /Users/bushrakhan/Desktop/NIPGR-data/MADS-box-Evolutionary-gene-detection/Advanced_Phylogenetic_Pipeline/3.Phylogeny_Output/Alignments_FullLength/Amborella_trichopoda_MAFFT_Aligned.fa ... Fasta format detected
Reading fasta file: done in 0.000732899 secs using 85.41% CPU
Alignment most likely contains protein sequences
Alignment has 61 sequences with 672 columns, 577 distinct patterns
303 parsimony-informative, 165 singleton sites, 203 constant sites
                                          Gap/Ambiguity  Composition  p-value
Analyzing sequences: done in 7.41482e-05 secs using 161.8% CPU
   1  evm_27.model.AmTr_v1.0_scaffold00089.36    68.45%    passed     98.65%
   2  evm_27.model.AmTr_v1.0_scaffold00013.60    74.40%    passed     97.72%
   3  evm_27.model.AmTr_v1.0_scaffold00013.53    64.14%    passed     81.18%
   4  evm_27.model.AmTr_v1.0_scaffold00001.409   66.82%    passed     91.86%
   5  evm_27.model.AmTr_v1.0_scaffold00001.461   65.62%    passed     78.80%
   6  evm_27.model.AmTr_v1.0_scaffold00001.225   65.77%    passed     43.48%
   7  evm_27.model.AmTr_v1.0_scaffold00001.413   65.92%    passed     75.57%
   8  evm_27.model.AmTr_v1.0_scaffold00046.134   66.96%    passed     99.22%
   9  evm_27.model.AmTr_v1.0_scaffold00053.185   72.02%    passed     47.15%
  10  evm_27.model.AmTr_v1.0_scaffold00095.150   66.07%    failed      0.66%
  11  evm_27.model.AmTr_v1.0_scaffold00071.203   66.96%    passed     42.87%
  12  evm_27.model.AmTr_v1.0_scaffold00021.296   65.18%    passed     88.70%
  13  evm_27.model.AmTr_v1.0_scaffold00047.121   63.84%    passed     72.06%
  14  evm_27.model.AmTr_v1.0_scaffold00047.105   63.99%    passed     21.60%
  15  evm_27.model.AmTr_v1.0_scaffold00066.97    67.26%    passed     42.65%
  16  evm_27.model.AmTr_v1.0_scaffold00127.17    67.41%    passed     65.04%
  17  AT1G22130.1                                50.15%    passed     23.79%
  18  AT1G24260.2                                62.65%    passed     52.17%
  19  AT1G26310.1                                62.05%    passed     84.91%
  20  AT1G31140.2                                68.01%    passed     68.11%
  21  AT1G59810.1                                57.89%    failed      0.05%
  22  AT1G69120.1                                61.90%    passed     37.52%
  23  AT1G69540.2                                45.39%    passed     13.08%
  24  AT1G71692.1                                68.60%    passed     60.92%
  25  AT1G77080.8                                66.82%    passed     61.12%
  26  AT1G77950.4                                62.50%    passed     59.52%
  27  AT1G77980.1                                50.60%    passed     41.31%
  28  AT2G03060.2                                42.56%    failed      0.05%
  29  AT2G03710.1                                61.61%    passed     87.25%
  30  AT2G14210.2                                65.03%    passed     88.06%
  31  AT2G22540.1                                64.29%    passed     86.66%
  32  AT2G22630.2                                66.22%    passed     96.53%
  33  AT2G42830.2                                63.10%    passed     46.11%
  34  AT2G45650.1                                62.50%    passed     72.78%
  35  AT2G45660.1                                68.15%    passed     68.25%
  36  AT3G02310.1                                62.80%    passed     20.16%
  37  AT3G30260.1                                62.95%    passed     29.65%
  38  AT3G54340.1                                65.48%    passed     49.22%
  39  AT3G57230.1                                64.29%    passed     54.41%
  40  AT3G57390.1                                61.90%    passed     77.38%
  41  AT3G58780.4                                58.18%    passed     39.12%
  42  AT3G61120.1                                63.69%    passed     34.75%
  43  AT4G09960.4                                51.04%    passed     13.79%
  44  AT4G11880.1                                67.11%    passed     79.79%
  45  AT4G18960.1                                62.50%    passed     32.14%
  46  AT4G22950.1                                67.41%    passed     84.14%
  47  AT4G24540.1                                67.26%    passed      8.89%
  48  AT4G37940.1                                66.07%    passed     98.11%
  49  AT5G10140.1                                70.83%    passed     11.16%
  50  AT5G13790.2                                59.67%    passed     68.82%
  51  AT5G15800.2                                61.01%    passed     13.75%
  52  AT5G20240.1                                69.05%    passed     13.52%
  53  AT5G23260.4                                60.12%    failed      4.91%
  54  AT5G51860.1                                68.60%    passed     19.94%
  55  AT5G51870.3                                65.92%    passed     87.58%
  56  AT5G60910.1                                63.99%    passed     95.91%
  57  AT5G62165.2                                68.75%    passed     86.08%
  58  AT5G65050.3                                70.83%    passed     58.63%
  59  AT5G65060.1                                70.83%    passed     28.62%
  60  AT5G65070.1                                70.24%    passed     21.21%
  61  AT5G65080.2                                69.64%    passed     44.47%
WARNING: 59 sequences contain more than 50% gaps/ambiguity
****  TOTAL                                      64.11%  4 sequences failed composition chi2 test (p-value<5%; df=19)

Create initial parsimony tree by phylogenetic likelihood library (PLL)... 0.013 seconds
Generating 1000 samples for ultrafast bootstrap (seed: 324669)...

NOTE: 24 MB RAM (0 GB) is required!
Measuring multi-threading efficiency up to 10 CPU cores
Increase to 10 rounds for branch lengths
6 trees examined
Threads: 1 / Time: 10.950 sec / Speedup: 1.000 / Efficiency: 100% / LogL: -29848
Threads: 2 / Time: 7.023 sec / Speedup: 1.559 / Efficiency: 78% / LogL: -29848
Threads: 3 / Time: 5.108 sec / Speedup: 2.144 / Efficiency: 71% / LogL: -29848
Threads: 4 / Time: 4.755 sec / Speedup: 2.303 / Efficiency: 58% / LogL: -29848
Threads: 5 / Time: 4.826 sec / Speedup: 2.269 / Efficiency: 45% / LogL: -29848
BEST NUMBER OF THREADS: 4

Estimate model parameters (epsilon = 0.100)
1. Initial log-likelihood: -26406.958
2. Current log-likelihood: -24588.169
3. Current log-likelihood: -24522.247
4. Current log-likelihood: -24520.102
5. Current log-likelihood: -24519.864
Optimal log-likelihood: -24519.819
Gamma shape alpha: 0.835
Parameters optimization took 5 rounds (2.106 sec)
Wrote distance file to... 
Computing ML distances based on estimated model parameters...
Calculating distance matrix: done in 0.343699 secs using 387.2% CPU
Computing ML distances took 0.344012 sec (of wall-clock time) 1.331122 sec (of CPU time)
WARNING: Some pairwise ML distances are too long (saturated)
Setting up auxiliary I and S matrices: done in 0.000196934 secs using 187.4% CPU
Computing RapidNJ tree took 0.006512 sec (of wall-clock time) 0.003562 sec (of CPU time)
Log-likelihood of RapidNJ tree: -24509.081
--------------------------------------------------------------------
|             INITIALIZING CANDIDATE TREE SET                      |
--------------------------------------------------------------------
Generating 98 parsimony trees... 1.608 second
Computing log-likelihood of 98 initial trees ... 9.191 seconds
Current best score: -24509.081

Do NNI search on 20 best initial trees
Estimate model parameters (epsilon = 0.100)
BETTER TREE FOUND at iteration 1: -24481.298
Estimate model parameters (epsilon = 0.100)
BETTER TREE FOUND at iteration 2: -24478.698
Estimate model parameters (epsilon = 0.100)
BETTER TREE FOUND at iteration 3: -24475.628
Estimate model parameters (epsilon = 0.100)
BETTER TREE FOUND at iteration 4: -24472.853
Estimate model parameters (epsilon = 0.100)
BETTER TREE FOUND at iteration 9: -24472.124
Iteration 10 / LogL: -24475.423 / Time: 0h:1m:10s
Iteration 20 / LogL: -24474.637 / Time: 0h:1m:36s
Finish initializing candidate tree set (20)
Current best tree score: -24472.124 / CPU time: 60.616
Number of iterations: 20
--------------------------------------------------------------------
|               OPTIMIZING CANDIDATE TREE SET                      |
--------------------------------------------------------------------
Estimate model parameters (epsilon = 0.100)
BETTER TREE FOUND at iteration 21: -24471.391
Estimate model parameters (epsilon = 0.100)
BETTER TREE FOUND at iteration 24: -24469.728
Estimate model parameters (epsilon = 0.100)
BETTER TREE FOUND at iteration 27: -24469.455
Iteration 30 / LogL: -24472.983 / Time: 0h:1m:59s (0h:6m:37s left)
Estimate model parameters (epsilon = 0.100)
BETTER TREE FOUND at iteration 33: -24469.137
Iteration 40 / LogL: -24471.339 / Time: 0h:2m:21s (0h:5m:37s left)
Estimate model parameters (epsilon = 0.100)
BETTER TREE FOUND at iteration 47: -24468.977
Iteration 50 / LogL: -24471.034 / Time: 0h:2m:42s (0h:5m:21s left)
Log-likelihood cutoff on original alignment: -24516.385
Iteration 60 / LogL: -24469.194 / Time: 0h:3m:3s (0h:4m:30s left)
Iteration 70 / LogL: -24469.469 / Time: 0h:3m:27s (0h:3m:52s left)
Iteration 80 / LogL: -24471.075 / Time: 0h:3m:51s (0h:3m:16s left)
Iteration 90 / LogL: -24469.224 / Time: 0h:4m:13s (0h:2m:42s left)
Iteration 100 / LogL: -24473.385 / Time: 0h:4m:36s (0h:2m:11s left)
Log-likelihood cutoff on original alignment: -24516.385
NOTE: Bootstrap correlation coefficient of split occurrence frequencies: 0.998
Iteration 110 / LogL: -24472.402 / Time: 0h:4m:56s (0h:4m:5s left)
Iteration 120 / LogL: -24469.756 / Time: 0h:5m:20s (0h:3m:35s left)
Iteration 130 / LogL: -24469.122 / Time: 0h:5m:42s (0h:3m:5s left)
Iteration 140 / LogL: -24470.928 / Time: 0h:6m:3s (0h:2m:36s left)
TREE SEARCH COMPLETED AFTER 148 ITERATIONS / Time: 0h:6m:19s

--------------------------------------------------------------------
|                    FINALIZING TREE SEARCH                        |
--------------------------------------------------------------------
Performs final model parameters optimization
Estimate model parameters (epsilon = 0.010)
1. Initial log-likelihood: -24468.977
Optimal log-likelihood: -24468.975
Gamma shape alpha: 0.827
Parameters optimization took 1 rounds (0.279 sec)
BEST SCORE FOUND : -24468.975
Creating bootstrap support values...
Split supports printed to NEXUS file /Users/bushrakhan/Desktop/NIPGR-data/MADS-box-Evolutionary-gene-detection/Advanced_Phylogenetic_Pipeline/3.Phylogeny_Output/Trees_FullLength/Amborella_trichopoda_MAFFT_ML.splits.nex
Total tree length: 56.824

Total number of iterations: 148
CPU time used for tree search: 996.294 sec (0h:16m:36s)
Wall-clock time used for tree search: 343.979 sec (0h:5m:43s)
Total CPU time used: 1069.522 sec (0h:17m:49s)
Total wall-clock time used: 380.078 sec (0h:6m:20s)

Computing bootstrap consensus tree...
Reading input file /Users/bushrakhan/Desktop/NIPGR-data/MADS-box-Evolutionary-gene-detection/Advanced_Phylogenetic_Pipeline/3.Phylogeny_Output/Trees_FullLength/Amborella_trichopoda_MAFFT_ML.splits.nex...
61 taxa and 395 splits.
Consensus tree written to /Users/bushrakhan/Desktop/NIPGR-data/MADS-box-Evolutionary-gene-detection/Advanced_Phylogenetic_Pipeline/3.Phylogeny_Output/Trees_FullLength/Amborella_trichopoda_MAFFT_ML.contree
Reading input trees file /Users/bushrakhan/Desktop/NIPGR-data/MADS-box-Evolutionary-gene-detection/Advanced_Phylogenetic_Pipeline/3.Phylogeny_Output/Trees_FullLength/Amborella_trichopoda_MAFFT_ML.contree
Log-likelihood of consensus tree: -24469.135

Analysis results written to: 
  IQ-TREE report:                /Users/bushrakhan/Desktop/NIPGR-data/MADS-box-Evolutionary-gene-detection/Advanced_Phylogenetic_Pipeline/3.Phylogeny_Output/Trees_FullLength/Amborella_trichopoda_MAFFT_ML.iqtree
  Maximum-likelihood tree:       /Users/bushrakhan/Desktop/NIPGR-data/MADS-box-Evolutionary-gene-detection/Advanced_Phylogenetic_Pipeline/3.Phylogeny_Output/Trees_FullLength/Amborella_trichopoda_MAFFT_ML.treefile
  Likelihood distances:          /Users/bushrakhan/Desktop/NIPGR-data/MADS-box-Evolutionary-gene-detection/Advanced_Phylogenetic_Pipeline/3.Phylogeny_Output/Trees_FullLength/Amborella_trichopoda_MAFFT_ML.mldist

Ultrafast bootstrap approximation results written to:
  Split support values:          /Users/bushrakhan/Desktop/NIPGR-data/MADS-box-Evolutionary-gene-detection/Advanced_Phylogenetic_Pipeline/3.Phylogeny_Output/Trees_FullLength/Amborella_trichopoda_MAFFT_ML.splits.nex
  Consensus tree:                /Users/bushrakhan/Desktop/NIPGR-data/MADS-box-Evolutionary-gene-detection/Advanced_Phylogenetic_Pipeline/3.Phylogeny_Output/Trees_FullLength/Amborella_trichopoda_MAFFT_ML.contree
  Screen log file:               /Users/bushrakhan/Desktop/NIPGR-data/MADS-box-Evolutionary-gene-detection/Advanced_Phylogenetic_Pipeline/3.Phylogeny_Output/Trees_FullLength/Amborella_trichopoda_MAFFT_ML.log

Date and Time: Tue Apr 14 02:38:00 2026
