IQ-TREE multicore version 2.3.6 for MacOS ARM 64-bit built Jul 30 2024
Developed by Bui Quang Minh, Nguyen Lam Tung, Olga Chernomor, Heiko Schmidt,
Dominik Schrempf, Michael Woodhams, Ly Trong Nhan, Thomas Wong

Host:    Bushras-MacBook-Air.local (SSE4.2, 16 GB RAM)
Command: /opt/homebrew/bin/iqtree2 -s Advanced_Phylogenetic_Pipeline/3.Phylogeny_Output/Alignments_FullLength/Amborella_trichopoda_MAFFT_Aligned.fa -m LG -B 1000 -pre Advanced_Phylogenetic_Pipeline/3.Phylogeny_Output/Trees_FullLength/Amborella_trichopoda_ML -nt AUTO -redo
Seed:    439217 (Using SPRNG - Scalable Parallel Random Number Generator)
Time:    Mon Apr 13 19:22:21 2026
Kernel:  SSE2 - auto-detect threads (10 CPU cores detected)

Reading alignment file Advanced_Phylogenetic_Pipeline/3.Phylogeny_Output/Alignments_FullLength/Amborella_trichopoda_MAFFT_Aligned.fa ... Fasta format detected
Reading fasta file: done in 0.00217986 secs using 36.88% CPU
Alignment most likely contains protein sequences
Alignment has 61 sequences with 672 columns, 577 distinct patterns
303 parsimony-informative, 165 singleton sites, 203 constant sites
                                          Gap/Ambiguity  Composition  p-value
Analyzing sequences: done in 0.000108004 secs using 114.8% CPU
   1  evm_27.model.AmTr_v1.0_scaffold00089.36    68.45%    passed     98.65%
   2  evm_27.model.AmTr_v1.0_scaffold00013.60    74.40%    passed     97.72%
   3  evm_27.model.AmTr_v1.0_scaffold00013.53    64.14%    passed     81.18%
   4  evm_27.model.AmTr_v1.0_scaffold00001.409   66.82%    passed     91.86%
   5  evm_27.model.AmTr_v1.0_scaffold00001.461   65.62%    passed     78.80%
   6  evm_27.model.AmTr_v1.0_scaffold00001.225   65.77%    passed     43.48%
   7  evm_27.model.AmTr_v1.0_scaffold00001.413   65.92%    passed     75.57%
   8  evm_27.model.AmTr_v1.0_scaffold00046.134   66.96%    passed     99.22%
   9  evm_27.model.AmTr_v1.0_scaffold00053.185   72.02%    passed     47.15%
  10  evm_27.model.AmTr_v1.0_scaffold00095.150   66.07%    failed      0.66%
  11  evm_27.model.AmTr_v1.0_scaffold00071.203   66.96%    passed     42.87%
  12  evm_27.model.AmTr_v1.0_scaffold00021.296   65.18%    passed     88.70%
  13  evm_27.model.AmTr_v1.0_scaffold00047.121   63.84%    passed     72.06%
  14  evm_27.model.AmTr_v1.0_scaffold00047.105   63.99%    passed     21.60%
  15  evm_27.model.AmTr_v1.0_scaffold00066.97    67.26%    passed     42.65%
  16  evm_27.model.AmTr_v1.0_scaffold00127.17    67.41%    passed     65.04%
  17  AT1G22130.1                                50.15%    passed     23.79%
  18  AT1G24260.2                                62.65%    passed     52.17%
  19  AT1G26310.1                                62.05%    passed     84.91%
  20  AT1G31140.2                                68.01%    passed     68.11%
  21  AT1G59810.1                                57.89%    failed      0.05%
  22  AT1G69120.1                                61.90%    passed     37.52%
  23  AT1G69540.2                                45.39%    passed     13.08%
  24  AT1G71692.1                                68.60%    passed     60.92%
  25  AT1G77080.8                                66.82%    passed     61.12%
  26  AT1G77950.4                                62.50%    passed     59.52%
  27  AT1G77980.1                                50.60%    passed     41.31%
  28  AT2G03060.2                                42.56%    failed      0.05%
  29  AT2G03710.1                                61.61%    passed     87.25%
  30  AT2G14210.2                                65.03%    passed     88.06%
  31  AT2G22540.1                                64.29%    passed     86.66%
  32  AT2G22630.2                                66.22%    passed     96.53%
  33  AT2G42830.2                                63.10%    passed     46.11%
  34  AT2G45650.1                                62.50%    passed     72.78%
  35  AT2G45660.1                                68.15%    passed     68.25%
  36  AT3G02310.1                                62.80%    passed     20.16%
  37  AT3G30260.1                                62.95%    passed     29.65%
  38  AT3G54340.1                                65.48%    passed     49.22%
  39  AT3G57230.1                                64.29%    passed     54.41%
  40  AT3G57390.1                                61.90%    passed     77.38%
  41  AT3G58780.4                                58.18%    passed     39.12%
  42  AT3G61120.1                                63.69%    passed     34.75%
  43  AT4G09960.4                                51.04%    passed     13.79%
  44  AT4G11880.1                                67.11%    passed     79.79%
  45  AT4G18960.1                                62.50%    passed     32.14%
  46  AT4G22950.1                                67.41%    passed     84.14%
  47  AT4G24540.1                                67.26%    passed      8.89%
  48  AT4G37940.1                                66.07%    passed     98.11%
  49  AT5G10140.1                                70.83%    passed     11.16%
  50  AT5G13790.2                                59.67%    passed     68.82%
  51  AT5G15800.2                                61.01%    passed     13.75%
  52  AT5G20240.1                                69.05%    passed     13.52%
  53  AT5G23260.4                                60.12%    failed      4.91%
  54  AT5G51860.1                                68.60%    passed     19.94%
  55  AT5G51870.3                                65.92%    passed     87.58%
  56  AT5G60910.1                                63.99%    passed     95.91%
  57  AT5G62165.2                                68.75%    passed     86.08%
  58  AT5G65050.3                                70.83%    passed     58.63%
  59  AT5G65060.1                                70.83%    passed     28.62%
  60  AT5G65070.1                                70.24%    passed     21.21%
  61  AT5G65080.2                                69.64%    passed     44.47%
WARNING: 59 sequences contain more than 50% gaps/ambiguity
****  TOTAL                                      64.11%  4 sequences failed composition chi2 test (p-value<5%; df=19)

Create initial parsimony tree by phylogenetic likelihood library (PLL)... 0.027 seconds
Generating 1000 samples for ultrafast bootstrap (seed: 439217)...

NOTE: 7 MB RAM (0 GB) is required!
Measuring multi-threading efficiency up to 10 CPU cores
Increase to 10 rounds for branch lengths
13 trees examined
Threads: 1 / Time: 10.624 sec / Speedup: 1.000 / Efficiency: 100% / LogL: -31466
Threads: 2 / Time: 5.414 sec / Speedup: 1.962 / Efficiency: 98% / LogL: -31466
Threads: 3 / Time: 4.425 sec / Speedup: 2.401 / Efficiency: 80% / LogL: -31466
Threads: 4 / Time: 4.402 sec / Speedup: 2.413 / Efficiency: 60% / LogL: -31466
Threads: 5 / Time: 6.109 sec / Speedup: 1.739 / Efficiency: 35% / LogL: -31466
BEST NUMBER OF THREADS: 3

Estimate model parameters (epsilon = 0.100)
1. Initial log-likelihood: -28397.802
Optimal log-likelihood: -25520.610
Parameters optimization took 1 rounds (0.266 sec)
Wrote distance file to... 
Computing ML distances based on estimated model parameters...
Calculating distance matrix: done in 0.146776 secs using 222.9% CPU
Computing ML distances took 0.148506 sec (of wall-clock time) 0.327497 sec (of CPU time)
Setting up auxiliary I and S matrices: done in 0.00199008 secs using 42.51% CPU
Computing RapidNJ tree took 0.013946 sec (of wall-clock time) 0.003535 sec (of CPU time)
Log-likelihood of RapidNJ tree: -25517.139
--------------------------------------------------------------------
|             INITIALIZING CANDIDATE TREE SET                      |
--------------------------------------------------------------------
Generating 98 parsimony trees... 2.848 second
Computing log-likelihood of 98 initial trees ... 6.015 seconds
Current best score: -25517.139

Do NNI search on 20 best initial trees
Estimate model parameters (epsilon = 0.100)
BETTER TREE FOUND at iteration 1: -25476.542
Estimate model parameters (epsilon = 0.100)
BETTER TREE FOUND at iteration 3: -25473.122
Estimate model parameters (epsilon = 0.100)
BETTER TREE FOUND at iteration 10: -25472.772
Iteration 10 / LogL: -25472.772 / Time: 0h:0m:50s
Iteration 20 / LogL: -25474.404 / Time: 0h:1m:3s
Finish initializing candidate tree set (15)
Current best tree score: -25472.772 / CPU time: 31.639
Number of iterations: 20
--------------------------------------------------------------------
|               OPTIMIZING CANDIDATE TREE SET                      |
--------------------------------------------------------------------
Iteration 30 / LogL: -25473.284 / Time: 0h:1m:13s (0h:3m:21s left)
Iteration 40 / LogL: -25472.832 / Time: 0h:1m:23s (0h:2m:30s left)
Iteration 50 / LogL: -25474.784 / Time: 0h:1m:32s (0h:1m:53s left)
Log-likelihood cutoff on original alignment: -25520.203
Iteration 60 / LogL: -25473.070 / Time: 0h:1m:42s (0h:1m:26s left)
UPDATE BEST LOG-LIKELIHOOD: -25472.763
Estimate model parameters (epsilon = 0.100)
UPDATE BEST LOG-LIKELIHOOD: -25472.731
Iteration 70 / LogL: -25472.858 / Time: 0h:1m:53s (0h:1m:5s left)
Iteration 80 / LogL: -25476.202 / Time: 0h:2m:2s (0h:0m:46s left)
Iteration 90 / LogL: -25472.791 / Time: 0h:2m:14s (0h:0m:30s left)
Iteration 100 / LogL: -25473.926 / Time: 0h:2m:24s (0h:0m:14s left)
Log-likelihood cutoff on original alignment: -25520.203
NOTE: Bootstrap correlation coefficient of split occurrence frequencies: 0.999
Iteration 110 / LogL: -25472.830 / Time: 0h:2m:35s (0h:2m:7s left)
TREE SEARCH COMPLETED AFTER 111 ITERATIONS / Time: 0h:2m:35s

--------------------------------------------------------------------
|                    FINALIZING TREE SEARCH                        |
--------------------------------------------------------------------
Performs final model parameters optimization
Estimate model parameters (epsilon = 0.010)
1. Initial log-likelihood: -25472.731
Optimal log-likelihood: -25472.730
Parameters optimization took 1 rounds (0.108 sec)
BEST SCORE FOUND : -25472.730
Creating bootstrap support values...
Split supports printed to NEXUS file Advanced_Phylogenetic_Pipeline/3.Phylogeny_Output/Trees_FullLength/Amborella_trichopoda_ML.splits.nex
Total tree length: 30.474

Total number of iterations: 111
CPU time used for tree search: 214.533 sec (0h:3m:34s)
Wall-clock time used for tree search: 124.112 sec (0h:2m:4s)
Total CPU time used: 259.234 sec (0h:4m:19s)
Total wall-clock time used: 156.195 sec (0h:2m:36s)

Computing bootstrap consensus tree...
Reading input file Advanced_Phylogenetic_Pipeline/3.Phylogeny_Output/Trees_FullLength/Amborella_trichopoda_ML.splits.nex...
61 taxa and 382 splits.
Consensus tree written to Advanced_Phylogenetic_Pipeline/3.Phylogeny_Output/Trees_FullLength/Amborella_trichopoda_ML.contree
Reading input trees file Advanced_Phylogenetic_Pipeline/3.Phylogeny_Output/Trees_FullLength/Amborella_trichopoda_ML.contree
Log-likelihood of consensus tree: -25473.393

Analysis results written to: 
  IQ-TREE report:                Advanced_Phylogenetic_Pipeline/3.Phylogeny_Output/Trees_FullLength/Amborella_trichopoda_ML.iqtree
  Maximum-likelihood tree:       Advanced_Phylogenetic_Pipeline/3.Phylogeny_Output/Trees_FullLength/Amborella_trichopoda_ML.treefile
  Likelihood distances:          Advanced_Phylogenetic_Pipeline/3.Phylogeny_Output/Trees_FullLength/Amborella_trichopoda_ML.mldist

Ultrafast bootstrap approximation results written to:
  Split support values:          Advanced_Phylogenetic_Pipeline/3.Phylogeny_Output/Trees_FullLength/Amborella_trichopoda_ML.splits.nex
  Consensus tree:                Advanced_Phylogenetic_Pipeline/3.Phylogeny_Output/Trees_FullLength/Amborella_trichopoda_ML.contree
  Screen log file:               Advanced_Phylogenetic_Pipeline/3.Phylogeny_Output/Trees_FullLength/Amborella_trichopoda_ML.log

Date and Time: Mon Apr 13 19:24:57 2026
