IQ-TREE multicore version 2.3.6 for MacOS ARM 64-bit built Jul 30 2024
Developed by Bui Quang Minh, Nguyen Lam Tung, Olga Chernomor, Heiko Schmidt,
Dominik Schrempf, Michael Woodhams, Ly Trong Nhan, Thomas Wong

Host:    Bushras-MacBook-Air.local (SSE4.2, 16 GB RAM)
Command: /opt/homebrew/bin/iqtree2 -s /Users/bushrakhan/Desktop/NIPGR-data/MADS-box-Evolutionary-gene-detection/Advanced_Phylogenetic_Pipeline/3.Phylogeny_Output/Alignments_FullLength/Cinnamomum_kanehirae_MUSCLE_Aligned.fa -m LG+F+G -B 1000 -pre /Users/bushrakhan/Desktop/NIPGR-data/MADS-box-Evolutionary-gene-detection/Advanced_Phylogenetic_Pipeline/3.Phylogeny_Output/Trees_FullLength/Cinnamomum_kanehirae_MUSCLE_ML -nt AUTO -redo
Seed:    323290 (Using SPRNG - Scalable Parallel Random Number Generator)
Time:    Tue Apr 14 03:26:25 2026
Kernel:  SSE2 - auto-detect threads (10 CPU cores detected)

Reading alignment file /Users/bushrakhan/Desktop/NIPGR-data/MADS-box-Evolutionary-gene-detection/Advanced_Phylogenetic_Pipeline/3.Phylogeny_Output/Alignments_FullLength/Cinnamomum_kanehirae_MUSCLE_Aligned.fa ... Fasta format detected
Reading fasta file: done in 0.00153494 secs using 88.67% CPU
Alignment most likely contains protein sequences
Alignment has 76 sequences with 1236 columns, 834 distinct patterns
303 parsimony-informative, 267 singleton sites, 666 constant sites
               Gap/Ambiguity  Composition  p-value
Analyzing sequences: done in 8.79765e-05 secs using 295.5% CPU
   1  AT1G59810.1     77.10%    failed      0.13%
   2  CKAN_02447300   80.74%    passed      9.38%
   3  CKAN_02197200   64.56%    failed      0.00%
   4  AT1G69540.2     70.31%    passed     47.34%
   5  CKAN_02317200   71.60%    passed     82.91%
   6  AT2G03060.2     68.77%    failed      0.76%
   7  CKAN_01894500   72.57%    passed      7.26%
   8  AT1G77980.1     73.14%    passed     43.56%
   9  AT1G22130.1     72.90%    passed     33.01%
  10  AT1G77950.4     79.61%    passed     42.07%
  11  CKAN_01187700   83.33%    passed     18.34%
  12  AT1G31140.2     82.61%    passed     86.21%
  13  CKAN_01046400   80.91%    passed     42.62%
  14  AT3G54340.1     81.23%    passed     47.14%
  15  AT5G23260.4     78.32%    failed      4.96%
  16  AT5G20240.1     83.17%    passed     12.39%
  17  CKAN_02109000   82.93%    passed     94.18%
  18  CKAN_02199500   83.09%    passed     94.40%
  19  CKAN_00861800   78.07%    failed      0.82%
  20  CKAN_02742500   83.50%    passed     32.40%
  21  CKAN_00565900   81.80%    passed     88.58%
  22  AT3G30260.1     79.85%    passed     23.49%
  23  CKAN_00566000   79.61%    passed     27.93%
  24  AT3G57390.1     79.29%    passed     31.21%
  25  AT5G65080.2     83.50%    passed     14.76%
  26  AT5G65070.1     83.82%    failed      3.81%
  27  AT1G77080.8     81.96%    passed     17.13%
  28  AT5G10140.1     84.14%    failed      1.97%
  29  AT5G65050.3     84.14%    passed     16.08%
  30  AT5G65060.1     84.14%    passed      5.28%
  31  AT2G22540.1     80.58%    passed     40.83%
  32  CKAN_01906900   85.11%    passed     57.29%
  33  CKAN_01290200   82.20%    passed     75.23%
  34  CKAN_01533600   70.15%    passed     48.89%
  35  AT2G42830.2     79.94%    passed     19.03%
  36  AT3G58780.4     77.27%    passed     21.84%
  37  AT4G09960.4     73.38%    passed     16.95%
  38  AT4G18960.1     79.61%    passed     14.77%
  39  CKAN_01942500   82.20%    passed     44.70%
  40  CKAN_02189300   81.96%    passed     18.15%
  41  CKAN_01821800   78.72%    passed     75.65%
  42  CKAN_02562300   81.96%    passed     47.59%
  43  AT4G24540.1     82.20%    failed      0.97%
  44  AT3G57230.1     80.58%    passed     29.43%
  45  AT2G22630.2     81.63%    passed     71.85%
  46  AT4G37940.1     81.55%    passed     78.94%
  47  CKAN_01065400   82.28%    passed     33.97%
  48  CKAN_00109600   79.77%    passed     88.57%
  49  CKAN_00283400   80.83%    passed     77.84%
  50  AT1G24260.2     79.69%    passed     36.52%
  51  CKAN_01848800   80.50%    passed     93.04%
  52  CKAN_00958900   80.58%    passed     97.79%
  53  AT2G45650.1     79.61%    passed     80.43%
  54  AT3G61120.1     80.26%    passed     20.42%
  55  CKAN_00958800   82.61%    passed     53.47%
  56  AT2G45660.1     82.69%    passed     35.80%
  57  CKAN_02117700   84.39%    passed     27.63%
  58  AT5G13790.2     78.07%    passed     24.40%
  59  AT5G51860.1     82.93%    passed     11.50%
  60  AT5G51870.3     81.47%    passed     60.07%
  61  AT1G71692.1     82.93%    passed     69.52%
  62  AT1G26310.1     79.37%    passed     67.95%
  63  AT1G69120.1     79.29%    passed     47.35%
  64  AT3G02310.1     79.77%    passed     20.03%
  65  AT5G15800.2     78.80%    passed     15.68%
  66  AT5G62165.2     83.01%    passed     45.83%
  67  AT5G60910.1     80.42%    passed     66.74%
  68  AT2G14210.2     80.99%    passed     56.30%
  69  AT2G03710.1     79.13%    passed     71.81%
  70  CKAN_01596700   83.33%    passed     82.98%
  71  CKAN_01352300   83.82%    failed      2.12%
  72  CKAN_02189800   82.77%    passed     21.62%
  73  CKAN_02189500   82.36%    passed     19.19%
  74  CKAN_01942000   88.35%    passed     13.57%
  75  AT4G11880.1     82.12%    passed     47.98%
  76  AT4G22950.1     82.28%    passed     40.00%
WARNING: 76 sequences contain more than 50% gaps/ambiguity
****  TOTAL           80.19%  9 sequences failed composition chi2 test (p-value<5%; df=19)

Create initial parsimony tree by phylogenetic likelihood library (PLL)... 0.020 seconds
Generating 1000 samples for ultrafast bootstrap (seed: 323290)...

NOTE: 43 MB RAM (0 GB) is required!
Measuring multi-threading efficiency up to 10 CPU cores
Increase to 10 rounds for branch lengths
3 trees examined
Threads: 1 / Time: 10.358 sec / Speedup: 1.000 / Efficiency: 100% / LogL: -37874
Threads: 2 / Time: 6.551 sec / Speedup: 1.581 / Efficiency: 79% / LogL: -37874
Threads: 3 / Time: 4.801 sec / Speedup: 2.158 / Efficiency: 72% / LogL: -37874
Threads: 4 / Time: 4.563 sec / Speedup: 2.270 / Efficiency: 57% / LogL: -37874
Threads: 5 / Time: 4.368 sec / Speedup: 2.371 / Efficiency: 47% / LogL: -37874
BEST NUMBER OF THREADS: 3

Estimate model parameters (epsilon = 0.100)
1. Initial log-likelihood: -35125.567
2. Current log-likelihood: -30696.523
3. Current log-likelihood: -30628.774
4. Current log-likelihood: -30624.557
5. Current log-likelihood: -30623.926
Optimal log-likelihood: -30623.831
Gamma shape alpha: 0.899
Parameters optimization took 5 rounds (4.138 sec)
Wrote distance file to... 
Computing ML distances based on estimated model parameters...
Calculating distance matrix: done in 0.592422 secs using 290.4% CPU
Computing ML distances took 0.592670 sec (of wall-clock time) 1.720431 sec (of CPU time)
WARNING: Some pairwise ML distances are too long (saturated)
Setting up auxiliary I and S matrices: done in 0.000180006 secs using 142.2% CPU
Computing RapidNJ tree took 0.004357 sec (of wall-clock time) 0.003227 sec (of CPU time)
Log-likelihood of RapidNJ tree: -30701.356
--------------------------------------------------------------------
|             INITIALIZING CANDIDATE TREE SET                      |
--------------------------------------------------------------------
Generating 98 parsimony trees... 2.241 second
Computing log-likelihood of 98 initial trees ... 20.608 seconds
Current best score: -30623.831

Do NNI search on 20 best initial trees
Estimate model parameters (epsilon = 0.100)
BETTER TREE FOUND at iteration 1: -30588.961
Estimate model parameters (epsilon = 0.100)
BETTER TREE FOUND at iteration 7: -30585.129
Iteration 10 / LogL: -30587.946 / Time: 0h:1m:45s
Iteration 20 / LogL: -30602.503 / Time: 0h:2m:29s
Finish initializing candidate tree set (20)
Current best tree score: -30585.129 / CPU time: 112.534
Number of iterations: 20
--------------------------------------------------------------------
|               OPTIMIZING CANDIDATE TREE SET                      |
--------------------------------------------------------------------
Estimate model parameters (epsilon = 0.100)
BETTER TREE FOUND at iteration 21: -30582.004
Estimate model parameters (epsilon = 0.100)
BETTER TREE FOUND at iteration 24: -30580.869
Estimate model parameters (epsilon = 0.100)
BETTER TREE FOUND at iteration 29: -30579.078
Iteration 30 / LogL: -30581.394 / Time: 0h:3m:18s (0h:11m:18s left)
Estimate model parameters (epsilon = 0.100)
BETTER TREE FOUND at iteration 34: -30577.578
Estimate model parameters (epsilon = 0.100)
BETTER TREE FOUND at iteration 36: -30576.671
Iteration 40 / LogL: -30582.255 / Time: 0h:4m:6s (0h:10m:7s left)
Estimate model parameters (epsilon = 0.100)
BETTER TREE FOUND at iteration 43: -30576.651
Iteration 50 / LogL: -30576.768 / Time: 0h:5m:3s (0h:9m:35s left)
Log-likelihood cutoff on original alignment: -30631.090
Iteration 60 / LogL: -30577.565 / Time: 0h:5m:51s (0h:8m:14s left)
Iteration 70 / LogL: -30590.496 / Time: 0h:6m:46s (0h:7m:9s left)
Iteration 80 / LogL: -30576.768 / Time: 0h:7m:33s (0h:6m:1s left)
Iteration 90 / LogL: -30578.223 / Time: 0h:8m:19s (0h:4m:57s left)
Iteration 100 / LogL: -30577.563 / Time: 0h:9m:5s (0h:3m:57s left)
Log-likelihood cutoff on original alignment: -30631.090
NOTE: Bootstrap correlation coefficient of split occurrence frequencies: 0.999
Iteration 110 / LogL: -30579.162 / Time: 0h:9m:56s (0h:8m:12s left)
Iteration 120 / LogL: -30576.670 / Time: 0h:10m:43s (0h:7m:12s left)
Iteration 130 / LogL: -30576.674 / Time: 0h:11m:34s (0h:6m:17s left)
Iteration 140 / LogL: -30579.814 / Time: 0h:12m:28s (0h:5m:23s left)
TREE SEARCH COMPLETED AFTER 144 ITERATIONS / Time: 0h:12m:46s

--------------------------------------------------------------------
|                    FINALIZING TREE SEARCH                        |
--------------------------------------------------------------------
Performs final model parameters optimization
Estimate model parameters (epsilon = 0.010)
1. Initial log-likelihood: -30576.651
Optimal log-likelihood: -30576.651
Gamma shape alpha: 0.869
Parameters optimization took 1 rounds (0.537 sec)
BEST SCORE FOUND : -30576.651
Creating bootstrap support values...
Split supports printed to NEXUS file /Users/bushrakhan/Desktop/NIPGR-data/MADS-box-Evolutionary-gene-detection/Advanced_Phylogenetic_Pipeline/3.Phylogeny_Output/Trees_FullLength/Cinnamomum_kanehirae_MUSCLE_ML.splits.nex
Total tree length: 71.762

Total number of iterations: 144
CPU time used for tree search: 1664.175 sec (0h:27m:44s)
Wall-clock time used for tree search: 729.345 sec (0h:12m:9s)
Total CPU time used: 1741.328 sec (0h:29m:1s)
Total wall-clock time used: 767.412 sec (0h:12m:47s)

Computing bootstrap consensus tree...
Reading input file /Users/bushrakhan/Desktop/NIPGR-data/MADS-box-Evolutionary-gene-detection/Advanced_Phylogenetic_Pipeline/3.Phylogeny_Output/Trees_FullLength/Cinnamomum_kanehirae_MUSCLE_ML.splits.nex...
76 taxa and 534 splits.
Consensus tree written to /Users/bushrakhan/Desktop/NIPGR-data/MADS-box-Evolutionary-gene-detection/Advanced_Phylogenetic_Pipeline/3.Phylogeny_Output/Trees_FullLength/Cinnamomum_kanehirae_MUSCLE_ML.contree
Reading input trees file /Users/bushrakhan/Desktop/NIPGR-data/MADS-box-Evolutionary-gene-detection/Advanced_Phylogenetic_Pipeline/3.Phylogeny_Output/Trees_FullLength/Cinnamomum_kanehirae_MUSCLE_ML.contree
Log-likelihood of consensus tree: -30576.768

Analysis results written to: 
  IQ-TREE report:                /Users/bushrakhan/Desktop/NIPGR-data/MADS-box-Evolutionary-gene-detection/Advanced_Phylogenetic_Pipeline/3.Phylogeny_Output/Trees_FullLength/Cinnamomum_kanehirae_MUSCLE_ML.iqtree
  Maximum-likelihood tree:       /Users/bushrakhan/Desktop/NIPGR-data/MADS-box-Evolutionary-gene-detection/Advanced_Phylogenetic_Pipeline/3.Phylogeny_Output/Trees_FullLength/Cinnamomum_kanehirae_MUSCLE_ML.treefile
  Likelihood distances:          /Users/bushrakhan/Desktop/NIPGR-data/MADS-box-Evolutionary-gene-detection/Advanced_Phylogenetic_Pipeline/3.Phylogeny_Output/Trees_FullLength/Cinnamomum_kanehirae_MUSCLE_ML.mldist

Ultrafast bootstrap approximation results written to:
  Split support values:          /Users/bushrakhan/Desktop/NIPGR-data/MADS-box-Evolutionary-gene-detection/Advanced_Phylogenetic_Pipeline/3.Phylogeny_Output/Trees_FullLength/Cinnamomum_kanehirae_MUSCLE_ML.splits.nex
  Consensus tree:                /Users/bushrakhan/Desktop/NIPGR-data/MADS-box-Evolutionary-gene-detection/Advanced_Phylogenetic_Pipeline/3.Phylogeny_Output/Trees_FullLength/Cinnamomum_kanehirae_MUSCLE_ML.contree
  Screen log file:               /Users/bushrakhan/Desktop/NIPGR-data/MADS-box-Evolutionary-gene-detection/Advanced_Phylogenetic_Pipeline/3.Phylogeny_Output/Trees_FullLength/Cinnamomum_kanehirae_MUSCLE_ML.log

Date and Time: Tue Apr 14 03:39:15 2026
