IQ-TREE multicore version 2.3.6 for MacOS ARM 64-bit built Jul 30 2024
Developed by Bui Quang Minh, Nguyen Lam Tung, Olga Chernomor, Heiko Schmidt,
Dominik Schrempf, Michael Woodhams, Ly Trong Nhan, Thomas Wong

Host:    Bushras-MacBook-Air.local (SSE4.2, 16 GB RAM)
Command: /opt/homebrew/bin/iqtree2 -s Advanced_Phylogenetic_Pipeline/3.Phylogeny_Output/Alignments_FullLength/Cinnamomum_kanehirae_MAFFT_Aligned.fa -m LG -B 1000 -pre Advanced_Phylogenetic_Pipeline/3.Phylogeny_Output/Trees_FullLength/Cinnamomum_kanehirae_ML -nt AUTO -redo
Seed:    958112 (Using SPRNG - Scalable Parallel Random Number Generator)
Time:    Mon Apr 13 19:24:57 2026
Kernel:  SSE2 - auto-detect threads (10 CPU cores detected)

Reading alignment file Advanced_Phylogenetic_Pipeline/3.Phylogeny_Output/Alignments_FullLength/Cinnamomum_kanehirae_MAFFT_Aligned.fa ... Fasta format detected
Reading fasta file: done in 0.00133419 secs using 85.07% CPU
Alignment most likely contains protein sequences
Alignment has 76 sequences with 866 columns, 745 distinct patterns
370 parsimony-informative, 252 singleton sites, 244 constant sites
               Gap/Ambiguity  Composition  p-value
Analyzing sequences: done in 0.000116825 secs using 216.6% CPU
   1  CKAN_01596700   76.21%    passed     93.38%
   2  CKAN_01533600   57.39%    passed     66.49%
   3  CKAN_02447300   72.52%    failed      3.14%
   4  CKAN_01942000   83.37%    passed     11.83%
   5  CKAN_01906900   78.75%    passed     79.14%
   6  CKAN_01942500   74.60%    passed     61.53%
   7  CKAN_01894500   60.85%    failed      4.49%
   8  CKAN_01821800   69.63%    passed     88.67%
   9  CKAN_01848800   72.17%    passed     95.87%
  10  CKAN_02317200   59.47%    passed     80.48%
  11  CKAN_02742500   76.44%    passed     40.64%
  12  CKAN_00565900   74.02%    passed     93.85%
  13  CKAN_00566000   70.90%    passed     40.30%
  14  CKAN_00958900   72.29%    passed     98.76%
  15  CKAN_00861800   68.71%    failed      0.60%
  16  CKAN_00958800   75.17%    passed     71.21%
  17  CKAN_01290200   74.60%    passed     92.95%
  18  CKAN_01352300   76.91%    failed      3.89%
  19  CKAN_00283400   72.63%    passed     80.80%
  20  CKAN_00109600   71.13%    passed     90.34%
  21  CKAN_02197200   49.42%    failed      0.00%
  22  CKAN_02109000   75.64%    passed     98.08%
  23  CKAN_02199500   75.87%    passed     97.92%
  24  CKAN_02189300   74.25%    passed     28.42%
  25  CKAN_02189800   75.40%    passed     19.60%
  26  CKAN_02117700   77.71%    passed     53.18%
  27  CKAN_02189500   74.83%    passed     18.84%
  28  CKAN_02562300   74.25%    passed     60.02%
  29  CKAN_01187700   76.21%    passed      9.40%
  30  CKAN_01046400   72.75%    passed     39.92%
  31  CKAN_01065400   74.71%    passed     38.96%
  32  AT1G22130.1     61.32%    passed     34.61%
  33  AT1G24260.2     71.02%    passed     50.38%
  34  AT1G26310.1     70.55%    passed     80.86%
  35  AT1G31140.2     75.17%    passed     81.52%
  36  AT1G59810.1     67.32%    failed      0.06%
  37  AT1G69120.1     70.44%    passed     48.81%
  38  AT1G69540.2     57.62%    passed     29.96%
  39  AT1G71692.1     75.64%    passed     74.58%
  40  AT1G77080.8     74.25%    passed     39.83%
  41  AT1G77950.4     70.90%    passed     61.65%
  42  AT1G77980.1     61.66%    passed     46.19%
  43  AT2G03060.2     55.43%    failed      0.42%
  44  AT2G03710.1     70.21%    passed     81.37%
  45  AT2G14210.2     72.86%    passed     79.80%
  46  AT2G22540.1     72.29%    passed     71.46%
  47  AT2G22630.2     73.79%    passed     89.64%
  48  AT2G42830.2     71.36%    passed     32.24%
  49  AT2G45650.1     70.90%    passed     82.17%
  50  AT2G45660.1     75.29%    passed     59.34%
  51  AT3G02310.1     71.13%    passed     22.04%
  52  AT3G30260.1     71.25%    passed     36.81%
  53  AT3G54340.1     73.21%    passed     45.50%
  54  AT3G57230.1     72.29%    passed     43.00%
  55  AT3G57390.1     70.44%    passed     59.97%
  56  AT3G58780.4     67.55%    passed     30.52%
  57  AT3G61120.1     71.82%    passed     30.49%
  58  AT4G09960.4     62.01%    passed     18.50%
  59  AT4G11880.1     74.48%    passed     72.43%
  60  AT4G18960.1     70.90%    passed     24.48%
  61  AT4G22950.1     74.71%    passed     71.08%
  62  AT4G24540.1     74.60%    failed      4.03%
  63  AT4G37940.1     73.67%    passed     93.09%
  64  AT5G10140.1     77.37%    passed      5.46%
  65  AT5G13790.2     68.71%    passed     52.05%
  66  AT5G15800.2     69.75%    passed     15.48%
  67  AT5G20240.1     75.98%    passed     14.23%
  68  AT5G23260.4     69.05%    passed      6.64%
  69  AT5G51860.1     75.64%    passed     17.72%
  70  AT5G51870.3     73.56%    passed     80.35%
  71  AT5G60910.1     72.06%    passed     88.22%
  72  AT5G62165.2     75.75%    passed     72.90%
  73  AT5G65050.3     77.37%    passed     39.32%
  74  AT5G65060.1     77.37%    passed     15.57%
  75  AT5G65070.1     76.91%    passed     12.67%
  76  AT5G65080.2     76.44%    passed     32.53%
WARNING: 75 sequences contain more than 50% gaps/ambiguity
****  TOTAL           71.72%  8 sequences failed composition chi2 test (p-value<5%; df=19)

Create initial parsimony tree by phylogenetic likelihood library (PLL)... 0.037 seconds
Generating 1000 samples for ultrafast bootstrap (seed: 958112)...

NOTE: 11 MB RAM (0 GB) is required!
Measuring multi-threading efficiency up to 10 CPU cores
Increase to 10 rounds for branch lengths
13 trees examined
Threads: 1 / Time: 10.495 sec / Speedup: 1.000 / Efficiency: 100% / LogL: -39438
Threads: 2 / Time: 9.530 sec / Speedup: 1.101 / Efficiency: 55% / LogL: -39438
Threads: 3 / Time: 6.767 sec / Speedup: 1.551 / Efficiency: 52% / LogL: -39438
Threads: 4 / Time: 6.195 sec / Speedup: 1.694 / Efficiency: 42% / LogL: -39438
BEST NUMBER OF THREADS: 3

Estimate model parameters (epsilon = 0.100)
1. Initial log-likelihood: -35423.850
Optimal log-likelihood: -30950.473
Parameters optimization took 1 rounds (0.346 sec)
Wrote distance file to... 
Computing ML distances based on estimated model parameters...
Calculating distance matrix: done in 0.160428 secs using 286.6% CPU
Computing ML distances took 0.160959 sec (of wall-clock time) 0.460298 sec (of CPU time)
Setting up auxiliary I and S matrices: done in 0.000287056 secs using 144.6% CPU
Computing RapidNJ tree took 0.007895 sec (of wall-clock time) 0.004105 sec (of CPU time)
Log-likelihood of RapidNJ tree: -30911.815
--------------------------------------------------------------------
|             INITIALIZING CANDIDATE TREE SET                      |
--------------------------------------------------------------------
Generating 98 parsimony trees... 3.333 second
Computing log-likelihood of 98 initial trees ... 8.411 seconds
Current best score: -30911.815

Do NNI search on 20 best initial trees
Estimate model parameters (epsilon = 0.100)
BETTER TREE FOUND at iteration 1: -30876.084
Estimate model parameters (epsilon = 0.100)
BETTER TREE FOUND at iteration 2: -30873.551
Estimate model parameters (epsilon = 0.100)
BETTER TREE FOUND at iteration 3: -30873.059
Estimate model parameters (epsilon = 0.100)
BETTER TREE FOUND at iteration 4: -30871.182
Estimate model parameters (epsilon = 0.100)
BETTER TREE FOUND at iteration 5: -30868.884
Estimate model parameters (epsilon = 0.100)
BETTER TREE FOUND at iteration 7: -30865.847
Iteration 10 / LogL: -30882.959 / Time: 0h:1m:2s
Iteration 20 / LogL: -30868.981 / Time: 0h:1m:18s
Finish initializing candidate tree set (17)
Current best tree score: -30865.847 / CPU time: 44.590
Number of iterations: 20
--------------------------------------------------------------------
|               OPTIMIZING CANDIDATE TREE SET                      |
--------------------------------------------------------------------
Estimate model parameters (epsilon = 0.100)
BETTER TREE FOUND at iteration 21: -30865.719
Estimate model parameters (epsilon = 0.100)
BETTER TREE FOUND at iteration 30: -30865.525
Iteration 30 / LogL: -30865.525 / Time: 0h:1m:34s (0h:5m:27s left)
Iteration 40 / LogL: -30865.991 / Time: 0h:1m:50s (0h:4m:14s left)
Estimate model parameters (epsilon = 0.100)
BETTER TREE FOUND at iteration 43: -30865.340
Iteration 50 / LogL: -30865.541 / Time: 0h:2m:6s (0h:3m:59s left)
Log-likelihood cutoff on original alignment: -30899.224
Estimate model parameters (epsilon = 0.100)
BETTER TREE FOUND at iteration 54: -30865.094
Estimate model parameters (epsilon = 0.100)
UPDATE BEST LOG-LIKELIHOOD: -30865.036
Estimate model parameters (epsilon = 0.100)
BETTER TREE FOUND at iteration 58: -30864.818
Iteration 60 / LogL: -30865.435 / Time: 0h:2m:22s (0h:3m:56s left)
Iteration 70 / LogL: -30867.139 / Time: 0h:2m:38s (0h:3m:22s left)
Iteration 80 / LogL: -30872.864 / Time: 0h:2m:53s (0h:2m:50s left)
Iteration 90 / LogL: -30867.397 / Time: 0h:3m:7s (0h:2m:23s left)
Iteration 100 / LogL: -30865.605 / Time: 0h:3m:24s (0h:1m:59s left)
Log-likelihood cutoff on original alignment: -30899.224
NOTE: Bootstrap correlation coefficient of split occurrence frequencies: 0.999
Iteration 110 / LogL: -30869.521 / Time: 0h:3m:39s (0h:3m:1s left)
Iteration 120 / LogL: -30865.879 / Time: 0h:3m:55s (0h:2m:38s left)
Iteration 130 / LogL: -30866.323 / Time: 0h:4m:9s (0h:2m:15s left)
Iteration 140 / LogL: -30865.044 / Time: 0h:4m:27s (0h:1m:55s left)
Iteration 150 / LogL: -30865.120 / Time: 0h:4m:42s (0h:1m:34s left)
Log-likelihood cutoff on original alignment: -30899.224
TREE SEARCH COMPLETED AFTER 159 ITERATIONS / Time: 0h:4m:55s

--------------------------------------------------------------------
|                    FINALIZING TREE SEARCH                        |
--------------------------------------------------------------------
Performs final model parameters optimization
Estimate model parameters (epsilon = 0.010)
1. Initial log-likelihood: -30864.818
Optimal log-likelihood: -30864.817
Parameters optimization took 1 rounds (0.117 sec)
BEST SCORE FOUND : -30864.817
Creating bootstrap support values...
Split supports printed to NEXUS file Advanced_Phylogenetic_Pipeline/3.Phylogeny_Output/Trees_FullLength/Cinnamomum_kanehirae_ML.splits.nex
Total tree length: 34.164

Total number of iterations: 159
CPU time used for tree search: 495.462 sec (0h:8m:15s)
Wall-clock time used for tree search: 261.644 sec (0h:4m:21s)
Total CPU time used: 549.958 sec (0h:9m:9s)
Total wall-clock time used: 295.893 sec (0h:4m:55s)

Computing bootstrap consensus tree...
Reading input file Advanced_Phylogenetic_Pipeline/3.Phylogeny_Output/Trees_FullLength/Cinnamomum_kanehirae_ML.splits.nex...
76 taxa and 418 splits.
Consensus tree written to Advanced_Phylogenetic_Pipeline/3.Phylogeny_Output/Trees_FullLength/Cinnamomum_kanehirae_ML.contree
Reading input trees file Advanced_Phylogenetic_Pipeline/3.Phylogeny_Output/Trees_FullLength/Cinnamomum_kanehirae_ML.contree
Log-likelihood of consensus tree: -30865.367

Analysis results written to: 
  IQ-TREE report:                Advanced_Phylogenetic_Pipeline/3.Phylogeny_Output/Trees_FullLength/Cinnamomum_kanehirae_ML.iqtree
  Maximum-likelihood tree:       Advanced_Phylogenetic_Pipeline/3.Phylogeny_Output/Trees_FullLength/Cinnamomum_kanehirae_ML.treefile
  Likelihood distances:          Advanced_Phylogenetic_Pipeline/3.Phylogeny_Output/Trees_FullLength/Cinnamomum_kanehirae_ML.mldist

Ultrafast bootstrap approximation results written to:
  Split support values:          Advanced_Phylogenetic_Pipeline/3.Phylogeny_Output/Trees_FullLength/Cinnamomum_kanehirae_ML.splits.nex
  Consensus tree:                Advanced_Phylogenetic_Pipeline/3.Phylogeny_Output/Trees_FullLength/Cinnamomum_kanehirae_ML.contree
  Screen log file:               Advanced_Phylogenetic_Pipeline/3.Phylogeny_Output/Trees_FullLength/Cinnamomum_kanehirae_ML.log

Date and Time: Mon Apr 13 19:29:54 2026
