IQ-TREE multicore version 2.3.6 for MacOS ARM 64-bit built Jul 30 2024
Developed by Bui Quang Minh, Nguyen Lam Tung, Olga Chernomor, Heiko Schmidt,
Dominik Schrempf, Michael Woodhams, Ly Trong Nhan, Thomas Wong

Host:    Bushras-MacBook-Air.local (SSE4.2, 16 GB RAM)
Command: /opt/homebrew/bin/iqtree2 -s Advanced_Phylogenetic_Pipeline/3.Phylogeny_Output/Alignments_FullLength/Nelumbo_nucifera_MAFFT_Aligned.fa -m LG -B 1000 -pre Advanced_Phylogenetic_Pipeline/3.Phylogeny_Output/Trees_FullLength/Nelumbo_nucifera_ML -nt AUTO -redo
Seed:    326098 (Using SPRNG - Scalable Parallel Random Number Generator)
Time:    Mon Apr 13 19:50:06 2026
Kernel:  SSE2 - auto-detect threads (10 CPU cores detected)

Reading alignment file Advanced_Phylogenetic_Pipeline/3.Phylogeny_Output/Alignments_FullLength/Nelumbo_nucifera_MAFFT_Aligned.fa ... Fasta format detected
Reading fasta file: done in 0.00601292 secs using 23.23% CPU
Alignment most likely contains protein sequences
Alignment has 92 sequences with 738 columns, 636 distinct patterns
373 parsimony-informative, 150 singleton sites, 214 constant sites
                Gap/Ambiguity  Composition  p-value
Analyzing sequences: done in 0.000432968 secs using 61.21% CPU
   1  XP_010240899.1   68.83%    passed     41.04%
   2  XP_010244698.1   67.62%    passed     95.37%
   3  XP_010244699.1   67.75%    passed     93.69%
   4  XP_010244700.1   69.51%    passed     96.54%
   5  XP_010245525.1   72.90%    passed     11.59%
   6  XP_010249055.1   72.36%    passed     42.83%
   7  XP_010249056.1   72.49%    passed     41.63%
   8  XP_010249057.1   72.49%    passed     39.50%
   9  XP_010250667.1   67.62%    passed     85.18%
  10  XP_010254524.1   69.38%    passed     87.47%
  11  XP_010254525.1   69.65%    passed     87.42%
  12  XP_010254615.1   67.48%    passed     97.85%
  13  XP_010254616.1   67.62%    passed     98.04%
  14  XP_010254617.1   69.38%    passed     99.53%
  15  XP_010255589.1   69.65%    passed     97.73%
  16  XP_010255590.1   69.65%    passed     97.73%
  17  XP_010255596.1   67.34%    passed     99.36%
  18  XP_010257792.1   54.61%    passed     26.50%
  19  XP_010257957.1   66.40%    passed     65.31%
  20  XP_010257958.1   67.07%    passed     81.41%
  21  XP_010258314.1   50.81%    passed     17.59%
  22  XP_010258315.1   52.17%    passed     41.29%
  23  XP_010258316.1   67.89%    passed     83.18%
  24  XP_010260833.1   67.07%    passed     83.55%
  25  XP_010260844.1   66.12%    passed     86.05%
  26  XP_010263856.1   69.51%    passed     91.86%
  27  XP_010269077.1   71.41%    passed     88.40%
  28  XP_010269101.1   40.65%    failed      0.33%
  29  XP_010269745.1   65.45%    passed     76.65%
  30  XP_010271509.1   69.51%    passed     69.60%
  31  XP_010272601.1   70.60%    passed     98.10%
  32  XP_010272608.1   67.21%    passed     82.25%
  33  XP_010272685.1   69.65%    passed     50.11%
  34  XP_010273432.1   69.51%    passed     90.87%
  35  XP_010273433.1   69.51%    passed     90.87%
  36  XP_010274370.1   59.62%    failed      4.38%
  37  XP_010275495.1   65.99%    passed     13.08%
  38  XP_010277487.1   68.97%    passed     81.54%
  39  XP_010277488.1   68.97%    passed     81.54%
  40  XP_010277489.1   69.24%    passed     82.25%
  41  XP_010279516.1   65.45%    passed     22.20%
  42  XP_019051694.1   67.62%    passed     95.37%
  43  XP_019053529.1   67.34%    passed     26.91%
  44  XP_019053922.1   67.07%    passed     83.55%
  45  XP_019055004.1   76.02%    passed     27.91%
  46  XP_019056050.1   65.45%    passed     22.20%
  47  XP_019056051.1   67.34%    passed     18.59%
  48  AT1G22130.1      54.61%    passed     29.59%
  49  AT1G24260.2      65.99%    passed     66.39%
  50  AT1G26310.1      65.45%    passed     88.96%
  51  AT1G31140.2      70.87%    passed     69.72%
  52  AT1G59810.1      61.65%    failed      0.02%
  53  AT1G69120.1      65.31%    passed     47.89%
  54  AT1G69540.2      50.27%    passed     14.06%
  55  AT1G71692.1      71.41%    passed     60.73%
  56  AT1G77080.8      69.78%    passed     51.67%
  57  AT1G77950.4      65.85%    passed     71.84%
  58  AT1G77980.1      55.01%    passed     43.64%
  59  AT2G03060.2      47.70%    failed      0.25%
  60  AT2G03710.1      65.04%    passed     84.18%
  61  AT2G14210.2      68.16%    passed     91.37%
  62  AT2G22540.1      67.48%    passed     82.58%
  63  AT2G22630.2      69.24%    passed     94.97%
  64  AT2G42830.2      66.40%    passed     43.37%
  65  AT2G45650.1      65.85%    passed     63.53%
  66  AT2G45660.1      71.00%    passed     58.48%
  67  AT3G02310.1      66.12%    passed     25.27%
  68  AT3G30260.1      66.26%    passed     38.15%
  69  AT3G54340.1      68.56%    passed     49.77%
  70  AT3G57230.1      67.48%    passed     51.66%
  71  AT3G57390.1      65.31%    passed     78.79%
  72  AT3G58780.4      61.92%    passed     35.09%
  73  AT3G61120.1      66.94%    passed     28.12%
  74  AT4G09960.4      55.42%    passed     13.27%
  75  AT4G11880.1      70.05%    passed     77.67%
  76  AT4G18960.1      65.85%    passed     41.54%
  77  AT4G22950.1      70.33%    passed     82.42%
  78  AT4G24540.1      70.19%    passed      6.46%
  79  AT4G37940.1      69.11%    passed     98.10%
  80  AT5G10140.1      73.44%    passed      5.27%
  81  AT5G13790.2      63.28%    passed     70.73%
  82  AT5G15800.2      64.50%    passed     13.92%
  83  AT5G20240.1      71.82%    passed      9.02%
  84  AT5G23260.4      63.69%    passed     10.76%
  85  AT5G51860.1      71.41%    passed      9.67%
  86  AT5G51870.3      68.97%    passed     79.33%
  87  AT5G60910.1      67.21%    passed     90.42%
  88  AT5G62165.2      71.54%    passed     85.01%
  89  AT5G65050.3      73.44%    passed     46.65%
  90  AT5G65060.1      73.44%    passed     19.58%
  91  AT5G65070.1      72.90%    passed     15.92%
  92  AT5G65080.2      72.36%    passed     32.38%
WARNING: 90 sequences contain more than 50% gaps/ambiguity
****  TOTAL            66.68%  4 sequences failed composition chi2 test (p-value<5%; df=19)
NOTE: XP_019051694.1 is identical to XP_010244698.1 but kept for subsequent analysis
NOTE: XP_010255590.1 is identical to XP_010255589.1 but kept for subsequent analysis
NOTE: XP_019053922.1 is identical to XP_010260833.1 but kept for subsequent analysis
NOTE: XP_010273433.1 is identical to XP_010273432.1 but kept for subsequent analysis
NOTE: XP_010277488.1 is identical to XP_010277487.1 but kept for subsequent analysis
NOTE: XP_019056050.1 is identical to XP_010279516.1 but kept for subsequent analysis

Create initial parsimony tree by phylogenetic likelihood library (PLL)... 0.118 seconds
Generating 1000 samples for ultrafast bootstrap (seed: 326098)...

NOTE: 11 MB RAM (0 GB) is required!
Measuring multi-threading efficiency up to 10 CPU cores
Increase to 10 rounds for branch lengths
11 trees examined
Threads: 1 / Time: 10.442 sec / Speedup: 1.000 / Efficiency: 100% / LogL: -45794
Threads: 2 / Time: 8.005 sec / Speedup: 1.305 / Efficiency: 65% / LogL: -45794
Threads: 3 / Time: 8.364 sec / Speedup: 1.249 / Efficiency: 42% / LogL: -45794
BEST NUMBER OF THREADS: 2

Estimate model parameters (epsilon = 0.100)
1. Initial log-likelihood: -31627.193
Optimal log-likelihood: -28379.773
Parameters optimization took 1 rounds (0.403 sec)
Wrote distance file to... 
Computing ML distances based on estimated model parameters...
Calculating distance matrix: done in 0.300038 secs using 187.2% CPU
Computing ML distances took 0.300399 sec (of wall-clock time) 0.562009 sec (of CPU time)
Setting up auxiliary I and S matrices: done in 0.000190973 secs using 132% CPU
Computing RapidNJ tree took 0.005865 sec (of wall-clock time) 0.005104 sec (of CPU time)
Log-likelihood of RapidNJ tree: -28374.694
--------------------------------------------------------------------
|             INITIALIZING CANDIDATE TREE SET                      |
--------------------------------------------------------------------
Generating 98 parsimony trees... 3.076 second
Computing log-likelihood of 98 initial trees ... 8.347 seconds
Current best score: -28374.694

Do NNI search on 20 best initial trees
Estimate model parameters (epsilon = 0.100)
BETTER TREE FOUND at iteration 1: -28346.507
Estimate model parameters (epsilon = 0.100)
BETTER TREE FOUND at iteration 3: -28335.628
Estimate model parameters (epsilon = 0.100)
BETTER TREE FOUND at iteration 4: -28334.685
Estimate model parameters (epsilon = 0.100)
BETTER TREE FOUND at iteration 10: -28334.363
Iteration 10 / LogL: -28334.363 / Time: 0h:1m:1s
Estimate model parameters (epsilon = 0.100)
BETTER TREE FOUND at iteration 11: -28334.254
Iteration 20 / LogL: -28336.227 / Time: 0h:1m:23s
Finish initializing candidate tree set (19)
Current best tree score: -28334.254 / CPU time: 55.136
Number of iterations: 20
--------------------------------------------------------------------
|               OPTIMIZING CANDIDATE TREE SET                      |
--------------------------------------------------------------------
Estimate model parameters (epsilon = 0.100)
BETTER TREE FOUND at iteration 21: -28333.930
Estimate model parameters (epsilon = 0.100)
BETTER TREE FOUND at iteration 22: -28333.646
Estimate model parameters (epsilon = 0.100)
BETTER TREE FOUND at iteration 30: -28333.542
Iteration 30 / LogL: -28333.542 / Time: 0h:1m:48s (0h:6m:13s left)
BETTER TREE FOUND at iteration 31: -28333.542
Iteration 40 / LogL: -28336.270 / Time: 0h:2m:12s (0h:5m:9s left)
Iteration 50 / LogL: -28337.356 / Time: 0h:2m:36s (0h:4m:18s left)
Log-likelihood cutoff on original alignment: -28373.745
Iteration 60 / LogL: -28342.243 / Time: 0h:3m:1s (0h:3m:38s left)
Iteration 70 / LogL: -28334.175 / Time: 0h:3m:23s (0h:3m:0s left)
Iteration 80 / LogL: -28333.544 / Time: 0h:3m:45s (0h:2m:25s left)
Iteration 90 / LogL: -28333.646 / Time: 0h:4m:10s (0h:1m:55s left)
Iteration 100 / LogL: -28336.799 / Time: 0h:4m:33s (0h:1m:25s left)
Log-likelihood cutoff on original alignment: -28374.720
NOTE: Bootstrap correlation coefficient of split occurrence frequencies: 0.999
Iteration 110 / LogL: -28333.543 / Time: 0h:4m:55s (0h:4m:3s left)
Iteration 120 / LogL: -28334.259 / Time: 0h:5m:17s (0h:3m:33s left)
Iteration 130 / LogL: -28365.720 / Time: 0h:5m:41s (0h:3m:5s left)
TREE SEARCH COMPLETED AFTER 132 ITERATIONS / Time: 0h:5m:45s

--------------------------------------------------------------------
|                    FINALIZING TREE SEARCH                        |
--------------------------------------------------------------------
Performs final model parameters optimization
Estimate model parameters (epsilon = 0.010)
1. Initial log-likelihood: -28333.542
Optimal log-likelihood: -28333.542
Parameters optimization took 1 rounds (0.152 sec)
BEST SCORE FOUND : -28333.542
Creating bootstrap support values...
Split supports printed to NEXUS file Advanced_Phylogenetic_Pipeline/3.Phylogeny_Output/Trees_FullLength/Nelumbo_nucifera_ML.splits.nex
Total tree length: 30.579

Total number of iterations: 132
CPU time used for tree search: 438.738 sec (0h:7m:18s)
Wall-clock time used for tree search: 317.324 sec (0h:5m:17s)
Total CPU time used: 476.214 sec (0h:7m:56s)
Total wall-clock time used: 345.838 sec (0h:5m:45s)

Computing bootstrap consensus tree...
Reading input file Advanced_Phylogenetic_Pipeline/3.Phylogeny_Output/Trees_FullLength/Nelumbo_nucifera_ML.splits.nex...
92 taxa and 452 splits.
Consensus tree written to Advanced_Phylogenetic_Pipeline/3.Phylogeny_Output/Trees_FullLength/Nelumbo_nucifera_ML.contree
Reading input trees file Advanced_Phylogenetic_Pipeline/3.Phylogeny_Output/Trees_FullLength/Nelumbo_nucifera_ML.contree
Log-likelihood of consensus tree: -28333.882

Analysis results written to: 
  IQ-TREE report:                Advanced_Phylogenetic_Pipeline/3.Phylogeny_Output/Trees_FullLength/Nelumbo_nucifera_ML.iqtree
  Maximum-likelihood tree:       Advanced_Phylogenetic_Pipeline/3.Phylogeny_Output/Trees_FullLength/Nelumbo_nucifera_ML.treefile
  Likelihood distances:          Advanced_Phylogenetic_Pipeline/3.Phylogeny_Output/Trees_FullLength/Nelumbo_nucifera_ML.mldist

Ultrafast bootstrap approximation results written to:
  Split support values:          Advanced_Phylogenetic_Pipeline/3.Phylogeny_Output/Trees_FullLength/Nelumbo_nucifera_ML.splits.nex
  Consensus tree:                Advanced_Phylogenetic_Pipeline/3.Phylogeny_Output/Trees_FullLength/Nelumbo_nucifera_ML.contree
  Screen log file:               Advanced_Phylogenetic_Pipeline/3.Phylogeny_Output/Trees_FullLength/Nelumbo_nucifera_ML.log

Date and Time: Mon Apr 13 19:55:52 2026
