IQ-TREE multicore version 2.3.6 for MacOS ARM 64-bit built Jul 30 2024
Developed by Bui Quang Minh, Nguyen Lam Tung, Olga Chernomor, Heiko Schmidt,
Dominik Schrempf, Michael Woodhams, Ly Trong Nhan, Thomas Wong

Host:    Bushras-MacBook-Air.local (SSE4.2, 16 GB RAM)
Command: /opt/homebrew/bin/iqtree2 -s Advanced_Phylogenetic_Pipeline/3.Phylogeny_Output/Alignments_FullLength/Nymphaea_colorata_MAFFT_Aligned.fa -m LG -B 1000 -pre Advanced_Phylogenetic_Pipeline/3.Phylogeny_Output/Trees_FullLength/Nymphaea_colorata_ML -nt AUTO -redo
Seed:    843575 (Using SPRNG - Scalable Parallel Random Number Generator)
Time:    Mon Apr 13 19:55:52 2026
Kernel:  SSE2 - auto-detect threads (10 CPU cores detected)

Reading alignment file Advanced_Phylogenetic_Pipeline/3.Phylogeny_Output/Alignments_FullLength/Nymphaea_colorata_MAFFT_Aligned.fa ... Fasta format detected
Reading fasta file: done in 0.00121188 secs using 80.7% CPU
Alignment most likely contains protein sequences
Alignment has 67 sequences with 683 columns, 586 distinct patterns
323 parsimony-informative, 164 singleton sites, 196 constant sites
                  Gap/Ambiguity  Composition  p-value
Analyzing sequences: done in 0.000120163 secs using 155.6% CPU
   1  Nycol.F00329.1.p   83.02%    passed     81.80%
   2  Nycol.F00337.1.p   69.40%    passed     67.77%
   3  Nycol.F00482.1.p   63.98%    passed     26.88%
   4  Nycol.F00306.1.p   72.33%    passed      6.39%
   5  Nycol.F00318.1.p   69.69%    passed     87.78%
   6  Nycol.A00172.1.p   70.72%    passed     23.21%
   7  Nycol.A03014.1.p   65.74%    passed     15.99%
   8  Nycol.A00432.1.p   68.23%    passed     98.01%
   9  Nycol.A01976.1.p   66.03%    passed     79.97%
  10  Nycol.B01084.1.p   70.57%    passed     70.15%
  11  Nycol.G00206.1.p   68.08%    passed     64.42%
  12  Nycol.G00190.1.p   70.42%    passed     20.17%
  13  Nycol.H00870.1.p   63.69%    passed     75.39%
  14  Nycol.H00296.1.p   64.13%    passed     95.78%
  15  Nycol.H00297.1.p   60.61%    passed     69.44%
  16  Nycol.M00404.1.p   64.42%    passed     80.09%
  17  Nycol.I00043.1.p   67.20%    passed     28.80%
  18  Nycol.I00993.1.p   66.91%    passed     88.70%
  19  Nycol.I01691.1.p   64.13%    passed     72.67%
  20  Nycol.I01697.1.p   68.52%    passed     83.81%
  21  Nycol.I01732.1.p   67.64%    passed     91.27%
  22  Nycol.C02244.1.p   67.79%    passed     88.41%
  23  AT1G22130.1        50.95%    passed     30.62%
  24  AT1G24260.2        63.25%    passed     54.41%
  25  AT1G26310.1        62.66%    passed     85.66%
  26  AT1G31140.2        68.52%    passed     72.81%
  27  AT1G59810.1        58.57%    failed      0.12%
  28  AT1G69120.1        62.52%    passed     42.16%
  29  AT1G69540.2        46.27%    passed     16.31%
  30  AT1G71692.1        69.11%    passed     56.83%
  31  AT1G77080.8        67.35%    passed     57.20%
  32  AT1G77950.4        63.10%    passed     66.56%
  33  AT1G77980.1        51.39%    passed     50.05%
  34  AT2G03060.2        43.48%    failed      0.12%
  35  AT2G03710.1        62.23%    passed     88.45%
  36  AT2G14210.2        65.59%    passed     88.58%
  37  AT2G22540.1        64.86%    passed     83.71%
  38  AT2G22630.2        66.76%    passed     95.98%
  39  AT2G42830.2        63.69%    passed     39.44%
  40  AT2G45650.1        63.10%    passed     63.88%
  41  AT2G45660.1        68.67%    passed     61.63%
  42  AT3G02310.1        63.40%    passed     17.43%
  43  AT3G30260.1        63.54%    passed     32.96%
  44  AT3G54340.1        66.03%    passed     56.22%
  45  AT3G57230.1        64.86%    passed     56.16%
  46  AT3G57390.1        62.52%    passed     77.61%
  47  AT3G58780.4        58.86%    passed     33.52%
  48  AT3G61120.1        64.28%    passed     32.84%
  49  AT4G09960.4        51.83%    passed     10.95%
  50  AT4G11880.1        67.64%    passed     79.31%
  51  AT4G18960.1        63.10%    passed     30.97%
  52  AT4G22950.1        67.94%    passed     81.12%
  53  AT4G24540.1        67.79%    passed      8.75%
  54  AT4G37940.1        66.62%    passed     98.67%
  55  AT5G10140.1        71.30%    passed      8.07%
  56  AT5G13790.2        60.32%    passed     69.73%
  57  AT5G15800.2        61.64%    passed     12.62%
  58  AT5G20240.1        69.55%    passed     14.88%
  59  AT5G23260.4        60.76%    passed      8.58%
  60  AT5G51860.1        69.11%    passed     16.03%
  61  AT5G51870.3        66.47%    passed     85.73%
  62  AT5G60910.1        64.57%    passed     93.68%
  63  AT5G62165.2        69.25%    passed     86.55%
  64  AT5G65050.3        71.30%    passed     49.39%
  65  AT5G65060.1        71.30%    passed     23.71%
  66  AT5G65070.1        70.72%    passed     18.41%
  67  AT5G65080.2        70.13%    passed     36.92%
WARNING: 65 sequences contain more than 50% gaps/ambiguity
****  TOTAL              65.08%  2 sequences failed composition chi2 test (p-value<5%; df=19)

Create initial parsimony tree by phylogenetic likelihood library (PLL)... 0.037 seconds
Generating 1000 samples for ultrafast bootstrap (seed: 843575)...

NOTE: 8 MB RAM (0 GB) is required!
Measuring multi-threading efficiency up to 10 CPU cores
Increase to 10 rounds for branch lengths
16 trees examined
Threads: 1 / Time: 10.570 sec / Speedup: 1.000 / Efficiency: 100% / LogL: -34356
Threads: 2 / Time: 7.589 sec / Speedup: 1.393 / Efficiency: 70% / LogL: -34356
Threads: 3 / Time: 6.043 sec / Speedup: 1.749 / Efficiency: 58% / LogL: -34356
Threads: 4 / Time: 6.044 sec / Speedup: 1.749 / Efficiency: 44% / LogL: -34356
BEST NUMBER OF THREADS: 3

Estimate model parameters (epsilon = 0.100)
1. Initial log-likelihood: -30308.372
Optimal log-likelihood: -27183.508
Parameters optimization took 1 rounds (0.361 sec)
Wrote distance file to... 
Computing ML distances based on estimated model parameters...
Calculating distance matrix: done in 0.158548 secs using 239.9% CPU
Computing ML distances took 0.159245 sec (of wall-clock time) 0.380743 sec (of CPU time)
Setting up auxiliary I and S matrices: done in 0.000534058 secs using 125.1% CPU
Computing RapidNJ tree took 0.025520 sec (of wall-clock time) 0.004212 sec (of CPU time)
Log-likelihood of RapidNJ tree: -27144.298
--------------------------------------------------------------------
|             INITIALIZING CANDIDATE TREE SET                      |
--------------------------------------------------------------------
Generating 98 parsimony trees... 2.967 second
Computing log-likelihood of 98 initial trees ... 6.926 seconds
Current best score: -27144.298

Do NNI search on 20 best initial trees
Estimate model parameters (epsilon = 0.100)
BETTER TREE FOUND at iteration 1: -27108.608
Estimate model parameters (epsilon = 0.100)
BETTER TREE FOUND at iteration 3: -27106.831
Iteration 10 / LogL: -27110.505 / Time: 0h:0m:51s
Estimate model parameters (epsilon = 0.100)
BETTER TREE FOUND at iteration 15: -27106.225
Iteration 20 / LogL: -27121.585 / Time: 0h:1m:4s
Finish initializing candidate tree set (18)
Current best tree score: -27106.225 / CPU time: 32.837
Number of iterations: 20
--------------------------------------------------------------------
|               OPTIMIZING CANDIDATE TREE SET                      |
--------------------------------------------------------------------
Estimate model parameters (epsilon = 0.100)
BETTER TREE FOUND at iteration 21: -27104.688
Estimate model parameters (epsilon = 0.100)
BETTER TREE FOUND at iteration 26: -27104.134
Iteration 30 / LogL: -27106.301 / Time: 0h:1m:15s (0h:4m:9s left)
Estimate model parameters (epsilon = 0.100)
BETTER TREE FOUND at iteration 38: -27104.068
Iteration 40 / LogL: -27105.995 / Time: 0h:1m:28s (0h:3m:41s left)
Iteration 50 / LogL: -27104.177 / Time: 0h:1m:39s (0h:2m:59s left)
Log-likelihood cutoff on original alignment: -27144.022
Iteration 60 / LogL: -27105.085 / Time: 0h:1m:53s (0h:2m:29s left)
Iteration 70 / LogL: -27106.180 / Time: 0h:2m:3s (0h:2m:1s left)
Iteration 80 / LogL: -27105.980 / Time: 0h:2m:16s (0h:1m:40s left)
Iteration 90 / LogL: -27105.611 / Time: 0h:2m:26s (0h:1m:18s left)
Iteration 100 / LogL: -27104.156 / Time: 0h:2m:39s (0h:1m:1s left)
Log-likelihood cutoff on original alignment: -27144.022
NOTE: Bootstrap correlation coefficient of split occurrence frequencies: 0.999
Iteration 110 / LogL: -27104.090 / Time: 0h:2m:49s (0h:2m:20s left)
Iteration 120 / LogL: -27111.407 / Time: 0h:3m:1s (0h:2m:2s left)
Iteration 130 / LogL: -27105.732 / Time: 0h:3m:12s (0h:1m:44s left)
TREE SEARCH COMPLETED AFTER 139 ITERATIONS / Time: 0h:3m:22s

--------------------------------------------------------------------
|                    FINALIZING TREE SEARCH                        |
--------------------------------------------------------------------
Performs final model parameters optimization
Estimate model parameters (epsilon = 0.010)
1. Initial log-likelihood: -27104.068
Optimal log-likelihood: -27104.067
Parameters optimization took 1 rounds (0.113 sec)
BEST SCORE FOUND : -27104.067
Creating bootstrap support values...
Split supports printed to NEXUS file Advanced_Phylogenetic_Pipeline/3.Phylogeny_Output/Trees_FullLength/Nymphaea_colorata_ML.splits.nex
Total tree length: 31.632

Total number of iterations: 139
CPU time used for tree search: 297.614 sec (0h:4m:57s)
Wall-clock time used for tree search: 171.736 sec (0h:2m:51s)
Total CPU time used: 344.376 sec (0h:5m:44s)
Total wall-clock time used: 203.255 sec (0h:3m:23s)

Computing bootstrap consensus tree...
Reading input file Advanced_Phylogenetic_Pipeline/3.Phylogeny_Output/Trees_FullLength/Nymphaea_colorata_ML.splits.nex...
67 taxa and 353 splits.
Consensus tree written to Advanced_Phylogenetic_Pipeline/3.Phylogeny_Output/Trees_FullLength/Nymphaea_colorata_ML.contree
Reading input trees file Advanced_Phylogenetic_Pipeline/3.Phylogeny_Output/Trees_FullLength/Nymphaea_colorata_ML.contree
Log-likelihood of consensus tree: -27104.879

Analysis results written to: 
  IQ-TREE report:                Advanced_Phylogenetic_Pipeline/3.Phylogeny_Output/Trees_FullLength/Nymphaea_colorata_ML.iqtree
  Maximum-likelihood tree:       Advanced_Phylogenetic_Pipeline/3.Phylogeny_Output/Trees_FullLength/Nymphaea_colorata_ML.treefile
  Likelihood distances:          Advanced_Phylogenetic_Pipeline/3.Phylogeny_Output/Trees_FullLength/Nymphaea_colorata_ML.mldist

Ultrafast bootstrap approximation results written to:
  Split support values:          Advanced_Phylogenetic_Pipeline/3.Phylogeny_Output/Trees_FullLength/Nymphaea_colorata_ML.splits.nex
  Consensus tree:                Advanced_Phylogenetic_Pipeline/3.Phylogeny_Output/Trees_FullLength/Nymphaea_colorata_ML.contree
  Screen log file:               Advanced_Phylogenetic_Pipeline/3.Phylogeny_Output/Trees_FullLength/Nymphaea_colorata_ML.log

Date and Time: Mon Apr 13 19:59:16 2026
