IQ-TREE multicore version 2.3.6 for MacOS ARM 64-bit built Jul 30 2024
Developed by Bui Quang Minh, Nguyen Lam Tung, Olga Chernomor, Heiko Schmidt,
Dominik Schrempf, Michael Woodhams, Ly Trong Nhan, Thomas Wong

Host:    Bushras-MacBook-Air.local (SSE4.2, 16 GB RAM)
Command: /opt/homebrew/bin/iqtree2 -s /Users/bushrakhan/Desktop/NIPGR-data/MADS-box-Evolutionary-gene-detection/Advanced_Phylogenetic_Pipeline/3.Phylogeny_Output/Alignments_FullLength/Prunus_persica_ClustalO_Aligned.fa -m LG+F+G -B 1000 -pre /Users/bushrakhan/Desktop/NIPGR-data/MADS-box-Evolutionary-gene-detection/Advanced_Phylogenetic_Pipeline/3.Phylogeny_Output/Trees_FullLength/Prunus_persica_ClustalO_ML -nt AUTO -redo
Seed:    223346 (Using SPRNG - Scalable Parallel Random Number Generator)
Time:    Tue Apr 14 08:53:52 2026
Kernel:  SSE2 - auto-detect threads (10 CPU cores detected)

Reading alignment file /Users/bushrakhan/Desktop/NIPGR-data/MADS-box-Evolutionary-gene-detection/Advanced_Phylogenetic_Pipeline/3.Phylogeny_Output/Alignments_FullLength/Prunus_persica_ClustalO_Aligned.fa ... Fasta format detected
Reading fasta file: done in 0.00100803 secs using 91.47% CPU
Alignment most likely contains protein sequences
WARNING: 1 sites contain only gaps or ambiguous characters.
Alignment has 80 sequences with 752 columns, 657 distinct patterns
354 parsimony-informative, 201 singleton sites, 197 constant sites
                    Gap/Ambiguity  Composition  p-value
Analyzing sequences: done in 0.000118971 secs using 168.9% CPU
   1  Prupe.2G151000.1.p   67.55%    passed     99.21%
   2  Prupe.2G287500.1.p   71.14%    passed     70.22%
   3  Prupe.2G287000.1.p   68.22%    passed     66.33%
   4  Prupe.2G023100.1.p   66.22%    passed     49.94%
   5  Prupe.2G151200.1.p   71.41%    passed     81.39%
   6  Prupe.8G069300.1.p   70.35%    passed     71.64%
   7  Prupe.8G073700.1.p   67.42%    passed     89.26%
   8  Prupe.6G208900.1.p   72.07%    passed     92.06%
   9  Prupe.6G199000.1.p   69.68%    passed     74.95%
  10  Prupe.4G113500.1.p   63.16%    passed     14.93%
  11  Prupe.4G070500.1.p   67.69%    passed     13.21%
  12  Prupe.5G208500.1.p   66.09%    passed     99.01%
  13  Prupe.5G087500.1.p   71.01%    passed     82.94%
  14  Prupe.5G208400.1.p   66.62%    passed     46.89%
  15  Prupe.5G149400.1.p   73.14%    passed     48.12%
  16  Prupe.7G055900.1.p   68.62%    passed     93.68%
  17  Prupe.7G164100.1.p   68.35%    failed      3.23%
  18  Prupe.3G307800.1.p   68.62%    passed     87.20%
  19  Prupe.3G170600.1.p   67.55%    passed     21.09%
  20  Prupe.3G249400.1.p   67.29%    passed     80.87%
  21  Prupe.3G249300.1.p   57.31%    passed     64.24%
  22  Prupe.1G531400.1.p   68.48%    passed     46.70%
  23  Prupe.1G427500.1.p   58.24%    passed     47.34%
  24  Prupe.1G223600.1.p   68.09%    passed     94.64%
  25  Prupe.1G290500.1.p   66.89%    passed     87.04%
  26  Prupe.1G290600.1.p   68.35%    passed     74.11%
  27  Prupe.1G531600.1.p   68.88%    passed     23.01%
  28  Prupe.1G276600.1.p   53.46%    passed      9.95%
  29  Prupe.1G371300.1.p   73.01%    passed     69.76%
  30  Prupe.1G549600.1.p   70.48%    passed     59.99%
  31  Prupe.1G511300.1.p   52.93%    failed      0.74%
  32  Prupe.1G548000.1.p   72.87%    passed     29.59%
  33  Prupe.1G531700.1.p   68.35%    passed     50.02%
  34  Prupe.1G531100.1.p   52.79%    failed      3.24%
  35  Prupe.1G489400.1.p   72.07%    passed     91.10%
  36  AT1G22130.1          55.45%    passed     31.60%
  37  AT1G24260.2          66.62%    passed     52.35%
  38  AT1G26310.1          66.09%    passed     83.41%
  39  AT1G31140.2          71.41%    passed     64.57%
  40  AT1G59810.1          62.37%    failed      0.02%
  41  AT1G69120.1          65.96%    passed     39.61%
  42  AT1G69540.2          51.20%    passed     13.46%
  43  AT1G71692.1          71.94%    passed     65.22%
  44  AT1G77080.8          70.35%    passed     62.14%
  45  AT1G77950.4          66.49%    passed     63.20%
  46  AT1G77980.1          55.85%    passed     42.87%
  47  AT2G03060.2          48.67%    failed      0.14%
  48  AT2G03710.1          65.69%    passed     85.59%
  49  AT2G14210.2          68.75%    passed     88.49%
  50  AT2G22540.1          68.09%    passed     86.59%
  51  AT2G22630.2          69.81%    passed     96.36%
  52  AT2G42830.2          67.02%    passed     48.59%
  53  AT2G45650.1          66.49%    passed     80.44%
  54  AT2G45660.1          71.54%    passed     69.82%
  55  AT3G02310.1          66.76%    passed     22.23%
  56  AT3G30260.1          66.89%    passed     29.40%
  57  AT3G54340.1          69.15%    passed     38.12%
  58  AT3G57230.1          68.09%    passed     59.12%
  59  AT3G57390.1          65.96%    passed     79.65%
  60  AT3G58780.4          62.63%    passed     45.84%
  61  AT3G61120.1          67.55%    passed     30.76%
  62  AT4G09960.4          56.25%    passed     14.00%
  63  AT4G11880.1          70.61%    passed     76.59%
  64  AT4G18960.1          66.49%    passed     36.05%
  65  AT4G22950.1          70.88%    passed     83.08%
  66  AT4G24540.1          70.74%    passed      6.25%
  67  AT4G37940.1          69.68%    passed     97.33%
  68  AT5G10140.1          73.94%    passed     12.57%
  69  AT5G13790.2          63.96%    passed     69.90%
  70  AT5G15800.2          65.16%    passed     12.89%
  71  AT5G20240.1          72.34%    passed     10.06%
  72  AT5G23260.4          64.36%    failed      4.96%
  73  AT5G51860.1          71.94%    passed     16.92%
  74  AT5G51870.3          69.55%    passed     83.67%
  75  AT5G60910.1          67.82%    passed     96.05%
  76  AT5G62165.2          72.07%    passed     82.85%
  77  AT5G65050.3          73.94%    passed     59.62%
  78  AT5G65060.1          73.94%    passed     28.17%
  79  AT5G65070.1          73.40%    passed     18.60%
  80  AT5G65080.2          72.87%    passed     45.14%
WARNING: 79 sequences contain more than 50% gaps/ambiguity
****  TOTAL                67.01%  6 sequences failed composition chi2 test (p-value<5%; df=19)

Create initial parsimony tree by phylogenetic likelihood library (PLL)... 0.029 seconds
Generating 1000 samples for ultrafast bootstrap (seed: 223346)...

NOTE: 36 MB RAM (0 GB) is required!
Measuring multi-threading efficiency up to 10 CPU cores
Increase to 10 rounds for branch lengths
4 trees examined
Threads: 1 / Time: 11.266 sec / Speedup: 1.000 / Efficiency: 100% / LogL: -40410
Threads: 2 / Time: 7.236 sec / Speedup: 1.557 / Efficiency: 78% / LogL: -40410
Threads: 3 / Time: 5.007 sec / Speedup: 2.250 / Efficiency: 75% / LogL: -40410
Threads: 4 / Time: 4.524 sec / Speedup: 2.490 / Efficiency: 62% / LogL: -40410
Threads: 5 / Time: 4.575 sec / Speedup: 2.462 / Efficiency: 49% / LogL: -40410
BEST NUMBER OF THREADS: 4

Estimate model parameters (epsilon = 0.100)
1. Initial log-likelihood: -34248.644
2. Current log-likelihood: -31785.986
3. Current log-likelihood: -31734.093
4. Current log-likelihood: -31732.864
Optimal log-likelihood: -31732.808
Gamma shape alpha: 0.985
Parameters optimization took 4 rounds (2.653 sec)
Wrote distance file to... 
Computing ML distances based on estimated model parameters...
Calculating distance matrix: done in 0.544269 secs using 385.4% CPU
Computing ML distances took 0.544534 sec (of wall-clock time) 2.098092 sec (of CPU time)
WARNING: Some pairwise ML distances are too long (saturated)
Setting up auxiliary I and S matrices: done in 0.000201941 secs using 219.9% CPU
Computing RapidNJ tree took 0.007349 sec (of wall-clock time) 0.004625 sec (of CPU time)
Log-likelihood of RapidNJ tree: -31702.186
--------------------------------------------------------------------
|             INITIALIZING CANDIDATE TREE SET                      |
--------------------------------------------------------------------
Generating 98 parsimony trees... 2.176 second
Computing log-likelihood of 98 initial trees ... 13.325 seconds
Current best score: -31702.186

Do NNI search on 20 best initial trees
Estimate model parameters (epsilon = 0.100)
BETTER TREE FOUND at iteration 1: -31668.455
Estimate model parameters (epsilon = 0.100)
BETTER TREE FOUND at iteration 2: -31662.842
Estimate model parameters (epsilon = 0.100)
BETTER TREE FOUND at iteration 6: -31661.845
Iteration 10 / LogL: -31667.490 / Time: 0h:1m:20s
Estimate model parameters (epsilon = 0.100)
BETTER TREE FOUND at iteration 12: -31661.441
Iteration 20 / LogL: -31665.033 / Time: 0h:1m:49s
Finish initializing candidate tree set (18)
Current best tree score: -31661.441 / CPU time: 73.181
Number of iterations: 20
--------------------------------------------------------------------
|               OPTIMIZING CANDIDATE TREE SET                      |
--------------------------------------------------------------------
Iteration 30 / LogL: -31672.069 / Time: 0h:2m:18s (0h:6m:32s left)
Iteration 40 / LogL: -31661.606 / Time: 0h:2m:48s (0h:5m:11s left)
Iteration 50 / LogL: -31677.897 / Time: 0h:3m:15s (0h:4m:7s left)
Log-likelihood cutoff on original alignment: -31692.480
Iteration 60 / LogL: -31661.469 / Time: 0h:3m:42s (0h:3m:16s left)
Iteration 70 / LogL: -31677.669 / Time: 0h:4m:11s (0h:2m:33s left)
Iteration 80 / LogL: -31671.358 / Time: 0h:4m:39s (0h:1m:53s left)
Iteration 90 / LogL: -31661.808 / Time: 0h:5m:8s (0h:1m:16s left)
Iteration 100 / LogL: -31663.913 / Time: 0h:5m:36s (0h:0m:40s left)
Log-likelihood cutoff on original alignment: -31692.074
NOTE: Bootstrap correlation coefficient of split occurrence frequencies: 0.999
Iteration 110 / LogL: -31661.779 / Time: 0h:6m:4s (0h:5m:0s left)
TREE SEARCH COMPLETED AFTER 113 ITERATIONS / Time: 0h:6m:12s

--------------------------------------------------------------------
|                    FINALIZING TREE SEARCH                        |
--------------------------------------------------------------------
Performs final model parameters optimization
Estimate model parameters (epsilon = 0.010)
1. Initial log-likelihood: -31661.441
Optimal log-likelihood: -31661.440
Gamma shape alpha: 1.016
Parameters optimization took 1 rounds (0.395 sec)
BEST SCORE FOUND : -31661.440
Creating bootstrap support values...
Split supports printed to NEXUS file /Users/bushrakhan/Desktop/NIPGR-data/MADS-box-Evolutionary-gene-detection/Advanced_Phylogenetic_Pipeline/3.Phylogeny_Output/Trees_FullLength/Prunus_persica_ClustalO_ML.splits.nex
Total tree length: 56.327

Total number of iterations: 113
CPU time used for tree search: 976.189 sec (0h:16m:16s)
Wall-clock time used for tree search: 335.854 sec (0h:5m:35s)
Total CPU time used: 1052.824 sec (0h:17m:32s)
Total wall-clock time used: 373.192 sec (0h:6m:13s)

Computing bootstrap consensus tree...
Reading input file /Users/bushrakhan/Desktop/NIPGR-data/MADS-box-Evolutionary-gene-detection/Advanced_Phylogenetic_Pipeline/3.Phylogeny_Output/Trees_FullLength/Prunus_persica_ClustalO_ML.splits.nex...
80 taxa and 392 splits.
Consensus tree written to /Users/bushrakhan/Desktop/NIPGR-data/MADS-box-Evolutionary-gene-detection/Advanced_Phylogenetic_Pipeline/3.Phylogeny_Output/Trees_FullLength/Prunus_persica_ClustalO_ML.contree
Reading input trees file /Users/bushrakhan/Desktop/NIPGR-data/MADS-box-Evolutionary-gene-detection/Advanced_Phylogenetic_Pipeline/3.Phylogeny_Output/Trees_FullLength/Prunus_persica_ClustalO_ML.contree
Log-likelihood of consensus tree: -31661.441

Analysis results written to: 
  IQ-TREE report:                /Users/bushrakhan/Desktop/NIPGR-data/MADS-box-Evolutionary-gene-detection/Advanced_Phylogenetic_Pipeline/3.Phylogeny_Output/Trees_FullLength/Prunus_persica_ClustalO_ML.iqtree
  Maximum-likelihood tree:       /Users/bushrakhan/Desktop/NIPGR-data/MADS-box-Evolutionary-gene-detection/Advanced_Phylogenetic_Pipeline/3.Phylogeny_Output/Trees_FullLength/Prunus_persica_ClustalO_ML.treefile
  Likelihood distances:          /Users/bushrakhan/Desktop/NIPGR-data/MADS-box-Evolutionary-gene-detection/Advanced_Phylogenetic_Pipeline/3.Phylogeny_Output/Trees_FullLength/Prunus_persica_ClustalO_ML.mldist

Ultrafast bootstrap approximation results written to:
  Split support values:          /Users/bushrakhan/Desktop/NIPGR-data/MADS-box-Evolutionary-gene-detection/Advanced_Phylogenetic_Pipeline/3.Phylogeny_Output/Trees_FullLength/Prunus_persica_ClustalO_ML.splits.nex
  Consensus tree:                /Users/bushrakhan/Desktop/NIPGR-data/MADS-box-Evolutionary-gene-detection/Advanced_Phylogenetic_Pipeline/3.Phylogeny_Output/Trees_FullLength/Prunus_persica_ClustalO_ML.contree
  Screen log file:               /Users/bushrakhan/Desktop/NIPGR-data/MADS-box-Evolutionary-gene-detection/Advanced_Phylogenetic_Pipeline/3.Phylogeny_Output/Trees_FullLength/Prunus_persica_ClustalO_ML.log

Date and Time: Tue Apr 14 09:00:06 2026
