IQ-TREE multicore version 2.3.6 for MacOS ARM 64-bit built Jul 30 2024
Developed by Bui Quang Minh, Nguyen Lam Tung, Olga Chernomor, Heiko Schmidt,
Dominik Schrempf, Michael Woodhams, Ly Trong Nhan, Thomas Wong

Host:    Bushras-MacBook-Air.local (SSE4.2, 16 GB RAM)
Command: /opt/homebrew/bin/iqtree2 -s Advanced_Phylogenetic_Pipeline/3.Phylogeny_Output/Alignments_FullLength/Prunus_persica_MAFFT_Aligned.fa -m LG -B 1000 -pre Advanced_Phylogenetic_Pipeline/3.Phylogeny_Output/Trees_FullLength/Prunus_persica_ML -nt AUTO -redo
Seed:    934596 (Using SPRNG - Scalable Parallel Random Number Generator)
Time:    Mon Apr 13 20:08:34 2026
Kernel:  SSE2 - auto-detect threads (10 CPU cores detected)

Reading alignment file Advanced_Phylogenetic_Pipeline/3.Phylogeny_Output/Alignments_FullLength/Prunus_persica_MAFFT_Aligned.fa ... Fasta format detected
Reading fasta file: done in 0.00235701 secs using 56.81% CPU
Alignment most likely contains protein sequences
Alignment has 80 sequences with 792 columns, 681 distinct patterns
367 parsimony-informative, 190 singleton sites, 235 constant sites
                    Gap/Ambiguity  Composition  p-value
Analyzing sequences: done in 0.000293016 secs using 107.2% CPU
   1  Prupe.2G151000.1.p   69.19%    passed     99.32%
   2  Prupe.2G287500.1.p   72.60%    passed     68.59%
   3  Prupe.2G287000.1.p   69.82%    passed     65.09%
   4  Prupe.2G023100.1.p   67.93%    passed     47.80%
   5  Prupe.2G151200.1.p   72.85%    passed     79.80%
   6  Prupe.8G069300.1.p   71.84%    passed     69.99%
   7  Prupe.8G073700.1.p   69.07%    passed     88.08%
   8  Prupe.6G208900.1.p   73.48%    passed     91.51%
   9  Prupe.6G199000.1.p   71.21%    passed     72.04%
  10  Prupe.4G113500.1.p   65.03%    passed     15.38%
  11  Prupe.4G070500.1.p   69.32%    passed     12.98%
  12  Prupe.5G208500.1.p   67.80%    passed     99.01%
  13  Prupe.5G087500.1.p   72.47%    passed     82.58%
  14  Prupe.5G208400.1.p   68.31%    passed     48.22%
  15  Prupe.5G149400.1.p   74.49%    passed     47.44%
  16  Prupe.7G055900.1.p   70.20%    passed     93.23%
  17  Prupe.7G164100.1.p   69.95%    failed      3.62%
  18  Prupe.3G307800.1.p   70.20%    passed     85.83%
  19  Prupe.3G170600.1.p   69.19%    passed     20.50%
  20  Prupe.3G249400.1.p   68.94%    passed     80.40%
  21  Prupe.3G249300.1.p   59.47%    passed     63.95%
  22  Prupe.1G531400.1.p   70.08%    passed     44.61%
  23  Prupe.1G427500.1.p   60.35%    passed     48.78%
  24  Prupe.1G223600.1.p   69.70%    passed     94.69%
  25  Prupe.1G290500.1.p   68.56%    passed     87.11%
  26  Prupe.1G290600.1.p   69.95%    passed     74.62%
  27  Prupe.1G531600.1.p   70.45%    passed     21.25%
  28  Prupe.1G276600.1.p   55.81%    passed     10.88%
  29  Prupe.1G371300.1.p   74.37%    passed     70.16%
  30  Prupe.1G549600.1.p   71.97%    passed     58.76%
  31  Prupe.1G511300.1.p   55.30%    failed      0.86%
  32  Prupe.1G548000.1.p   74.24%    passed     29.93%
  33  Prupe.1G531700.1.p   69.95%    passed     47.86%
  34  Prupe.1G531100.1.p   55.18%    failed      3.25%
  35  Prupe.1G489400.1.p   73.48%    passed     90.80%
  36  AT1G22130.1          57.70%    passed     32.89%
  37  AT1G24260.2          68.31%    passed     52.18%
  38  AT1G26310.1          67.80%    passed     83.35%
  39  AT1G31140.2          72.85%    passed     67.72%
  40  AT1G59810.1          64.27%    failed      0.03%
  41  AT1G69120.1          67.68%    passed     41.05%
  42  AT1G69540.2          53.66%    passed     16.17%
  43  AT1G71692.1          73.36%    passed     65.81%
  44  AT1G77080.8          71.84%    passed     59.88%
  45  AT1G77950.4          68.18%    passed     62.67%
  46  AT1G77980.1          58.08%    passed     44.13%
  47  AT2G03060.2          51.26%    failed      0.17%
  48  AT2G03710.1          67.42%    passed     85.85%
  49  AT2G14210.2          70.33%    passed     87.54%
  50  AT2G22540.1          69.70%    passed     85.09%
  51  AT2G22630.2          71.34%    passed     95.96%
  52  AT2G42830.2          68.69%    passed     47.45%
  53  AT2G45650.1          68.18%    passed     82.03%
  54  AT2G45660.1          72.98%    passed     69.06%
  55  AT3G02310.1          68.43%    passed     23.10%
  56  AT3G30260.1          68.56%    passed     29.05%
  57  AT3G54340.1          70.71%    passed     39.11%
  58  AT3G57230.1          69.70%    passed     58.53%
  59  AT3G57390.1          67.68%    passed     78.04%
  60  AT3G58780.4          64.52%    passed     45.55%
  61  AT3G61120.1          69.19%    passed     30.49%
  62  AT4G09960.4          58.46%    passed     15.56%
  63  AT4G11880.1          72.10%    passed     75.28%
  64  AT4G18960.1          68.18%    passed     35.27%
  65  AT4G22950.1          72.35%    passed     81.39%
  66  AT4G24540.1          72.22%    passed      5.76%
  67  AT4G37940.1          71.21%    passed     97.02%
  68  AT5G10140.1          75.25%    passed     11.82%
  69  AT5G13790.2          65.78%    passed     67.97%
  70  AT5G15800.2          66.92%    passed     13.65%
  71  AT5G20240.1          73.74%    passed     10.26%
  72  AT5G23260.4          66.16%    passed      5.09%
  73  AT5G51860.1          73.36%    passed     16.71%
  74  AT5G51870.3          71.09%    passed     82.74%
  75  AT5G60910.1          69.44%    passed     95.72%
  76  AT5G62165.2          73.48%    passed     81.58%
  77  AT5G65050.3          75.25%    passed     57.21%
  78  AT5G65060.1          75.25%    passed     26.43%
  79  AT5G65070.1          74.75%    passed     17.42%
  80  AT5G65080.2          74.24%    passed     43.98%
WARNING: 80 sequences contain more than 50% gaps/ambiguity
****  TOTAL                68.68%  5 sequences failed composition chi2 test (p-value<5%; df=19)

Create initial parsimony tree by phylogenetic likelihood library (PLL)... 0.021 seconds
Generating 1000 samples for ultrafast bootstrap (seed: 934596)...

NOTE: 11 MB RAM (0 GB) is required!
Measuring multi-threading efficiency up to 10 CPU cores
Increase to 10 rounds for branch lengths
11 trees examined
Threads: 1 / Time: 10.533 sec / Speedup: 1.000 / Efficiency: 100% / LogL: -42265
Threads: 2 / Time: 6.324 sec / Speedup: 1.665 / Efficiency: 83% / LogL: -42265
Threads: 3 / Time: 6.618 sec / Speedup: 1.592 / Efficiency: 53% / LogL: -42265
Threads: 4 / Time: 6.138 sec / Speedup: 1.716 / Efficiency: 43% / LogL: -42265
BEST NUMBER OF THREADS: 2

Estimate model parameters (epsilon = 0.100)
1. Initial log-likelihood: -36668.778
Optimal log-likelihood: -32502.996
Parameters optimization took 1 rounds (0.370 sec)
Wrote distance file to... 
Computing ML distances based on estimated model parameters...
Calculating distance matrix: done in 0.200125 secs using 195.4% CPU
Computing ML distances took 0.200403 sec (of wall-clock time) 0.391285 sec (of CPU time)
Setting up auxiliary I and S matrices: done in 0.000153065 secs using 139.8% CPU
Computing RapidNJ tree took 0.005610 sec (of wall-clock time) 0.003983 sec (of CPU time)
Log-likelihood of RapidNJ tree: -32515.042
--------------------------------------------------------------------
|             INITIALIZING CANDIDATE TREE SET                      |
--------------------------------------------------------------------
Generating 98 parsimony trees... 2.553 second
Computing log-likelihood of 98 initial trees ... 7.846 seconds
Current best score: -32502.996

Do NNI search on 20 best initial trees
Estimate model parameters (epsilon = 0.100)
BETTER TREE FOUND at iteration 1: -32419.393
Estimate model parameters (epsilon = 0.100)
BETTER TREE FOUND at iteration 3: -32418.749
Estimate model parameters (epsilon = 0.100)
BETTER TREE FOUND at iteration 8: -32418.703
Iteration 10 / LogL: -32428.474 / Time: 0h:0m:59s
Estimate model parameters (epsilon = 0.100)
BETTER TREE FOUND at iteration 12: -32414.733
Iteration 20 / LogL: -32418.942 / Time: 0h:1m:15s
Finish initializing candidate tree set (19)
Current best tree score: -32414.733 / CPU time: 44.917
Number of iterations: 20
--------------------------------------------------------------------
|               OPTIMIZING CANDIDATE TREE SET                      |
--------------------------------------------------------------------
Iteration 30 / LogL: -32417.825 / Time: 0h:1m:32s (0h:4m:21s left)
Estimate model parameters (epsilon = 0.100)
UPDATE BEST LOG-LIKELIHOOD: -32414.585
Iteration 40 / LogL: -32417.670 / Time: 0h:1m:48s (0h:3m:20s left)
Estimate model parameters (epsilon = 0.100)
BETTER TREE FOUND at iteration 49: -32414.308
Iteration 50 / LogL: -32427.066 / Time: 0h:2m:6s (0h:4m:14s left)
Log-likelihood cutoff on original alignment: -32471.766
Estimate model parameters (epsilon = 0.100)
BETTER TREE FOUND at iteration 56: -32414.176
Iteration 60 / LogL: -32415.236 / Time: 0h:2m:23s (0h:3m:53s left)
Iteration 70 / LogL: -32414.611 / Time: 0h:2m:41s (0h:3m:20s left)
Iteration 80 / LogL: -32415.759 / Time: 0h:2m:55s (0h:2m:48s left)
Iteration 90 / LogL: -32416.070 / Time: 0h:3m:11s (0h:2m:22s left)
Estimate model parameters (epsilon = 0.100)
BETTER TREE FOUND at iteration 93: -32414.009
Iteration 100 / LogL: -32414.087 / Time: 0h:3m:30s (0h:3m:17s left)
Log-likelihood cutoff on original alignment: -32471.766
NOTE: Bootstrap correlation coefficient of split occurrence frequencies: 0.998
Iteration 110 / LogL: -32415.940 / Time: 0h:3m:48s (0h:3m:8s left)
Iteration 120 / LogL: -32443.533 / Time: 0h:4m:4s (0h:2m:44s left)
Iteration 130 / LogL: -32414.617 / Time: 0h:4m:20s (0h:2m:21s left)
Iteration 140 / LogL: -32415.682 / Time: 0h:4m:38s (0h:2m:0s left)
Iteration 150 / LogL: -32417.082 / Time: 0h:4m:55s (0h:1m:39s left)
Log-likelihood cutoff on original alignment: -32471.766
Iteration 160 / LogL: -32414.476 / Time: 0h:5m:11s (0h:1m:18s left)
Iteration 170 / LogL: -32414.075 / Time: 0h:5m:26s (0h:0m:57s left)
Iteration 180 / LogL: -32414.054 / Time: 0h:5m:43s (0h:0m:38s left)
Iteration 190 / LogL: -32414.356 / Time: 0h:6m:0s (0h:0m:19s left)
TREE SEARCH COMPLETED AFTER 194 ITERATIONS / Time: 0h:6m:7s

--------------------------------------------------------------------
|                    FINALIZING TREE SEARCH                        |
--------------------------------------------------------------------
Performs final model parameters optimization
Estimate model parameters (epsilon = 0.010)
1. Initial log-likelihood: -32414.009
Optimal log-likelihood: -32414.009
Parameters optimization took 1 rounds (0.206 sec)
BEST SCORE FOUND : -32414.009
Creating bootstrap support values...
Split supports printed to NEXUS file Advanced_Phylogenetic_Pipeline/3.Phylogeny_Output/Trees_FullLength/Prunus_persica_ML.splits.nex
Total tree length: 35.105

Total number of iterations: 194
CPU time used for tree search: 465.956 sec (0h:7m:45s)
Wall-clock time used for tree search: 336.485 sec (0h:5m:36s)
Total CPU time used: 511.148 sec (0h:8m:31s)
Total wall-clock time used: 368.023 sec (0h:6m:8s)

Computing bootstrap consensus tree...
Reading input file Advanced_Phylogenetic_Pipeline/3.Phylogeny_Output/Trees_FullLength/Prunus_persica_ML.splits.nex...
80 taxa and 486 splits.
Consensus tree written to Advanced_Phylogenetic_Pipeline/3.Phylogeny_Output/Trees_FullLength/Prunus_persica_ML.contree
Reading input trees file Advanced_Phylogenetic_Pipeline/3.Phylogeny_Output/Trees_FullLength/Prunus_persica_ML.contree
Log-likelihood of consensus tree: -32416.889

Analysis results written to: 
  IQ-TREE report:                Advanced_Phylogenetic_Pipeline/3.Phylogeny_Output/Trees_FullLength/Prunus_persica_ML.iqtree
  Maximum-likelihood tree:       Advanced_Phylogenetic_Pipeline/3.Phylogeny_Output/Trees_FullLength/Prunus_persica_ML.treefile
  Likelihood distances:          Advanced_Phylogenetic_Pipeline/3.Phylogeny_Output/Trees_FullLength/Prunus_persica_ML.mldist

Ultrafast bootstrap approximation results written to:
  Split support values:          Advanced_Phylogenetic_Pipeline/3.Phylogeny_Output/Trees_FullLength/Prunus_persica_ML.splits.nex
  Consensus tree:                Advanced_Phylogenetic_Pipeline/3.Phylogeny_Output/Trees_FullLength/Prunus_persica_ML.contree
  Screen log file:               Advanced_Phylogenetic_Pipeline/3.Phylogeny_Output/Trees_FullLength/Prunus_persica_ML.log

Date and Time: Mon Apr 13 20:14:43 2026
