IQ-TREE multicore version 2.3.6 for MacOS ARM 64-bit built Jul 30 2024
Developed by Bui Quang Minh, Nguyen Lam Tung, Olga Chernomor, Heiko Schmidt,
Dominik Schrempf, Michael Woodhams, Ly Trong Nhan, Thomas Wong

Host:    Bushras-MacBook-Air.local (SSE4.2, 16 GB RAM)
Command: /opt/homebrew/bin/iqtree2 -s /Users/bushrakhan/Desktop/NIPGR-data/MADS-box-Evolutionary-gene-detection/Advanced_Phylogenetic_Pipeline/Uploads/Final_Portfolio_Refined/Alignments/Amborella_trichopoda_ClustalO.fa -m LG+G -B 1000 -T AUTO --prefix /Users/bushrakhan/Desktop/NIPGR-data/MADS-box-Evolutionary-gene-detection/Advanced_Phylogenetic_Pipeline/Uploads/Final_Portfolio_Refined/Trees/Amborella_trichopoda_ClustalO -redo
Seed:    121071 (Using SPRNG - Scalable Parallel Random Number Generator)
Time:    Fri Apr 10 04:43:52 2026
Kernel:  SSE2 - auto-detect threads (10 CPU cores detected)

Reading alignment file /Users/bushrakhan/Desktop/NIPGR-data/MADS-box-Evolutionary-gene-detection/Advanced_Phylogenetic_Pipeline/Uploads/Final_Portfolio_Refined/Alignments/Amborella_trichopoda_ClustalO.fa ... Fasta format detected
Reading fasta file: done in 0.000527143 secs using 66.59% CPU
Alignment most likely contains protein sequences
Alignment has 28 sequences with 531 columns, 440 distinct patterns
248 parsimony-informative, 152 singleton sites, 131 constant sites
WARNING: Some sequence names are changed as follows:
AT1G69120.1|APETALA1|AP1|Length=286 -> AT1G69120.1|APETALA1|AP1|Length_286
AT4G36920.1|APETALA2|AP2|Length=432 -> AT4G36920.1|APETALA2|AP2|Length_432
AT3G54340.1|APETALA3|AP3|Length=232 -> AT3G54340.1|APETALA3|AP3|Length_232
AT5G20240.1|PISTILLATA|PI|Length=208 -> AT5G20240.1|PISTILLATA|PI|Length_208
AT4G18960.1|AGAMOUS|AG|Length=252 -> AT4G18960.1|AGAMOUS|AG|Length_252
AT4G09960.4|SEEDSTICK|STK|Length=329 -> AT4G09960.4|SEEDSTICK|STK|Length_329
AT3G58780.4|SHATTERPROOF1|SHP1|Length=281 -> AT3G58780.4|SHATTERPROOF1|SHP1|Length_281
AT2G42830.2|SHATTERPROOF2|SHP2|Length=248 -> AT2G42830.2|SHATTERPROOF2|SHP2|Length_248
AT5G15800.2|SEPALLATA1|SEP1|Length=262 -> AT5G15800.2|SEPALLATA1|SEP1|Length_262
AT3G02310.1|SEPALLATA2|SEP2|Length=250 -> AT3G02310.1|SEPALLATA2|SEP2|Length_250
AT1G24260.2|SEPALLATA3|SEP3|Length=251 -> AT1G24260.2|SEPALLATA3|SEP3|Length_251
AT2G03710.1|SEPALLATA4|SEP4|Length=258 -> AT2G03710.1|SEPALLATA4|SEP4|Length_258

                                           Gap/Ambiguity  Composition  p-value
Analyzing sequences: done in 7.10487e-05 secs using 111.2% CPU
   1  AT1G69120.1|APETALA1|AP1|Length_286         51.79%    passed     53.35%
   2  AT4G36920.1|APETALA2|AP2|Length_432         18.64%    failed      0.00%
   3  AT3G54340.1|APETALA3|AP3|Length_232         56.31%    passed     51.55%
   4  AT5G20240.1|PISTILLATA|PI|Length_208        60.83%    passed      9.93%
   5  AT4G18960.1|AGAMOUS|AG|Length_252           52.54%    passed     54.86%
   6  AT4G09960.4|SEEDSTICK|STK|Length_329        38.04%    passed      9.32%
   7  AT3G58780.4|SHATTERPROOF1|SHP1|Length_281   47.08%    passed     47.33%
   8  AT2G42830.2|SHATTERPROOF2|SHP2|Length_248   53.30%    passed     61.14%
   9  AT5G15800.2|SEPALLATA1|SEP1|Length_262      50.66%    passed     44.78%
  10  AT3G02310.1|SEPALLATA2|SEP2|Length_250      52.92%    passed     52.35%
  11  AT1G24260.2|SEPALLATA3|SEP3|Length_251      52.73%    passed     81.01%
  12  AT2G03710.1|SEPALLATA4|SEP4|Length_258      51.41%    passed     96.12%
  13  evm_27.model.AmTr_v1.0_scaffold00089.36     60.08%    passed     98.81%
  14  evm_27.model.AmTr_v1.0_scaffold00013.60     67.61%    passed     87.69%
  15  evm_27.model.AmTr_v1.0_scaffold00013.53     54.61%    passed     96.47%
  16  evm_27.model.AmTr_v1.0_scaffold00001.409    58.00%    passed     71.44%
  17  evm_27.model.AmTr_v1.0_scaffold00001.461    56.50%    passed     89.22%
  18  evm_27.model.AmTr_v1.0_scaffold00001.225    56.69%    passed     44.26%
  19  evm_27.model.AmTr_v1.0_scaffold00001.413    56.87%    passed     88.52%
  20  evm_27.model.AmTr_v1.0_scaffold00046.134    58.19%    passed     98.07%
  21  evm_27.model.AmTr_v1.0_scaffold00053.185    64.60%    passed     23.93%
  22  evm_27.model.AmTr_v1.0_scaffold00095.150    57.06%    failed      3.21%
  23  evm_27.model.AmTr_v1.0_scaffold00071.203    58.19%    passed     80.35%
  24  evm_27.model.AmTr_v1.0_scaffold00021.296    55.93%    passed     97.44%
  25  evm_27.model.AmTr_v1.0_scaffold00047.121    54.24%    passed     84.41%
  26  evm_27.model.AmTr_v1.0_scaffold00047.105    54.43%    passed     18.27%
  27  evm_27.model.AmTr_v1.0_scaffold00066.97     58.57%    passed     37.74%
  28  evm_27.model.AmTr_v1.0_scaffold00127.17     58.76%    passed     42.68%
WARNING: 25 sequences contain more than 50% gaps/ambiguity
****  TOTAL                                       54.16%  2 sequences failed composition chi2 test (p-value<5%; df=19)

Create initial parsimony tree by phylogenetic likelihood library (PLL)... 0.007 seconds
Generating 1000 samples for ultrafast bootstrap (seed: 121071)...

NOTE: 9 MB RAM (0 GB) is required!
Measuring multi-threading efficiency up to 10 CPU cores
Increase to 10 rounds for branch lengths
8 trees examined
Threads: 1 / Time: 10.269 sec / Speedup: 1.000 / Efficiency: 100% / LogL: -12991
Threads: 2 / Time: 7.004 sec / Speedup: 1.466 / Efficiency: 73% / LogL: -12991
Threads: 3 / Time: 5.345 sec / Speedup: 1.921 / Efficiency: 64% / LogL: -12991
Threads: 4 / Time: 4.322 sec / Speedup: 2.376 / Efficiency: 59% / LogL: -12991
Threads: 5 / Time: 4.664 sec / Speedup: 2.202 / Efficiency: 44% / LogL: -12991
BEST NUMBER OF THREADS: 4

Estimate model parameters (epsilon = 0.100)
1. Initial log-likelihood: -12922.730
2. Current log-likelihood: -12124.960
3. Current log-likelihood: -12103.030
4. Current log-likelihood: -12101.500
5. Current log-likelihood: -12101.246
Optimal log-likelihood: -12101.166
Gamma shape alpha: 0.855
Parameters optimization took 5 rounds (1.491 sec)
Wrote distance file to... 
Computing ML distances based on estimated model parameters...
Calculating distance matrix: done in 0.123733 secs using 312.4% CPU
Computing ML distances took 0.123955 sec (of wall-clock time) 0.386731 sec (of CPU time)
WARNING: Some pairwise ML distances are too long (saturated)
Setting up auxiliary I and S matrices: done in 0.000105143 secs using 186.4% CPU
Computing RapidNJ tree took 0.003243 sec (of wall-clock time) 0.001301 sec (of CPU time)
Log-likelihood of RapidNJ tree: -12063.240
--------------------------------------------------------------------
|             INITIALIZING CANDIDATE TREE SET                      |
--------------------------------------------------------------------
Generating 98 parsimony trees... 0.832 second
Computing log-likelihood of 98 initial trees ... 6.344 seconds
Current best score: -12063.240

Do NNI search on 20 best initial trees
Estimate model parameters (epsilon = 0.100)
BETTER TREE FOUND at iteration 1: -12041.916
Estimate model parameters (epsilon = 0.100)
BETTER TREE FOUND at iteration 3: -12037.884
Iteration 10 / LogL: -12050.308 / Time: 0h:0m:55s
Iteration 20 / LogL: -12045.777 / Time: 0h:1m:10s
Finish initializing candidate tree set (17)
Current best tree score: -12037.884 / CPU time: 36.394
Number of iterations: 20
--------------------------------------------------------------------
|               OPTIMIZING CANDIDATE TREE SET                      |
--------------------------------------------------------------------
Estimate model parameters (epsilon = 0.100)
BETTER TREE FOUND at iteration 21: -12037.367
Estimate model parameters (epsilon = 0.100)
BETTER TREE FOUND at iteration 25: -12035.610
Iteration 30 / LogL: -12041.275 / Time: 0h:1m:24s (0h:4m:36s left)
Iteration 40 / LogL: -12037.096 / Time: 0h:1m:37s (0h:3m:31s left)
Iteration 50 / LogL: -12037.404 / Time: 0h:1m:48s (0h:2m:46s left)
Log-likelihood cutoff on original alignment: -12071.908
Iteration 60 / LogL: -12035.914 / Time: 0h:2m:3s (0h:2m:15s left)
Estimate model parameters (epsilon = 0.100)
BETTER TREE FOUND at iteration 61: -12035.085
Iteration 70 / LogL: -12036.115 / Time: 0h:2m:17s (0h:3m:1s left)
Estimate model parameters (epsilon = 0.100)
UPDATE BEST LOG-LIKELIHOOD: -12034.872
Iteration 80 / LogL: -12036.524 / Time: 0h:2m:31s (0h:2m:35s left)
Iteration 90 / LogL: -12037.948 / Time: 0h:2m:44s (0h:2m:11s left)
Iteration 100 / LogL: -12035.439 / Time: 0h:2m:58s (0h:1m:50s left)
Log-likelihood cutoff on original alignment: -12071.908
NOTE: Bootstrap correlation coefficient of split occurrence frequencies: 0.987
NOTE: UFBoot does not converge, continue at least 100 more iterations
Iteration 110 / LogL: -12034.962 / Time: 0h:3m:11s (0h:2m:37s left)
UPDATE BEST LOG-LIKELIHOOD: -12034.871
Iteration 120 / LogL: -12035.649 / Time: 0h:3m:24s (0h:2m:17s left)
Estimate model parameters (epsilon = 0.100)
UPDATE BEST LOG-LIKELIHOOD: -12034.833
Iteration 130 / LogL: -12035.674 / Time: 0h:3m:37s (0h:1m:57s left)
Iteration 140 / LogL: -12036.086 / Time: 0h:3m:50s (0h:1m:39s left)
Iteration 150 / LogL: -12039.838 / Time: 0h:4m:3s (0h:1m:21s left)
Log-likelihood cutoff on original alignment: -12065.730
Iteration 160 / LogL: -12034.990 / Time: 0h:4m:17s (0h:1m:4s left)
Iteration 170 / LogL: -12036.317 / Time: 0h:4m:31s (0h:0m:48s left)
Iteration 180 / LogL: -12035.025 / Time: 0h:4m:45s (0h:0m:31s left)
Iteration 190 / LogL: -12037.895 / Time: 0h:4m:59s (0h:0m:15s left)
Iteration 200 / LogL: -12034.848 / Time: 0h:5m:12s (0h:0m:0s left)
Log-likelihood cutoff on original alignment: -12065.730
NOTE: Bootstrap correlation coefficient of split occurrence frequencies: 0.995
TREE SEARCH COMPLETED AFTER 200 ITERATIONS / Time: 0h:5m:12s

--------------------------------------------------------------------
|                    FINALIZING TREE SEARCH                        |
--------------------------------------------------------------------
Performs final model parameters optimization
Estimate model parameters (epsilon = 0.010)
1. Initial log-likelihood: -12034.833
Optimal log-likelihood: -12034.831
Gamma shape alpha: 0.824
Parameters optimization took 1 rounds (0.400 sec)
BEST SCORE FOUND : -12034.831
Creating bootstrap support values...
Split supports printed to NEXUS file /Users/bushrakhan/Desktop/NIPGR-data/MADS-box-Evolutionary-gene-detection/Advanced_Phylogenetic_Pipeline/Uploads/Final_Portfolio_Refined/Trees/Amborella_trichopoda_ClustalO.splits.nex
Total tree length: 40.100

Total number of iterations: 200
CPU time used for tree search: 485.104 sec (0h:8m:5s)
Wall-clock time used for tree search: 277.987 sec (0h:4m:37s)
Total CPU time used: 528.581 sec (0h:8m:48s)
Total wall-clock time used: 312.644 sec (0h:5m:12s)

Computing bootstrap consensus tree...
Reading input file /Users/bushrakhan/Desktop/NIPGR-data/MADS-box-Evolutionary-gene-detection/Advanced_Phylogenetic_Pipeline/Uploads/Final_Portfolio_Refined/Trees/Amborella_trichopoda_ClustalO.splits.nex...
28 taxa and 262 splits.
Consensus tree written to /Users/bushrakhan/Desktop/NIPGR-data/MADS-box-Evolutionary-gene-detection/Advanced_Phylogenetic_Pipeline/Uploads/Final_Portfolio_Refined/Trees/Amborella_trichopoda_ClustalO.contree
Reading input trees file /Users/bushrakhan/Desktop/NIPGR-data/MADS-box-Evolutionary-gene-detection/Advanced_Phylogenetic_Pipeline/Uploads/Final_Portfolio_Refined/Trees/Amborella_trichopoda_ClustalO.contree
Log-likelihood of consensus tree: -12035.617

Analysis results written to: 
  IQ-TREE report:                /Users/bushrakhan/Desktop/NIPGR-data/MADS-box-Evolutionary-gene-detection/Advanced_Phylogenetic_Pipeline/Uploads/Final_Portfolio_Refined/Trees/Amborella_trichopoda_ClustalO.iqtree
  Maximum-likelihood tree:       /Users/bushrakhan/Desktop/NIPGR-data/MADS-box-Evolutionary-gene-detection/Advanced_Phylogenetic_Pipeline/Uploads/Final_Portfolio_Refined/Trees/Amborella_trichopoda_ClustalO.treefile
  Likelihood distances:          /Users/bushrakhan/Desktop/NIPGR-data/MADS-box-Evolutionary-gene-detection/Advanced_Phylogenetic_Pipeline/Uploads/Final_Portfolio_Refined/Trees/Amborella_trichopoda_ClustalO.mldist

Ultrafast bootstrap approximation results written to:
  Split support values:          /Users/bushrakhan/Desktop/NIPGR-data/MADS-box-Evolutionary-gene-detection/Advanced_Phylogenetic_Pipeline/Uploads/Final_Portfolio_Refined/Trees/Amborella_trichopoda_ClustalO.splits.nex
  Consensus tree:                /Users/bushrakhan/Desktop/NIPGR-data/MADS-box-Evolutionary-gene-detection/Advanced_Phylogenetic_Pipeline/Uploads/Final_Portfolio_Refined/Trees/Amborella_trichopoda_ClustalO.contree
  Screen log file:               /Users/bushrakhan/Desktop/NIPGR-data/MADS-box-Evolutionary-gene-detection/Advanced_Phylogenetic_Pipeline/Uploads/Final_Portfolio_Refined/Trees/Amborella_trichopoda_ClustalO.log

Date and Time: Fri Apr 10 04:49:05 2026
