IQ-TREE multicore version 2.3.6 for MacOS ARM 64-bit built Jul 30 2024
Developed by Bui Quang Minh, Nguyen Lam Tung, Olga Chernomor, Heiko Schmidt,
Dominik Schrempf, Michael Woodhams, Ly Trong Nhan, Thomas Wong

Host:    Bushras-MacBook-Air.local (SSE4.2, 16 GB RAM)
Command: /opt/homebrew/bin/iqtree2 -s /Users/bushrakhan/Desktop/NIPGR-data/MADS-box-Evolutionary-gene-detection/Advanced_Phylogenetic_Pipeline/Uploads/Final_Portfolio_Refined/Alignments/Glycine_max_MAFFT.fa -m LG+G -B 1000 -T AUTO --prefix /Users/bushrakhan/Desktop/NIPGR-data/MADS-box-Evolutionary-gene-detection/Advanced_Phylogenetic_Pipeline/Uploads/Final_Portfolio_Refined/Trees/Glycine_max_MAFFT -redo
Seed:    850832 (Using SPRNG - Scalable Parallel Random Number Generator)
Time:    Fri Apr 10 05:22:08 2026
Kernel:  SSE2 - auto-detect threads (10 CPU cores detected)

Reading alignment file /Users/bushrakhan/Desktop/NIPGR-data/MADS-box-Evolutionary-gene-detection/Advanced_Phylogenetic_Pipeline/Uploads/Final_Portfolio_Refined/Alignments/Glycine_max_MAFFT.fa ... Fasta format detected
Reading fasta file: done in 0.00623488 secs using 25.71% CPU
Alignment most likely contains protein sequences
Alignment has 99 sequences with 762 columns, 585 distinct patterns
348 parsimony-informative, 107 singleton sites, 307 constant sites
WARNING: Some sequence names are changed as follows:
AT1G69120.1|APETALA1|AP1|Length=286 -> AT1G69120.1|APETALA1|AP1|Length_286
AT4G36920.1|APETALA2|AP2|Length=432 -> AT4G36920.1|APETALA2|AP2|Length_432
AT3G54340.1|APETALA3|AP3|Length=232 -> AT3G54340.1|APETALA3|AP3|Length_232
AT5G20240.1|PISTILLATA|PI|Length=208 -> AT5G20240.1|PISTILLATA|PI|Length_208
AT4G18960.1|AGAMOUS|AG|Length=252 -> AT4G18960.1|AGAMOUS|AG|Length_252
AT4G09960.4|SEEDSTICK|STK|Length=329 -> AT4G09960.4|SEEDSTICK|STK|Length_329
AT3G58780.4|SHATTERPROOF1|SHP1|Length=281 -> AT3G58780.4|SHATTERPROOF1|SHP1|Length_281
AT2G42830.2|SHATTERPROOF2|SHP2|Length=248 -> AT2G42830.2|SHATTERPROOF2|SHP2|Length_248
AT5G15800.2|SEPALLATA1|SEP1|Length=262 -> AT5G15800.2|SEPALLATA1|SEP1|Length_262
AT3G02310.1|SEPALLATA2|SEP2|Length=250 -> AT3G02310.1|SEPALLATA2|SEP2|Length_250
AT1G24260.2|SEPALLATA3|SEP3|Length=251 -> AT1G24260.2|SEPALLATA3|SEP3|Length_251
AT2G03710.1|SEPALLATA4|SEP4|Length=258 -> AT2G03710.1|SEPALLATA4|SEP4|Length_258

                                           Gap/Ambiguity  Composition  p-value
Analyzing sequences: done in 8.10623e-05 secs using 167.8% CPU
   1  Glyma.16G091300.1.p                         69.03%    passed     98.39%
   2  Glyma.16G200700.1.p                         69.03%    passed     17.11%
   3  Glyma.04G027200.1.p                         70.21%    passed     98.31%
   4  Glyma.04G245500.2.p                         76.25%    passed     50.02%
   5  Glyma.04G159300.1.p                         67.98%    passed     98.60%
   6  Glyma.04G257100.1.p                         70.87%    passed     87.94%
   7  Glyma.17G081200.1.p                         68.64%    passed     80.55%
   8  Glyma.17G132700.5.p                         70.73%    passed     19.91%
   9  Glyma.17G080900.1.p                         68.11%    passed     86.73%
  10  Glyma.20G034000.3.p                         53.94%    passed     22.77%
  11  Glyma.20G154200.3.p                         71.92%    passed     39.05%
  12  Glyma.20G153700.3.p                         69.03%    passed     20.75%
  13  Glyma.20G001900.1.p                         67.85%    passed     46.28%
  14  Glyma.02G216600.13.p                        65.62%    passed     78.38%
  15  Glyma.02G041500.1.p                         70.21%    passed     75.14%
  16  Glyma.02G121500.1.p                         67.98%    passed     87.57%
  17  Glyma.02G185500.3.p                         67.59%    passed     50.87%
  18  Glyma.02G287700.3.p                         67.72%    passed     57.64%
  19  Glyma.02G121600.1.p                         68.11%    passed     99.33%
  20  Glyma.12G005000.1.p                         73.23%    passed     44.93%
  21  Glyma.10G240500.1.p                         71.92%    passed     28.31%
  22  Glyma.10G240900.1.p                         69.55%    passed     78.81%
  23  Glyma.08G068200.8.p                         72.83%    passed     34.11%
  24  Glyma.08G250700.1.p                         67.06%    passed     99.35%
  25  Glyma.08G105400.1.p                         75.59%    passed     50.53%
  26  Glyma.08G120600.1.p                         68.11%    passed     40.20%
  27  Glyma.08G269800.1.p                         69.03%    passed     97.27%
  28  Glyma.08G105500.1.p                         67.98%    passed     59.81%
  29  Glyma.08G310100.1.p                         67.59%    passed     82.89%
  30  Glyma.08G065300.1.p                         68.37%    passed     90.65%
  31  Glyma.08G250800.3.p                         67.45%    passed     36.16%
  32  Glyma.08G065400.2.p                         71.00%    passed     91.93%
  33  Glyma.01G023500.1.p                         70.21%    passed     69.94%
  34  Glyma.01G020500.3.p                         70.08%    passed     99.41%
  35  Glyma.01G064100.1.p                         67.72%    passed     82.10%
  36  Glyma.01G169600.1.p                         68.11%    passed      6.88%
  37  Glyma.01G064200.1.p                         68.11%    passed     99.16%
  38  Glyma.15G059600.2.p                         68.64%    passed     90.40%
  39  Glyma.15G058000.2.p                         72.31%    passed     96.16%
  40  Glyma.15G057900.2.p                         72.70%    passed     22.00%
  41  Glyma.15G088600.1.p                         68.11%    passed     85.71%
  42  Glyma.07G080900.4.p                         70.34%    passed     79.56%
  43  Glyma.07G181600.7.p                         69.82%    passed     91.84%
  44  Glyma.07G081300.1.p                         67.85%    passed     99.77%
  45  Glyma.07G228900.1.p                         53.81%    passed     14.26%
  46  Glyma.11G158812.1.p                         68.24%    passed     50.54%
  47  Glyma.11G252300.1.p                         68.11%    passed     73.01%
  48  Glyma.11G073700.5.p                         67.59%    passed      9.26%
  49  Glyma.09G149000.1.p                         67.98%    passed     37.21%
  50  Glyma.09G231600.4.p                         71.26%    passed      7.99%
  51  Glyma.09G266200.6.p                         72.31%    passed     83.00%
  52  Glyma.09G201700.1.p                         71.00%    passed     92.84%
  53  Glyma.09G283800.3.p                         67.72%    passed     90.88%
  54  Glyma.09G266400.4.p                         68.64%    passed     68.82%
  55  Glyma.13G052700.1.p                         67.32%    passed     91.54%
  56  Glyma.13G257000.7.p                         72.44%    passed     46.75%
  57  Glyma.13G223300.1.p                         68.11%    passed     57.82%
  58  Glyma.13G255200.6.p                         68.37%    passed     87.40%
  59  Glyma.13G086400.1.p                         56.17%    failed      0.07%
  60  Glyma.13G256900.1.p                         67.45%    passed     66.39%
  61  Glyma.13G034100.2.p                         72.70%    passed     82.77%
  62  Glyma.13G052100.1.p                         67.98%    passed     22.83%
  63  Glyma.05G018900.1.p                         68.11%    passed     89.85%
  64  Glyma.05G018800.1.p                         67.98%    passed     77.62%
  65  Glyma.05G050700.1.p                         70.21%    passed     27.32%
  66  Glyma.05G163200.1.p                         68.11%    passed     35.75%
  67  Glyma.05G148700.2.p                         74.02%    passed     64.37%
  68  Glyma.05G148800.1.p                         67.98%    passed     66.50%
  69  Glyma.14G027251.1.p                         68.24%    passed     88.60%
  70  Glyma.14G155100.1.p                         72.70%    passed     88.09%
  71  Glyma.14G183800.2.p                         68.64%    passed     87.81%
  72  Glyma.14G168700.1.p                         54.46%    failed      0.07%
  73  Glyma.06G205800.1.p                         67.98%    passed     99.15%
  74  Glyma.06G095700.1.p                         69.29%    failed      3.35%
  75  Glyma.06G027200.1.p                         70.21%    passed     94.32%
  76  Glyma.06G324400.2.p                         70.87%    passed     88.79%
  77  Glyma.06G117600.1.p                         76.25%    passed     54.38%
  78  Glyma.03G019400.1.p                         67.85%    passed     98.85%
  79  Glyma.03G019300.1.p                         68.90%    passed     87.77%
  80  Glyma.19G034600.1.p                         67.98%    passed     49.47%
  81  Glyma.19G034500.1.p                         67.32%    passed     93.99%
  82  Glyma.18G004700.4.p                         68.11%    passed     76.00%
  83  Glyma.18G224300.2.p                         68.11%    passed     89.09%
  84  Glyma.18G224500.1.p                         72.57%    passed     88.73%
  85  Glyma.18G273500.1.p                         66.54%    passed     99.80%
  86  Glyma.18G105800.1.p                         67.72%    passed     83.39%
  87  Glyma.18G273600.2.p                         62.34%    passed     10.12%
  88  AT1G69120.1|APETALA1|AP1|Length_286         66.40%    passed     59.48%
  89  AT4G36920.1|APETALA2|AP2|Length_432         43.31%    failed      0.00%
  90  AT3G54340.1|APETALA3|AP3|Length_232         69.55%    passed     49.93%
  91  AT5G20240.1|PISTILLATA|PI|Length_208        72.70%    passed      8.70%
  92  AT4G18960.1|AGAMOUS|AG|Length_252           66.93%    passed     44.95%
  93  AT4G09960.4|SEEDSTICK|STK|Length_329        56.82%    passed     19.21%
  94  AT3G58780.4|SHATTERPROOF1|SHP1|Length_281   63.12%    passed     41.25%
  95  AT2G42830.2|SHATTERPROOF2|SHP2|Length_248   67.45%    passed     50.50%
  96  AT5G15800.2|SEPALLATA1|SEP1|Length_262      65.62%    passed     21.37%
  97  AT3G02310.1|SEPALLATA2|SEP2|Length_250      67.19%    passed     33.30%
  98  AT1G24260.2|SEPALLATA3|SEP3|Length_251      67.06%    passed     71.70%
  99  AT2G03710.1|SEPALLATA4|SEP4|Length_258      66.14%    passed     90.65%
WARNING: 98 sequences contain more than 50% gaps/ambiguity
****  TOTAL                                       68.15%  4 sequences failed composition chi2 test (p-value<5%; df=19)

Create initial parsimony tree by phylogenetic likelihood library (PLL)... 0.047 seconds
Generating 1000 samples for ultrafast bootstrap (seed: 850832)...

NOTE: 39 MB RAM (0 GB) is required!
Measuring multi-threading efficiency up to 10 CPU cores
13 trees examined
Threads: 1 / Time: 10.873 sec / Speedup: 1.000 / Efficiency: 100% / LogL: -46021
Threads: 2 / Time: 8.515 sec / Speedup: 1.277 / Efficiency: 64% / LogL: -46021
Threads: 3 / Time: 7.031 sec / Speedup: 1.546 / Efficiency: 52% / LogL: -46021
Threads: 4 / Time: 4.772 sec / Speedup: 2.278 / Efficiency: 57% / LogL: -46021
Threads: 5 / Time: 4.980 sec / Speedup: 2.183 / Efficiency: 44% / LogL: -46021
BEST NUMBER OF THREADS: 4

Estimate model parameters (epsilon = 0.100)
1. Initial log-likelihood: -28053.146
2. Current log-likelihood: -26191.001
3. Current log-likelihood: -26153.052
4. Current log-likelihood: -26148.578
5. Current log-likelihood: -26147.963
Optimal log-likelihood: -26147.890
Gamma shape alpha: 0.886
Parameters optimization took 5 rounds (8.876 sec)
Wrote distance file to... 
Computing ML distances based on estimated model parameters...
Calculating distance matrix: done in 2.35995 secs using 187.7% CPU
Computing ML distances took 2.360783 sec (of wall-clock time) 4.429002 sec (of CPU time)
WARNING: Some pairwise ML distances are too long (saturated)
Setting up auxiliary I and S matrices: done in 0.000232935 secs using 249.4% CPU
Computing RapidNJ tree took 0.009372 sec (of wall-clock time) 0.007363 sec (of CPU time)
Log-likelihood of RapidNJ tree: -26183.825
--------------------------------------------------------------------
|             INITIALIZING CANDIDATE TREE SET                      |
--------------------------------------------------------------------
Generating 98 parsimony trees... 4.717 second
Computing log-likelihood of 98 initial trees ... 37.568 seconds
Current best score: -26147.890

Do NNI search on 20 best initial trees
Estimate model parameters (epsilon = 0.100)
BETTER TREE FOUND at iteration 1: -26122.756
Estimate model parameters (epsilon = 0.100)
BETTER TREE FOUND at iteration 5: -26122.092
UPDATE BEST LOG-LIKELIHOOD: -26122.091
Iteration 10 / LogL: -26122.874 / Time: 0h:3m:12s
Iteration 20 / LogL: -26127.447 / Time: 0h:4m:54s
Finish initializing candidate tree set (13)
Current best tree score: -26122.091 / CPU time: 244.412
Number of iterations: 20
--------------------------------------------------------------------
|               OPTIMIZING CANDIDATE TREE SET                      |
--------------------------------------------------------------------
UPDATE BEST LOG-LIKELIHOOD: -26122.091
Estimate model parameters (epsilon = 0.100)
BETTER TREE FOUND at iteration 28: -26122.030
Iteration 30 / LogL: -26185.661 / Time: 0h:6m:49s (0h:23m:3s left)
Iteration 40 / LogL: -26122.107 / Time: 0h:8m:47s (0h:19m:49s left)
BETTER TREE FOUND at iteration 44: -26122.030
Iteration 50 / LogL: -26122.100 / Time: 0h:10m:39s (0h:20m:26s left)
Log-likelihood cutoff on original alignment: -26177.485
Iteration 60 / LogL: -26122.030 / Time: 0h:12m:35s (0h:17m:54s left)
UPDATE BEST LOG-LIKELIHOOD: -26122.030
Iteration 70 / LogL: -26122.284 / Time: 0h:14m:49s (0h:15m:54s left)
Iteration 80 / LogL: -26125.970 / Time: 0h:17m:1s (0h:13m:47s left)
Iteration 90 / LogL: -26122.287 / Time: 0h:19m:14s (0h:11m:40s left)
UPDATE BEST LOG-LIKELIHOOD: -26122.030
Iteration 100 / LogL: -26122.030 / Time: 0h:21m:44s (0h:9m:39s left)
Log-likelihood cutoff on original alignment: -26177.485
NOTE: Bootstrap correlation coefficient of split occurrence frequencies: 1.000
Iteration 110 / LogL: -26158.593 / Time: 0h:24m:49s (0h:20m:29s left)
Iteration 120 / LogL: -26142.053 / Time: 0h:25m:41s (0h:17m:16s left)
Iteration 130 / LogL: -26122.030 / Time: 0h:26m:35s (0h:14m:25s left)
Iteration 140 / LogL: -26122.658 / Time: 0h:27m:27s (0h:11m:51s left)
TREE SEARCH COMPLETED AFTER 145 ITERATIONS / Time: 0h:27m:54s

--------------------------------------------------------------------
|                    FINALIZING TREE SEARCH                        |
--------------------------------------------------------------------
Performs final model parameters optimization
Estimate model parameters (epsilon = 0.010)
1. Initial log-likelihood: -26122.030
Optimal log-likelihood: -26122.029
Gamma shape alpha: 0.897
Parameters optimization took 1 rounds (0.557 sec)
BEST SCORE FOUND : -26122.029
Creating bootstrap support values...
Split supports printed to NEXUS file /Users/bushrakhan/Desktop/NIPGR-data/MADS-box-Evolutionary-gene-detection/Advanced_Phylogenetic_Pipeline/Uploads/Final_Portfolio_Refined/Trees/Glycine_max_MAFFT.splits.nex
Total tree length: 46.678

Total number of iterations: 145
CPU time used for tree search: 2480.638 sec (0h:41m:20s)
Wall-clock time used for tree search: 1624.404 sec (0h:27m:4s)
Total CPU time used: 2544.108 sec (0h:42m:24s)
Total wall-clock time used: 1675.320 sec (0h:27m:55s)

Computing bootstrap consensus tree...
Reading input file /Users/bushrakhan/Desktop/NIPGR-data/MADS-box-Evolutionary-gene-detection/Advanced_Phylogenetic_Pipeline/Uploads/Final_Portfolio_Refined/Trees/Glycine_max_MAFFT.splits.nex...
99 taxa and 406 splits.
Consensus tree written to /Users/bushrakhan/Desktop/NIPGR-data/MADS-box-Evolutionary-gene-detection/Advanced_Phylogenetic_Pipeline/Uploads/Final_Portfolio_Refined/Trees/Glycine_max_MAFFT.contree
Reading input trees file /Users/bushrakhan/Desktop/NIPGR-data/MADS-box-Evolutionary-gene-detection/Advanced_Phylogenetic_Pipeline/Uploads/Final_Portfolio_Refined/Trees/Glycine_max_MAFFT.contree
Log-likelihood of consensus tree: -26122.287

Analysis results written to: 
  IQ-TREE report:                /Users/bushrakhan/Desktop/NIPGR-data/MADS-box-Evolutionary-gene-detection/Advanced_Phylogenetic_Pipeline/Uploads/Final_Portfolio_Refined/Trees/Glycine_max_MAFFT.iqtree
  Maximum-likelihood tree:       /Users/bushrakhan/Desktop/NIPGR-data/MADS-box-Evolutionary-gene-detection/Advanced_Phylogenetic_Pipeline/Uploads/Final_Portfolio_Refined/Trees/Glycine_max_MAFFT.treefile
  Likelihood distances:          /Users/bushrakhan/Desktop/NIPGR-data/MADS-box-Evolutionary-gene-detection/Advanced_Phylogenetic_Pipeline/Uploads/Final_Portfolio_Refined/Trees/Glycine_max_MAFFT.mldist

Ultrafast bootstrap approximation results written to:
  Split support values:          /Users/bushrakhan/Desktop/NIPGR-data/MADS-box-Evolutionary-gene-detection/Advanced_Phylogenetic_Pipeline/Uploads/Final_Portfolio_Refined/Trees/Glycine_max_MAFFT.splits.nex
  Consensus tree:                /Users/bushrakhan/Desktop/NIPGR-data/MADS-box-Evolutionary-gene-detection/Advanced_Phylogenetic_Pipeline/Uploads/Final_Portfolio_Refined/Trees/Glycine_max_MAFFT.contree
  Screen log file:               /Users/bushrakhan/Desktop/NIPGR-data/MADS-box-Evolutionary-gene-detection/Advanced_Phylogenetic_Pipeline/Uploads/Final_Portfolio_Refined/Trees/Glycine_max_MAFFT.log

Date and Time: Fri Apr 10 05:50:06 2026
