IQ-TREE multicore version 2.3.6 for MacOS ARM 64-bit built Jul 30 2024
Developed by Bui Quang Minh, Nguyen Lam Tung, Olga Chernomor, Heiko Schmidt,
Dominik Schrempf, Michael Woodhams, Ly Trong Nhan, Thomas Wong

Host:    Bushras-MacBook-Air.local (SSE4.2, 16 GB RAM)
Command: /opt/homebrew/bin/iqtree2 -s /Users/bushrakhan/Desktop/NIPGR-data/MADS-box-Evolutionary-gene-detection/Advanced_Phylogenetic_Pipeline/Uploads/Final_Portfolio_Refined/Alignments/Nymphaea_colorata_MAFFT.fa -m LG+G -B 1000 -T AUTO --prefix /Users/bushrakhan/Desktop/NIPGR-data/MADS-box-Evolutionary-gene-detection/Advanced_Phylogenetic_Pipeline/Uploads/Final_Portfolio_Refined/Trees/Nymphaea_colorata_MAFFT -redo
Seed:    782160 (Using SPRNG - Scalable Parallel Random Number Generator)
Time:    Fri Apr 10 04:49:12 2026
Kernel:  SSE2 - auto-detect threads (10 CPU cores detected)

Reading alignment file /Users/bushrakhan/Desktop/NIPGR-data/MADS-box-Evolutionary-gene-detection/Advanced_Phylogenetic_Pipeline/Uploads/Final_Portfolio_Refined/Alignments/Nymphaea_colorata_MAFFT.fa ... Fasta format detected
Reading fasta file: done in 0.00137401 secs using 33.41% CPU
Alignment most likely contains protein sequences
Alignment has 34 sequences with 600 columns, 438 distinct patterns
246 parsimony-informative, 121 singleton sites, 232 constant sites
WARNING: Some sequence names are changed as follows:
AT1G69120.1|APETALA1|AP1|Length=286 -> AT1G69120.1|APETALA1|AP1|Length_286
AT4G36920.1|APETALA2|AP2|Length=432 -> AT4G36920.1|APETALA2|AP2|Length_432
AT3G54340.1|APETALA3|AP3|Length=232 -> AT3G54340.1|APETALA3|AP3|Length_232
AT5G20240.1|PISTILLATA|PI|Length=208 -> AT5G20240.1|PISTILLATA|PI|Length_208
AT4G18960.1|AGAMOUS|AG|Length=252 -> AT4G18960.1|AGAMOUS|AG|Length_252
AT4G09960.4|SEEDSTICK|STK|Length=329 -> AT4G09960.4|SEEDSTICK|STK|Length_329
AT3G58780.4|SHATTERPROOF1|SHP1|Length=281 -> AT3G58780.4|SHATTERPROOF1|SHP1|Length_281
AT2G42830.2|SHATTERPROOF2|SHP2|Length=248 -> AT2G42830.2|SHATTERPROOF2|SHP2|Length_248
AT5G15800.2|SEPALLATA1|SEP1|Length=262 -> AT5G15800.2|SEPALLATA1|SEP1|Length_262
AT3G02310.1|SEPALLATA2|SEP2|Length=250 -> AT3G02310.1|SEPALLATA2|SEP2|Length_250
AT1G24260.2|SEPALLATA3|SEP3|Length=251 -> AT1G24260.2|SEPALLATA3|SEP3|Length_251
AT2G03710.1|SEPALLATA4|SEP4|Length=258 -> AT2G03710.1|SEPALLATA4|SEP4|Length_258

                                           Gap/Ambiguity  Composition  p-value
Analyzing sequences: done in 0.00191188 secs using 5.074% CPU
   1  Nycol.F00329.1.p                            80.67%    passed     79.49%
   2  Nycol.F00337.1.p                            65.17%    passed     67.37%
   3  Nycol.F00482.1.p                            59.00%    passed     44.70%
   4  Nycol.F00306.1.p                            68.50%    passed      6.57%
   5  Nycol.F00318.1.p                            65.50%    passed     87.73%
   6  Nycol.A00172.1.p                            66.67%    passed     30.86%
   7  Nycol.A03014.1.p                            61.00%    passed     30.13%
   8  Nycol.A00432.1.p                            63.83%    passed     96.13%
   9  Nycol.A01976.1.p                            61.33%    passed     89.80%
  10  Nycol.B01084.1.p                            66.50%    passed     56.50%
  11  Nycol.G00206.1.p                            63.67%    passed     79.64%
  12  Nycol.G00190.1.p                            66.33%    passed     14.75%
  13  Nycol.H00870.1.p                            58.67%    passed     64.72%
  14  Nycol.H00296.1.p                            59.17%    passed     98.50%
  15  Nycol.H00297.1.p                            55.17%    passed     50.06%
  16  Nycol.M00404.1.p                            59.50%    passed     65.36%
  17  Nycol.I00043.1.p                            62.67%    passed     48.30%
  18  Nycol.I00993.1.p                            62.33%    passed     88.21%
  19  Nycol.I01691.1.p                            59.17%    passed     82.54%
  20  Nycol.I01697.1.p                            64.17%    passed     72.57%
  21  Nycol.I01732.1.p                            63.17%    passed     83.10%
  22  Nycol.C02244.1.p                            63.33%    passed     88.13%
  23  AT1G69120.1|APETALA1|AP1|Length_286         57.33%    passed     61.32%
  24  AT4G36920.1|APETALA2|AP2|Length_432         28.00%    failed      0.00%
  25  AT3G54340.1|APETALA3|AP3|Length_232         61.33%    passed     66.33%
  26  AT5G20240.1|PISTILLATA|PI|Length_208        65.33%    passed     12.98%
  27  AT4G18960.1|AGAMOUS|AG|Length_252           58.00%    passed     50.80%
  28  AT4G09960.4|SEEDSTICK|STK|Length_329        45.17%    passed      6.47%
  29  AT3G58780.4|SHATTERPROOF1|SHP1|Length_281   53.17%    passed     35.85%
  30  AT2G42830.2|SHATTERPROOF2|SHP2|Length_248   58.67%    passed     46.28%
  31  AT5G15800.2|SEPALLATA1|SEP1|Length_262      56.33%    passed     36.77%
  32  AT3G02310.1|SEPALLATA2|SEP2|Length_250      58.33%    passed     39.94%
  33  AT1G24260.2|SEPALLATA3|SEP3|Length_251      58.17%    passed     82.07%
  34  AT2G03710.1|SEPALLATA4|SEP4|Length_258      57.00%    passed     96.66%
WARNING: 32 sequences contain more than 50% gaps/ambiguity
****  TOTAL                                       60.36%  1 sequences failed composition chi2 test (p-value<5%; df=19)

Create initial parsimony tree by phylogenetic likelihood library (PLL)... 0.101 seconds
Generating 1000 samples for ultrafast bootstrap (seed: 782160)...

NOTE: 11 MB RAM (0 GB) is required!
Measuring multi-threading efficiency up to 10 CPU cores
Increase to 10 rounds for branch lengths
7 trees examined
Threads: 1 / Time: 10.859 sec / Speedup: 1.000 / Efficiency: 100% / LogL: -16162
Threads: 2 / Time: 8.546 sec / Speedup: 1.271 / Efficiency: 64% / LogL: -16162
Threads: 3 / Time: 5.668 sec / Speedup: 1.916 / Efficiency: 64% / LogL: -16162
Threads: 4 / Time: 5.179 sec / Speedup: 2.097 / Efficiency: 52% / LogL: -16162
Threads: 5 / Time: 4.556 sec / Speedup: 2.383 / Efficiency: 48% / LogL: -16162
BEST NUMBER OF THREADS: 4

Estimate model parameters (epsilon = 0.100)
1. Initial log-likelihood: -14482.986
2. Current log-likelihood: -13585.907
3. Current log-likelihood: -13564.249
4. Current log-likelihood: -13563.612
Optimal log-likelihood: -13563.529
Gamma shape alpha: 1.081
Parameters optimization took 4 rounds (1.571 sec)
Wrote distance file to... 
Computing ML distances based on estimated model parameters...
Calculating distance matrix: done in 0.167641 secs using 300% CPU
Computing ML distances took 0.167835 sec (of wall-clock time) 0.503141 sec (of CPU time)
WARNING: Some pairwise ML distances are too long (saturated)
Setting up auxiliary I and S matrices: done in 9.98974e-05 secs using 169.2% CPU
Computing RapidNJ tree took 0.003871 sec (of wall-clock time) 0.001666 sec (of CPU time)
Log-likelihood of RapidNJ tree: -13610.860
--------------------------------------------------------------------
|             INITIALIZING CANDIDATE TREE SET                      |
--------------------------------------------------------------------
Generating 98 parsimony trees... 0.961 second
Computing log-likelihood of 98 initial trees ... 8.143 seconds
Current best score: -13563.529

Do NNI search on 20 best initial trees
Estimate model parameters (epsilon = 0.100)
BETTER TREE FOUND at iteration 1: -13549.731
Iteration 10 / LogL: -13552.009 / Time: 0h:1m:8s
Estimate model parameters (epsilon = 0.100)
BETTER TREE FOUND at iteration 17: -13549.240
Iteration 20 / LogL: -13550.562 / Time: 0h:1m:31s
Finish initializing candidate tree set (15)
Current best tree score: -13549.240 / CPU time: 54.116
Number of iterations: 20
--------------------------------------------------------------------
|               OPTIMIZING CANDIDATE TREE SET                      |
--------------------------------------------------------------------
Estimate model parameters (epsilon = 0.100)
UPDATE BEST LOG-LIKELIHOOD: -13549.198
Iteration 30 / LogL: -13555.534 / Time: 0h:1m:50s (0h:5m:29s left)
Iteration 40 / LogL: -13549.726 / Time: 0h:2m:8s (0h:4m:13s left)
Iteration 50 / LogL: -13549.528 / Time: 0h:2m:26s (0h:3m:19s left)
Log-likelihood cutoff on original alignment: -13580.944
Iteration 60 / LogL: -13549.950 / Time: 0h:2m:49s (0h:2m:43s left)
Iteration 70 / LogL: -13550.140 / Time: 0h:3m:8s (0h:2m:8s left)
Iteration 80 / LogL: -13550.018 / Time: 0h:3m:28s (0h:1m:37s left)
Estimate model parameters (epsilon = 0.100)
BETTER TREE FOUND at iteration 83: -13548.602
Iteration 90 / LogL: -13550.964 / Time: 0h:3m:45s (0h:3m:55s left)
Iteration 100 / LogL: -13549.656 / Time: 0h:4m:5s (0h:3m:25s left)
Log-likelihood cutoff on original alignment: -13580.944
NOTE: Bootstrap correlation coefficient of split occurrence frequencies: 0.991
Iteration 110 / LogL: -13549.861 / Time: 0h:4m:22s (0h:3m:36s left)
UPDATE BEST LOG-LIKELIHOOD: -13548.600
Iteration 120 / LogL: -13549.780 / Time: 0h:4m:43s (0h:3m:10s left)
Iteration 130 / LogL: -13549.549 / Time: 0h:5m:0s (0h:2m:42s left)
Iteration 140 / LogL: -13550.256 / Time: 0h:5m:19s (0h:2m:17s left)
Iteration 150 / LogL: -13549.855 / Time: 0h:5m:38s (0h:1m:53s left)
Log-likelihood cutoff on original alignment: -13580.944
Iteration 160 / LogL: -13548.987 / Time: 0h:5m:58s (0h:1m:30s left)
Iteration 170 / LogL: -13549.103 / Time: 0h:6m:19s (0h:1m:7s left)
Iteration 180 / LogL: -13552.149 / Time: 0h:6m:37s (0h:0m:44s left)
TREE SEARCH COMPLETED AFTER 184 ITERATIONS / Time: 0h:6m:44s

--------------------------------------------------------------------
|                    FINALIZING TREE SEARCH                        |
--------------------------------------------------------------------
Performs final model parameters optimization
Estimate model parameters (epsilon = 0.010)
1. Initial log-likelihood: -13548.600
Optimal log-likelihood: -13548.596
Gamma shape alpha: 1.054
Parameters optimization took 1 rounds (0.148 sec)
BEST SCORE FOUND : -13548.596
Creating bootstrap support values...
Split supports printed to NEXUS file /Users/bushrakhan/Desktop/NIPGR-data/MADS-box-Evolutionary-gene-detection/Advanced_Phylogenetic_Pipeline/Uploads/Final_Portfolio_Refined/Trees/Nymphaea_colorata_MAFFT.splits.nex
Total tree length: 31.684

Total number of iterations: 184
CPU time used for tree search: 620.208 sec (0h:10m:20s)
Wall-clock time used for tree search: 367.188 sec (0h:6m:7s)
Total CPU time used: 667.126 sec (0h:11m:7s)
Total wall-clock time used: 404.904 sec (0h:6m:44s)

Computing bootstrap consensus tree...
Reading input file /Users/bushrakhan/Desktop/NIPGR-data/MADS-box-Evolutionary-gene-detection/Advanced_Phylogenetic_Pipeline/Uploads/Final_Portfolio_Refined/Trees/Nymphaea_colorata_MAFFT.splits.nex...
34 taxa and 276 splits.
Consensus tree written to /Users/bushrakhan/Desktop/NIPGR-data/MADS-box-Evolutionary-gene-detection/Advanced_Phylogenetic_Pipeline/Uploads/Final_Portfolio_Refined/Trees/Nymphaea_colorata_MAFFT.contree
Reading input trees file /Users/bushrakhan/Desktop/NIPGR-data/MADS-box-Evolutionary-gene-detection/Advanced_Phylogenetic_Pipeline/Uploads/Final_Portfolio_Refined/Trees/Nymphaea_colorata_MAFFT.contree
Log-likelihood of consensus tree: -13550.373

Analysis results written to: 
  IQ-TREE report:                /Users/bushrakhan/Desktop/NIPGR-data/MADS-box-Evolutionary-gene-detection/Advanced_Phylogenetic_Pipeline/Uploads/Final_Portfolio_Refined/Trees/Nymphaea_colorata_MAFFT.iqtree
  Maximum-likelihood tree:       /Users/bushrakhan/Desktop/NIPGR-data/MADS-box-Evolutionary-gene-detection/Advanced_Phylogenetic_Pipeline/Uploads/Final_Portfolio_Refined/Trees/Nymphaea_colorata_MAFFT.treefile
  Likelihood distances:          /Users/bushrakhan/Desktop/NIPGR-data/MADS-box-Evolutionary-gene-detection/Advanced_Phylogenetic_Pipeline/Uploads/Final_Portfolio_Refined/Trees/Nymphaea_colorata_MAFFT.mldist

Ultrafast bootstrap approximation results written to:
  Split support values:          /Users/bushrakhan/Desktop/NIPGR-data/MADS-box-Evolutionary-gene-detection/Advanced_Phylogenetic_Pipeline/Uploads/Final_Portfolio_Refined/Trees/Nymphaea_colorata_MAFFT.splits.nex
  Consensus tree:                /Users/bushrakhan/Desktop/NIPGR-data/MADS-box-Evolutionary-gene-detection/Advanced_Phylogenetic_Pipeline/Uploads/Final_Portfolio_Refined/Trees/Nymphaea_colorata_MAFFT.contree
  Screen log file:               /Users/bushrakhan/Desktop/NIPGR-data/MADS-box-Evolutionary-gene-detection/Advanced_Phylogenetic_Pipeline/Uploads/Final_Portfolio_Refined/Trees/Nymphaea_colorata_MAFFT.log

Date and Time: Fri Apr 10 04:55:58 2026
