IQ-TREE multicore version 2.3.6 for MacOS ARM 64-bit built Jul 30 2024
Developed by Bui Quang Minh, Nguyen Lam Tung, Olga Chernomor, Heiko Schmidt,
Dominik Schrempf, Michael Woodhams, Ly Trong Nhan, Thomas Wong

Host:    Bushras-MacBook-Air.local (SSE4.2, 16 GB RAM)
Command: iqtree2 -s /Users/bushrakhan/Desktop/NIPGR-data/MADS-box-Evolutionary-gene-detection/Simultaneous_Phylogenetic_Analysis/Results_v4/Amborella_trichopoda/Amborella_trichopoda_MUSCLE.fa -m MFP -B 1000 -T AUTO --abayes -pre /Users/bushrakhan/Desktop/NIPGR-data/MADS-box-Evolutionary-gene-detection/Simultaneous_Phylogenetic_Analysis/Results_v4/Amborella_trichopoda/Amborella_trichopoda_MUSCLE_Bayes -redo
Seed:    33546 (Using SPRNG - Scalable Parallel Random Number Generator)
Time:    Mon Apr  6 19:30:34 2026
Kernel:  SSE2 - auto-detect threads (10 CPU cores detected)

Reading alignment file /Users/bushrakhan/Desktop/NIPGR-data/MADS-box-Evolutionary-gene-detection/Simultaneous_Phylogenetic_Analysis/Results_v4/Amborella_trichopoda/Amborella_trichopoda_MUSCLE.fa ... Fasta format detected
Reading fasta file: done in 0.00155902 secs using 77.42% CPU
Alignment most likely contains protein sequences
Alignment has 95 sequences with 883 columns, 758 distinct patterns
289 parsimony-informative, 270 singleton sites, 324 constant sites
                                          Gap/Ambiguity  Composition  p-value
Analyzing sequences: done in 7.41482e-05 secs using 233.3% CPU
   1  AT1G69540.1                                61.04%    passed     48.72%
   2  AT2G03060.2                                56.29%    failed      0.03%
   3  AT1G59810.1                                67.95%    failed      0.08%
   4  evm_27.model.AmTr_v1.0_scaffold00095.150   74.18%    failed      1.02%
   5  AT1G77980.1                                62.40%    passed     35.78%
   6  AT1G77950.2                                71.46%    passed     52.38%
   7  AT1G77950.1                                71.46%    passed     52.38%
   8  AT1G22130.1                                62.06%    passed     21.19%
   9  AT1G31140.1                                75.88%    passed     78.26%
  10  AT1G31140.2                                75.65%    passed     77.62%
  11  evm_27.model.AmTr_v1.0_scaffold00001.225   73.95%    passed     45.02%
  12  evm_27.model.AmTr_v1.0_scaffold00066.97    75.08%    passed     43.33%
  13  AT3G54340.1                                73.73%    passed     55.41%
  14  evm_27.model.AmTr_v1.0_scaffold00089.36    75.99%    passed     98.43%
  15  evm_27.model.AmTr_v1.0_scaffold00001.461   73.84%    passed     70.82%
  16  AT5G20240.1                                76.44%    passed     14.98%
  17  AT5G23260.3                                73.05%    failed      4.70%
  18  AT5G23260.2                                71.46%    failed      2.92%
  19  AT5G23260.1                                72.03%    failed      3.91%
  20  AT1G71692.1                                76.10%    passed     58.42%
  21  AT5G60910.1                                72.59%    passed     95.55%
  22  evm_27.model.AmTr_v1.0_scaffold00053.185   78.71%    passed     46.79%
  23  evm_27.model.AmTr_v1.0_scaffold00047.105   72.59%    passed     29.42%
  24  AT3G57390.1                                71.01%    passed     71.03%
  25  AT3G61120.1                                72.37%    passed     29.22%
  26  evm_27.model.AmTr_v1.0_scaffold00001.413   74.07%    passed     73.20%
  27  AT2G45650.1                                71.46%    passed     76.02%
  28  evm_27.model.AmTr_v1.0_scaffold00013.53    72.71%    passed     78.63%
  29  evm_27.model.AmTr_v1.0_scaffold00047.121   72.48%    passed     73.47%
  30  AT3G02310.1                                71.69%    passed     25.80%
  31  AT5G15800.2                                70.33%    passed     16.47%
  32  AT5G15800.1                                71.57%    passed     25.26%
  33  AT1G69120.1                                71.01%    passed     41.63%
  34  AT1G26310.1                                71.12%    passed     86.19%
  35  AT2G03710.2                                70.89%    passed     85.80%
  36  AT2G03710.1                                70.78%    passed     84.69%
  37  AT2G03710.3                                78.82%    passed     84.15%
  38  AT1G24260.3                                73.16%    passed     37.79%
  39  AT1G24260.2                                71.57%    passed     48.37%
  40  AT1G24260.1                                71.69%    passed     43.15%
  41  AT5G65080.2                                77.69%    passed     46.92%
  42  AT1G77080.2                                78.26%    passed     51.14%
  43  AT5G65060.2                                79.05%    passed     37.11%
  44  AT5G10140.4                                79.39%    passed     16.86%
  45  AT5G65050.1                                79.39%    passed     49.27%
  46  AT5G10140.1                                77.80%    passed     11.87%
  47  AT1G77080.4                                77.80%    passed     53.44%
  48  AT5G65050.3                                77.80%    passed     52.74%
  49  AT5G65060.1                                77.80%    passed     26.24%
  50  AT5G65070.3                                73.73%    passed     33.08%
  51  AT5G65070.2                                73.84%    passed     34.14%
  52  AT5G65070.1                                77.35%    passed     17.63%
  53  AT1G77080.5                                80.41%    passed     18.73%
  54  AT5G65050.2                                79.84%    passed     29.45%
  55  AT5G65080.1                                76.78%    passed     39.58%
  56  AT5G10140.2                                81.09%    passed      8.97%
  57  AT5G10140.3                                78.94%    passed     14.77%
  58  AT3G30260.1                                71.80%    passed     22.83%
  59  AT5G51870.2                                80.52%    passed     33.90%
  60  AT2G45660.1                                75.76%    passed     65.12%
  61  evm_27.model.AmTr_v1.0_scaffold00001.409   74.75%    passed     91.05%
  62  AT5G51870.3                                75.20%    passed     69.23%
  63  AT5G51870.1                                76.56%    passed     55.36%
  64  AT5G51860.1                                76.10%    passed     23.38%
  65  AT5G51860.2                                77.12%    passed     16.00%
  66  AT5G62165.1                                76.22%    passed     82.59%
  67  AT5G62165.2                                76.22%    passed     82.59%
  68  AT5G62165.3                                76.22%    passed     82.59%
  69  AT5G62165.4                                77.80%    passed     95.36%
  70  evm_27.model.AmTr_v1.0_scaffold00013.60    80.52%    passed     97.26%
  71  AT2G42830.2                                71.91%    passed     45.57%
  72  AT2G42830.1                                72.14%    passed     46.41%
  73  AT3G58780.3                                69.08%    passed     76.47%
  74  AT3G58780.2                                72.71%    passed     77.58%
  75  AT3G58780.1                                71.91%    passed     74.56%
  76  AT4G18960.1                                71.46%    passed     28.05%
  77  AT4G09960.2                                75.54%    passed     28.00%
  78  AT4G09960.4                                73.50%    passed     32.66%
  79  AT4G09960.3                                71.01%    passed     48.82%
  80  AT4G09960.1                                73.95%    passed     31.18%
  81  evm_27.model.AmTr_v1.0_scaffold00071.203   74.86%    passed     41.12%
  82  evm_27.model.AmTr_v1.0_scaffold00021.296   73.50%    passed     90.84%
  83  evm_27.model.AmTr_v1.0_scaffold00127.17    75.20%    passed     56.38%
  84  AT2G22540.1                                72.82%    passed     77.78%
  85  AT2G22540.2                                73.39%    passed     75.28%
  86  AT5G13790.1                                69.65%    passed     53.80%
  87  AT4G24540.1                                75.08%    passed      5.94%
  88  AT4G22950.1                                75.20%    passed     75.45%
  89  AT4G11880.1                                74.97%    passed     72.13%
  90  evm_27.model.AmTr_v1.0_scaffold00046.134   74.86%    passed     97.92%
  91  AT2G14210.1                                73.50%    passed     86.38%
  92  AT3G57230.2                                72.93%    passed     68.03%
  93  AT3G57230.1                                72.82%    passed     55.61%
  94  AT4G37940.1                                74.18%    passed     96.99%
  95  AT2G22630.1                                74.29%    passed     95.90%
WARNING: 95 sequences contain more than 50% gaps/ambiguity
****  TOTAL                                      73.93%  6 sequences failed composition chi2 test (p-value<5%; df=19)
NOTE: AT1G77950.1 is identical to AT1G77950.2 but kept for subsequent analysis
NOTE: AT5G62165.2 is identical to AT5G62165.1 but kept for subsequent analysis
NOTE: 1 identical sequences (see below) will be ignored for subsequent analysis
NOTE: AT5G62165.3 (identical to AT5G62165.1) is ignored but added at the end
Alignment was printed to /Users/bushrakhan/Desktop/NIPGR-data/MADS-box-Evolutionary-gene-detection/Simultaneous_Phylogenetic_Analysis/Results_v4/Amborella_trichopoda/Amborella_trichopoda_MUSCLE_Bayes.uniqueseq.phy

For your convenience alignment with unique sequences printed to /Users/bushrakhan/Desktop/NIPGR-data/MADS-box-Evolutionary-gene-detection/Simultaneous_Phylogenetic_Analysis/Results_v4/Amborella_trichopoda/Amborella_trichopoda_MUSCLE_Bayes.uniqueseq.phy


Create initial parsimony tree by phylogenetic likelihood library (PLL)... 0.024 seconds
Measuring multi-threading efficiency up to 10 CPU cores
Increase to 10 rounds for branch lengths
3 trees examined
Threads: 1 / Time: 11.550 sec / Speedup: 1.000 / Efficiency: 100% / LogL: -42498
Threads: 2 / Time: 7.348 sec / Speedup: 1.572 / Efficiency: 79% / LogL: -42498
Threads: 3 / Time: 4.996 sec / Speedup: 2.312 / Efficiency: 77% / LogL: -42498
Threads: 4 / Time: 4.550 sec / Speedup: 2.539 / Efficiency: 63% / LogL: -42498
Threads: 5 / Time: 4.541 sec / Speedup: 2.543 / Efficiency: 51% / LogL: -42498
Threads: 6 / Time: 4.569 sec / Speedup: 2.528 / Efficiency: 42% / LogL: -42498
BEST NUMBER OF THREADS: 4

Perform fast likelihood tree search using LG+I+G model...
Estimate model parameters (epsilon = 5.000)
Perform nearest neighbor interchange...
Estimate model parameters (epsilon = 1.000)
1. Initial log-likelihood: -26000.756
Optimal log-likelihood: -26000.158
Proportion of invariable sites: 0.009
Gamma shape alpha: 0.824
Parameters optimization took 1 rounds (0.564 sec)
Time for fast ML tree search: 10.527 seconds

NOTE: ModelFinder requires 115 MB RAM!
ModelFinder will test up to 1232 protein models (sample size: 883 epsilon: 0.100) ...
 No. Model         -LnL         df  AIC          AICc         BIC
  1  LG            27253.728    185 54877.457    54976.194    55762.372
  2  LG+I          27164.657    186 54701.313    54801.261    55591.012
  3  LG+G4         26005.028    186 52382.056    52482.004    53271.754
  4  LG+I+G4       26000.008    187 52374.016    52475.184    53268.498
  5  LG+R2         26264.639    187 52903.279    53004.447    53797.761
  6  LG+R3         26097.060    189 52572.119    52675.755    53476.168
  7  LG+R4         25990.084    191 52362.168    52468.310    53275.783
  8  LG+R5         25959.604    193 52305.209    52413.894    53228.390
  9  LG+R6         25944.396    195 52278.793    52390.059    53211.541
 10  LG+R7         25942.755    197 52279.509    52393.395    53221.824
 14  LG+I+R2       26232.820    188 52841.641    52944.038    53740.906
 15  LG+I+R3       26080.559    190 52541.117    52646.002    53449.949
 16  LG+I+R4       25973.960    192 52331.920    52439.328    53250.318
 17  LG+I+R5       25952.297    194 52292.594    52402.565    53220.559
 18  LG+I+R6       25941.773    196 52275.547    52388.118    53213.078
 19  LG+I+R7       25941.206    198 52278.412    52393.622    53225.510
 31  LG+F+R6       25943.749    214 52315.499    52453.253    53339.130
 39  LG+F+I+R5     25945.883    213 52317.766    52454.035    53336.614
 40  LG+F+I+R6     25942.389    215 52314.778    52454.029    53343.193
 53  WAG+R6        26009.995    195 52409.990    52521.256    53342.738
 61  WAG+I+R5      26010.786    194 52409.573    52519.544    53337.538
 62  WAG+I+R6      26009.338    196 52410.676    52523.247    53348.208
 75  WAG+F+R6      26023.326    214 52474.651    52612.406    53498.283
 83  WAG+F+I+R5    26024.338    213 52474.675    52610.944    53493.523
 84  WAG+F+I+R6    26021.968    215 52473.935    52613.185    53502.350
 97  JTT+R6        25875.858    195 52141.717    52252.983    53074.465
105  JTT+I+R5      25878.415    194 52144.831    52254.802    53072.796
106  JTT+I+R6      25875.415    196 52142.831    52255.402    53080.362
119  JTT+F+R6      25831.688    214 52091.375    52229.130    53115.007
127  JTT+F+I+R5    25833.520    213 52093.041    52229.310    53111.889
128  JTT+F+I+R6    25830.714    215 52091.427    52230.678    53119.842
WARNING: Normalizing state frequencies so that sum of them equals to 1
141  Q.pfam+R6     25933.780    195 52257.560    52368.826    53190.308
WARNING: Normalizing state frequencies so that sum of them equals to 1
149  Q.pfam+I+R5   25935.862    194 52259.724    52369.695    53187.689
WARNING: Normalizing state frequencies so that sum of them equals to 1
150  Q.pfam+I+R6   25932.761    196 52257.523    52370.094    53195.055
WARNING: Normalizing state frequencies so that sum of them equals to 1
163  Q.pfam+F+R6   25917.419    214 52262.839    52400.593    53286.470
WARNING: Normalizing state frequencies so that sum of them equals to 1
171  Q.pfam+F+I+R5 25918.400    213 52262.800    52399.069    53281.648
WARNING: Normalizing state frequencies so that sum of them equals to 1
172  Q.pfam+F+I+R6 25916.241    215 52262.483    52401.733    53290.898
WARNING: Normalizing state frequencies so that sum of them equals to 1
185  Q.bird+R6     26090.173    195 52570.346    52681.612    53503.094
WARNING: Normalizing state frequencies so that sum of them equals to 1
193  Q.bird+I+R5   26090.785    194 52569.570    52679.541    53497.535
WARNING: Normalizing state frequencies so that sum of them equals to 1
194  Q.bird+I+R6   26089.195    196 52570.391    52682.962    53507.923
WARNING: Normalizing state frequencies so that sum of them equals to 1
207  Q.bird+F+R6   26034.526    214 52497.051    52634.806    53520.683
WARNING: Normalizing state frequencies so that sum of them equals to 1
215  Q.bird+F+I+R5 26033.087    213 52492.174    52628.443    53511.022
WARNING: Normalizing state frequencies so that sum of them equals to 1
216  Q.bird+F+I+R6 26032.449    215 52494.898    52634.148    53523.313
WARNING: Normalizing state frequencies so that sum of them equals to 1
229  Q.mammal+R6   25968.330    195 52326.659    52437.925    53259.407
WARNING: Normalizing state frequencies so that sum of them equals to 1
237  Q.mammal+I+R5 25970.087    194 52328.174    52438.145    53256.139
WARNING: Normalizing state frequencies so that sum of them equals to 1
238  Q.mammal+I+R6 25967.891    196 52327.782    52440.354    53265.314
WARNING: Normalizing state frequencies so that sum of them equals to 1
251  Q.mammal+F+R6 25896.823    214 52221.646    52359.401    53245.278
WARNING: Normalizing state frequencies so that sum of them equals to 1
259  Q.mammal+F+I+R5 25896.954    213 52219.907    52356.176    53238.755
WARNING: Normalizing state frequencies so that sum of them equals to 1
260  Q.mammal+F+I+R6 25895.743    215 52221.487    52360.737    53249.902
273  Q.insect+R6   25800.284    195 51990.567    52101.834    52923.316
281  Q.insect+I+R5 25804.504    194 51997.008    52106.979    52924.974
282  Q.insect+I+R6 25799.905    196 51991.810    52104.382    52929.342
295  Q.insect+F+R6 25744.076    214 51916.152    52053.907    52939.784
303  Q.insect+F+I+R5 25747.004    213 51920.007    52056.276    52938.855
304  Q.insect+F+I+R6 25743.456    215 51916.912    52056.162    52945.327
WARNING: Normalizing state frequencies so that sum of them equals to 1
317  Q.plant+R6    25915.211    195 52220.422    52331.688    53153.170
WARNING: Normalizing state frequencies so that sum of them equals to 1
325  Q.plant+I+R5  25919.554    194 52227.108    52337.079    53155.074
WARNING: Normalizing state frequencies so that sum of them equals to 1
326  Q.plant+I+R6  25913.863    196 52219.726    52332.297    53157.258
WARNING: Normalizing state frequencies so that sum of them equals to 1
339  Q.plant+F+R6  25881.129    214 52190.258    52328.013    53213.890
WARNING: Normalizing state frequencies so that sum of them equals to 1
347  Q.plant+F+I+R5 25882.573    213 52191.145    52327.414    53209.994
WARNING: Normalizing state frequencies so that sum of them equals to 1
348  Q.plant+F+I+R6 25879.366    215 52188.731    52327.982    53217.146
WARNING: Normalizing state frequencies so that sum of them equals to 1
361  Q.yeast+R6    25916.488    195 52222.975    52334.241    53155.723
WARNING: Normalizing state frequencies so that sum of them equals to 1
369  Q.yeast+I+R5  25919.539    194 52227.077    52337.048    53155.042
WARNING: Normalizing state frequencies so that sum of them equals to 1
370  Q.yeast+I+R6  25915.252    196 52222.504    52335.075    53160.035
WARNING: Normalizing state frequencies so that sum of them equals to 1
383  Q.yeast+F+R6  25834.609    214 52097.219    52234.973    53120.850
WARNING: Normalizing state frequencies so that sum of them equals to 1
391  Q.yeast+F+I+R5 25837.586    213 52101.172    52237.441    53120.020
WARNING: Normalizing state frequencies so that sum of them equals to 1
392  Q.yeast+F+I+R6 25833.234    215 52096.467    52235.718    53124.882
405  JTTDCMut+R6   25879.901    195 52149.802    52261.069    53082.551
413  JTTDCMut+I+R5 25882.845    194 52153.689    52263.660    53081.654
414  JTTDCMut+I+R6 25879.573    196 52151.146    52263.717    53088.677
427  JTTDCMut+F+R6 25835.881    214 52099.762    52237.516    53123.394
435  JTTDCMut+F+I+R5 25838.261    213 52102.523    52238.792    53121.371
436  JTTDCMut+F+I+R6 25834.993    215 52099.987    52239.237    53128.402
449  DCMut+R6      26156.139    195 52702.279    52813.545    53635.027
457  DCMut+I+R5    26160.118    194 52708.235    52818.206    53636.201
458  DCMut+I+R6    26156.773    196 52705.545    52818.117    53643.077
471  DCMut+F+R6    26005.768    214 52439.536    52577.290    53463.167
479  DCMut+F+I+R5  26009.824    213 52445.648    52581.917    53464.496
480  DCMut+F+I+R6  26006.286    215 52442.572    52581.823    53470.987
493  VT+R6         25935.746    195 52261.492    52372.758    53194.240
501  VT+I+R5       25935.707    194 52259.415    52369.386    53187.380
502  VT+I+R6       25934.924    196 52261.849    52374.420    53199.380
515  VT+F+R6       25955.168    214 52338.336    52476.090    53361.967
523  VT+F+I+R5     25954.926    213 52335.852    52472.121    53354.700
524  VT+F+I+R6     25953.750    215 52337.501    52476.751    53365.916
537  PMB+R6        26170.388    195 52730.777    52842.043    53663.525
545  PMB+I+R5      26170.536    194 52729.071    52839.042    53657.036
546  PMB+I+R6      26170.034    196 52732.068    52844.639    53669.600
559  PMB+F+R6      26160.616    214 52749.231    52886.986    53772.863
567  PMB+F+I+R5    26160.377    213 52746.754    52883.023    53765.602
568  PMB+F+I+R6    26159.570    215 52749.141    52888.391    53777.556
581  Blosum62+R6   26181.793    195 52753.585    52864.852    53686.334
589  Blosum62+I+R5 26182.763    194 52753.526    52863.497    53681.491
590  Blosum62+I+R6 26181.214    196 52754.428    52866.999    53691.960
603  Blosum62+F+R6 26192.850    214 52813.701    52951.455    53837.332
611  Blosum62+F+I+R5 26193.648    213 52813.297    52949.566    53832.145
612  Blosum62+F+I+R6 26191.787    215 52813.574    52952.824    53841.989
625  Dayhoff+R6    26156.974    195 52703.948    52815.215    53636.697
633  Dayhoff+I+R5  26161.032    194 52710.064    52820.035    53638.030
634  Dayhoff+I+R6  26158.138    196 52708.275    52820.846    53645.807
647  Dayhoff+F+R6  26006.796    214 52441.593    52579.347    53465.225
655  Dayhoff+F+I+R5 26010.629    213 52447.258    52583.527    53466.106
656  Dayhoff+F+I+R6 26007.449    215 52444.898    52584.148    53473.313
669  mtREV+R6      27075.164    195 54540.329    54651.595    55473.077
677  mtREV+I+R5    27088.928    194 54565.856    54675.827    55493.821
678  mtREV+I+R6    27075.440    196 54542.881    54655.452    55480.413
691  mtREV+F+R6    26277.974    214 52983.948    53121.702    54007.579
699  mtREV+F+I+R5  26292.175    213 53010.351    53146.620    54029.199
700  mtREV+F+I+R6  26277.704    215 52985.407    53124.657    54013.822
713  mtART+R6      27357.638    195 55105.275    55216.542    56038.024
721  mtART+I+R5    27368.095    194 55124.191    55234.162    56052.156
722  mtART+I+R6    27359.090    196 55110.179    55222.751    56047.711
735  mtART+F+R6    26432.984    214 53293.968    53431.723    54317.600
743  mtART+F+I+R5  26450.159    213 53326.318    53462.587    54345.166
744  mtART+F+I+R6  26436.071    215 53302.142    53441.393    54330.557
757  mtZOA+R6      26865.543    195 54121.085    54232.352    55053.834
765  mtZOA+I+R5    26869.838    194 54127.675    54237.646    55055.640
766  mtZOA+I+R6    26865.280    196 54122.561    54235.132    55060.093
779  mtZOA+F+R6    26210.281    214 52848.563    52986.317    53872.194
787  mtZOA+F+I+R5  26220.379    213 52866.759    53003.028    53885.607
788  mtZOA+F+I+R6  26208.442    215 52846.885    52986.135    53875.300
801  mtMet+R6      27022.981    195 54435.962    54547.228    55368.710
809  mtMet+I+R5    27027.906    194 54443.812    54553.783    55371.777
810  mtMet+I+R6    27022.096    196 54436.192    54548.764    55373.724
823  mtMet+F+R6    26097.744    214 52623.489    52761.243    53647.120
831  mtMet+F+I+R5  26104.650    213 52635.299    52771.568    53654.148
832  mtMet+F+I+R6  26097.030    215 52624.060    52763.310    53652.475
845  mtVer+R6      27170.616    195 54731.233    54842.499    55663.981
853  mtVer+I+R5    27180.784    194 54749.568    54859.539    55677.533
854  mtVer+I+R6    27171.331    196 54734.663    54847.234    55672.195
867  mtVer+F+R6    26367.307    214 53162.613    53300.368    54186.245
875  mtVer+F+I+R5  26377.026    213 53180.052    53316.321    54198.900
876  mtVer+F+I+R6  26366.251    215 53162.503    53301.753    54190.918
889  mtInv+R6      27253.492    195 54896.984    55008.251    55829.733
897  mtInv+I+R5    27259.113    194 54906.225    55016.196    55834.190
898  mtInv+I+R6    27253.265    196 54898.529    55011.100    55836.061
911  mtInv+F+R6    26027.021    214 52482.042    52619.796    53505.673
919  mtInv+F+I+R5  26032.587    213 52491.173    52627.442    53510.022
920  mtInv+F+I+R6  26026.539    215 52483.079    52622.329    53511.494
933  mtMAM+R6      27454.993    195 55299.986    55411.253    56232.735
941  mtMAM+I+R5    27470.996    194 55329.992    55439.963    56257.957
942  mtMAM+I+R6    27463.774    196 55319.547    55432.119    56257.079
955  mtMAM+F+R6    26578.099    214 53584.198    53721.953    54607.830
963  mtMAM+F+I+R5  26592.139    213 53610.278    53746.547    54629.126
964  mtMAM+F+I+R6  26586.149    215 53602.298    53741.548    54630.713
WARNING: Normalizing state frequencies so that sum of them equals to 1
977  FLAVI+R6      26722.394    195 53834.789    53946.055    54767.537
WARNING: Normalizing state frequencies so that sum of them equals to 1
985  FLAVI+I+R5    26733.127    194 53854.255    53964.225    54782.220
WARNING: Normalizing state frequencies so that sum of them equals to 1
986  FLAVI+I+R6    26725.857    196 53843.715    53956.286    54781.246
WARNING: Normalizing state frequencies so that sum of them equals to 1
999  FLAVI+F+R6    26459.981    214 53347.962    53485.717    54371.594
WARNING: Normalizing state frequencies so that sum of them equals to 1
1007  FLAVI+F+I+R5  26467.061    213 53360.123    53496.392    54378.971
WARNING: Normalizing state frequencies so that sum of them equals to 1
1008  FLAVI+F+I+R6  26459.300    215 53348.600    53487.850    54377.015
1021  HIVb+R6       26321.177    195 53032.353    53143.620    53965.102
1029  HIVb+I+R5     26333.001    194 53054.001    53163.972    53981.966
1030  HIVb+I+R6     26321.214    196 53034.427    53146.999    53971.959
1043  HIVb+F+R6     26186.924    214 52801.849    52939.603    53825.480
1051  HIVb+F+I+R5   26197.034    213 52820.067    52956.336    53838.915
1052  HIVb+F+I+R6   26185.056    215 52800.111    52939.362    53828.526
1065  HIVw+R6       27196.450    195 54782.899    54894.165    55715.647
1073  HIVw+I+R5     27197.229    194 54782.459    54892.430    55710.424
1074  HIVw+I+R6     27191.518    196 54775.036    54887.607    55712.568
1087  HIVw+F+R6     26710.873    214 53849.745    53987.500    54873.377
1095  HIVw+F+I+R5   26710.209    213 53846.417    53982.686    54865.266
1096  HIVw+F+I+R6   26703.796    215 53837.592    53976.843    54866.007
1109  FLU+R6        26306.734    195 53003.469    53114.735    53936.217
1117  FLU+I+R5      26306.724    194 53001.448    53111.419    53929.413
1118  FLU+I+R6      26302.342    196 52996.684    53109.255    53934.216
1131  FLU+F+R6      26234.252    214 52896.505    53034.259    53920.136
1139  FLU+F+I+R5    26235.242    213 52896.483    53032.753    53915.332
1140  FLU+F+I+R6    26228.868    215 52887.736    53026.986    53916.151
1153  rtREV+R6      26141.739    195 52673.478    52784.744    53606.226
1161  rtREV+I+R5    26140.704    194 52669.408    52779.379    53597.373
1162  rtREV+I+R6    26136.026    196 52664.053    52776.624    53601.584
1175  rtREV+F+R6    26034.372    214 52496.743    52634.498    53520.375
1183  rtREV+F+I+R5  26035.468    213 52496.935    52633.204    53515.783
1184  rtREV+F+I+R6  26031.240    215 52492.480    52631.731    53520.895
1197  cpREV+R6      26206.722    195 52803.443    52914.709    53736.192
1205  cpREV+I+R5    26205.308    194 52798.616    52908.587    53726.582
1206  cpREV+I+R6    26201.700    196 52795.400    52907.972    53732.932
1219  cpREV+F+R6    26270.513    214 52969.026    53106.780    53992.657
1227  cpREV+F+I+R5  26272.551    213 52971.103    53107.372    53989.951
1228  cpREV+F+I+R6  26267.218    215 52964.435    53103.686    53992.850
Akaike Information Criterion:           Q.insect+F+R6
Corrected Akaike Information Criterion: Q.insect+F+R6
Bayesian Information Criterion:         Q.insect+R6
Best-fit model: Q.insect+R6 chosen according to BIC

All model information printed to /Users/bushrakhan/Desktop/NIPGR-data/MADS-box-Evolutionary-gene-detection/Simultaneous_Phylogenetic_Analysis/Results_v4/Amborella_trichopoda/Amborella_trichopoda_MUSCLE_Bayes.model.gz
CPU time for ModelFinder: 8163.312 seconds (2h:16m:3s)
Wall-clock time for ModelFinder: 2617.440 seconds (0h:43m:37s)
Generating 1000 samples for ultrafast bootstrap (seed: 33546)...

NOTE: 70 MB RAM (0 GB) is required!
Estimate model parameters (epsilon = 0.100)
1. Initial log-likelihood: -25820.539
2. Current log-likelihood: -25802.967
3. Current log-likelihood: -25801.490
4. Current log-likelihood: -25801.094
5. Current log-likelihood: -25800.798
6. Current log-likelihood: -25800.575
7. Current log-likelihood: -25800.403
8. Current log-likelihood: -25800.269
9. Current log-likelihood: -25800.168
Optimal log-likelihood: -25800.083
Site proportion and rates:  (0.056,0.032) (0.092,0.142) (0.148,0.323) (0.216,0.656) (0.237,1.037) (0.252,2.186)
Parameters optimization took 9 rounds (27.425 sec)
Wrote distance file to... 
Computing ML distances based on estimated model parameters...
Calculating distance matrix: done in 0.983127 secs using 393% CPU
Computing ML distances took 0.983345 sec (of wall-clock time) 3.863791 sec (of CPU time)
Setting up auxiliary I and S matrices: done in 0.000165939 secs using 271.2% CPU
Computing RapidNJ tree took 0.006126 sec (of wall-clock time) 0.005517 sec (of CPU time)
Log-likelihood of RapidNJ tree: -26013.986
--------------------------------------------------------------------
|             INITIALIZING CANDIDATE TREE SET                      |
--------------------------------------------------------------------
Generating 98 parsimony trees... 2.212 second
Computing log-likelihood of 98 initial trees ... 27.919 seconds
Current best score: -25800.083

Do NNI search on 20 best initial trees
Estimate model parameters (epsilon = 0.100)
BETTER TREE FOUND at iteration 1: -25799.239
Estimate model parameters (epsilon = 0.100)
BETTER TREE FOUND at iteration 3: -25798.231
Estimate model parameters (epsilon = 0.100)
BETTER TREE FOUND at iteration 5: -25794.310
Iteration 10 / LogL: -25797.144 / Time: 0h:46m:45s
Iteration 20 / LogL: -25794.745 / Time: 0h:48m:44s
Finish initializing candidate tree set (19)
Current best tree score: -25794.310 / CPU time: 274.975
Number of iterations: 20
--------------------------------------------------------------------
|               OPTIMIZING CANDIDATE TREE SET                      |
--------------------------------------------------------------------
Iteration 30 / LogL: -25796.338 / Time: 0h:50m:32s (0h:17m:53s left)
Estimate model parameters (epsilon = 0.100)
BETTER TREE FOUND at iteration 33: -25793.322
BETTER TREE FOUND at iteration 35: -25793.318
Iteration 40 / LogL: -25796.043 / Time: 0h:52m:24s (0h:21m:23s left)
Iteration 50 / LogL: -25800.014 / Time: 0h:54m:2s (0h:18m:4s left)
Log-likelihood cutoff on original alignment: -25857.297
Iteration 60 / LogL: -25793.318 / Time: 0h:55m:47s (0h:15m:28s left)
Iteration 70 / LogL: -25839.234 / Time: 0h:57m:28s (0h:13m:2s left)
Iteration 80 / LogL: -25815.039 / Time: 0h:59m:8s (0h:10m:48s left)
Iteration 90 / LogL: -25813.179 / Time: 1h:0m:48s (0h:8m:41s left)
Iteration 100 / LogL: -25793.319 / Time: 1h:2m:30s (0h:6m:40s left)
Log-likelihood cutoff on original alignment: -25857.297
NOTE: Bootstrap correlation coefficient of split occurrence frequencies: 0.998
Iteration 110 / LogL: -25799.395 / Time: 1h:4m:14s (0h:17m:1s left)
Iteration 120 / LogL: -25794.349 / Time: 1h:5m:56s (0h:15m:0s left)
Iteration 130 / LogL: -25795.340 / Time: 1h:7m:39s (0h:13m:2s left)
TREE SEARCH COMPLETED AFTER 136 ITERATIONS / Time: 1h:8m:38s

--------------------------------------------------------------------
|                    FINALIZING TREE SEARCH                        |
--------------------------------------------------------------------
Performs final model parameters optimization
Estimate model parameters (epsilon = 0.010)
1. Initial log-likelihood: -25793.318
2. Current log-likelihood: -25793.295
3. Current log-likelihood: -25793.282
4. Current log-likelihood: -25793.271
Optimal log-likelihood: -25793.256
Site proportion and rates:  (0.052,0.031) (0.099,0.139) (0.133,0.314) (0.189,0.622) (0.268,0.995) (0.259,2.155)
Parameters optimization took 4 rounds (11.375 sec)
BEST SCORE FOUND : -25793.256

Testing tree branches by aBayes parametric test...
1.116 sec.
Creating bootstrap support values...
Split supports printed to NEXUS file /Users/bushrakhan/Desktop/NIPGR-data/MADS-box-Evolutionary-gene-detection/Simultaneous_Phylogenetic_Analysis/Results_v4/Amborella_trichopoda/Amborella_trichopoda_MUSCLE_Bayes.splits.nex
Total tree length: 90.755

Total number of iterations: 136
CPU time used for tree search: 4389.916 sec (1h:13m:9s)
Wall-clock time used for tree search: 1468.497 sec (0h:24m:28s)
Total CPU time used: 12693.179 sec (3h:31m:33s)
Total wall-clock time used: 4130.793 sec (1h:8m:50s)

Computing bootstrap consensus tree...
Reading input file /Users/bushrakhan/Desktop/NIPGR-data/MADS-box-Evolutionary-gene-detection/Simultaneous_Phylogenetic_Analysis/Results_v4/Amborella_trichopoda/Amborella_trichopoda_MUSCLE_Bayes.splits.nex...
94 taxa and 533 splits.
Consensus tree written to /Users/bushrakhan/Desktop/NIPGR-data/MADS-box-Evolutionary-gene-detection/Simultaneous_Phylogenetic_Analysis/Results_v4/Amborella_trichopoda/Amborella_trichopoda_MUSCLE_Bayes.contree
Reading input trees file /Users/bushrakhan/Desktop/NIPGR-data/MADS-box-Evolutionary-gene-detection/Simultaneous_Phylogenetic_Analysis/Results_v4/Amborella_trichopoda/Amborella_trichopoda_MUSCLE_Bayes.contree
Log-likelihood of consensus tree: -25793.258

Analysis results written to: 
  IQ-TREE report:                /Users/bushrakhan/Desktop/NIPGR-data/MADS-box-Evolutionary-gene-detection/Simultaneous_Phylogenetic_Analysis/Results_v4/Amborella_trichopoda/Amborella_trichopoda_MUSCLE_Bayes.iqtree
  Maximum-likelihood tree:       /Users/bushrakhan/Desktop/NIPGR-data/MADS-box-Evolutionary-gene-detection/Simultaneous_Phylogenetic_Analysis/Results_v4/Amborella_trichopoda/Amborella_trichopoda_MUSCLE_Bayes.treefile
  Likelihood distances:          /Users/bushrakhan/Desktop/NIPGR-data/MADS-box-Evolutionary-gene-detection/Simultaneous_Phylogenetic_Analysis/Results_v4/Amborella_trichopoda/Amborella_trichopoda_MUSCLE_Bayes.mldist

Ultrafast bootstrap approximation results written to:
  Split support values:          /Users/bushrakhan/Desktop/NIPGR-data/MADS-box-Evolutionary-gene-detection/Simultaneous_Phylogenetic_Analysis/Results_v4/Amborella_trichopoda/Amborella_trichopoda_MUSCLE_Bayes.splits.nex
  Consensus tree:                /Users/bushrakhan/Desktop/NIPGR-data/MADS-box-Evolutionary-gene-detection/Simultaneous_Phylogenetic_Analysis/Results_v4/Amborella_trichopoda/Amborella_trichopoda_MUSCLE_Bayes.contree
  Screen log file:               /Users/bushrakhan/Desktop/NIPGR-data/MADS-box-Evolutionary-gene-detection/Simultaneous_Phylogenetic_Analysis/Results_v4/Amborella_trichopoda/Amborella_trichopoda_MUSCLE_Bayes.log

Date and Time: Mon Apr  6 20:39:27 2026
