IQ-TREE multicore version 2.3.6 for MacOS ARM 64-bit built Jul 30 2024
Developed by Bui Quang Minh, Nguyen Lam Tung, Olga Chernomor, Heiko Schmidt,
Dominik Schrempf, Michael Woodhams, Ly Trong Nhan, Thomas Wong

Host:    Bushras-MacBook-Air.local (SSE4.2, 16 GB RAM)
Command: iqtree2 -s /Users/bushrakhan/Desktop/NIPGR-data/MADS-box-Evolutionary-gene-detection/Simultaneous_Phylogenetic_Analysis/Results_v4/Amborella_trichopoda/Amborella_trichopoda_ClustalO.fa -m MFP -B 1000 -T AUTO --abayes -pre /Users/bushrakhan/Desktop/NIPGR-data/MADS-box-Evolutionary-gene-detection/Simultaneous_Phylogenetic_Analysis/Results_v4/Amborella_trichopoda/Amborella_trichopoda_ClustalO_Bayes -redo
Seed:    832246 (Using SPRNG - Scalable Parallel Random Number Generator)
Time:    Mon Apr  6 20:39:27 2026
Kernel:  SSE2 - auto-detect threads (10 CPU cores detected)

Reading alignment file /Users/bushrakhan/Desktop/NIPGR-data/MADS-box-Evolutionary-gene-detection/Simultaneous_Phylogenetic_Analysis/Results_v4/Amborella_trichopoda/Amborella_trichopoda_ClustalO.fa ... Fasta format detected
Reading fasta file: done in 0.00117302 secs using 71.61% CPU
Alignment most likely contains protein sequences
Alignment has 95 sequences with 504 columns, 486 distinct patterns
337 parsimony-informative, 108 singleton sites, 59 constant sites
                                          Gap/Ambiguity  Composition  p-value
Analyzing sequences: done in 7.29561e-05 secs using 179.6% CPU
   1  evm_27.model.AmTr_v1.0_scaffold00089.36    57.94%    passed     97.93%
   2  evm_27.model.AmTr_v1.0_scaffold00013.60    65.87%    passed     98.78%
   3  evm_27.model.AmTr_v1.0_scaffold00013.53    52.18%    passed     63.82%
   4  evm_27.model.AmTr_v1.0_scaffold00001.409   55.75%    passed     95.16%
   5  evm_27.model.AmTr_v1.0_scaffold00001.461   54.17%    passed     73.44%
   6  evm_27.model.AmTr_v1.0_scaffold00001.225   54.37%    passed     39.37%
   7  evm_27.model.AmTr_v1.0_scaffold00001.413   54.56%    passed     57.69%
   8  evm_27.model.AmTr_v1.0_scaffold00046.134   55.95%    passed     99.38%
   9  evm_27.model.AmTr_v1.0_scaffold00053.185   62.70%    passed     54.14%
  10  evm_27.model.AmTr_v1.0_scaffold00095.150   54.76%    failed      0.15%
  11  evm_27.model.AmTr_v1.0_scaffold00071.203   55.95%    passed     44.37%
  12  evm_27.model.AmTr_v1.0_scaffold00021.296   53.57%    passed     90.79%
  13  evm_27.model.AmTr_v1.0_scaffold00047.121   51.79%    passed     53.99%
  14  evm_27.model.AmTr_v1.0_scaffold00047.105   51.98%    passed     17.98%
  15  evm_27.model.AmTr_v1.0_scaffold00066.97    56.35%    passed     25.47%
  16  evm_27.model.AmTr_v1.0_scaffold00127.17    56.55%    passed     63.87%
  17  AT1G69540.1                                31.75%    passed     17.39%
  18  AT1G59810.1                                43.85%    failed      0.01%
  19  AT5G62165.1                                58.33%    passed     91.71%
  20  AT3G30260.1                                50.60%    passed     22.35%
  21  AT2G22540.1                                52.38%    passed     91.30%
  22  AT5G62165.2                                58.33%    passed     91.71%
  23  AT5G65050.1                                63.89%    passed     67.03%
  24  AT2G03710.3                                62.90%    passed     90.80%
  25  AT5G65080.1                                59.33%    passed     59.85%
  26  AT5G51870.2                                65.87%    passed     33.72%
  27  AT3G54340.1                                53.97%    passed     46.09%
  28  AT2G22540.2                                53.37%    passed     90.11%
  29  AT1G77080.5                                65.67%    passed     35.60%
  30  AT5G60910.1                                51.98%    passed     97.32%
  31  AT1G77980.1                                34.13%    passed     22.35%
  32  AT3G58780.3                                45.83%    passed     82.40%
  33  AT4G09960.3                                49.21%    passed     59.44%
  34  AT5G51860.1                                58.13%    passed     25.87%
  35  AT5G20240.1                                58.73%    passed     12.44%
  36  AT2G03710.2                                49.01%    passed     80.14%
  37  AT5G65080.2                                60.91%    passed     55.84%
  38  AT3G57390.1                                49.21%    passed     84.93%
  39  AT5G65060.2                                63.29%    passed     56.94%
  40  AT3G57230.2                                52.58%    passed     77.12%
  41  AT5G10140.1                                61.11%    passed     20.79%
  42  AT2G42830.2                                50.79%    passed     56.75%
  43  AT2G45660.1                                57.54%    passed     68.16%
  44  AT4G09960.4                                53.57%    passed     42.19%
  45  AT4G22950.1                                56.55%    passed     89.11%
  46  AT5G23260.3                                52.78%    failed      2.39%
  47  AT4G37940.1                                54.76%    passed     98.98%
  48  AT5G15800.2                                48.02%    passed      8.75%
  49  AT5G65050.3                                61.11%    passed     74.06%
  50  AT4G09960.2                                57.14%    passed     33.76%
  51  AT2G22630.1                                54.96%    passed     98.56%
  52  AT5G15800.1                                50.20%    passed     18.97%
  53  AT1G77950.2                                50.00%    passed     52.59%
  54  AT2G03060.2                                23.41%    failed      0.00%
  55  AT5G65070.3                                53.97%    passed     46.42%
  56  AT3G58780.2                                52.18%    passed     82.62%
  57  AT5G51860.2                                59.92%    passed     19.70%
  58  AT1G77950.1                                50.00%    passed     52.59%
  59  AT3G61120.1                                51.59%    passed     30.48%
  60  AT1G24260.2                                50.20%    passed     47.43%
  61  AT5G10140.2                                66.87%    passed     17.51%
  62  AT5G10140.3                                63.10%    passed     22.54%
  63  AT5G65070.2                                54.17%    passed     51.04%
  64  AT5G65070.1                                60.32%    passed     30.88%
  65  AT2G14210.1                                53.57%    passed     94.65%
  66  AT1G24260.1                                50.40%    passed     42.30%
  67  AT5G51870.3                                56.55%    passed     80.25%
  68  AT2G03710.1                                48.81%    passed     79.33%
  69  AT5G65050.2                                64.68%    passed     50.33%
  70  AT5G62165.4                                61.11%    passed     98.00%
  71  AT4G18960.1                                50.00%    passed     33.68%
  72  AT1G69120.1                                49.21%    passed     25.77%
  73  AT4G11880.1                                56.15%    passed     82.50%
  74  AT2G42830.1                                51.19%    passed     57.42%
  75  AT2G45650.1                                50.00%    passed     49.78%
  76  AT3G57230.1                                52.38%    passed     60.51%
  77  AT1G71692.1                                58.13%    passed     49.24%
  78  AT5G10140.4                                63.89%    passed     25.99%
  79  AT3G58780.1                                50.79%    passed     80.78%
  80  AT4G09960.1                                54.37%    passed     39.39%
  81  AT4G24540.1                                56.35%    passed     11.71%
  82  AT5G62165.3                                58.33%    passed     91.71%
  83  AT1G26310.1                                49.40%    passed     86.05%
  84  AT1G24260.3                                52.98%    passed     33.72%
  85  AT1G31140.1                                57.74%    passed     41.84%
  86  AT1G77080.2                                61.90%    passed     69.54%
  87  AT5G23260.2                                50.00%    failed      1.83%
  88  AT1G31140.2                                57.34%    passed     41.67%
  89  AT1G22130.1                                33.53%    passed     10.60%
  90  AT5G23260.1                                50.99%    failed      2.35%
  91  AT1G77080.4                                61.11%    passed     74.87%
  92  AT5G51870.1                                58.93%    passed     65.95%
  93  AT5G13790.1                                46.83%    passed     68.72%
  94  AT5G65060.1                                61.11%    passed     45.50%
  95  AT3G02310.1                                50.40%    passed     16.71%
WARNING: 76 sequences contain more than 50% gaps/ambiguity
****  TOTAL                                      54.32%  6 sequences failed composition chi2 test (p-value<5%; df=19)
NOTE: AT5G62165.2 is identical to AT5G62165.1 but kept for subsequent analysis
NOTE: AT1G77950.1 is identical to AT1G77950.2 but kept for subsequent analysis
NOTE: 1 identical sequences (see below) will be ignored for subsequent analysis
NOTE: AT5G62165.3 (identical to AT5G62165.1) is ignored but added at the end
Alignment was printed to /Users/bushrakhan/Desktop/NIPGR-data/MADS-box-Evolutionary-gene-detection/Simultaneous_Phylogenetic_Analysis/Results_v4/Amborella_trichopoda/Amborella_trichopoda_ClustalO_Bayes.uniqueseq.phy

For your convenience alignment with unique sequences printed to /Users/bushrakhan/Desktop/NIPGR-data/MADS-box-Evolutionary-gene-detection/Simultaneous_Phylogenetic_Analysis/Results_v4/Amborella_trichopoda/Amborella_trichopoda_ClustalO_Bayes.uniqueseq.phy


Create initial parsimony tree by phylogenetic likelihood library (PLL)... 0.024 seconds
Measuring multi-threading efficiency up to 10 CPU cores
Increase to 10 rounds for branch lengths
5 trees examined
Threads: 1 / Time: 12.069 sec / Speedup: 1.000 / Efficiency: 100% / LogL: -42706
Threads: 2 / Time: 7.861 sec / Speedup: 1.535 / Efficiency: 77% / LogL: -42706
Threads: 3 / Time: 5.415 sec / Speedup: 2.229 / Efficiency: 74% / LogL: -42706
Threads: 4 / Time: 4.919 sec / Speedup: 2.454 / Efficiency: 61% / LogL: -42706
Threads: 5 / Time: 5.123 sec / Speedup: 2.356 / Efficiency: 47% / LogL: -42706
BEST NUMBER OF THREADS: 4

Perform fast likelihood tree search using LG+I+G model...
Estimate model parameters (epsilon = 5.000)
Perform nearest neighbor interchange...
Estimate model parameters (epsilon = 1.000)
1. Initial log-likelihood: -25448.064
Optimal log-likelihood: -25448.051
Proportion of invariable sites: 0.009
Gamma shape alpha: 0.923
Parameters optimization took 1 rounds (0.391 sec)
Time for fast ML tree search: 5.455 seconds

NOTE: ModelFinder requires 75 MB RAM!
ModelFinder will test up to 1232 protein models (sample size: 504 epsilon: 0.100) ...
 No. Model         -LnL         df  AIC          AICc         BIC
  1  LG            26617.208    185 53604.416    53820.832    54385.593
  2  LG+I          26529.186    186 53430.371    53649.816    54215.770
  3  LG+G4         25453.589    186 51279.178    51498.622    52064.577
  4  LG+I+G4       25448.051    187 51270.103    51492.609    52059.724
  5  LG+R2         25656.830    187 51687.661    51910.167    52477.283
  6  LG+R3         25527.098    189 51432.196    51660.922    52230.263
  7  LG+R4         25428.560    191 51239.120    51474.197    52045.632
  8  LG+R5         25417.751    193 51221.502    51463.064    52036.460
  9  LG+R6         25417.382    195 51224.765    51472.947    52048.167
 14  LG+I+R2       25627.949    188 51631.899    51857.499    52425.743
 15  LG+I+R3       25496.882    190 51373.764    51605.649    52176.053
 16  LG+I+R4       25416.461    192 51216.922    51455.224    52027.657
 17  LG+I+R5       25413.319    194 51214.638    51459.492    52033.818
 30  LG+F+R5       25443.540    212 51311.081    51621.431    52206.267
 38  LG+F+I+R4     25451.219    211 51324.439    51630.822    52215.402
 39  LG+F+I+R5     25448.317    213 51322.634    51636.993    52222.043
 52  WAG+R5        25462.341    193 51310.682    51552.243    52125.639
 60  WAG+I+R4      25473.351    192 51330.701    51569.003    52141.436
 61  WAG+I+R5      25462.236    194 51312.472    51557.326    52131.652
 74  WAG+F+R5      25519.417    212 51462.835    51773.185    52358.021
 82  WAG+F+I+R4    25532.494    211 51486.987    51793.371    52377.951
 83  WAG+F+I+R5    25518.924    213 51463.848    51778.207    52363.257
 96  JTT+R5        25321.839    193 51029.678    51271.240    51844.635
104  JTT+I+R4      25323.954    192 51031.909    51270.211    51842.643
105  JTT+I+R5      25316.705    194 51021.410    51266.264    51840.590
118  JTT+F+R5      25305.668    212 51035.336    51345.686    51930.522
126  JTT+F+I+R4    25311.421    211 51044.843    51351.226    51935.806
127  JTT+F+I+R5    25302.415    213 51030.831    51345.189    51930.239
WARNING: Normalizing state frequencies so that sum of them equals to 1
140  Q.pfam+R5     25397.312    193 51180.624    51422.186    51995.582
WARNING: Normalizing state frequencies so that sum of them equals to 1
148  Q.pfam+I+R4   25395.515    192 51175.029    51413.331    51985.764
WARNING: Normalizing state frequencies so that sum of them equals to 1
149  Q.pfam+I+R5   25392.995    194 51173.989    51418.844    51993.169
WARNING: Normalizing state frequencies so that sum of them equals to 1
162  Q.pfam+F+R5   25399.502    212 51223.004    51533.355    52118.190
WARNING: Normalizing state frequencies so that sum of them equals to 1
170  Q.pfam+F+I+R4 25407.776    211 51237.552    51543.936    52128.516
WARNING: Normalizing state frequencies so that sum of them equals to 1
171  Q.pfam+F+I+R5 25406.001    213 51238.002    51552.361    52137.411
WARNING: Normalizing state frequencies so that sum of them equals to 1
184  Q.bird+R5     25546.252    193 51478.503    51720.065    52293.461
WARNING: Normalizing state frequencies so that sum of them equals to 1
192  Q.bird+I+R4   25563.031    192 51510.061    51748.363    52320.796
WARNING: Normalizing state frequencies so that sum of them equals to 1
193  Q.bird+I+R5   25546.355    194 51480.711    51725.565    52299.890
WARNING: Normalizing state frequencies so that sum of them equals to 1
206  Q.bird+F+R5   25501.817    212 51427.635    51737.985    52322.821
WARNING: Normalizing state frequencies so that sum of them equals to 1
214  Q.bird+F+I+R4 25513.958    211 51449.915    51756.299    52340.879
WARNING: Normalizing state frequencies so that sum of them equals to 1
215  Q.bird+F+I+R5 25500.118    213 51426.236    51740.595    52325.645
WARNING: Normalizing state frequencies so that sum of them equals to 1
228  Q.mammal+R5   25417.786    193 51221.573    51463.134    52036.530
WARNING: Normalizing state frequencies so that sum of them equals to 1
236  Q.mammal+I+R4 25433.402    192 51250.805    51489.107    52061.540
WARNING: Normalizing state frequencies so that sum of them equals to 1
237  Q.mammal+I+R5 25418.969    194 51225.939    51470.793    52045.118
WARNING: Normalizing state frequencies so that sum of them equals to 1
250  Q.mammal+F+R5 25357.641    212 51139.283    51449.633    52034.469
WARNING: Normalizing state frequencies so that sum of them equals to 1
258  Q.mammal+F+I+R4 25370.228    211 51162.455    51468.839    52053.419
WARNING: Normalizing state frequencies so that sum of them equals to 1
259  Q.mammal+F+I+R5 25358.164    213 51142.328    51456.687    52041.737
272  Q.insect+R5   25228.380    193 50842.761    51084.322    51657.718
280  Q.insect+I+R4 25240.958    192 50865.915    51104.218    51676.650
281  Q.insect+I+R5 25229.348    194 50846.697    51091.551    51665.877
294  Q.insect+F+R5 25207.585    212 50839.170    51149.521    51734.356
302  Q.insect+F+I+R4 25218.168    211 50858.335    51164.719    51749.299
303  Q.insect+F+I+R5 25207.984    213 50841.969    51156.327    51741.377
WARNING: Normalizing state frequencies so that sum of them equals to 1
316  Q.plant+R5    25362.427    193 51110.853    51352.414    51925.810
WARNING: Normalizing state frequencies so that sum of them equals to 1
324  Q.plant+I+R4  25373.608    192 51131.216    51369.518    51941.950
WARNING: Normalizing state frequencies so that sum of them equals to 1
325  Q.plant+I+R5  25361.886    194 51111.772    51356.627    51930.952
WARNING: Normalizing state frequencies so that sum of them equals to 1
338  Q.plant+F+R5  25357.531    212 51139.063    51449.413    52034.249
WARNING: Normalizing state frequencies so that sum of them equals to 1
346  Q.plant+F+I+R4 25366.320    211 51154.639    51461.023    52045.603
WARNING: Normalizing state frequencies so that sum of them equals to 1
347  Q.plant+F+I+R5 25356.108    213 51138.215    51452.574    52037.624
WARNING: Normalizing state frequencies so that sum of them equals to 1
360  Q.yeast+R5    25352.158    193 51090.315    51331.877    51905.273
WARNING: Normalizing state frequencies so that sum of them equals to 1
368  Q.yeast+I+R4  25361.758    192 51107.517    51345.819    51918.252
WARNING: Normalizing state frequencies so that sum of them equals to 1
369  Q.yeast+I+R5  25351.756    194 51091.512    51336.366    51910.692
WARNING: Normalizing state frequencies so that sum of them equals to 1
382  Q.yeast+F+R5  25312.178    212 51048.357    51358.707    51943.543
WARNING: Normalizing state frequencies so that sum of them equals to 1
390  Q.yeast+F+I+R4 25320.777    211 51063.553    51369.937    51954.517
WARNING: Normalizing state frequencies so that sum of them equals to 1
391  Q.yeast+F+I+R5 25311.488    213 51048.975    51363.334    51948.384
404  JTTDCMut+R5   25319.948    193 51025.895    51267.457    51840.853
412  JTTDCMut+I+R4 25328.833    192 51041.667    51279.969    51852.402
413  JTTDCMut+I+R5 25320.118    194 51028.235    51273.089    51847.415
426  JTTDCMut+F+R5 25309.224    212 51042.447    51352.798    51937.633
434  JTTDCMut+F+I+R4 25317.347    211 51056.694    51363.077    51947.657
435  JTTDCMut+F+I+R5 25308.749    213 51043.497    51357.856    51942.906
448  DCMut+R5      25569.269    193 51524.539    51766.100    52339.496
456  DCMut+I+R4    25597.335    192 51578.670    51816.972    52389.404
457  DCMut+I+R5    25569.757    194 51527.515    51772.369    52346.695
470  DCMut+F+R5    25470.015    212 51364.030    51674.381    52259.216
478  DCMut+F+I+R4  25498.153    211 51418.305    51724.689    52309.269
479  DCMut+F+I+R5  25470.381    213 51366.763    51681.121    52266.171
492  VT+R5         25380.598    193 51147.196    51388.757    51962.153
500  VT+I+R4       25386.299    192 51156.598    51394.900    51967.332
501  VT+I+R5       25379.248    194 51146.496    51391.351    51965.676
514  VT+F+R5       25434.249    212 51292.498    51602.849    52187.684
522  VT+F+I+R4     25438.766    211 51299.533    51605.916    52190.497
523  VT+F+I+R5     25432.779    213 51291.559    51605.918    52190.968
536  PMB+R5        25628.484    193 51642.967    51884.528    52457.924
544  PMB+I+R4      25636.531    192 51657.062    51895.364    52467.797
545  PMB+I+R5      25627.752    194 51643.503    51888.358    52462.683
558  PMB+F+R5      25662.843    212 51749.685    52060.036    52644.871
566  PMB+F+I+R4    25669.061    211 51760.122    52066.505    52651.085
567  PMB+F+I+R5    25661.749    213 51749.499    52063.857    52648.907
580  Blosum62+R5   25645.638    193 51677.277    51918.838    52492.234
588  Blosum62+I+R4 25653.365    192 51690.730    51929.032    52501.465
589  Blosum62+I+R5 25645.080    194 51678.160    51923.015    52497.340
602  Blosum62+F+R5 25704.684    212 51833.368    52143.718    52728.554
610  Blosum62+F+I+R4 25710.618    211 51843.235    52149.619    52734.199
611  Blosum62+F+I+R5 25703.374    213 51832.748    52147.107    52732.157
624  Dayhoff+R5    25570.601    193 51527.202    51768.763    52342.159
632  Dayhoff+I+R4  25598.175    192 51580.351    51818.653    52391.085
633  Dayhoff+I+R5  25571.187    194 51530.374    51775.228    52349.554
646  Dayhoff+F+R5  25471.469    212 51366.938    51677.288    52262.124
654  Dayhoff+F+I+R4 25498.905    211 51419.810    51726.193    52310.774
655  Dayhoff+F+I+R5 25471.991    213 51369.982    51684.341    52269.391
668  mtREV+R5      26571.163    193 53528.326    53769.887    54343.283
676  mtREV+I+R4    26591.151    192 53566.302    53804.604    54377.036
677  mtREV+I+R5    26575.702    194 53539.404    53784.258    54358.584
690  mtREV+F+R5    25809.235    212 52042.471    52352.821    52937.657
698  mtREV+F+I+R4  25822.437    211 52066.874    52373.257    52957.838
699  mtREV+F+I+R5  25809.727    213 52045.455    52359.813    52944.864
712  mtART+R5      26873.508    193 54133.015    54374.576    54947.972
720  mtART+I+R4    26904.959    192 54193.919    54432.221    55004.653
721  mtART+I+R5    26871.586    194 54131.173    54376.027    54950.353
734  mtART+F+R5    25978.436    212 52380.872    52691.222    53276.058
742  mtART+F+I+R4  25983.389    211 52388.779    52695.162    53279.742
743  mtART+F+I+R5  25970.392    213 52366.783    52681.142    53266.192
756  mtZOA+R5      26355.865    193 53097.729    53339.291    53912.686
764  mtZOA+I+R4    26380.973    192 53145.946    53384.249    53956.681
765  mtZOA+I+R5    26352.865    194 53093.729    53338.583    53912.909
778  mtZOA+F+R5    25747.756    212 51919.513    52229.863    52814.699
786  mtZOA+F+I+R4  25755.658    211 51933.315    52239.699    52824.279
787  mtZOA+F+I+R5  25742.931    213 51911.862    52226.221    52811.271
800  mtMet+R5      26497.727    193 53381.455    53623.016    54196.412
808  mtMet+I+R4    26515.652    192 53415.303    53653.606    54226.038
809  mtMet+I+R5    26497.188    194 53382.376    53627.231    54201.556
822  mtMet+F+R5    25602.868    212 51629.735    51940.086    52524.921
830  mtMet+F+I+R4  25611.569    211 51645.139    51951.522    52536.102
831  mtMet+F+I+R5  25600.435    213 51626.870    51941.229    52526.279
844  mtVer+R5      26645.791    193 53677.583    53919.144    54492.540
852  mtVer+I+R4    26662.572    192 53709.144    53947.446    54519.879
853  mtVer+I+R5    26644.354    194 53676.709    53921.563    54495.889
866  mtVer+F+R5    25881.623    212 52187.247    52497.597    53082.433
874  mtVer+F+I+R4  25893.698    211 52209.396    52515.779    53100.359
875  mtVer+F+I+R5  25880.229    213 52186.457    52500.816    53085.866
888  mtInv+R5      26710.010    193 53806.020    54047.581    54620.977
896  mtInv+I+R4    26724.934    192 53833.868    54072.171    54644.603
897  mtInv+I+R5    26707.033    194 53802.066    54046.920    54621.246
910  mtInv+F+R5    25530.875    212 51485.749    51796.100    52380.935
918  mtInv+F+I+R4  25542.156    211 51506.311    51812.695    52397.275
919  mtInv+F+I+R5  25529.600    213 51485.201    51799.559    52384.609
932  mtMAM+R5      26996.408    193 54378.816    54620.377    55193.773
940  mtMAM+I+R4    27026.072    192 54436.145    54674.447    55246.880
941  mtMAM+I+R5    26995.380    194 54378.760    54623.614    55197.939
954  mtMAM+F+R5    26142.912    212 52709.823    53020.174    53605.009
962  mtMAM+F+I+R4  26150.251    211 52722.503    53028.886    53613.466
963  mtMAM+F+I+R5  26133.330    213 52692.660    53007.018    53592.069
WARNING: Normalizing state frequencies so that sum of them equals to 1
976  FLAVI+R5      26179.053    193 52744.106    52985.667    53559.063
WARNING: Normalizing state frequencies so that sum of them equals to 1
984  FLAVI+I+R4    26179.711    192 52743.422    52981.724    53554.156
WARNING: Normalizing state frequencies so that sum of them equals to 1
985  FLAVI+I+R5    26168.092    194 52724.185    52969.039    53543.365
WARNING: Normalizing state frequencies so that sum of them equals to 1
998  FLAVI+F+R5    25962.232    212 52348.465    52658.815    53243.651
WARNING: Normalizing state frequencies so that sum of them equals to 1
1006  FLAVI+F+I+R4  25962.508    211 52347.015    52653.399    53237.979
WARNING: Normalizing state frequencies so that sum of them equals to 1
1007  FLAVI+F+I+R5  25950.019    213 52326.038    52640.396    53225.446
1020  HIVb+R5       25761.614    193 51909.229    52150.790    52724.186
1028  HIVb+I+R4     25765.977    192 51915.955    52154.257    52726.689
1029  HIVb+I+R5     25751.830    194 51891.660    52136.514    52710.839
1042  HIVb+F+R5     25665.399    212 51754.798    52065.148    52649.984
1050  HIVb+F+I+R4   25671.785    211 51765.570    52071.954    52656.534
1051  HIVb+F+I+R5   25652.701    213 51731.401    52045.760    52630.810
1064  HIVw+R5       26637.511    193 53661.022    53902.583    54475.979
1072  HIVw+I+R4     26655.016    192 53694.032    53932.334    54504.766
1073  HIVw+I+R5     26630.825    194 53649.650    53894.504    54468.830
1086  HIVw+F+R5     26208.700    212 52841.399    53151.750    53736.586
1094  HIVw+F+I+R4   26233.949    211 52889.898    53196.281    53780.861
1095  HIVw+F+I+R5   26202.304    213 52830.607    53144.966    53730.016
1108  FLU+R5        25780.816    193 51947.632    52189.193    52762.589
1116  FLU+I+R4      25787.194    192 51958.388    52196.690    52769.123
1117  FLU+I+R5      25775.029    194 51938.058    52182.912    52757.237
1130  FLU+F+R5      25761.092    212 51946.183    52256.534    52841.370
1138  FLU+F+I+R4    25763.737    211 51949.474    52255.858    52840.438
1139  FLU+F+I+R5    25753.287    213 51932.573    52246.932    52831.982
1152  rtREV+R5      25610.703    193 51607.405    51848.966    52422.362
1160  rtREV+I+R4    25612.872    192 51609.744    51848.046    52420.479
1161  rtREV+I+R5    25606.638    194 51601.277    51846.131    52420.457
1174  rtREV+F+R5    25524.115    212 51472.230    51782.581    52367.416
1182  rtREV+F+I+R4  25532.000    211 51486.000    51792.383    52376.963
1183  rtREV+F+I+R5  25528.187    213 51482.374    51796.733    52381.783
1196  cpREV+R5      25682.860    193 51751.719    51993.281    52566.677
1204  cpREV+I+R4    25696.774    192 51777.548    52015.850    52588.283
1205  cpREV+I+R5    25679.838    194 51747.675    51992.529    52566.855
1218  cpREV+F+R5    25802.136    212 52028.272    52338.622    52923.458
1226  cpREV+F+I+R4  25825.052    211 52072.105    52378.488    52963.069
1227  cpREV+F+I+R5  25799.111    213 52024.222    52338.580    52923.630
Akaike Information Criterion:           Q.insect+F+R5
Corrected Akaike Information Criterion: Q.insect+R5
Bayesian Information Criterion:         Q.insect+R5
Best-fit model: Q.insect+R5 chosen according to BIC

All model information printed to /Users/bushrakhan/Desktop/NIPGR-data/MADS-box-Evolutionary-gene-detection/Simultaneous_Phylogenetic_Analysis/Results_v4/Amborella_trichopoda/Amborella_trichopoda_ClustalO_Bayes.model.gz
CPU time for ModelFinder: 4130.117 seconds (1h:8m:50s)
Wall-clock time for ModelFinder: 1337.487 seconds (0h:22m:17s)
Generating 1000 samples for ultrafast bootstrap (seed: 832246)...

NOTE: 38 MB RAM (0 GB) is required!
Estimate model parameters (epsilon = 0.100)
1. Initial log-likelihood: -25266.138
2. Current log-likelihood: -25238.993
3. Current log-likelihood: -25231.535
4. Current log-likelihood: -25230.005
5. Current log-likelihood: -25229.572
6. Current log-likelihood: -25229.291
7. Current log-likelihood: -25229.138
8. Current log-likelihood: -25228.913
9. Current log-likelihood: -25228.794
10. Current log-likelihood: -25228.671
11. Current log-likelihood: -25228.556
12. Current log-likelihood: -25228.452
Optimal log-likelihood: -25228.300
Site proportion and rates:  (0.063,0.040) (0.100,0.182) (0.173,0.411) (0.408,0.952) (0.255,2.035)
Parameters optimization took 12 rounds (17.167 sec)
Wrote distance file to... 
Computing ML distances based on estimated model parameters...
Calculating distance matrix: done in 0.778555 secs using 394.3% CPU
Computing ML distances took 0.778718 sec (of wall-clock time) 3.070078 sec (of CPU time)
Setting up auxiliary I and S matrices: done in 0.000163078 secs using 181.5% CPU
Computing RapidNJ tree took 0.006060 sec (of wall-clock time) 0.005682 sec (of CPU time)
Log-likelihood of RapidNJ tree: -25355.706
--------------------------------------------------------------------
|             INITIALIZING CANDIDATE TREE SET                      |
--------------------------------------------------------------------
Generating 98 parsimony trees... 2.683 second
Computing log-likelihood of 98 initial trees ... 14.703 seconds
Current best score: -25228.300

Do NNI search on 20 best initial trees
Estimate model parameters (epsilon = 0.100)
BETTER TREE FOUND at iteration 1: -25228.169
Estimate model parameters (epsilon = 0.100)
BETTER TREE FOUND at iteration 3: -25222.755
Estimate model parameters (epsilon = 0.100)
BETTER TREE FOUND at iteration 6: -25222.339
Iteration 10 / LogL: -25223.324 / Time: 0h:23m:43s
UPDATE BEST LOG-LIKELIHOOD: -25222.334
Iteration 20 / LogL: -25222.650 / Time: 0h:24m:36s
Finish initializing candidate tree set (17)
Current best tree score: -25222.334 / CPU time: 120.057
Number of iterations: 20
--------------------------------------------------------------------
|               OPTIMIZING CANDIDATE TREE SET                      |
--------------------------------------------------------------------
Estimate model parameters (epsilon = 0.100)
BETTER TREE FOUND at iteration 21: -25222.237
BETTER TREE FOUND at iteration 23: -25222.231
BETTER TREE FOUND at iteration 26: -25222.231
Iteration 30 / LogL: -25228.885 / Time: 0h:25m:33s (0h:10m:48s left)
Iteration 40 / LogL: -25222.489 / Time: 0h:26m:27s (0h:9m:12s left)
Iteration 50 / LogL: -25225.142 / Time: 0h:27m:22s (0h:7m:52s left)
Log-likelihood cutoff on original alignment: -25257.493
Iteration 60 / LogL: -25222.666 / Time: 0h:28m:13s (0h:6m:38s left)
Iteration 70 / LogL: -25222.760 / Time: 0h:29m:8s (0h:5m:33s left)
Iteration 80 / LogL: -25222.754 / Time: 0h:30m:5s (0h:4m:32s left)
Iteration 90 / LogL: -25224.072 / Time: 0h:31m:0s (0h:3m:31s left)
Iteration 100 / LogL: -25245.707 / Time: 0h:31m:53s (0h:2m:31s left)
Log-likelihood cutoff on original alignment: -25257.493
NOTE: Bootstrap correlation coefficient of split occurrence frequencies: 0.997
Iteration 110 / LogL: -25222.586 / Time: 0h:32m:45s (0h:8m:38s left)
Iteration 120 / LogL: -25222.553 / Time: 0h:33m:39s (0h:7m:38s left)
TREE SEARCH COMPLETED AFTER 127 ITERATIONS / Time: 0h:34m:18s

--------------------------------------------------------------------
|                    FINALIZING TREE SEARCH                        |
--------------------------------------------------------------------
Performs final model parameters optimization
Estimate model parameters (epsilon = 0.010)
1. Initial log-likelihood: -25222.231
2. Current log-likelihood: -25222.201
3. Current log-likelihood: -25222.162
4. Current log-likelihood: -25222.125
5. Current log-likelihood: -25222.092
6. Current log-likelihood: -25222.063
7. Current log-likelihood: -25222.038
8. Current log-likelihood: -25222.023
9. Current log-likelihood: -25222.008
10. Current log-likelihood: -25221.994
11. Current log-likelihood: -25221.981
12. Current log-likelihood: -25221.970
13. Current log-likelihood: -25221.959
Optimal log-likelihood: -25221.943
Site proportion and rates:  (0.059,0.038) (0.098,0.169) (0.180,0.408) (0.406,0.959) (0.257,2.019)
Parameters optimization took 13 rounds (16.287 sec)
BEST SCORE FOUND : -25221.943

Testing tree branches by aBayes parametric test...
0.611 sec.
Creating bootstrap support values...
Split supports printed to NEXUS file /Users/bushrakhan/Desktop/NIPGR-data/MADS-box-Evolutionary-gene-detection/Simultaneous_Phylogenetic_Analysis/Results_v4/Amborella_trichopoda/Amborella_trichopoda_ClustalO_Bayes.splits.nex
Total tree length: 65.956

Total number of iterations: 127
CPU time used for tree search: 2046.029 sec (0h:34m:6s)
Wall-clock time used for tree search: 701.938 sec (0h:11m:41s)
Total CPU time used: 6288.448 sec (1h:44m:48s)
Total wall-clock time used: 2075.431 sec (0h:34m:35s)

Computing bootstrap consensus tree...
Reading input file /Users/bushrakhan/Desktop/NIPGR-data/MADS-box-Evolutionary-gene-detection/Simultaneous_Phylogenetic_Analysis/Results_v4/Amborella_trichopoda/Amborella_trichopoda_ClustalO_Bayes.splits.nex...
94 taxa and 435 splits.
Consensus tree written to /Users/bushrakhan/Desktop/NIPGR-data/MADS-box-Evolutionary-gene-detection/Simultaneous_Phylogenetic_Analysis/Results_v4/Amborella_trichopoda/Amborella_trichopoda_ClustalO_Bayes.contree
Reading input trees file /Users/bushrakhan/Desktop/NIPGR-data/MADS-box-Evolutionary-gene-detection/Simultaneous_Phylogenetic_Analysis/Results_v4/Amborella_trichopoda/Amborella_trichopoda_ClustalO_Bayes.contree
Log-likelihood of consensus tree: -25222.217

Analysis results written to: 
  IQ-TREE report:                /Users/bushrakhan/Desktop/NIPGR-data/MADS-box-Evolutionary-gene-detection/Simultaneous_Phylogenetic_Analysis/Results_v4/Amborella_trichopoda/Amborella_trichopoda_ClustalO_Bayes.iqtree
  Maximum-likelihood tree:       /Users/bushrakhan/Desktop/NIPGR-data/MADS-box-Evolutionary-gene-detection/Simultaneous_Phylogenetic_Analysis/Results_v4/Amborella_trichopoda/Amborella_trichopoda_ClustalO_Bayes.treefile
  Likelihood distances:          /Users/bushrakhan/Desktop/NIPGR-data/MADS-box-Evolutionary-gene-detection/Simultaneous_Phylogenetic_Analysis/Results_v4/Amborella_trichopoda/Amborella_trichopoda_ClustalO_Bayes.mldist

Ultrafast bootstrap approximation results written to:
  Split support values:          /Users/bushrakhan/Desktop/NIPGR-data/MADS-box-Evolutionary-gene-detection/Simultaneous_Phylogenetic_Analysis/Results_v4/Amborella_trichopoda/Amborella_trichopoda_ClustalO_Bayes.splits.nex
  Consensus tree:                /Users/bushrakhan/Desktop/NIPGR-data/MADS-box-Evolutionary-gene-detection/Simultaneous_Phylogenetic_Analysis/Results_v4/Amborella_trichopoda/Amborella_trichopoda_ClustalO_Bayes.contree
  Screen log file:               /Users/bushrakhan/Desktop/NIPGR-data/MADS-box-Evolutionary-gene-detection/Simultaneous_Phylogenetic_Analysis/Results_v4/Amborella_trichopoda/Amborella_trichopoda_ClustalO_Bayes.log

Date and Time: Mon Apr  6 21:14:04 2026
