IQ-TREE multicore version 2.3.6 for MacOS ARM 64-bit built Jul 30 2024
Developed by Bui Quang Minh, Nguyen Lam Tung, Olga Chernomor, Heiko Schmidt,
Dominik Schrempf, Michael Woodhams, Ly Trong Nhan, Thomas Wong

Host:    Bushras-MacBook-Air.local (SSE4.2, 16 GB RAM)
Command: iqtree2 -s /Users/bushrakhan/Desktop/NIPGR-data/MADS-box-Evolutionary-gene-detection/Simultaneous_Phylogenetic_Analysis/Results_v4/Amborella_trichopoda/Amborella_trichopoda_MAFFT.fa -m MFP -B 1000 -T AUTO --abayes -pre /Users/bushrakhan/Desktop/NIPGR-data/MADS-box-Evolutionary-gene-detection/Simultaneous_Phylogenetic_Analysis/Results_v4/Amborella_trichopoda/Amborella_trichopoda_MAFFT_Bayes -redo
Seed:    626448 (Using SPRNG - Scalable Parallel Random Number Generator)
Time:    Mon Apr  6 18:43:09 2026
Kernel:  SSE2 - auto-detect threads (10 CPU cores detected)

Reading alignment file /Users/bushrakhan/Desktop/NIPGR-data/MADS-box-Evolutionary-gene-detection/Simultaneous_Phylogenetic_Analysis/Results_v4/Amborella_trichopoda/Amborella_trichopoda_MAFFT.fa ... Fasta format detected
Reading fasta file: done in 0.00135303 secs using 76.27% CPU
Alignment most likely contains protein sequences
Alignment has 95 sequences with 629 columns, 591 distinct patterns
349 parsimony-informative, 136 singleton sites, 144 constant sites
                                          Gap/Ambiguity  Composition  p-value
Analyzing sequences: done in 8.10623e-05 secs using 219.6% CPU
   1  evm_27.model.AmTr_v1.0_scaffold00089.36    66.30%    passed     98.22%
   2  evm_27.model.AmTr_v1.0_scaffold00013.60    72.66%    passed     98.59%
   3  evm_27.model.AmTr_v1.0_scaffold00013.53    61.69%    passed     69.39%
   4  evm_27.model.AmTr_v1.0_scaffold00001.409   64.55%    passed     94.72%
   5  evm_27.model.AmTr_v1.0_scaffold00001.461   63.28%    passed     73.74%
   6  evm_27.model.AmTr_v1.0_scaffold00001.225   63.43%    passed     42.42%
   7  evm_27.model.AmTr_v1.0_scaffold00001.413   63.59%    passed     65.11%
   8  evm_27.model.AmTr_v1.0_scaffold00046.134   64.71%    passed     99.24%
   9  evm_27.model.AmTr_v1.0_scaffold00053.185   70.11%    passed     53.14%
  10  evm_27.model.AmTr_v1.0_scaffold00095.150   63.75%    failed      0.30%
  11  evm_27.model.AmTr_v1.0_scaffold00071.203   64.71%    passed     44.03%
  12  evm_27.model.AmTr_v1.0_scaffold00021.296   62.80%    passed     91.16%
  13  evm_27.model.AmTr_v1.0_scaffold00047.121   61.37%    passed     60.89%
  14  evm_27.model.AmTr_v1.0_scaffold00047.105   61.53%    passed     22.46%
  15  evm_27.model.AmTr_v1.0_scaffold00066.97    65.02%    passed     32.20%
  16  evm_27.model.AmTr_v1.0_scaffold00127.17    65.18%    passed     62.99%
  17  AT1G69540.1                                45.31%    passed     25.96%
  18  AT1G59810.1                                55.01%    failed      0.02%
  19  AT5G62165.1                                66.61%    passed     90.50%
  20  AT3G30260.1                                60.41%    passed     23.09%
  21  AT2G22540.1                                61.84%    passed     89.11%
  22  AT5G62165.2                                66.61%    passed     90.50%
  23  AT5G65050.1                                71.07%    passed     63.74%
  24  AT2G03710.3                                70.27%    passed     89.72%
  25  AT5G65080.1                                67.41%    passed     55.56%
  26  AT5G51870.2                                72.66%    passed     34.09%
  27  AT3G54340.1                                63.12%    passed     49.08%
  28  AT2G22540.2                                62.64%    passed     87.60%
  29  AT1G77080.5                                72.50%    passed     31.36%
  30  AT5G60910.1                                61.53%    passed     97.47%
  31  AT1G77980.1                                47.22%    passed     26.30%
  32  AT3G58780.3                                56.60%    passed     81.84%
  33  AT4G09960.3                                59.30%    passed     57.53%
  34  AT5G51860.1                                66.45%    passed     25.69%
  35  AT5G20240.1                                66.93%    passed     13.37%
  36  AT2G03710.2                                59.14%    passed     82.98%
  37  AT5G65080.2                                68.68%    passed     55.85%
  38  AT3G57390.1                                59.30%    passed     82.68%
  39  AT5G65060.2                                70.59%    passed     52.50%
  40  AT3G57230.2                                62.00%    passed     75.58%
  41  AT5G10140.1                                68.84%    passed     18.62%
  42  AT2G42830.2                                60.57%    passed     54.64%
  43  AT2G45660.1                                65.98%    passed     69.57%
  44  AT4G09960.4                                62.80%    passed     40.33%
  45  AT4G22950.1                                65.18%    passed     87.01%
  46  AT5G23260.3                                62.16%    failed      2.94%
  47  AT4G37940.1                                63.75%    passed     98.77%
  48  AT5G15800.2                                58.35%    passed     10.97%
  49  AT5G65050.3                                68.84%    passed     70.09%
  50  AT4G09960.2                                65.66%    passed     32.75%
  51  AT2G22630.1                                63.91%    passed     98.28%
  52  AT5G15800.1                                60.10%    passed     21.53%
  53  AT1G77950.2                                59.94%    passed     53.73%
  54  AT2G03060.2                                38.63%    failed      0.00%
  55  AT5G65070.3                                63.12%    passed     43.93%
  56  AT3G58780.2                                61.69%    passed     81.96%
  57  AT5G51860.2                                67.89%    passed     19.08%
  58  AT1G77950.1                                59.94%    passed     53.73%
  59  AT3G61120.1                                61.21%    passed     30.78%
  60  AT1G24260.2                                60.10%    passed     48.73%
  61  AT5G10140.2                                73.45%    passed     15.30%
  62  AT5G10140.3                                70.43%    passed     21.04%
  63  AT5G65070.2                                63.28%    passed     47.68%
  64  AT5G65070.1                                68.20%    passed     27.85%
  65  AT2G14210.1                                62.80%    passed     93.51%
  66  AT1G24260.1                                60.25%    passed     43.53%
  67  AT5G51870.3                                65.18%    passed     78.37%
  68  AT2G03710.1                                58.98%    passed     82.12%
  69  AT5G65050.2                                71.70%    passed     45.39%
  70  AT5G62165.4                                68.84%    passed     97.74%
  71  AT4G18960.1                                59.94%    passed     32.74%
  72  AT1G69120.1                                59.30%    passed     30.62%
  73  AT4G11880.1                                64.86%    passed     80.72%
  74  AT2G42830.1                                60.89%    passed     55.35%
  75  AT2G45650.1                                59.94%    passed     59.57%
  76  AT3G57230.1                                61.84%    passed     60.28%
  77  AT1G71692.1                                66.45%    passed     52.29%
  78  AT5G10140.4                                71.07%    passed     23.89%
  79  AT3G58780.1                                60.57%    passed     79.87%
  80  AT4G09960.1                                63.43%    passed     37.83%
  81  AT4G24540.1                                65.02%    passed     10.40%
  82  AT5G62165.3                                66.61%    passed     90.50%
  83  AT1G26310.1                                59.46%    passed     86.86%
  84  AT1G24260.3                                62.32%    passed     35.58%
  85  AT1G31140.1                                66.14%    passed     54.36%
  86  AT1G77080.2                                69.48%    passed     65.87%
  87  AT5G23260.2                                59.94%    failed      2.14%
  88  AT1G31140.2                                65.82%    passed     54.00%
  89  AT1G22130.1                                46.74%    passed     13.35%
  90  AT5G23260.1                                60.73%    failed      2.78%
  91  AT1G77080.4                                68.84%    passed     70.53%
  92  AT5G51870.1                                67.09%    passed     64.05%
  93  AT5G13790.1                                57.39%    passed     66.09%
  94  AT5G65060.1                                68.84%    passed     40.91%
  95  AT3G02310.1                                60.25%    passed     19.79%
WARNING: 91 sequences contain more than 50% gaps/ambiguity
****  TOTAL                                      63.40%  6 sequences failed composition chi2 test (p-value<5%; df=19)
NOTE: AT5G62165.2 is identical to AT5G62165.1 but kept for subsequent analysis
NOTE: AT1G77950.1 is identical to AT1G77950.2 but kept for subsequent analysis
NOTE: 1 identical sequences (see below) will be ignored for subsequent analysis
NOTE: AT5G62165.3 (identical to AT5G62165.1) is ignored but added at the end
Alignment was printed to /Users/bushrakhan/Desktop/NIPGR-data/MADS-box-Evolutionary-gene-detection/Simultaneous_Phylogenetic_Analysis/Results_v4/Amborella_trichopoda/Amborella_trichopoda_MAFFT_Bayes.uniqueseq.phy

For your convenience alignment with unique sequences printed to /Users/bushrakhan/Desktop/NIPGR-data/MADS-box-Evolutionary-gene-detection/Simultaneous_Phylogenetic_Analysis/Results_v4/Amborella_trichopoda/Amborella_trichopoda_MAFFT_Bayes.uniqueseq.phy


Create initial parsimony tree by phylogenetic likelihood library (PLL)... 0.023 seconds
Measuring multi-threading efficiency up to 10 CPU cores
Increase to 10 rounds for branch lengths
4 trees examined
Threads: 1 / Time: 11.890 sec / Speedup: 1.000 / Efficiency: 100% / LogL: -41528
Threads: 2 / Time: 7.673 sec / Speedup: 1.550 / Efficiency: 77% / LogL: -41528
Threads: 3 / Time: 5.218 sec / Speedup: 2.279 / Efficiency: 76% / LogL: -41528
Threads: 4 / Time: 4.817 sec / Speedup: 2.468 / Efficiency: 62% / LogL: -41528
Threads: 5 / Time: 4.847 sec / Speedup: 2.453 / Efficiency: 49% / LogL: -41528
BEST NUMBER OF THREADS: 4

Perform fast likelihood tree search using LG+I+G model...
Estimate model parameters (epsilon = 5.000)
Perform nearest neighbor interchange...
Estimate model parameters (epsilon = 1.000)
1. Initial log-likelihood: -24861.304
Optimal log-likelihood: -24860.900
Proportion of invariable sites: 0.009
Gamma shape alpha: 0.891
Parameters optimization took 1 rounds (0.933 sec)
Time for fast ML tree search: 7.573 seconds

NOTE: ModelFinder requires 91 MB RAM!
ModelFinder will test up to 1232 protein models (sample size: 629 epsilon: 0.100) ...
 No. Model         -LnL         df  AIC          AICc         BIC
  1  LG            25955.806    185 52281.612    52436.962    53103.776
  2  LG+I          25871.373    186 52114.746    52272.130    52941.354
  3  LG+G4         24864.959    186 50101.919    50259.304    50928.527
  4  LG+I+G4       24860.830    187 50095.660    50255.098    50926.713
  5  LG+R2         25060.175    187 50494.351    50653.788    51325.403
  6  LG+R3         24937.922    189 50253.845    50417.444    51093.786
  7  LG+R4         24838.322    191 50058.644    50226.479    50907.473
  8  LG+R5         24831.691    193 50049.382    50221.529    50907.100
  9  LG+R6         24819.642    195 50029.283    50205.819    50895.889
 10  LG+R7         24819.187    197 50032.374    50213.377    50907.868
 14  LG+I+R2       25032.122    188 50440.245    50601.754    51275.742
 15  LG+I+R3       24914.205    190 50208.411    50374.119    51052.796
 16  LG+I+R4       24830.151    192 50044.301    50214.283    50897.574
 17  LG+I+R5       24828.108    194 50044.216    50218.548    50906.378
 31  LG+F+R6       24866.557    214 50161.114    50383.385    51112.159
 38  LG+F+I+R4     24878.805    211 50179.610    50394.152    51117.321
 53  WAG+R6        24912.204    195 50214.408    50390.944    51081.013
 60  WAG+I+R4      24925.013    192 50234.026    50404.008    51087.300
 75  WAG+F+R6      24984.206    214 50396.411    50618.682    51347.455
 82  WAG+F+I+R4    24998.833    211 50419.665    50634.207    51357.377
 97  JTT+R6        24770.307    195 49930.614    50107.150    50797.220
104  JTT+I+R4      24786.223    192 49956.445    50126.427    50809.719
119  JTT+F+R6      24768.947    214 49965.893    50188.164    50916.937
126  JTT+F+I+R4    24785.511    211 49993.021    50207.563    50930.733
WARNING: Normalizing state frequencies so that sum of them equals to 1
141  Q.pfam+R6     24809.856    195 50009.711    50186.247    50876.317
WARNING: Normalizing state frequencies so that sum of them equals to 1
148  Q.pfam+I+R4   24819.293    192 50022.587    50192.569    50875.860
WARNING: Normalizing state frequencies so that sum of them equals to 1
163  Q.pfam+F+R6   24836.461    214 50100.923    50323.193    51051.967
WARNING: Normalizing state frequencies so that sum of them equals to 1
170  Q.pfam+F+I+R4 24847.187    211 50116.374    50330.916    51054.086
WARNING: Normalizing state frequencies so that sum of them equals to 1
185  Q.bird+R6     24964.821    195 50319.642    50496.178    51186.247
WARNING: Normalizing state frequencies so that sum of them equals to 1
192  Q.bird+I+R4   24992.841    192 50369.681    50539.663    51222.954
WARNING: Normalizing state frequencies so that sum of them equals to 1
207  Q.bird+F+R6   24929.213    214 50286.427    50508.697    51237.471
WARNING: Normalizing state frequencies so that sum of them equals to 1
214  Q.bird+F+I+R4 24950.550    211 50323.101    50537.643    51260.813
WARNING: Normalizing state frequencies so that sum of them equals to 1
229  Q.mammal+R6   24855.072    195 50100.144    50276.680    50966.750
WARNING: Normalizing state frequencies so that sum of them equals to 1
236  Q.mammal+I+R4 24880.697    192 50145.394    50315.376    50998.667
WARNING: Normalizing state frequencies so that sum of them equals to 1
251  Q.mammal+F+R6 24805.481    214 50038.962    50261.233    50990.006
WARNING: Normalizing state frequencies so that sum of them equals to 1
258  Q.mammal+F+I+R4 24826.539    211 50075.079    50289.621    51012.790
273  Q.insect+R6   24678.623    195 49747.245    49923.781    50613.851
280  Q.insect+I+R4 24694.019    192 49772.038    49942.019    50625.311
295  Q.insect+F+R6 24663.725    214 49755.449    49977.720    50706.493
302  Q.insect+F+I+R4 24679.649    211 49781.297    49995.839    50719.009
WARNING: Normalizing state frequencies so that sum of them equals to 1
317  Q.plant+R6    24764.323    195 49918.646    50095.182    50785.251
WARNING: Normalizing state frequencies so that sum of them equals to 1
324  Q.plant+I+R4  24782.449    192 49948.897    50118.879    50802.171
WARNING: Normalizing state frequencies so that sum of them equals to 1
339  Q.plant+F+R6  24771.255    214 49970.510    50192.781    50921.554
WARNING: Normalizing state frequencies so that sum of them equals to 1
346  Q.plant+F+I+R4 24789.435    211 50000.871    50215.413    50938.583
WARNING: Normalizing state frequencies so that sum of them equals to 1
361  Q.yeast+R6    24783.477    195 49956.955    50133.490    50823.560
WARNING: Normalizing state frequencies so that sum of them equals to 1
368  Q.yeast+I+R4  24795.601    192 49975.203    50145.184    50828.476
WARNING: Normalizing state frequencies so that sum of them equals to 1
383  Q.yeast+F+R6  24751.372    214 49930.744    50153.014    50881.788
WARNING: Normalizing state frequencies so that sum of them equals to 1
390  Q.yeast+F+I+R4 24764.597    211 49951.195    50165.737    50888.906
405  JTTDCMut+R6   24775.949    195 49941.898    50118.434    50808.504
412  JTTDCMut+I+R4 24793.239    192 49970.478    50140.460    50823.752
427  JTTDCMut+F+R6 24775.507    214 49979.013    50201.284    50930.057
434  JTTDCMut+F+I+R4 24793.845    211 50009.690    50224.232    50947.402
449  DCMut+R6      25027.480    195 50444.959    50621.495    51311.565
456  DCMut+I+R4    25048.964    192 50481.928    50651.909    51335.201
471  DCMut+F+R6    24947.228    214 50322.455    50544.726    51273.499
478  DCMut+F+I+R4  24968.261    211 50358.523    50573.065    51296.234
493  VT+R6         24869.360    195 50128.720    50305.256    50995.325
500  VT+I+R4       24879.734    192 50143.468    50313.449    50996.741
515  VT+F+R6       24932.840    214 50293.681    50515.951    51244.725
522  VT+F+I+R4     24943.450    211 50308.900    50523.442    51246.612
537  PMB+R6        25110.264    195 50610.528    50787.064    51477.133
544  PMB+I+R4      25118.594    192 50621.188    50791.169    51474.461
559  PMB+F+R6      25165.033    214 50758.066    50980.337    51709.111
566  PMB+F+I+R4    25175.205    211 50772.410    50986.952    51710.122
581  Blosum62+R6   25115.409    195 50620.818    50797.354    51487.424
588  Blosum62+I+R4 25124.575    192 50633.150    50803.132    51486.424
603  Blosum62+F+R6 25192.849    214 50813.699    51035.969    51764.743
610  Blosum62+F+I+R4 25203.939    211 50829.878    51044.420    51767.590
625  Dayhoff+R6    25027.453    195 50444.907    50621.443    51311.513
632  Dayhoff+I+R4  25048.831    192 50481.662    50651.643    51334.935
647  Dayhoff+F+R6  24947.344    214 50322.687    50544.958    51273.731
654  Dayhoff+F+I+R4 24968.479    211 50358.958    50573.500    51296.669
669  mtREV+R6      25941.102    195 52272.203    52448.739    53138.809
676  mtREV+I+R4    25970.554    192 52325.108    52495.090    53178.382
691  mtREV+F+R6    25222.507    214 50873.014    51095.285    51824.058
698  mtREV+F+I+R4  25246.167    211 50914.333    51128.875    51852.045
713  mtART+R6      26209.723    195 52809.445    52985.981    53676.051
720  mtART+I+R4    26254.284    192 52892.569    53062.550    53745.842
735  mtART+F+R6    25368.889    214 51165.777    51388.048    52116.821
742  mtART+F+I+R4  25398.340    211 51218.680    51433.222    52156.392
757  mtZOA+R6      25704.009    195 51798.018    51974.553    52664.623
764  mtZOA+I+R4    25742.616    192 51869.232    52039.214    52722.505
779  mtZOA+F+R6    25140.452    214 50708.904    50931.175    51659.948
786  mtZOA+F+I+R4  25164.771    211 50751.543    50966.085    51689.254
801  mtMet+R6      25859.483    195 52108.965    52285.501    52975.571
808  mtMet+I+R4    25889.523    192 52163.045    52333.027    53016.318
823  mtMet+F+R6    25027.354    214 50482.707    50704.978    51433.752
830  mtMet+F+I+R4  25046.274    211 50514.548    50729.090    51452.260
845  mtVer+R6      25985.915    195 52361.830    52538.366    53228.436
852  mtVer+I+R4    26020.199    192 52424.397    52594.379    53277.670
867  mtVer+F+R6    25261.833    214 50951.666    51173.936    51902.710
874  mtVer+F+I+R4  25284.191    211 50990.382    51204.924    51928.094
889  mtInv+R6      26086.631    195 52563.262    52739.798    53429.867
896  mtInv+I+R4    26108.958    192 52601.916    52771.898    53455.189
911  mtInv+F+R6    24973.631    214 50375.263    50597.533    51326.307
918  mtInv+F+I+R4  24993.707    211 50409.414    50623.956    51347.125
933  mtMAM+R6      26260.578    195 52911.156    53087.691    53777.761
940  mtMAM+I+R4    26304.227    192 52992.454    53162.436    53845.727
955  mtMAM+F+R6    25466.666    214 51361.331    51583.602    52312.375
962  mtMAM+F+I+R4  25494.077    211 51410.153    51624.695    52347.865
WARNING: Normalizing state frequencies so that sum of them equals to 1
977  FLAVI+R6      25558.887    195 51507.773    51684.309    52374.379
WARNING: Normalizing state frequencies so that sum of them equals to 1
984  FLAVI+I+R4    25589.668    192 51563.336    51733.317    52416.609
WARNING: Normalizing state frequencies so that sum of them equals to 1
999  FLAVI+F+R6    25356.259    214 51140.518    51362.788    52091.562
WARNING: Normalizing state frequencies so that sum of them equals to 1
1006  FLAVI+F+I+R4  25383.242    211 51188.483    51403.025    52126.195
1021  HIVb+R6       25177.226    195 50744.453    50920.989    51611.058
1028  HIVb+I+R4     25205.425    192 50794.849    50964.831    51648.123
1043  HIVb+F+R6     25083.821    214 50595.643    50817.913    51546.687
1050  HIVb+F+I+R4   25113.443    211 50648.885    50863.427    51586.597
1065  HIVw+R6       26051.282    195 52492.564    52669.100    53359.170
1072  HIVw+I+R4     26076.163    192 52536.326    52706.307    53389.599
1087  HIVw+F+R6     25648.470    214 51724.940    51947.210    52675.984
1094  HIVw+F+I+R4   25673.715    211 51769.430    51983.972    52707.141
1109  FLU+R6        25176.443    195 50742.886    50919.422    51609.492
1116  FLU+I+R4      25197.317    192 50778.634    50948.616    51631.907
1131  FLU+F+R6      25167.040    214 50762.080    50984.350    51713.124
1138  FLU+F+I+R4    25187.176    211 50796.352    51010.894    51734.064
1153  rtREV+R6      25033.186    195 50456.373    50632.909    51322.979
1160  rtREV+I+R4    25044.934    192 50473.869    50643.850    51327.142
1175  rtREV+F+R6    24967.197    214 50362.394    50584.665    51313.438
1182  rtREV+F+I+R4  24978.823    211 50379.646    50594.188    51317.357
1197  cpREV+R6      25114.441    195 50618.882    50795.417    51485.487
1204  cpREV+I+R4    25133.766    192 50651.533    50821.514    51504.806
1219  cpREV+F+R6    25249.315    214 50926.631    51148.901    51877.675
1226  cpREV+F+I+R4  25271.549    211 50965.098    51179.640    51902.810
Akaike Information Criterion:           Q.insect+R6
Corrected Akaike Information Criterion: Q.insect+R6
Bayesian Information Criterion:         Q.insect+R6
Best-fit model: Q.insect+R6 chosen according to BIC

All model information printed to /Users/bushrakhan/Desktop/NIPGR-data/MADS-box-Evolutionary-gene-detection/Simultaneous_Phylogenetic_Analysis/Results_v4/Amborella_trichopoda/Amborella_trichopoda_MAFFT_Bayes.model.gz
CPU time for ModelFinder: 3486.621 seconds (0h:58m:6s)
Wall-clock time for ModelFinder: 1126.890 seconds (0h:18m:46s)
Generating 1000 samples for ultrafast bootstrap (seed: 626448)...

NOTE: 55 MB RAM (0 GB) is required!
Estimate model parameters (epsilon = 0.100)
1. Initial log-likelihood: -24702.235
2. Current log-likelihood: -24680.196
3. Current log-likelihood: -24678.830
4. Current log-likelihood: -24678.669
Optimal log-likelihood: -24678.624
Site proportion and rates:  (0.061,0.041) (0.101,0.170) (0.173,0.391) (0.187,0.806) (0.277,1.139) (0.201,2.224)
Parameters optimization took 4 rounds (10.300 sec)
Wrote distance file to... 
Computing ML distances based on estimated model parameters...
Calculating distance matrix: done in 0.943406 secs using 396.5% CPU
Computing ML distances took 0.943603 sec (of wall-clock time) 3.741097 sec (of CPU time)
Setting up auxiliary I and S matrices: done in 0.000178814 secs using 264% CPU
Computing RapidNJ tree took 0.006273 sec (of wall-clock time) 0.005845 sec (of CPU time)
Log-likelihood of RapidNJ tree: -24928.094
--------------------------------------------------------------------
|             INITIALIZING CANDIDATE TREE SET                      |
--------------------------------------------------------------------
Generating 98 parsimony trees... 2.712 second
Computing log-likelihood of 98 initial trees ... 21.303 seconds
Current best score: -24678.624

Do NNI search on 20 best initial trees
Estimate model parameters (epsilon = 0.100)
BETTER TREE FOUND at iteration 1: -24675.256
Estimate model parameters (epsilon = 0.100)
BETTER TREE FOUND at iteration 6: -24674.788
Estimate model parameters (epsilon = 0.100)
BETTER TREE FOUND at iteration 8: -24671.752
Estimate model parameters (epsilon = 0.100)
BETTER TREE FOUND at iteration 9: -24671.250
Iteration 10 / LogL: -24684.403 / Time: 0h:20m:44s
Estimate model parameters (epsilon = 0.100)
BETTER TREE FOUND at iteration 15: -24669.643
Iteration 20 / LogL: -24690.444 / Time: 0h:22m:8s
Finish initializing candidate tree set (20)
Current best tree score: -24669.643 / CPU time: 188.647
Number of iterations: 20
--------------------------------------------------------------------
|               OPTIMIZING CANDIDATE TREE SET                      |
--------------------------------------------------------------------
Iteration 30 / LogL: -24671.521 / Time: 0h:23m:33s (0h:14m:0s left)
Estimate model parameters (epsilon = 0.100)
BETTER TREE FOUND at iteration 37: -24669.576
Iteration 40 / LogL: -24669.665 / Time: 0h:24m:58s (0h:15m:23s left)
Iteration 50 / LogL: -24669.651 / Time: 0h:26m:22s (0h:13m:28s left)
Log-likelihood cutoff on original alignment: -24719.015
BETTER TREE FOUND at iteration 55: -24669.575
Iteration 60 / LogL: -24677.176 / Time: 0h:27m:39s (0h:14m:16s left)
Iteration 70 / LogL: -24669.651 / Time: 0h:29m:2s (0h:12m:38s left)
Estimate model parameters (epsilon = 0.100)
BETTER TREE FOUND at iteration 72: -24669.355
Estimate model parameters (epsilon = 0.100)
BETTER TREE FOUND at iteration 75: -24669.276
Iteration 80 / LogL: -24669.597 / Time: 0h:30m:27s (0h:14m:2s left)
Iteration 90 / LogL: -24669.353 / Time: 0h:31m:47s (0h:12m:25s left)
Iteration 100 / LogL: -24669.372 / Time: 0h:33m:10s (0h:10m:54s left)
Log-likelihood cutoff on original alignment: -24719.015
NOTE: Bootstrap correlation coefficient of split occurrence frequencies: 0.998
Estimate model parameters (epsilon = 0.100)
BETTER TREE FOUND at iteration 106: -24669.176
Iteration 110 / LogL: -24669.232 / Time: 0h:34m:30s (0h:13m:51s left)
UPDATE BEST LOG-LIKELIHOOD: -24669.172
Iteration 120 / LogL: -24669.204 / Time: 0h:35m:49s (0h:12m:18s left)
UPDATE BEST LOG-LIKELIHOOD: -24669.172
Iteration 130 / LogL: -24669.172 / Time: 0h:37m:6s (0h:10m:48s left)
UPDATE BEST LOG-LIKELIHOOD: -24669.172
Iteration 140 / LogL: -24669.174 / Time: 0h:38m:22s (0h:9m:18s left)
Iteration 150 / LogL: -24669.233 / Time: 0h:39m:44s (0h:7m:52s left)
Log-likelihood cutoff on original alignment: -24719.015
Iteration 160 / LogL: -24669.203 / Time: 0h:41m:2s (0h:6m:26s left)
Iteration 170 / LogL: -24670.559 / Time: 0h:42m:24s (0h:5m:1s left)
Iteration 180 / LogL: -24674.972 / Time: 0h:43m:40s (0h:3m:36s left)
Iteration 190 / LogL: -24670.532 / Time: 0h:45m:0s (0h:2m:13s left)
Iteration 200 / LogL: -24670.862 / Time: 0h:46m:20s (0h:0m:49s left)
Log-likelihood cutoff on original alignment: -24719.015
NOTE: Bootstrap correlation coefficient of split occurrence frequencies: 0.996
TREE SEARCH COMPLETED AFTER 207 ITERATIONS / Time: 0h:47m:18s

--------------------------------------------------------------------
|                    FINALIZING TREE SEARCH                        |
--------------------------------------------------------------------
Performs final model parameters optimization
Estimate model parameters (epsilon = 0.010)
1. Initial log-likelihood: -24669.172
Optimal log-likelihood: -24669.158
Site proportion and rates:  (0.060,0.039) (0.101,0.172) (0.167,0.381) (0.188,0.768) (0.281,1.135) (0.204,2.221)
Parameters optimization took 1 rounds (2.391 sec)
BEST SCORE FOUND : -24669.158

Testing tree branches by aBayes parametric test...
0.876 sec.
Creating bootstrap support values...
Split supports printed to NEXUS file /Users/bushrakhan/Desktop/NIPGR-data/MADS-box-Evolutionary-gene-detection/Simultaneous_Phylogenetic_Analysis/Results_v4/Amborella_trichopoda/Amborella_trichopoda_MAFFT_Bayes.splits.nex
Total tree length: 63.639

Total number of iterations: 207
CPU time used for tree search: 5064.533 sec (1h:24m:24s)
Wall-clock time used for tree search: 1698.650 sec (0h:28m:18s)
Total CPU time used: 8603.600 sec (2h:23m:23s)
Total wall-clock time used: 2842.238 sec (0h:47m:22s)

Computing bootstrap consensus tree...
Reading input file /Users/bushrakhan/Desktop/NIPGR-data/MADS-box-Evolutionary-gene-detection/Simultaneous_Phylogenetic_Analysis/Results_v4/Amborella_trichopoda/Amborella_trichopoda_MAFFT_Bayes.splits.nex...
94 taxa and 535 splits.
Consensus tree written to /Users/bushrakhan/Desktop/NIPGR-data/MADS-box-Evolutionary-gene-detection/Simultaneous_Phylogenetic_Analysis/Results_v4/Amborella_trichopoda/Amborella_trichopoda_MAFFT_Bayes.contree
Reading input trees file /Users/bushrakhan/Desktop/NIPGR-data/MADS-box-Evolutionary-gene-detection/Simultaneous_Phylogenetic_Analysis/Results_v4/Amborella_trichopoda/Amborella_trichopoda_MAFFT_Bayes.contree
Log-likelihood of consensus tree: -24669.166

Analysis results written to: 
  IQ-TREE report:                /Users/bushrakhan/Desktop/NIPGR-data/MADS-box-Evolutionary-gene-detection/Simultaneous_Phylogenetic_Analysis/Results_v4/Amborella_trichopoda/Amborella_trichopoda_MAFFT_Bayes.iqtree
  Maximum-likelihood tree:       /Users/bushrakhan/Desktop/NIPGR-data/MADS-box-Evolutionary-gene-detection/Simultaneous_Phylogenetic_Analysis/Results_v4/Amborella_trichopoda/Amborella_trichopoda_MAFFT_Bayes.treefile
  Likelihood distances:          /Users/bushrakhan/Desktop/NIPGR-data/MADS-box-Evolutionary-gene-detection/Simultaneous_Phylogenetic_Analysis/Results_v4/Amborella_trichopoda/Amborella_trichopoda_MAFFT_Bayes.mldist

Ultrafast bootstrap approximation results written to:
  Split support values:          /Users/bushrakhan/Desktop/NIPGR-data/MADS-box-Evolutionary-gene-detection/Simultaneous_Phylogenetic_Analysis/Results_v4/Amborella_trichopoda/Amborella_trichopoda_MAFFT_Bayes.splits.nex
  Consensus tree:                /Users/bushrakhan/Desktop/NIPGR-data/MADS-box-Evolutionary-gene-detection/Simultaneous_Phylogenetic_Analysis/Results_v4/Amborella_trichopoda/Amborella_trichopoda_MAFFT_Bayes.contree
  Screen log file:               /Users/bushrakhan/Desktop/NIPGR-data/MADS-box-Evolutionary-gene-detection/Simultaneous_Phylogenetic_Analysis/Results_v4/Amborella_trichopoda/Amborella_trichopoda_MAFFT_Bayes.log

Date and Time: Mon Apr  6 19:30:34 2026
