IQ-TREE multicore version 2.3.6 for MacOS ARM 64-bit built Jul 30 2024
Developed by Bui Quang Minh, Nguyen Lam Tung, Olga Chernomor, Heiko Schmidt,
Dominik Schrempf, Michael Woodhams, Ly Trong Nhan, Thomas Wong

Host:    Bushras-MacBook-Air.local (SSE4.2, 16 GB RAM)
Command: iqtree2 -s /Users/bushrakhan/Desktop/NIPGR-data/MADS-box-Evolutionary-gene-detection/Simultaneous_Phylogenetic_Analysis/Results_v4/Prunus_persica/Prunus_persica_ClustalO.fa -m LG+G -B 1000 -T AUTO --abayes -pre /Users/bushrakhan/Desktop/NIPGR-data/MADS-box-Evolutionary-gene-detection/Simultaneous_Phylogenetic_Analysis/Results_v4/Prunus_persica/Prunus_persica_ClustalO_Bayes -redo
Seed:    880531 (Using SPRNG - Scalable Parallel Random Number Generator)
Time:    Tue Apr  7 20:17:13 2026
Kernel:  SSE2 - auto-detect threads (10 CPU cores detected)

Reading alignment file /Users/bushrakhan/Desktop/NIPGR-data/MADS-box-Evolutionary-gene-detection/Simultaneous_Phylogenetic_Analysis/Results_v4/Prunus_persica/Prunus_persica_ClustalO.fa ... Fasta format detected
Reading fasta file: done in 0.00155401 secs using 76.25% CPU
Alignment most likely contains protein sequences
Alignment has 114 sequences with 611 columns, 602 distinct patterns
390 parsimony-informative, 158 singleton sites, 63 constant sites
                    Gap/Ambiguity  Composition  p-value
Analyzing sequences: done in 8.58307e-05 secs using 238.8% CPU
   1  Prupe.2G151000.1.p   60.07%    passed     96.69%
   2  Prupe.2G287500.1.p   64.48%    passed     76.73%
   3  Prupe.2G287000.1.p   60.88%    passed     71.35%
   4  Prupe.2G023100.1.p   58.43%    passed     59.77%
   5  Prupe.2G151200.1.p   64.81%    passed     86.34%
   6  Prupe.8G069300.1.p   63.50%    passed     70.72%
   7  Prupe.8G073700.1.p   59.90%    passed     92.76%
   8  Prupe.6G208900.1.p   65.63%    passed     92.81%
   9  Prupe.6G199000.1.p   62.68%    passed     85.68%
  10  Prupe.4G113500.1.p   54.66%    passed     10.26%
  11  Prupe.4G070500.1.p   60.23%    passed     15.81%
  12  Prupe.5G208500.1.p   58.27%    passed     98.24%
  13  Prupe.5G087500.1.p   64.32%    passed     81.83%
  14  Prupe.5G208400.1.p   58.92%    passed     35.25%
  15  Prupe.5G149400.1.p   66.94%    passed     47.38%
  16  Prupe.7G055900.1.p   61.37%    passed     96.03%
  17  Prupe.7G164100.1.p   61.05%    failed      2.82%
  18  Prupe.3G307800.1.p   61.37%    passed     90.00%
  19  Prupe.3G170600.1.p   60.07%    passed     21.59%
  20  Prupe.3G249400.1.p   59.74%    passed     77.99%
  21  Prupe.3G249300.1.p   47.46%    passed     58.62%
  22  Prupe.1G531400.1.p   61.21%    passed     55.90%
  23  Prupe.1G427500.1.p   48.61%    passed     32.70%
  24  Prupe.1G223600.1.p   60.72%    passed     93.49%
  25  Prupe.1G290500.1.p   59.25%    passed     85.70%
  26  Prupe.1G290600.1.p   61.05%    passed     70.49%
  27  Prupe.1G531600.1.p   61.70%    passed     31.39%
  28  Prupe.1G276600.1.p   42.72%    failed      2.42%
  29  Prupe.1G371300.1.p   66.78%    passed     68.13%
  30  Prupe.1G549600.1.p   63.67%    passed     66.62%
  31  Prupe.1G511300.1.p   42.06%    failed      0.16%
  32  Prupe.1G548000.1.p   66.61%    passed     27.11%
  33  Prupe.1G531700.1.p   61.05%    passed     58.66%
  34  Prupe.1G531100.1.p   41.90%    failed      2.66%
  35  Prupe.1G489400.1.p   65.63%    passed     94.36%
  36  AT5G65080.1          66.45%    passed     56.65%
  37  AT5G65050.2          70.87%    passed     47.22%
  38  AT2G03710.3          69.39%    passed     83.89%
  39  AT5G20240.1          65.96%    passed     10.24%
  40  AT4G09960.3          58.10%    passed     55.30%
  41  AT3G58780.1          59.41%    passed     82.83%
  42  AT5G15800.1          58.92%    passed     21.23%
  43  AT5G62165.1          65.63%    passed     89.29%
  44  AT3G58780.2          60.56%    passed     84.66%
  45  AT5G23260.2          58.76%    failed      2.32%
  46  AT5G23260.1          59.57%    failed      2.95%
  47  AT5G65060.1          67.92%    passed     41.77%
  48  AT1G24260.3          61.21%    passed     37.65%
  49  AT5G65070.1          67.27%    passed     26.69%
  50  AT5G10140.2          72.67%    passed     15.90%
  51  AT3G57230.1          60.72%    passed     63.25%
  52  AT1G77080.5          71.69%    passed     31.58%
  53  AT5G51870.1          66.12%    passed     60.71%
  54  AT5G62165.3          65.63%    passed     89.29%
  55  AT3G58780.3          55.32%    passed     82.88%
  56  AT5G65050.3          67.92%    passed     72.31%
  57  AT4G09960.4          61.70%    passed     40.54%
  58  AT5G65060.2          69.72%    passed     52.40%
  59  AT2G03710.1          57.77%    passed     80.50%
  60  AT2G22540.1          60.72%    passed     90.72%
  61  AT2G03060.2          36.82%    failed      0.01%
  62  AT1G77950.1          58.76%    passed     58.49%
  63  AT1G77950.2          58.76%    passed     58.49%
  64  AT1G24260.2          58.92%    passed     49.92%
  65  AT5G23260.3          61.05%    failed      3.07%
  66  AT4G37940.1          62.68%    passed     98.54%
  67  AT1G26310.1          58.27%    passed     85.51%
  68  AT5G51860.1          65.47%    passed     22.36%
  69  AT5G62165.4          67.92%    passed     97.13%
  70  AT2G14210.1          61.70%    passed     94.27%
  71  AT1G59810.1          53.68%    failed      0.01%
  72  AT4G09960.2          64.65%    passed     32.45%
  73  AT5G51870.3          64.16%    passed     74.90%
  74  AT1G71692.1          65.47%    passed     55.76%
  75  AT3G02310.1          59.08%    passed     19.38%
  76  AT5G65050.1          70.21%    passed     64.92%
  77  AT4G09960.1          62.36%    passed     37.93%
  78  AT2G42830.1          59.74%    passed     57.94%
  79  AT3G57390.1          58.10%    passed     85.63%
  80  AT5G10140.3          69.56%    passed     21.31%
  81  AT1G22130.1          45.17%    passed     17.25%
  82  AT1G77080.4          67.92%    passed     72.43%
  83  AT3G54340.1          62.03%    passed     38.83%
  84  AT5G65070.3          62.03%    passed     44.12%
  85  AT4G18960.1          58.76%    passed     37.36%
  86  AT1G69540.1          43.70%    passed     23.07%
  87  AT1G31140.1          65.14%    passed     46.23%
  88  AT5G10140.4          70.21%    passed     25.32%
  89  AT4G22950.1          64.16%    passed     88.17%
  90  AT2G03710.2          57.94%    passed     81.19%
  91  AT1G77080.2          68.58%    passed     72.76%
  92  AT1G31140.2          64.81%    passed     45.56%
  93  AT2G42830.2          59.41%    passed     57.21%
  94  AT5G13790.1          56.14%    passed     70.01%
  95  AT1G77980.1          45.66%    passed     27.62%
  96  AT5G60910.1          60.39%    passed     97.43%
  97  AT5G65070.2          62.19%    passed     46.01%
  98  AT5G10140.1          67.92%    passed     20.26%
  99  AT5G15800.2          57.12%    passed      9.46%
 100  AT5G65080.2          67.76%    passed     55.92%
 101  AT2G45650.1          58.76%    passed     62.59%
 102  AT2G22630.1          62.85%    passed     98.27%
 103  AT3G30260.1          59.25%    passed     24.77%
 104  AT4G11880.1          63.83%    passed     80.47%
 105  AT5G51860.2          66.94%    passed     17.08%
 106  AT5G62165.2          65.63%    passed     89.29%
 107  AT4G24540.1          63.99%    passed      8.86%
 108  AT2G45660.1          64.98%    passed     70.48%
 109  AT1G24260.1          59.08%    passed     44.63%
 110  AT3G57230.2          60.88%    passed     77.35%
 111  AT1G69120.1          58.10%    passed     30.56%
 112  AT5G51870.2          71.85%    passed     30.27%
 113  AT2G22540.2          61.54%    passed     88.28%
 114  AT3G61120.1          60.07%    passed     28.99%
WARNING: 105 sequences contain more than 50% gaps/ambiguity
****  TOTAL                61.23%  9 sequences failed composition chi2 test (p-value<5%; df=19)
NOTE: AT5G62165.3 is identical to AT5G62165.1 but kept for subsequent analysis
NOTE: AT1G77950.2 is identical to AT1G77950.1 but kept for subsequent analysis
NOTE: 1 identical sequences (see below) will be ignored for subsequent analysis
NOTE: AT5G62165.2 (identical to AT5G62165.1) is ignored but added at the end
Alignment was printed to /Users/bushrakhan/Desktop/NIPGR-data/MADS-box-Evolutionary-gene-detection/Simultaneous_Phylogenetic_Analysis/Results_v4/Prunus_persica/Prunus_persica_ClustalO_Bayes.uniqueseq.phy

For your convenience alignment with unique sequences printed to /Users/bushrakhan/Desktop/NIPGR-data/MADS-box-Evolutionary-gene-detection/Simultaneous_Phylogenetic_Analysis/Results_v4/Prunus_persica/Prunus_persica_ClustalO_Bayes.uniqueseq.phy

Create initial parsimony tree by phylogenetic likelihood library (PLL)... 0.036 seconds
Generating 1000 samples for ultrafast bootstrap (seed: 880531)...

NOTE: 45 MB RAM (0 GB) is required!
Measuring multi-threading efficiency up to 10 CPU cores
Increase to 10 rounds for branch lengths
3 trees examined
Threads: 1 / Time: 10.812 sec / Speedup: 1.000 / Efficiency: 100% / LogL: -52396
Threads: 2 / Time: 6.976 sec / Speedup: 1.550 / Efficiency: 77% / LogL: -52396
Threads: 3 / Time: 4.785 sec / Speedup: 2.260 / Efficiency: 75% / LogL: -52396
Threads: 4 / Time: 4.751 sec / Speedup: 2.276 / Efficiency: 57% / LogL: -52396
Threads: 5 / Time: 4.744 sec / Speedup: 2.279 / Efficiency: 46% / LogL: -52396
BEST NUMBER OF THREADS: 3

Estimate model parameters (epsilon = 0.100)
1. Initial log-likelihood: -34284.380
2. Current log-likelihood: -32532.563
3. Current log-likelihood: -32472.959
4. Current log-likelihood: -32469.994
5. Current log-likelihood: -32469.766
Optimal log-likelihood: -32469.730
Gamma shape alpha: 0.932
Parameters optimization took 5 rounds (4.736 sec)
Wrote distance file to... 
Computing ML distances based on estimated model parameters...
Calculating distance matrix: done in 1.03686 secs using 298.1% CPU
Computing ML distances took 1.037112 sec (of wall-clock time) 3.090907 sec (of CPU time)
Setting up auxiliary I and S matrices: done in 0.000179052 secs using 186.5% CPU
Computing RapidNJ tree took 0.005201 sec (of wall-clock time) 0.006019 sec (of CPU time)
Log-likelihood of RapidNJ tree: -32599.400
--------------------------------------------------------------------
|             INITIALIZING CANDIDATE TREE SET                      |
--------------------------------------------------------------------
Generating 98 parsimony trees... 3.476 second
Computing log-likelihood of 98 initial trees ... 19.413 seconds
Current best score: -32469.730

Do NNI search on 20 best initial trees
Estimate model parameters (epsilon = 0.100)
BETTER TREE FOUND at iteration 1: -32431.517
Estimate model parameters (epsilon = 0.100)
BETTER TREE FOUND at iteration 2: -32423.288
Estimate model parameters (epsilon = 0.100)
BETTER TREE FOUND at iteration 10: -32422.151
Iteration 10 / LogL: -32422.151 / Time: 0h:2m:3s
Estimate model parameters (epsilon = 0.100)
BETTER TREE FOUND at iteration 20: -32421.854
Iteration 20 / LogL: -32421.854 / Time: 0h:3m:8s
Finish initializing candidate tree set (15)
Current best tree score: -32421.854 / CPU time: 149.194
Number of iterations: 20
--------------------------------------------------------------------
|               OPTIMIZING CANDIDATE TREE SET                      |
--------------------------------------------------------------------
Iteration 30 / LogL: -32429.273 / Time: 0h:4m:10s (0h:12m:57s left)
Estimate model parameters (epsilon = 0.100)
UPDATE BEST LOG-LIKELIHOOD: -32421.795
Iteration 40 / LogL: -32421.795 / Time: 0h:5m:9s (0h:10m:34s left)
Iteration 50 / LogL: -32422.863 / Time: 0h:6m:15s (0h:8m:56s left)
Log-likelihood cutoff on original alignment: -32458.972
UPDATE BEST LOG-LIKELIHOOD: -32421.790
UPDATE BEST LOG-LIKELIHOOD: -32421.786
UPDATE BEST LOG-LIKELIHOOD: -32421.786
Iteration 60 / LogL: -32423.481 / Time: 0h:7m:20s (0h:7m:28s left)
Iteration 70 / LogL: -32423.156 / Time: 0h:8m:22s (0h:6m:4s left)
UPDATE BEST LOG-LIKELIHOOD: -32421.783
Iteration 80 / LogL: -32421.815 / Time: 0h:9m:21s (0h:4m:44s left)
Iteration 90 / LogL: -32428.232 / Time: 0h:10m:24s (0h:3m:30s left)
Iteration 100 / LogL: -32425.699 / Time: 0h:11m:21s (0h:2m:17s left)
Log-likelihood cutoff on original alignment: -32458.972
NOTE: Bootstrap correlation coefficient of split occurrence frequencies: 0.998
Iteration 110 / LogL: -32422.370 / Time: 0h:12m:24s (0h:10m:14s left)
Iteration 120 / LogL: -32421.795 / Time: 0h:13m:26s (0h:9m:2s left)
TREE SEARCH COMPLETED AFTER 121 ITERATIONS / Time: 0h:13m:33s

--------------------------------------------------------------------
|                    FINALIZING TREE SEARCH                        |
--------------------------------------------------------------------
Performs final model parameters optimization
Estimate model parameters (epsilon = 0.010)
1. Initial log-likelihood: -32421.783
Optimal log-likelihood: -32421.783
Gamma shape alpha: 0.935
Parameters optimization took 1 rounds (0.527 sec)
BEST SCORE FOUND : -32421.783

Testing tree branches by aBayes parametric test...
0.809 sec.
Creating bootstrap support values...
Split supports printed to NEXUS file /Users/bushrakhan/Desktop/NIPGR-data/MADS-box-Evolutionary-gene-detection/Simultaneous_Phylogenetic_Analysis/Results_v4/Prunus_persica/Prunus_persica_ClustalO_Bayes.splits.nex
Total tree length: 61.182

Total number of iterations: 121
CPU time used for tree search: 1745.165 sec (0h:29m:5s)
Wall-clock time used for tree search: 774.471 sec (0h:12m:54s)
Total CPU time used: 1827.493 sec (0h:30m:27s)
Total wall-clock time used: 815.179 sec (0h:13m:35s)

Computing bootstrap consensus tree...
Reading input file /Users/bushrakhan/Desktop/NIPGR-data/MADS-box-Evolutionary-gene-detection/Simultaneous_Phylogenetic_Analysis/Results_v4/Prunus_persica/Prunus_persica_ClustalO_Bayes.splits.nex...
113 taxa and 482 splits.
Consensus tree written to /Users/bushrakhan/Desktop/NIPGR-data/MADS-box-Evolutionary-gene-detection/Simultaneous_Phylogenetic_Analysis/Results_v4/Prunus_persica/Prunus_persica_ClustalO_Bayes.contree
Reading input trees file /Users/bushrakhan/Desktop/NIPGR-data/MADS-box-Evolutionary-gene-detection/Simultaneous_Phylogenetic_Analysis/Results_v4/Prunus_persica/Prunus_persica_ClustalO_Bayes.contree
Log-likelihood of consensus tree: -32422.087

Analysis results written to: 
  IQ-TREE report:                /Users/bushrakhan/Desktop/NIPGR-data/MADS-box-Evolutionary-gene-detection/Simultaneous_Phylogenetic_Analysis/Results_v4/Prunus_persica/Prunus_persica_ClustalO_Bayes.iqtree
  Maximum-likelihood tree:       /Users/bushrakhan/Desktop/NIPGR-data/MADS-box-Evolutionary-gene-detection/Simultaneous_Phylogenetic_Analysis/Results_v4/Prunus_persica/Prunus_persica_ClustalO_Bayes.treefile
  Likelihood distances:          /Users/bushrakhan/Desktop/NIPGR-data/MADS-box-Evolutionary-gene-detection/Simultaneous_Phylogenetic_Analysis/Results_v4/Prunus_persica/Prunus_persica_ClustalO_Bayes.mldist

Ultrafast bootstrap approximation results written to:
  Split support values:          /Users/bushrakhan/Desktop/NIPGR-data/MADS-box-Evolutionary-gene-detection/Simultaneous_Phylogenetic_Analysis/Results_v4/Prunus_persica/Prunus_persica_ClustalO_Bayes.splits.nex
  Consensus tree:                /Users/bushrakhan/Desktop/NIPGR-data/MADS-box-Evolutionary-gene-detection/Simultaneous_Phylogenetic_Analysis/Results_v4/Prunus_persica/Prunus_persica_ClustalO_Bayes.contree
  Screen log file:               /Users/bushrakhan/Desktop/NIPGR-data/MADS-box-Evolutionary-gene-detection/Simultaneous_Phylogenetic_Analysis/Results_v4/Prunus_persica/Prunus_persica_ClustalO_Bayes.log

Date and Time: Tue Apr  7 20:30:51 2026
