IQ-TREE multicore version 2.3.6 for MacOS ARM 64-bit built Jul 30 2024
Developed by Bui Quang Minh, Nguyen Lam Tung, Olga Chernomor, Heiko Schmidt,
Dominik Schrempf, Michael Woodhams, Ly Trong Nhan, Thomas Wong

Host:    Bushras-MacBook-Air.local (SSE4.2, 16 GB RAM)
Command: iqtree2 -s /Users/bushrakhan/Desktop/NIPGR-data/MADS-box-Evolutionary-gene-detection/Simultaneous_Phylogenetic_Analysis/Results_v4/Prunus_persica/Prunus_persica_MUSCLE.fa -m JTT+G -B 1000 -T AUTO -pre /Users/bushrakhan/Desktop/NIPGR-data/MADS-box-Evolutionary-gene-detection/Simultaneous_Phylogenetic_Analysis/Results_v4/Prunus_persica/Prunus_persica_MUSCLE_NJ -redo
Seed:    986282 (Using SPRNG - Scalable Parallel Random Number Generator)
Time:    Tue Apr  7 18:58:45 2026
Kernel:  SSE2 - auto-detect threads (10 CPU cores detected)

Reading alignment file /Users/bushrakhan/Desktop/NIPGR-data/MADS-box-Evolutionary-gene-detection/Simultaneous_Phylogenetic_Analysis/Results_v4/Prunus_persica/Prunus_persica_MUSCLE.fa ... Fasta format detected
Reading fasta file: done in 0.00268579 secs using 80.68% CPU
Alignment most likely contains protein sequences
Alignment has 114 sequences with 1159 columns, 882 distinct patterns
323 parsimony-informative, 292 singleton sites, 544 constant sites
                    Gap/Ambiguity  Composition  p-value
Analyzing sequences: done in 8.60691e-05 secs using 302.1% CPU
   1  AT1G69540.1          70.32%    passed     60.75%
   2  Prupe.1G276600.1.p   69.80%    passed     10.21%
   3  AT2G03060.2          66.70%    failed      0.21%
   4  AT1G59810.1          75.58%    failed      0.13%
   5  Prupe.1G427500.1.p   72.91%    passed     50.54%
   6  AT1G77980.1          71.35%    passed     42.53%
   7  AT1G77950.1          78.26%    passed     46.99%
   8  AT1G77950.2          78.26%    passed     46.99%
   9  Prupe.1G511300.1.p   69.46%    failed      1.54%
  10  AT1G22130.1          71.10%    passed     31.75%
  11  AT1G31140.1          81.62%    passed     84.94%
  12  AT1G31140.2          81.45%    passed     83.91%
  13  Prupe.4G113500.1.p   76.10%    passed     15.20%
  14  Prupe.8G069300.1.p   80.76%    passed     42.06%
  15  Prupe.1G531400.1.p   79.55%    passed     23.44%
  16  Prupe.1G531600.1.p   79.81%    passed      7.31%
  17  Prupe.1G531700.1.p   79.47%    passed     24.77%
  18  Prupe.1G531100.1.p   69.37%    failed      2.16%
  19  AT4G24540.1          81.02%    failed      2.01%
  20  Prupe.6G199000.1.p   80.33%    passed     36.31%
  21  AT2G22540.1          79.29%    passed     59.62%
  22  AT2G22540.2          79.72%    passed     55.40%
  23  AT3G30260.1          78.52%    passed     19.41%
  24  AT5G51870.2          85.16%    passed     28.66%
  25  AT2G42830.1          78.77%    passed     35.96%
  26  AT2G42830.2          78.60%    passed     35.03%
  27  AT3G58780.3          76.45%    passed     66.08%
  28  AT3G58780.1          78.60%    passed     67.37%
  29  AT3G58780.2          79.21%    passed     71.45%
  30  Prupe.3G170600.1.p   78.95%    passed     12.26%
  31  Prupe.4G070500.1.p   79.03%    passed     10.10%
  32  AT4G18960.1          78.26%    passed     23.73%
  33  Prupe.1G549600.1.p   80.85%    passed     43.19%
  34  AT4G09960.2          81.36%    passed     21.38%
  35  AT4G09960.4          79.81%    passed     23.25%
  36  AT4G09960.3          77.91%    passed     34.75%
  37  AT4G09960.1          80.16%    passed     22.75%
  38  AT4G22950.1          81.10%    passed     55.74%
  39  AT4G11880.1          80.93%    passed     56.59%
  40  AT1G71692.1          81.79%    passed     63.40%
  41  Prupe.1G548000.1.p   82.40%    passed     30.78%
  42  AT5G51860.1          81.79%    passed     16.22%
  43  AT5G51860.2          82.57%    passed     10.26%
  44  Prupe.5G087500.1.p   81.19%    passed     72.70%
  45  Prupe.2G151200.1.p   81.45%    passed     56.27%
  46  AT5G62165.1          81.88%    passed     63.87%
  47  AT5G62165.3          81.88%    passed     63.87%
  48  AT5G62165.2          81.88%    passed     63.87%
  49  AT5G62165.4          83.09%    passed     86.69%
  50  AT5G51870.1          82.14%    passed     39.35%
  51  AT5G51870.3          81.10%    passed     50.06%
  52  Prupe.2G287500.1.p   81.28%    passed     46.74%
  53  AT2G45660.1          81.54%    passed     52.41%
  54  Prupe.7G055900.1.p   79.64%    passed     85.66%
  55  Prupe.3G249300.1.p   72.30%    passed     45.43%
  56  Prupe.3G307800.1.p   79.64%    passed     60.57%
  57  AT5G60910.1          79.12%    passed     87.76%
  58  AT5G13790.1          76.88%    passed     37.94%
  59  Prupe.2G287000.1.p   79.38%    passed     44.94%
  60  Prupe.2G023100.1.p   78.08%    passed     25.55%
  61  AT3G61120.1          78.95%    passed     22.81%
  62  Prupe.2G151000.1.p   78.95%    passed     98.80%
  63  AT2G45650.1          78.26%    passed     84.56%
  64  Prupe.5G149400.1.p   82.57%    passed     35.90%
  65  AT3G57390.1          77.91%    passed     53.83%
  66  Prupe.1G290500.1.p   78.52%    passed     82.55%
  67  AT3G57230.2          79.38%    passed     57.57%
  68  AT4G37940.1          80.33%    passed     90.55%
  69  AT2G22630.1          80.41%    passed     88.61%
  70  AT3G57230.1          79.29%    passed     48.69%
  71  AT3G02310.1          78.43%    passed     27.42%
  72  AT5G15800.1          78.34%    passed     24.63%
  73  AT5G15800.2          77.39%    passed     17.95%
  74  Prupe.3G249400.1.p   78.77%    passed     63.90%
  75  Prupe.5G208400.1.p   78.34%    passed     49.68%
  76  AT2G14210.1          79.81%    passed     72.10%
  77  Prupe.8G073700.1.p   78.86%    passed     66.57%
  78  Prupe.6G208900.1.p   81.88%    passed     79.01%
  79  Prupe.5G208500.1.p   78.00%    passed     96.13%
  80  AT1G26310.1          78.00%    passed     79.41%
  81  Prupe.1G290600.1.p   79.47%    passed     70.86%
  82  AT1G69120.1          77.91%    passed     47.14%
  83  AT2G03710.1          77.74%    passed     81.03%
  84  AT2G03710.2          77.83%    passed     82.48%
  85  AT2G03710.3          83.87%    passed     66.08%
  86  AT1G24260.3          79.55%    passed     36.56%
  87  AT1G24260.2          78.34%    passed     42.70%
  88  AT1G24260.1          78.43%    passed     37.67%
  89  AT5G65080.2          83.00%    passed     31.08%
  90  Prupe.1G223600.1.p   79.29%    passed     92.01%
  91  AT1G77080.2          83.43%    passed     36.86%
  92  AT5G65060.2          84.04%    passed     21.04%
  93  AT5G10140.4          84.30%    passed     10.49%
  94  AT5G65050.1          84.30%    passed     31.85%
  95  AT5G10140.1          83.09%    passed      6.56%
  96  AT1G77080.4          83.09%    passed     33.73%
  97  AT5G65060.1          83.09%    passed     13.38%
  98  AT5G65050.3          83.09%    passed     32.57%
  99  AT5G65070.3          79.98%    passed     19.30%
 100  AT5G65070.1          82.74%    passed      7.89%
 101  AT5G65070.2          80.07%    passed     17.56%
 102  AT1G77080.5          85.07%    passed      8.63%
 103  AT5G65050.2          84.64%    passed     15.69%
 104  AT5G65080.1          82.31%    passed     22.20%
 105  AT5G10140.2          85.59%    failed      4.25%
 106  AT5G10140.3          83.95%    passed      8.35%
 107  Prupe.7G164100.1.p   79.47%    passed     10.53%
 108  Prupe.1G371300.1.p   82.48%    passed     72.04%
 109  AT3G54340.1          79.98%    passed     49.69%
 110  AT5G23260.3          79.47%    passed      6.17%
 111  AT5G23260.2          78.26%    failed      3.27%
 112  AT5G23260.1          78.69%    failed      4.52%
 113  Prupe.1G489400.1.p   81.88%    passed     87.32%
 114  AT5G20240.1          82.05%    passed     12.20%
WARNING: 114 sequences contain more than 50% gaps/ambiguity
****  TOTAL                79.56%  8 sequences failed composition chi2 test (p-value<5%; df=19)
NOTE: AT1G77950.2 is identical to AT1G77950.1 but kept for subsequent analysis
NOTE: AT5G62165.3 is identical to AT5G62165.1 but kept for subsequent analysis
NOTE: 1 identical sequences (see below) will be ignored for subsequent analysis
NOTE: AT5G62165.2 (identical to AT5G62165.1) is ignored but added at the end
Alignment was printed to /Users/bushrakhan/Desktop/NIPGR-data/MADS-box-Evolutionary-gene-detection/Simultaneous_Phylogenetic_Analysis/Results_v4/Prunus_persica/Prunus_persica_MUSCLE_NJ.uniqueseq.phy

For your convenience alignment with unique sequences printed to /Users/bushrakhan/Desktop/NIPGR-data/MADS-box-Evolutionary-gene-detection/Simultaneous_Phylogenetic_Analysis/Results_v4/Prunus_persica/Prunus_persica_MUSCLE_NJ.uniqueseq.phy

Create initial parsimony tree by phylogenetic likelihood library (PLL)... 0.036 seconds
Generating 1000 samples for ultrafast bootstrap (seed: 986282)...

NOTE: 66 MB RAM (0 GB) is required!
Measuring multi-threading efficiency up to 10 CPU cores
Increase to 10 rounds for branch lengths
2 trees examined
Threads: 1 / Time: 10.696 sec / Speedup: 1.000 / Efficiency: 100% / LogL: -53173
Threads: 2 / Time: 6.852 sec / Speedup: 1.561 / Efficiency: 78% / LogL: -53173
Threads: 3 / Time: 4.640 sec / Speedup: 2.305 / Efficiency: 77% / LogL: -53173
Threads: 4 / Time: 4.277 sec / Speedup: 2.501 / Efficiency: 63% / LogL: -53173
Threads: 5 / Time: 4.237 sec / Speedup: 2.525 / Efficiency: 50% / LogL: -53173
Threads: 6 / Time: 4.207 sec / Speedup: 2.542 / Efficiency: 42% / LogL: -53173
BEST NUMBER OF THREADS: 4

Estimate model parameters (epsilon = 0.100)
1. Initial log-likelihood: -37537.790
2. Current log-likelihood: -33263.524
3. Current log-likelihood: -33126.635
4. Current log-likelihood: -33114.740
5. Current log-likelihood: -33112.805
6. Current log-likelihood: -33112.380
Optimal log-likelihood: -33112.243
Gamma shape alpha: 0.837
Parameters optimization took 6 rounds (7.788 sec)
Wrote distance file to... 
Computing ML distances based on estimated model parameters...
Calculating distance matrix: done in 0.991504 secs using 396% CPU
Computing ML distances took 0.991777 sec (of wall-clock time) 3.926760 sec (of CPU time)
WARNING: Some pairwise ML distances are too long (saturated)
Setting up auxiliary I and S matrices: done in 0.000197887 secs using 209.2% CPU
Computing RapidNJ tree took 0.008004 sec (of wall-clock time) 0.007885 sec (of CPU time)
Log-likelihood of RapidNJ tree: -33263.915
--------------------------------------------------------------------
|             INITIALIZING CANDIDATE TREE SET                      |
--------------------------------------------------------------------
Generating 98 parsimony trees... 3.383 second
Computing log-likelihood of 98 initial trees ... 26.512 seconds
Current best score: -33112.243

Do NNI search on 20 best initial trees
Estimate model parameters (epsilon = 0.100)
BETTER TREE FOUND at iteration 1: -33036.626
Iteration 10 / LogL: -33044.048 / Time: 0h:2m:48s
Estimate model parameters (epsilon = 0.100)
BETTER TREE FOUND at iteration 12: -33032.681
Estimate model parameters (epsilon = 0.100)
BETTER TREE FOUND at iteration 16: -33032.292
Iteration 20 / LogL: -33036.876 / Time: 0h:4m:21s
Finish initializing candidate tree set (20)
Current best tree score: -33032.292 / CPU time: 211.178
Number of iterations: 20
--------------------------------------------------------------------
|               OPTIMIZING CANDIDATE TREE SET                      |
--------------------------------------------------------------------
Estimate model parameters (epsilon = 0.100)
BETTER TREE FOUND at iteration 26: -33032.259
Iteration 30 / LogL: -33032.728 / Time: 0h:5m:41s (0h:18m:49s left)
Iteration 40 / LogL: -33035.707 / Time: 0h:7m:2s (0h:15m:30s left)
Estimate model parameters (epsilon = 0.100)
BETTER TREE FOUND at iteration 41: -33031.637
UPDATE BEST LOG-LIKELIHOOD: -33031.636
Iteration 50 / LogL: -33031.636 / Time: 0h:8m:18s (0h:15m:25s left)
Log-likelihood cutoff on original alignment: -33076.267
Iteration 60 / LogL: -33036.224 / Time: 0h:9m:35s (0h:13m:10s left)
Iteration 70 / LogL: -33031.641 / Time: 0h:10m:53s (0h:11m:12s left)
UPDATE BEST LOG-LIKELIHOOD: -33031.636
Estimate model parameters (epsilon = 0.100)
UPDATE BEST LOG-LIKELIHOOD: -33031.357
Iteration 80 / LogL: -33037.026 / Time: 0h:12m:15s (0h:9m:27s left)
Iteration 90 / LogL: -33031.672 / Time: 0h:13m:33s (0h:7m:46s left)
Iteration 100 / LogL: -33046.263 / Time: 0h:14m:51s (0h:6m:9s left)
Log-likelihood cutoff on original alignment: -33076.267
NOTE: Bootstrap correlation coefficient of split occurrence frequencies: 0.997
Iteration 110 / LogL: -33032.353 / Time: 0h:16m:11s (0h:13m:22s left)
Iteration 120 / LogL: -33033.940 / Time: 0h:17m:28s (0h:11m:44s left)
Iteration 130 / LogL: -33031.877 / Time: 0h:18m:45s (0h:10m:10s left)
Iteration 140 / LogL: -33032.386 / Time: 0h:20m:7s (0h:8m:41s left)
TREE SEARCH COMPLETED AFTER 142 ITERATIONS / Time: 0h:20m:24s

--------------------------------------------------------------------
|                    FINALIZING TREE SEARCH                        |
--------------------------------------------------------------------
Performs final model parameters optimization
Estimate model parameters (epsilon = 0.010)
1. Initial log-likelihood: -33031.357
Optimal log-likelihood: -33031.356
Gamma shape alpha: 0.834
Parameters optimization took 1 rounds (0.726 sec)
BEST SCORE FOUND : -33031.356
Creating bootstrap support values...
Split supports printed to NEXUS file /Users/bushrakhan/Desktop/NIPGR-data/MADS-box-Evolutionary-gene-detection/Simultaneous_Phylogenetic_Analysis/Results_v4/Prunus_persica/Prunus_persica_MUSCLE_NJ.splits.nex
Total tree length: 75.670

Total number of iterations: 142
CPU time used for tree search: 3490.429 sec (0h:58m:10s)
Wall-clock time used for tree search: 1174.410 sec (0h:19m:34s)
Total CPU time used: 3615.101 sec (1h:0m:15s)
Total wall-clock time used: 1225.546 sec (0h:20m:25s)

Computing bootstrap consensus tree...
Reading input file /Users/bushrakhan/Desktop/NIPGR-data/MADS-box-Evolutionary-gene-detection/Simultaneous_Phylogenetic_Analysis/Results_v4/Prunus_persica/Prunus_persica_MUSCLE_NJ.splits.nex...
113 taxa and 517 splits.
Consensus tree written to /Users/bushrakhan/Desktop/NIPGR-data/MADS-box-Evolutionary-gene-detection/Simultaneous_Phylogenetic_Analysis/Results_v4/Prunus_persica/Prunus_persica_MUSCLE_NJ.contree
Reading input trees file /Users/bushrakhan/Desktop/NIPGR-data/MADS-box-Evolutionary-gene-detection/Simultaneous_Phylogenetic_Analysis/Results_v4/Prunus_persica/Prunus_persica_MUSCLE_NJ.contree
Log-likelihood of consensus tree: -33032.650

Analysis results written to: 
  IQ-TREE report:                /Users/bushrakhan/Desktop/NIPGR-data/MADS-box-Evolutionary-gene-detection/Simultaneous_Phylogenetic_Analysis/Results_v4/Prunus_persica/Prunus_persica_MUSCLE_NJ.iqtree
  Maximum-likelihood tree:       /Users/bushrakhan/Desktop/NIPGR-data/MADS-box-Evolutionary-gene-detection/Simultaneous_Phylogenetic_Analysis/Results_v4/Prunus_persica/Prunus_persica_MUSCLE_NJ.treefile
  Likelihood distances:          /Users/bushrakhan/Desktop/NIPGR-data/MADS-box-Evolutionary-gene-detection/Simultaneous_Phylogenetic_Analysis/Results_v4/Prunus_persica/Prunus_persica_MUSCLE_NJ.mldist

Ultrafast bootstrap approximation results written to:
  Split support values:          /Users/bushrakhan/Desktop/NIPGR-data/MADS-box-Evolutionary-gene-detection/Simultaneous_Phylogenetic_Analysis/Results_v4/Prunus_persica/Prunus_persica_MUSCLE_NJ.splits.nex
  Consensus tree:                /Users/bushrakhan/Desktop/NIPGR-data/MADS-box-Evolutionary-gene-detection/Simultaneous_Phylogenetic_Analysis/Results_v4/Prunus_persica/Prunus_persica_MUSCLE_NJ.contree
  Screen log file:               /Users/bushrakhan/Desktop/NIPGR-data/MADS-box-Evolutionary-gene-detection/Simultaneous_Phylogenetic_Analysis/Results_v4/Prunus_persica/Prunus_persica_MUSCLE_NJ.log

Date and Time: Tue Apr  7 19:19:14 2026
