IQ-TREE multicore version 2.3.6 for MacOS ARM 64-bit built Jul 30 2024
Developed by Bui Quang Minh, Nguyen Lam Tung, Olga Chernomor, Heiko Schmidt,
Dominik Schrempf, Michael Woodhams, Ly Trong Nhan, Thomas Wong

Host:    Bushras-MacBook-Air.local (SSE4.2, 16 GB RAM)
Command: /opt/homebrew/bin/iqtree2 -s /Users/bushrakhan/Desktop/NIPGR-data/MADS-box-Evolutionary-gene-detection/Advanced_Phylogenetic_Pipeline/3.Phylogeny_Output/Alignments_FullLength/Helianthus_annuuss_MAFFT_Aligned.fa -m LG+F+G -B 1000 -pre /Users/bushrakhan/Desktop/NIPGR-data/MADS-box-Evolutionary-gene-detection/Advanced_Phylogenetic_Pipeline/3.Phylogeny_Output/Trees_FullLength/Helianthus_annuuss_MAFFT_ML -nt AUTO -redo
Seed:    88769 (Using SPRNG - Scalable Parallel Random Number Generator)
Time:    Tue Apr 14 05:21:38 2026
Kernel:  SSE2 - auto-detect threads (10 CPU cores detected)

Reading alignment file /Users/bushrakhan/Desktop/NIPGR-data/MADS-box-Evolutionary-gene-detection/Advanced_Phylogenetic_Pipeline/3.Phylogeny_Output/Alignments_FullLength/Helianthus_annuuss_MAFFT_Aligned.fa ... Fasta format detected
Reading fasta file: done in 0.00153089 secs using 83.35% CPU
Alignment most likely contains protein sequences
Alignment has 103 sequences with 768 columns, 700 distinct patterns
382 parsimony-informative, 180 singleton sites, 206 constant sites
                          Gap/Ambiguity  Composition  p-value
Analyzing sequences: done in 7.70092e-05 secs using 288.3% CPU
   1  HanXRQChr00c0029g0571181   67.06%    failed      2.74%
   2  HanXRQChr10g0299591        64.06%    failed      0.69%
   3  HanXRQChr10g0291191        70.96%    passed     89.75%
   4  HanXRQChr16g0519321        69.01%    passed     36.95%
   5  HanXRQChr16g0501741        70.18%    passed     97.54%
   6  HanXRQChr16g0523531        71.61%    passed     68.02%
   7  HanXRQChr16g0501381        70.18%    passed     97.54%
   8  HanXRQChr16g0507561        69.27%    passed     75.48%
   9  HanXRQChr16g0530971        71.09%    passed      7.65%
  10  HanXRQChr16g0503081        70.44%    passed     85.94%
  11  HanXRQChr07g0200001        69.27%    passed     74.84%
  12  HanXRQChr07g0200321        67.06%    passed     89.01%
  13  HanXRQChr04g0122131        72.01%    passed     28.49%
  14  HanXRQChr04g0110101        69.14%    passed     98.36%
  15  HanXRQChr09g0266391        63.54%    passed     84.12%
  16  HanXRQChr09g0270311        61.20%    passed     99.09%
  17  HanXRQChr09g0267081        73.96%    passed     22.40%
  18  HanXRQChr09g0269421        70.18%    passed     92.64%
  19  HanXRQChr09g0270841        70.31%    passed     80.88%
  20  HanXRQChr09g0262151        74.09%    passed     72.11%
  21  HanXRQChr09g0265001        67.58%    passed     56.04%
  22  HanXRQChr09g0273361        73.31%    passed     66.07%
  23  HanXRQChr05g0151331        69.40%    passed     87.10%
  24  HanXRQChr05g0150661        70.31%    passed     61.04%
  25  HanXRQChr05g0163521        68.62%    passed     92.90%
  26  HanXRQChr05g0150571        54.04%    failed      0.24%
  27  HanXRQChr05g0154261        69.27%    passed     82.90%
  28  HanXRQChr05g0149341        67.32%    failed      1.28%
  29  HanXRQChr05g0147261        65.49%    passed     56.41%
  30  HanXRQChr05g0156101        43.10%    failed      0.06%
  31  HanXRQChr05g0163381        57.81%    passed      7.15%
  32  HanXRQChr13g0405061        70.31%    passed     67.93%
  33  HanXRQChr12g0364981        67.32%    passed     97.71%
  34  HanXRQChr12g0358711        66.93%    passed     73.27%
  35  HanXRQChr12g0375471        72.53%    passed     76.97%
  36  HanXRQChr12g0361321        67.71%    passed     84.02%
  37  HanXRQChr12g0358781        74.48%    passed     67.18%
  38  HanXRQChr12g0358721        73.18%    passed     83.73%
  39  HanXRQChr14g0452461        69.92%    passed     50.23%
  40  HanXRQChr01g0015681        66.02%    passed     91.05%
  41  HanXRQChr01g0007431        61.72%    passed     45.10%
  42  HanXRQChr17g0538691        72.40%    passed     42.57%
  43  HanXRQChr17g0550551        76.56%    passed     17.43%
  44  HanXRQChr17g0560051        71.88%    passed     54.51%
  45  HanXRQChr06g0174721        67.97%    passed     79.12%
  46  HanXRQChr06g0169281        73.31%    passed     15.44%
  47  HanXRQChr03g0091451        58.07%    passed     16.83%
  48  HanXRQChr15g0483111        61.72%    passed     17.66%
  49  HanXRQChr15g0474011        80.08%    passed     95.57%
  50  HanXRQChr15g0489071        67.45%    passed     88.10%
  51  HanXRQChr15g0484901        69.66%    passed     18.91%
  52  HanXRQChr15g0495861        70.83%    passed     65.73%
  53  HanXRQChr02g0043891        66.15%    passed      7.77%
  54  HanXRQChr02g0045511        74.48%    passed     46.62%
  55  HanXRQChr02g0040221        75.00%    passed     42.83%
  56  HanXRQChr02g0042981        67.71%    passed     51.70%
  57  HanXRQChr08g0223671        78.39%    passed     57.52%
  58  HanXRQChr08g0223681        67.71%    passed     99.49%
  59  AT1G22130.1                56.38%    passed     34.79%
  60  AT1G24260.2                67.32%    passed     53.00%
  61  AT1G26310.1                66.80%    passed     89.20%
  62  AT1G31140.2                72.01%    passed     75.27%
  63  AT1G59810.1                63.15%    failed      0.06%
  64  AT1G69120.1                66.67%    passed     52.03%
  65  AT1G69540.2                52.21%    passed     20.01%
  66  AT1G71692.1                72.53%    passed     70.67%
  67  AT1G77080.8                70.96%    passed     47.20%
  68  AT1G77950.4                67.19%    passed     63.22%
  69  AT1G77980.1                56.77%    passed     50.88%
  70  AT2G03060.2                49.74%    failed      0.29%
  71  AT2G03710.1                66.41%    passed     83.86%
  72  AT2G14210.2                69.40%    passed     86.40%
  73  AT2G22540.1                68.75%    passed     74.40%
  74  AT2G22630.2                70.44%    passed     95.33%
  75  AT2G42830.2                67.71%    passed     45.92%
  76  AT2G45650.1                67.19%    passed     78.14%
  77  AT2G45660.1                72.14%    passed     60.65%
  78  AT3G02310.1                67.45%    passed     21.33%
  79  AT3G30260.1                67.58%    passed     27.59%
  80  AT3G54340.1                69.79%    passed     57.97%
  81  AT3G57230.1                68.75%    passed     57.02%
  82  AT3G57390.1                66.67%    passed     65.78%
  83  AT3G58780.4                63.41%    passed     41.00%
  84  AT3G61120.1                68.23%    passed     31.40%
  85  AT4G09960.4                57.16%    passed     14.41%
  86  AT4G11880.1                71.22%    passed     74.54%
  87  AT4G18960.1                67.19%    passed     32.77%
  88  AT4G22950.1                71.48%    passed     75.59%
  89  AT4G24540.1                71.35%    failed      4.64%
  90  AT4G37940.1                70.31%    passed     96.31%
  91  AT5G10140.1                74.48%    passed      8.43%
  92  AT5G13790.2                64.71%    passed     55.48%
  93  AT5G15800.2                65.89%    passed     14.34%
  94  AT5G20240.1                72.92%    passed     15.07%
  95  AT5G23260.4                65.10%    passed      7.78%
  96  AT5G51860.1                72.53%    passed     19.56%
  97  AT5G51870.3                70.18%    passed     82.01%
  98  AT5G60910.1                68.49%    passed     89.82%
  99  AT5G62165.2                72.66%    passed     80.71%
 100  AT5G65050.3                74.48%    passed     46.81%
 101  AT5G65060.1                74.48%    passed     19.74%
 102  AT5G65070.1                73.96%    passed     15.16%
 103  AT5G65080.2                73.44%    passed     35.03%
WARNING: 101 sequences contain more than 50% gaps/ambiguity
****  TOTAL                      68.23%  8 sequences failed composition chi2 test (p-value<5%; df=19)
NOTE: HanXRQChr16g0501381 is identical to HanXRQChr16g0501741 but kept for subsequent analysis

Create initial parsimony tree by phylogenetic likelihood library (PLL)... 0.032 seconds
Generating 1000 samples for ultrafast bootstrap (seed: 88769)...

NOTE: 48 MB RAM (0 GB) is required!
Measuring multi-threading efficiency up to 10 CPU cores
Increase to 10 rounds for branch lengths
3 trees examined
Threads: 1 / Time: 11.577 sec / Speedup: 1.000 / Efficiency: 100% / LogL: -50425
Threads: 2 / Time: 7.418 sec / Speedup: 1.561 / Efficiency: 78% / LogL: -50425
Threads: 3 / Time: 5.215 sec / Speedup: 2.220 / Efficiency: 74% / LogL: -50425
Threads: 4 / Time: 4.843 sec / Speedup: 2.390 / Efficiency: 60% / LogL: -50425
Threads: 5 / Time: 4.804 sec / Speedup: 2.410 / Efficiency: 48% / LogL: -50425
BEST NUMBER OF THREADS: 4

Estimate model parameters (epsilon = 0.100)
1. Initial log-likelihood: -39856.881
2. Current log-likelihood: -37058.624
3. Current log-likelihood: -36967.771
4. Current log-likelihood: -36962.885
5. Current log-likelihood: -36962.206
Optimal log-likelihood: -36962.117
Gamma shape alpha: 0.897
Parameters optimization took 5 rounds (5.049 sec)
Wrote distance file to... 
Computing ML distances based on estimated model parameters...
Calculating distance matrix: done in 0.905228 secs using 389.3% CPU
Computing ML distances took 0.905616 sec (of wall-clock time) 3.524798 sec (of CPU time)
Setting up auxiliary I and S matrices: done in 0.000259876 secs using 224% CPU
Computing RapidNJ tree took 0.011094 sec (of wall-clock time) 0.007958 sec (of CPU time)
Log-likelihood of RapidNJ tree: -37016.180
--------------------------------------------------------------------
|             INITIALIZING CANDIDATE TREE SET                      |
--------------------------------------------------------------------
Generating 98 parsimony trees... 3.129 second
Computing log-likelihood of 98 initial trees ... 20.529 seconds
Current best score: -36962.117

Do NNI search on 20 best initial trees
Estimate model parameters (epsilon = 0.100)
BETTER TREE FOUND at iteration 1: -36908.108
Estimate model parameters (epsilon = 0.100)
BETTER TREE FOUND at iteration 2: -36901.363
Estimate model parameters (epsilon = 0.100)
BETTER TREE FOUND at iteration 3: -36899.545
Estimate model parameters (epsilon = 0.100)
BETTER TREE FOUND at iteration 9: -36898.892
Iteration 10 / LogL: -36902.660 / Time: 0h:1m:55s
Estimate model parameters (epsilon = 0.100)
BETTER TREE FOUND at iteration 13: -36897.889
Iteration 20 / LogL: -36899.542 / Time: 0h:2m:41s
Finish initializing candidate tree set (20)
Current best tree score: -36897.889 / CPU time: 120.658
Number of iterations: 20
--------------------------------------------------------------------
|               OPTIMIZING CANDIDATE TREE SET                      |
--------------------------------------------------------------------
Estimate model parameters (epsilon = 0.100)
BETTER TREE FOUND at iteration 30: -36897.379
Iteration 30 / LogL: -36897.379 / Time: 0h:3m:28s (0h:11m:59s left)
Estimate model parameters (epsilon = 0.100)
BETTER TREE FOUND at iteration 31: -36895.580
Iteration 40 / LogL: -36895.620 / Time: 0h:4m:18s (0h:10m:3s left)
Iteration 50 / LogL: -36903.548 / Time: 0h:5m:2s (0h:8m:19s left)
Log-likelihood cutoff on original alignment: -36945.697
Iteration 60 / LogL: -36896.173 / Time: 0h:5m:45s (0h:6m:55s left)
Estimate model parameters (epsilon = 0.100)
BETTER TREE FOUND at iteration 65: -36895.314
Iteration 70 / LogL: -36896.531 / Time: 0h:6m:27s (0h:8m:53s left)
Iteration 80 / LogL: -36897.816 / Time: 0h:7m:10s (0h:7m:43s left)
Estimate model parameters (epsilon = 0.100)
BETTER TREE FOUND at iteration 82: -36894.469
Iteration 90 / LogL: -36898.407 / Time: 0h:7m:51s (0h:8m:7s left)
Iteration 100 / LogL: -36894.537 / Time: 0h:8m:33s (0h:7m:5s left)
Log-likelihood cutoff on original alignment: -36945.697
NOTE: Bootstrap correlation coefficient of split occurrence frequencies: 0.997
Iteration 110 / LogL: -36898.023 / Time: 0h:9m:15s (0h:7m:38s left)
Iteration 120 / LogL: -36895.382 / Time: 0h:9m:56s (0h:6m:40s left)
Iteration 130 / LogL: -36902.275 / Time: 0h:10m:36s (0h:5m:45s left)
Iteration 140 / LogL: -36904.704 / Time: 0h:11m:16s (0h:4m:51s left)
Iteration 150 / LogL: -36902.757 / Time: 0h:11m:57s (0h:4m:0s left)
Log-likelihood cutoff on original alignment: -36945.697
Iteration 160 / LogL: -36898.844 / Time: 0h:12m:36s (0h:3m:10s left)
Iteration 170 / LogL: -36900.586 / Time: 0h:13m:14s (0h:2m:20s left)
Iteration 180 / LogL: -36896.341 / Time: 0h:13m:54s (0h:1m:33s left)
TREE SEARCH COMPLETED AFTER 183 ITERATIONS / Time: 0h:14m:6s

--------------------------------------------------------------------
|                    FINALIZING TREE SEARCH                        |
--------------------------------------------------------------------
Performs final model parameters optimization
Estimate model parameters (epsilon = 0.010)
1. Initial log-likelihood: -36894.469
Optimal log-likelihood: -36894.468
Gamma shape alpha: 0.881
Parameters optimization took 1 rounds (0.590 sec)
BEST SCORE FOUND : -36894.468
Creating bootstrap support values...
Split supports printed to NEXUS file /Users/bushrakhan/Desktop/NIPGR-data/MADS-box-Evolutionary-gene-detection/Advanced_Phylogenetic_Pipeline/3.Phylogeny_Output/Trees_FullLength/Helianthus_annuuss_MAFFT_ML.splits.nex
Total tree length: 70.728

Total number of iterations: 183
CPU time used for tree search: 2352.154 sec (0h:39m:12s)
Wall-clock time used for tree search: 805.341 sec (0h:13m:25s)
Total CPU time used: 2442.061 sec (0h:40m:42s)
Total wall-clock time used: 847.313 sec (0h:14m:7s)

Computing bootstrap consensus tree...
Reading input file /Users/bushrakhan/Desktop/NIPGR-data/MADS-box-Evolutionary-gene-detection/Advanced_Phylogenetic_Pipeline/3.Phylogeny_Output/Trees_FullLength/Helianthus_annuuss_MAFFT_ML.splits.nex...
103 taxa and 528 splits.
Consensus tree written to /Users/bushrakhan/Desktop/NIPGR-data/MADS-box-Evolutionary-gene-detection/Advanced_Phylogenetic_Pipeline/3.Phylogeny_Output/Trees_FullLength/Helianthus_annuuss_MAFFT_ML.contree
Reading input trees file /Users/bushrakhan/Desktop/NIPGR-data/MADS-box-Evolutionary-gene-detection/Advanced_Phylogenetic_Pipeline/3.Phylogeny_Output/Trees_FullLength/Helianthus_annuuss_MAFFT_ML.contree
Log-likelihood of consensus tree: -36894.469

Analysis results written to: 
  IQ-TREE report:                /Users/bushrakhan/Desktop/NIPGR-data/MADS-box-Evolutionary-gene-detection/Advanced_Phylogenetic_Pipeline/3.Phylogeny_Output/Trees_FullLength/Helianthus_annuuss_MAFFT_ML.iqtree
  Maximum-likelihood tree:       /Users/bushrakhan/Desktop/NIPGR-data/MADS-box-Evolutionary-gene-detection/Advanced_Phylogenetic_Pipeline/3.Phylogeny_Output/Trees_FullLength/Helianthus_annuuss_MAFFT_ML.treefile
  Likelihood distances:          /Users/bushrakhan/Desktop/NIPGR-data/MADS-box-Evolutionary-gene-detection/Advanced_Phylogenetic_Pipeline/3.Phylogeny_Output/Trees_FullLength/Helianthus_annuuss_MAFFT_ML.mldist

Ultrafast bootstrap approximation results written to:
  Split support values:          /Users/bushrakhan/Desktop/NIPGR-data/MADS-box-Evolutionary-gene-detection/Advanced_Phylogenetic_Pipeline/3.Phylogeny_Output/Trees_FullLength/Helianthus_annuuss_MAFFT_ML.splits.nex
  Consensus tree:                /Users/bushrakhan/Desktop/NIPGR-data/MADS-box-Evolutionary-gene-detection/Advanced_Phylogenetic_Pipeline/3.Phylogeny_Output/Trees_FullLength/Helianthus_annuuss_MAFFT_ML.contree
  Screen log file:               /Users/bushrakhan/Desktop/NIPGR-data/MADS-box-Evolutionary-gene-detection/Advanced_Phylogenetic_Pipeline/3.Phylogeny_Output/Trees_FullLength/Helianthus_annuuss_MAFFT_ML.log

Date and Time: Tue Apr 14 05:35:47 2026
