IQ-TREE multicore version 2.3.6 for MacOS ARM 64-bit built Jul 30 2024
Developed by Bui Quang Minh, Nguyen Lam Tung, Olga Chernomor, Heiko Schmidt,
Dominik Schrempf, Michael Woodhams, Ly Trong Nhan, Thomas Wong

Host:    Bushras-MacBook-Air.local (SSE4.2, 16 GB RAM)
Command: /opt/homebrew/bin/iqtree2 -s /Users/bushrakhan/Desktop/NIPGR-data/MADS-box-Evolutionary-gene-detection/Advanced_Phylogenetic_Pipeline/3.Phylogeny_Output/Alignments_FullLength/Medicago_truncatula_MUSCLE_Aligned.fa -m LG+F+G -B 1000 -pre /Users/bushrakhan/Desktop/NIPGR-data/MADS-box-Evolutionary-gene-detection/Advanced_Phylogenetic_Pipeline/3.Phylogeny_Output/Trees_FullLength/Medicago_truncatula_MUSCLE_ML -nt AUTO -redo
Seed:    397739 (Using SPRNG - Scalable Parallel Random Number Generator)
Time:    Tue Apr 14 06:12:07 2026
Kernel:  SSE2 - auto-detect threads (10 CPU cores detected)

Reading alignment file /Users/bushrakhan/Desktop/NIPGR-data/MADS-box-Evolutionary-gene-detection/Advanced_Phylogenetic_Pipeline/3.Phylogeny_Output/Alignments_FullLength/Medicago_truncatula_MUSCLE_Aligned.fa ... Fasta format detected
Reading fasta file: done in 0.00140691 secs using 90.62% CPU
Alignment most likely contains protein sequences
WARNING: 1 sites contain only gaps or ambiguous characters.
Alignment has 84 sequences with 1012 columns, 784 distinct patterns
312 parsimony-informative, 227 singleton sites, 473 constant sites
                  Gap/Ambiguity  Composition  p-value
Analyzing sequences: done in 7.98702e-05 secs using 261.7% CPU
   1  AT1G59810.1        72.04%    failed      0.12%
   2  AT1G77980.1        67.19%    passed     55.02%
   3  AT1G22130.1        66.90%    passed     38.66%
   4  AT1G77950.4        75.10%    passed     55.34%
   5  Medtr5g061740.1    67.29%    failed      0.01%
   6  Medtr4g084740.1    67.00%    failed      0.37%
   7  Medtr3g102570.1    68.58%    passed     41.35%
   8  AT1G31140.2        78.75%    passed     84.48%
   9  AT5G23260.4        73.52%    passed      7.01%
  10  Medtr5g021270.2    77.08%    passed     18.30%
  11  Medtr3g088615.1    82.11%    passed     43.34%
  12  Medtr1g029670.1    82.21%    passed     15.79%
  13  AT5G20240.1        79.45%    passed     15.17%
  14  Medtr3g113030.1    77.37%    passed     85.20%
  15  AT3G54340.1        77.08%    passed     54.18%
  16  Medtr1g053070.1    75.40%    passed     88.30%
  17  Medtr0003s0590.1   74.70%    passed     81.97%
  18  AT5G13790.2        73.22%    passed     43.19%
  19  AT3G57390.1        74.70%    passed     57.06%
  20  Medtr5g031000.1    76.38%    passed     74.13%
  21  AT2G14210.2        76.78%    passed     80.53%
  22  AT3G57230.1        76.28%    passed     51.98%
  23  Medtr2g009890.1    72.53%    passed     96.96%
  24  AT2G22630.2        77.57%    passed     89.95%
  25  AT4G37940.1        77.47%    passed     93.75%
  26  Medtr4g093970.1    76.38%    passed     17.72%
  27  AT2G22540.1        76.28%    passed     62.15%
  28  Medtr5g032520.1    77.57%    passed     51.64%
  29  Medtr5g032150.1    77.47%    passed     39.78%
  30  Medtr5g066180.1    77.77%    passed     47.30%
  31  AT4G24540.1        78.26%    failed      2.42%
  32  AT5G65080.2        79.84%    passed     26.37%
  33  AT5G65070.1        80.24%    passed      8.12%
  34  AT1G77080.8        77.96%    passed     34.40%
  35  AT5G10140.1        80.63%    failed      4.76%
  36  AT5G65050.3        80.63%    passed     31.34%
  37  AT5G65060.1        80.63%    passed     12.22%
  38  Medtr3g005530.1    77.96%    passed     77.51%
  39  AT4G09960.4        67.49%    passed     18.26%
  40  AT2G42830.2        75.49%    passed     38.57%
  41  AT3G58780.4        72.23%    passed     37.22%
  42  Medtr2g017865.1    74.31%    passed     26.76%
  43  AT4G18960.1        75.10%    passed     29.81%
  44  Medtr3g452380.3    75.89%    passed     76.06%
  45  Medtr8g087860.1    75.89%    passed     39.83%
  46  AT5G51860.1        79.15%    passed     13.94%
  47  AT5G51870.3        77.37%    passed     70.82%
  48  AT4G11880.1        78.16%    passed     64.04%
  49  AT4G22950.1        78.36%    passed     60.66%
  50  AT5G62165.2        79.25%    passed     71.07%
  51  Medtr8g033220.1    77.27%    passed     17.74%
  52  Medtr8g033250.1    77.87%    passed     26.88%
  53  Medtr4g102530.1    79.74%    passed      7.50%
  54  Medtr7g075870.1    78.95%    passed     70.80%
  55  AT2G45660.1        78.85%    passed     52.24%
  56  AT5G60910.1        76.09%    passed     85.66%
  57  Medtr4g109830.1    77.08%    passed     94.98%
  58  AT3G30260.1        75.40%    passed     20.41%
  59  AT1G26310.1        74.80%    passed     83.48%
  60  AT1G69120.1        74.70%    passed     52.67%
  61  Medtr8g066260.1    76.28%    passed     90.86%
  62  Medtr5g046790.1    79.15%    passed     95.82%
  63  Medtr7g016630.1    74.70%    passed     62.03%
  64  Medtr1g038300.1    77.08%    passed     51.99%
  65  Medtr4g036050.1    80.04%    passed     17.56%
  66  AT1G71692.1        79.15%    passed     69.77%
  67  AT2G03710.1        74.51%    passed     84.87%
  68  Medtr4g109810.1    76.09%    passed     83.80%
  69  AT3G02310.1        75.30%    passed     25.90%
  70  AT5G15800.2        74.11%    passed     19.98%
  71  Medtr7g016600.1    75.40%    passed     69.61%
  72  Medtr6g015975.1    75.30%    passed     94.20%
  73  AT1G24260.2        75.20%    passed     49.25%
  74  Medtr3g084980.1    75.89%    passed     80.45%
  75  Medtr8g097090.1    76.09%    passed     16.46%
  76  AT3G61120.1        75.89%    passed     28.65%
  77  Medtr7g075850.1    75.30%    passed     92.09%
  78  AT2G45650.1        75.10%    passed     83.28%
  79  Medtr6g464720.1    75.30%    passed     90.56%
  80  Medtr8g033270.1    75.20%    passed     85.39%
  81  Medtr1g101970.1    81.32%    passed     88.37%
  82  AT1G69540.2        63.74%    passed     41.94%
  83  Medtr5g041650.1    60.28%    failed      3.27%
  84  AT2G03060.2        61.86%    failed      0.67%
WARNING: 84 sequences contain more than 50% gaps/ambiguity
****  TOTAL              75.67%  7 sequences failed composition chi2 test (p-value<5%; df=19)

Create initial parsimony tree by phylogenetic likelihood library (PLL)... 0.027 seconds
Generating 1000 samples for ultrafast bootstrap (seed: 397739)...

NOTE: 44 MB RAM (0 GB) is required!
Measuring multi-threading efficiency up to 10 CPU cores
Increase to 10 rounds for branch lengths
3 trees examined
Threads: 1 / Time: 10.579 sec / Speedup: 1.000 / Efficiency: 100% / LogL: -42096
Threads: 2 / Time: 6.762 sec / Speedup: 1.564 / Efficiency: 78% / LogL: -42096
Threads: 3 / Time: 4.597 sec / Speedup: 2.301 / Efficiency: 77% / LogL: -42096
Threads: 4 / Time: 4.273 sec / Speedup: 2.476 / Efficiency: 62% / LogL: -42096
Threads: 5 / Time: 4.217 sec / Speedup: 2.509 / Efficiency: 50% / LogL: -42096
Threads: 6 / Time: 4.235 sec / Speedup: 2.498 / Efficiency: 42% / LogL: -42096
BEST NUMBER OF THREADS: 4

Estimate model parameters (epsilon = 0.100)
1. Initial log-likelihood: -35967.450
2. Current log-likelihood: -32269.998
3. Current log-likelihood: -32202.282
4. Current log-likelihood: -32200.381
Optimal log-likelihood: -32200.308
Gamma shape alpha: 0.881
Parameters optimization took 4 rounds (2.871 sec)
Wrote distance file to... 
Computing ML distances based on estimated model parameters...
Calculating distance matrix: done in 0.615536 secs using 390.1% CPU
Computing ML distances took 0.615832 sec (of wall-clock time) 2.401669 sec (of CPU time)
WARNING: Some pairwise ML distances are too long (saturated)
Setting up auxiliary I and S matrices: done in 0.000205994 secs using 196.1% CPU
Computing RapidNJ tree took 0.006165 sec (of wall-clock time) 0.004850 sec (of CPU time)
Log-likelihood of RapidNJ tree: -32195.821
--------------------------------------------------------------------
|             INITIALIZING CANDIDATE TREE SET                      |
--------------------------------------------------------------------
Generating 98 parsimony trees... 2.404 second
Computing log-likelihood of 98 initial trees ... 16.949 seconds
Current best score: -32195.821

Do NNI search on 20 best initial trees
Estimate model parameters (epsilon = 0.100)
BETTER TREE FOUND at iteration 1: -32147.651
Iteration 10 / LogL: -32153.369 / Time: 0h:1m:35s
Estimate model parameters (epsilon = 0.100)
BETTER TREE FOUND at iteration 13: -32147.030
Iteration 20 / LogL: -32152.734 / Time: 0h:2m:19s
Finish initializing candidate tree set (19)
Current best tree score: -32147.030 / CPU time: 100.404
Number of iterations: 20
--------------------------------------------------------------------
|               OPTIMIZING CANDIDATE TREE SET                      |
--------------------------------------------------------------------
Iteration 30 / LogL: -32148.950 / Time: 0h:3m:3s (0h:8m:44s left)
Iteration 40 / LogL: -32147.434 / Time: 0h:3m:43s (0h:6m:58s left)
Iteration 50 / LogL: -32148.531 / Time: 0h:4m:21s (0h:5m:35s left)
Log-likelihood cutoff on original alignment: -32184.930
Iteration 60 / LogL: -32147.690 / Time: 0h:5m:0s (0h:4m:29s left)
Iteration 70 / LogL: -32147.086 / Time: 0h:5m:39s (0h:3m:31s left)
Iteration 80 / LogL: -32148.481 / Time: 0h:6m:16s (0h:2m:37s left)
Iteration 90 / LogL: -32148.730 / Time: 0h:6m:55s (0h:1m:47s left)
Iteration 100 / LogL: -32147.575 / Time: 0h:7m:33s (0h:0m:59s left)
Log-likelihood cutoff on original alignment: -32180.148
NOTE: Bootstrap correlation coefficient of split occurrence frequencies: 0.999
Iteration 110 / LogL: -32147.170 / Time: 0h:8m:13s (0h:6m:47s left)
TREE SEARCH COMPLETED AFTER 114 ITERATIONS / Time: 0h:8m:27s

--------------------------------------------------------------------
|                    FINALIZING TREE SEARCH                        |
--------------------------------------------------------------------
Performs final model parameters optimization
Estimate model parameters (epsilon = 0.010)
1. Initial log-likelihood: -32147.030
Optimal log-likelihood: -32147.028
Gamma shape alpha: 0.892
Parameters optimization took 1 rounds (0.539 sec)
BEST SCORE FOUND : -32147.028
Creating bootstrap support values...
Split supports printed to NEXUS file /Users/bushrakhan/Desktop/NIPGR-data/MADS-box-Evolutionary-gene-detection/Advanced_Phylogenetic_Pipeline/3.Phylogeny_Output/Trees_FullLength/Medicago_truncatula_MUSCLE_ML.splits.nex
Total tree length: 65.056

Total number of iterations: 114
CPU time used for tree search: 1378.911 sec (0h:22m:58s)
Wall-clock time used for tree search: 467.941 sec (0h:7m:47s)
Total CPU time used: 1468.808 sec (0h:24m:28s)
Total wall-clock time used: 508.114 sec (0h:8m:28s)

Computing bootstrap consensus tree...
Reading input file /Users/bushrakhan/Desktop/NIPGR-data/MADS-box-Evolutionary-gene-detection/Advanced_Phylogenetic_Pipeline/3.Phylogeny_Output/Trees_FullLength/Medicago_truncatula_MUSCLE_ML.splits.nex...
84 taxa and 462 splits.
Consensus tree written to /Users/bushrakhan/Desktop/NIPGR-data/MADS-box-Evolutionary-gene-detection/Advanced_Phylogenetic_Pipeline/3.Phylogeny_Output/Trees_FullLength/Medicago_truncatula_MUSCLE_ML.contree
Reading input trees file /Users/bushrakhan/Desktop/NIPGR-data/MADS-box-Evolutionary-gene-detection/Advanced_Phylogenetic_Pipeline/3.Phylogeny_Output/Trees_FullLength/Medicago_truncatula_MUSCLE_ML.contree
Log-likelihood of consensus tree: -32147.370

Analysis results written to: 
  IQ-TREE report:                /Users/bushrakhan/Desktop/NIPGR-data/MADS-box-Evolutionary-gene-detection/Advanced_Phylogenetic_Pipeline/3.Phylogeny_Output/Trees_FullLength/Medicago_truncatula_MUSCLE_ML.iqtree
  Maximum-likelihood tree:       /Users/bushrakhan/Desktop/NIPGR-data/MADS-box-Evolutionary-gene-detection/Advanced_Phylogenetic_Pipeline/3.Phylogeny_Output/Trees_FullLength/Medicago_truncatula_MUSCLE_ML.treefile
  Likelihood distances:          /Users/bushrakhan/Desktop/NIPGR-data/MADS-box-Evolutionary-gene-detection/Advanced_Phylogenetic_Pipeline/3.Phylogeny_Output/Trees_FullLength/Medicago_truncatula_MUSCLE_ML.mldist

Ultrafast bootstrap approximation results written to:
  Split support values:          /Users/bushrakhan/Desktop/NIPGR-data/MADS-box-Evolutionary-gene-detection/Advanced_Phylogenetic_Pipeline/3.Phylogeny_Output/Trees_FullLength/Medicago_truncatula_MUSCLE_ML.splits.nex
  Consensus tree:                /Users/bushrakhan/Desktop/NIPGR-data/MADS-box-Evolutionary-gene-detection/Advanced_Phylogenetic_Pipeline/3.Phylogeny_Output/Trees_FullLength/Medicago_truncatula_MUSCLE_ML.contree
  Screen log file:               /Users/bushrakhan/Desktop/NIPGR-data/MADS-box-Evolutionary-gene-detection/Advanced_Phylogenetic_Pipeline/3.Phylogeny_Output/Trees_FullLength/Medicago_truncatula_MUSCLE_ML.log

Date and Time: Tue Apr 14 06:20:37 2026
