IQ-TREE multicore version 2.3.6 for MacOS ARM 64-bit built Jul 30 2024
Developed by Bui Quang Minh, Nguyen Lam Tung, Olga Chernomor, Heiko Schmidt,
Dominik Schrempf, Michael Woodhams, Ly Trong Nhan, Thomas Wong

Host:    Bushras-MacBook-Air.local (SSE4.2, 16 GB RAM)
Command: /opt/homebrew/bin/iqtree2 -s /Users/bushrakhan/Desktop/NIPGR-data/MADS-box-Evolutionary-gene-detection/Advanced_Phylogenetic_Pipeline/3.Phylogeny_Output/Alignments_FullLength/Oryza_sativa_MAFFT_Aligned.fa -m LG+F+G -B 1000 -pre /Users/bushrakhan/Desktop/NIPGR-data/MADS-box-Evolutionary-gene-detection/Advanced_Phylogenetic_Pipeline/3.Phylogeny_Output/Trees_FullLength/Oryza_sativa_MAFFT_ML -nt AUTO -redo
Seed:    550519 (Using SPRNG - Scalable Parallel Random Number Generator)
Time:    Tue Apr 14 07:34:05 2026
Kernel:  SSE2 - auto-detect threads (10 CPU cores detected)

Reading alignment file /Users/bushrakhan/Desktop/NIPGR-data/MADS-box-Evolutionary-gene-detection/Advanced_Phylogenetic_Pipeline/3.Phylogeny_Output/Alignments_FullLength/Oryza_sativa_MAFFT_Aligned.fa ... Fasta format detected
Reading fasta file: done in 0.00134087 secs using 89.57% CPU
Alignment most likely contains protein sequences
Alignment has 84 sequences with 966 columns, 748 distinct patterns
346 parsimony-informative, 236 singleton sites, 384 constant sites
                  Gap/Ambiguity  Composition  p-value
Analyzing sequences: done in 8.41618e-05 secs using 249.5% CPU
   1  LOC_Os10g39130.1   75.88%    passed     18.22%
   2  LOC_Os08g41950.1   67.91%    passed     56.54%
   3  LOC_Os08g41960.1   81.06%    passed     49.92%
   4  LOC_Os08g33488.1   83.54%    passed     94.12%
   5  LOC_Os08g02070.1   77.02%    passed     39.10%
   6  LOC_Os04g31804.1   74.22%    failed      0.73%
   7  LOC_Os04g23910.1   76.50%    passed     91.39%
   8  LOC_Os04g49150.1   73.71%    passed     86.07%
   9  LOC_Os04g52410.2   75.16%    passed     21.40%
  10  LOC_Os07g41370.1   74.22%    passed     43.77%
  11  LOC_Os07g01820.1   69.36%    passed     37.15%
  12  LOC_Os01g10504.1   70.29%    passed      8.54%
  13  LOC_Os01g66290.1   72.57%    failed      3.25%
  14  LOC_Os01g52680.1   79.71%    passed     71.02%
  15  LOC_Os01g66030.1   78.36%    passed     80.64%
  16  LOC_Os03g54170.1   75.26%    passed     16.29%
  17  LOC_Os03g11614.1   73.40%    passed     12.37%
  18  LOC_Os03g54160.1   73.81%    passed     89.82%
  19  LOC_Os03g08754.1   74.12%    passed      7.11%
  20  LOC_Os02g52340.1   76.40%    passed     56.66%
  21  LOC_Os02g07430.1   73.08%    passed     51.76%
  22  LOC_Os02g49840.1   75.05%    passed     80.34%
  23  LOC_Os02g45770.1   74.12%    passed     72.50%
  24  LOC_Os02g01355.1   71.95%    passed      9.79%
  25  LOC_Os02g36924.1   75.16%    passed     98.99%
  26  LOC_Os02g01365.1   50.00%    failed      0.15%
  27  LOC_Os09g32948.1   74.33%    passed     81.70%
  28  LOC_Os06g49840.1   76.81%    passed     16.51%
  29  LOC_Os06g01890.1   77.95%    passed     78.86%
  30  LOC_Os06g45650.1   77.12%    passed     17.51%
  31  LOC_Os06g11330.1   79.40%    passed     63.94%
  32  LOC_Os06g06750.1   76.71%    passed     87.83%
  33  LOC_Os12g10520.1   79.09%    passed     25.38%
  34  LOC_Os12g31748.2   74.43%    passed     94.37%
  35  LOC_Os12g10540.3   72.05%    failed      0.06%
  36  LOC_Os05g11414.1   70.19%    passed     48.86%
  37  LOC_Os05g34940.1   77.74%    passed     91.68%
  38  LOC_Os05g11380.1   84.68%    passed     46.53%
  39  LOC_Os11g43740.1   59.42%    failed      0.01%
  40  AT1G22130.1        65.32%    passed     36.67%
  41  AT1G24260.2        74.02%    passed     47.12%
  42  AT1G26310.1        73.60%    passed     68.87%
  43  AT1G31140.2        77.74%    passed     77.34%
  44  AT1G59810.1        70.70%    failed      0.19%
  45  AT1G69120.1        73.50%    passed     45.95%
  46  AT1G69540.2        62.01%    passed     29.34%
  47  AT1G71692.1        78.16%    passed     60.59%
  48  AT1G77080.8        76.92%    passed     34.95%
  49  AT1G77950.4        73.91%    passed     49.79%
  50  AT1G77980.1        65.63%    passed     50.89%
  51  AT2G03060.2        60.04%    failed      0.14%
  52  AT2G03710.1        73.29%    passed     91.18%
  53  AT2G14210.2        75.67%    passed     67.44%
  54  AT2G22540.1        75.16%    passed     73.87%
  55  AT2G22630.2        76.50%    passed     83.52%
  56  AT2G42830.2        74.33%    passed     26.82%
  57  AT2G45650.1        73.91%    passed     80.50%
  58  AT2G45660.1        77.85%    passed     45.98%
  59  AT3G02310.1        74.12%    passed     25.02%
  60  AT3G30260.1        74.22%    passed     37.35%
  61  AT3G54340.1        75.98%    passed     40.51%
  62  AT3G57230.1        75.16%    passed     43.76%
  63  AT3G57390.1        73.50%    passed     51.19%
  64  AT3G58780.4        70.91%    passed     32.09%
  65  AT3G61120.1        74.74%    passed     21.57%
  66  AT4G09960.4        65.94%    passed     16.49%
  67  AT4G11880.1        77.12%    passed     52.47%
  68  AT4G18960.1        73.91%    passed     21.98%
  69  AT4G22950.1        77.33%    passed     56.04%
  70  AT4G24540.1        77.23%    failed      2.30%
  71  AT4G37940.1        76.40%    passed     93.94%
  72  AT5G10140.1        79.71%    passed      7.17%
  73  AT5G13790.2        71.95%    passed     46.65%
  74  AT5G15800.2        72.88%    passed     19.94%
  75  AT5G20240.1        78.47%    passed     14.81%
  76  AT5G23260.4        72.26%    passed      5.58%
  77  AT5G51860.1        78.16%    passed     11.66%
  78  AT5G51870.3        76.29%    passed     74.13%
  79  AT5G60910.1        74.95%    passed     87.52%
  80  AT5G62165.2        78.26%    passed     54.58%
  81  AT5G65050.3        79.71%    passed     31.34%
  82  AT5G65060.1        79.71%    passed     12.35%
  83  AT5G65070.1        79.30%    passed      6.58%
  84  AT5G65080.2        78.88%    passed     22.71%
WARNING: 83 sequences contain more than 50% gaps/ambiguity
****  TOTAL              74.37%  8 sequences failed composition chi2 test (p-value<5%; df=19)

Create initial parsimony tree by phylogenetic likelihood library (PLL)... 0.021 seconds
Generating 1000 samples for ultrafast bootstrap (seed: 550519)...

NOTE: 42 MB RAM (0 GB) is required!
Measuring multi-threading efficiency up to 10 CPU cores
Increase to 10 rounds for branch lengths
3 trees examined
Threads: 1 / Time: 10.461 sec / Speedup: 1.000 / Efficiency: 100% / LogL: -41974
Threads: 2 / Time: 6.481 sec / Speedup: 1.614 / Efficiency: 81% / LogL: -41974
Threads: 3 / Time: 4.427 sec / Speedup: 2.363 / Efficiency: 79% / LogL: -41974
Threads: 4 / Time: 4.070 sec / Speedup: 2.571 / Efficiency: 64% / LogL: -41974
Threads: 5 / Time: 4.055 sec / Speedup: 2.580 / Efficiency: 52% / LogL: -41974
Threads: 6 / Time: 4.158 sec / Speedup: 2.516 / Efficiency: 42% / LogL: -41974
BEST NUMBER OF THREADS: 4

Estimate model parameters (epsilon = 0.100)
1. Initial log-likelihood: -38187.776
2. Current log-likelihood: -34397.749
3. Current log-likelihood: -34335.112
4. Current log-likelihood: -34333.204
5. Current log-likelihood: -34332.866
Optimal log-likelihood: -34332.741
Gamma shape alpha: 0.889
Parameters optimization took 5 rounds (3.707 sec)
Wrote distance file to... 
Computing ML distances based on estimated model parameters...
Calculating distance matrix: done in 0.587724 secs using 391.5% CPU
Computing ML distances took 0.588010 sec (of wall-clock time) 2.301445 sec (of CPU time)
Setting up auxiliary I and S matrices: done in 0.000176191 secs using 156.6% CPU
Computing RapidNJ tree took 0.008159 sec (of wall-clock time) 0.005033 sec (of CPU time)
Log-likelihood of RapidNJ tree: -34363.188
--------------------------------------------------------------------
|             INITIALIZING CANDIDATE TREE SET                      |
--------------------------------------------------------------------
Generating 98 parsimony trees... 2.710 second
Computing log-likelihood of 98 initial trees ... 16.730 seconds
Current best score: -34332.741

Do NNI search on 20 best initial trees
Estimate model parameters (epsilon = 0.100)
BETTER TREE FOUND at iteration 1: -34285.302
Estimate model parameters (epsilon = 0.100)
BETTER TREE FOUND at iteration 2: -34279.395
Estimate model parameters (epsilon = 0.100)
BETTER TREE FOUND at iteration 4: -34277.971
Estimate model parameters (epsilon = 0.100)
BETTER TREE FOUND at iteration 5: -34271.494
Iteration 10 / LogL: -34278.728 / Time: 0h:1m:43s
Estimate model parameters (epsilon = 0.100)
BETTER TREE FOUND at iteration 19: -34271.090
Iteration 20 / LogL: -34285.479 / Time: 0h:2m:29s
Finish initializing candidate tree set (20)
Current best tree score: -34271.090 / CPU time: 110.681
Number of iterations: 20
--------------------------------------------------------------------
|               OPTIMIZING CANDIDATE TREE SET                      |
--------------------------------------------------------------------
Estimate model parameters (epsilon = 0.100)
BETTER TREE FOUND at iteration 27: -34270.736
Estimate model parameters (epsilon = 0.100)
BETTER TREE FOUND at iteration 29: -34270.724
Iteration 30 / LogL: -34271.594 / Time: 0h:3m:18s (0h:11m:18s left)
Iteration 40 / LogL: -34273.321 / Time: 0h:4m:2s (0h:9m:13s left)
Estimate model parameters (epsilon = 0.100)
BETTER TREE FOUND at iteration 42: -34267.743
Iteration 50 / LogL: -34275.010 / Time: 0h:4m:47s (0h:8m:59s left)
Log-likelihood cutoff on original alignment: -34321.263
Estimate model parameters (epsilon = 0.100)
BETTER TREE FOUND at iteration 53: -34267.634
Estimate model parameters (epsilon = 0.100)
BETTER TREE FOUND at iteration 56: -34267.587
Iteration 60 / LogL: -34270.711 / Time: 0h:5m:29s (0h:8m:56s left)
Estimate model parameters (epsilon = 0.100)
BETTER TREE FOUND at iteration 61: -34266.880
Iteration 70 / LogL: -34272.422 / Time: 0h:6m:10s (0h:8m:8s left)
Iteration 80 / LogL: -34271.260 / Time: 0h:6m:54s (0h:7m:5s left)
Iteration 90 / LogL: -34266.902 / Time: 0h:7m:36s (0h:6m:4s left)
Estimate model parameters (epsilon = 0.100)
BETTER TREE FOUND at iteration 97: -34266.787
Iteration 100 / LogL: -34270.397 / Time: 0h:8m:21s (0h:8m:11s left)
Log-likelihood cutoff on original alignment: -34321.263
NOTE: Bootstrap correlation coefficient of split occurrence frequencies: 0.985
NOTE: UFBoot does not converge, continue at least 100 more iterations
UPDATE BEST LOG-LIKELIHOOD: -34266.787
Iteration 110 / LogL: -34266.787 / Time: 0h:9m:8s (0h:7m:32s left)
Iteration 120 / LogL: -34269.325 / Time: 0h:9m:55s (0h:6m:40s left)
UPDATE BEST LOG-LIKELIHOOD: -34266.787
Iteration 130 / LogL: -34270.239 / Time: 0h:10m:38s (0h:5m:46s left)
Iteration 140 / LogL: -34270.239 / Time: 0h:11m:22s (0h:4m:54s left)
Iteration 150 / LogL: -34267.297 / Time: 0h:12m:10s (0h:4m:5s left)
Log-likelihood cutoff on original alignment: -34315.434
UPDATE BEST LOG-LIKELIHOOD: -34266.787
Iteration 160 / LogL: -34266.881 / Time: 0h:12m:53s (0h:3m:14s left)
Iteration 170 / LogL: -34267.063 / Time: 0h:13m:37s (0h:2m:25s left)
Iteration 180 / LogL: -34267.520 / Time: 0h:14m:24s (0h:1m:36s left)
Iteration 190 / LogL: -34267.063 / Time: 0h:15m:10s (0h:0m:48s left)
Iteration 200 / LogL: -34267.424 / Time: 0h:15m:54s (0h:0m:0s left)
Log-likelihood cutoff on original alignment: -34315.434
NOTE: Bootstrap correlation coefficient of split occurrence frequencies: 0.999
TREE SEARCH COMPLETED AFTER 200 ITERATIONS / Time: 0h:15m:55s

--------------------------------------------------------------------
|                    FINALIZING TREE SEARCH                        |
--------------------------------------------------------------------
Performs final model parameters optimization
Estimate model parameters (epsilon = 0.010)
1. Initial log-likelihood: -34266.787
Optimal log-likelihood: -34266.787
Gamma shape alpha: 0.874
Parameters optimization took 1 rounds (0.463 sec)
BEST SCORE FOUND : -34266.787
Creating bootstrap support values...
Split supports printed to NEXUS file /Users/bushrakhan/Desktop/NIPGR-data/MADS-box-Evolutionary-gene-detection/Advanced_Phylogenetic_Pipeline/3.Phylogeny_Output/Trees_FullLength/Oryza_sativa_MAFFT_ML.splits.nex
Total tree length: 68.739

Total number of iterations: 200
CPU time used for tree search: 2692.118 sec (0h:44m:52s)
Wall-clock time used for tree search: 915.754 sec (0h:15m:15s)
Total CPU time used: 2781.549 sec (0h:46m:21s)
Total wall-clock time used: 955.615 sec (0h:15m:55s)

Computing bootstrap consensus tree...
Reading input file /Users/bushrakhan/Desktop/NIPGR-data/MADS-box-Evolutionary-gene-detection/Advanced_Phylogenetic_Pipeline/3.Phylogeny_Output/Trees_FullLength/Oryza_sativa_MAFFT_ML.splits.nex...
84 taxa and 647 splits.
Consensus tree written to /Users/bushrakhan/Desktop/NIPGR-data/MADS-box-Evolutionary-gene-detection/Advanced_Phylogenetic_Pipeline/3.Phylogeny_Output/Trees_FullLength/Oryza_sativa_MAFFT_ML.contree
Reading input trees file /Users/bushrakhan/Desktop/NIPGR-data/MADS-box-Evolutionary-gene-detection/Advanced_Phylogenetic_Pipeline/3.Phylogeny_Output/Trees_FullLength/Oryza_sativa_MAFFT_ML.contree
Log-likelihood of consensus tree: -34267.390

Analysis results written to: 
  IQ-TREE report:                /Users/bushrakhan/Desktop/NIPGR-data/MADS-box-Evolutionary-gene-detection/Advanced_Phylogenetic_Pipeline/3.Phylogeny_Output/Trees_FullLength/Oryza_sativa_MAFFT_ML.iqtree
  Maximum-likelihood tree:       /Users/bushrakhan/Desktop/NIPGR-data/MADS-box-Evolutionary-gene-detection/Advanced_Phylogenetic_Pipeline/3.Phylogeny_Output/Trees_FullLength/Oryza_sativa_MAFFT_ML.treefile
  Likelihood distances:          /Users/bushrakhan/Desktop/NIPGR-data/MADS-box-Evolutionary-gene-detection/Advanced_Phylogenetic_Pipeline/3.Phylogeny_Output/Trees_FullLength/Oryza_sativa_MAFFT_ML.mldist

Ultrafast bootstrap approximation results written to:
  Split support values:          /Users/bushrakhan/Desktop/NIPGR-data/MADS-box-Evolutionary-gene-detection/Advanced_Phylogenetic_Pipeline/3.Phylogeny_Output/Trees_FullLength/Oryza_sativa_MAFFT_ML.splits.nex
  Consensus tree:                /Users/bushrakhan/Desktop/NIPGR-data/MADS-box-Evolutionary-gene-detection/Advanced_Phylogenetic_Pipeline/3.Phylogeny_Output/Trees_FullLength/Oryza_sativa_MAFFT_ML.contree
  Screen log file:               /Users/bushrakhan/Desktop/NIPGR-data/MADS-box-Evolutionary-gene-detection/Advanced_Phylogenetic_Pipeline/3.Phylogeny_Output/Trees_FullLength/Oryza_sativa_MAFFT_ML.log

Date and Time: Tue Apr 14 07:50:02 2026
