IQ-TREE multicore version 2.3.6 for MacOS ARM 64-bit built Jul 30 2024
Developed by Bui Quang Minh, Nguyen Lam Tung, Olga Chernomor, Heiko Schmidt,
Dominik Schrempf, Michael Woodhams, Ly Trong Nhan, Thomas Wong

Host:    Bushras-MacBook-Air.local (SSE4.2, 16 GB RAM)
Command: /opt/homebrew/bin/iqtree2 -s /Users/bushrakhan/Desktop/NIPGR-data/MADS-box-Evolutionary-gene-detection/Advanced_Phylogenetic_Pipeline/3.Phylogeny_Output/Alignments_FullLength/Oryza_sativa_ClustalO_Aligned.fa -m LG+F+G -B 1000 -pre /Users/bushrakhan/Desktop/NIPGR-data/MADS-box-Evolutionary-gene-detection/Advanced_Phylogenetic_Pipeline/3.Phylogeny_Output/Trees_FullLength/Oryza_sativa_ClustalO_ML -nt AUTO -redo
Seed:    759054 (Using SPRNG - Scalable Parallel Random Number Generator)
Time:    Tue Apr 14 08:09:12 2026
Kernel:  SSE2 - auto-detect threads (10 CPU cores detected)

Reading alignment file /Users/bushrakhan/Desktop/NIPGR-data/MADS-box-Evolutionary-gene-detection/Advanced_Phylogenetic_Pipeline/3.Phylogeny_Output/Alignments_FullLength/Oryza_sativa_ClustalO_Aligned.fa ... Fasta format detected
Reading fasta file: done in 0.00109005 secs using 90.27% CPU
Alignment most likely contains protein sequences
WARNING: 1 sites contain only gaps or ambiguous characters.
Alignment has 84 sequences with 750 columns, 664 distinct patterns
381 parsimony-informative, 188 singleton sites, 181 constant sites
                  Gap/Ambiguity  Composition  p-value
Analyzing sequences: done in 6.8903e-05 secs using 272.8% CPU
   1  LOC_Os10g39130.1   68.93%    passed     24.71%
   2  LOC_Os08g41950.1   58.67%    passed     48.62%
   3  LOC_Os08g41960.1   75.60%    passed     54.74%
   4  LOC_Os08g33488.1   78.80%    passed     97.06%
   5  LOC_Os08g02070.1   70.40%    passed     39.00%
   6  LOC_Os04g31804.1   66.80%    failed      0.73%
   7  LOC_Os04g23910.1   69.73%    passed     95.68%
   8  LOC_Os04g49150.1   66.13%    passed     83.64%
   9  LOC_Os04g52410.2   68.00%    passed     18.19%
  10  LOC_Os07g41370.1   66.80%    passed     49.42%
  11  LOC_Os07g01820.1   60.53%    passed     38.41%
  12  LOC_Os01g10504.1   61.73%    passed      9.45%
  13  LOC_Os01g66290.1   64.67%    failed      4.05%
  14  LOC_Os01g52680.1   73.87%    passed     71.53%
  15  LOC_Os01g66030.1   72.13%    passed     80.19%
  16  LOC_Os03g54170.1   68.13%    passed     13.29%
  17  LOC_Os03g11614.1   65.73%    passed      8.49%
  18  LOC_Os03g54160.1   66.27%    passed     91.33%
  19  LOC_Os03g08754.1   66.67%    passed     13.30%
  20  LOC_Os02g52340.1   69.60%    passed     70.81%
  21  LOC_Os02g07430.1   65.33%    passed     45.69%
  22  LOC_Os02g49840.1   67.87%    passed     91.34%
  23  LOC_Os02g45770.1   66.67%    passed     71.11%
  24  LOC_Os02g01355.1   63.87%    passed     12.63%
  25  LOC_Os02g36924.1   68.00%    passed     99.70%
  26  LOC_Os02g01365.1   35.60%    failed      0.14%
  27  LOC_Os09g32948.1   66.93%    passed     82.09%
  28  LOC_Os06g49840.1   70.13%    passed     13.02%
  29  LOC_Os06g01890.1   71.60%    passed     85.83%
  30  LOC_Os06g45650.1   70.53%    passed     14.75%
  31  LOC_Os06g11330.1   73.47%    passed     72.98%
  32  LOC_Os06g06750.1   70.00%    passed     90.12%
  33  LOC_Os12g10520.1   73.07%    passed     27.69%
  34  LOC_Os12g31748.2   67.07%    passed     93.12%
  35  LOC_Os12g10540.3   64.00%    failed      0.08%
  36  LOC_Os05g11414.1   61.60%    passed     49.37%
  37  LOC_Os05g34940.1   71.33%    passed     89.11%
  38  LOC_Os05g11380.1   80.27%    passed     42.10%
  39  LOC_Os11g43740.1   47.73%    failed      0.00%
  40  AT1G22130.1        55.33%    passed     33.26%
  41  AT1G24260.2        66.53%    passed     51.22%
  42  AT1G26310.1        66.00%    passed     72.19%
  43  AT1G31140.2        71.33%    passed     67.53%
  44  AT1G59810.1        62.27%    failed      0.11%
  45  AT1G69120.1        65.87%    passed     42.07%
  46  AT1G69540.2        51.07%    passed     15.45%
  47  AT1G71692.1        71.87%    passed     59.56%
  48  AT1G77080.8        70.27%    passed     48.92%
  49  AT1G77950.4        66.40%    passed     56.54%
  50  AT1G77980.1        55.73%    passed     48.00%
  51  AT2G03060.2        48.53%    failed      0.06%
  52  AT2G03710.1        65.60%    passed     92.56%
  53  AT2G14210.2        68.67%    passed     77.43%
  54  AT2G22540.1        68.00%    passed     86.38%
  55  AT2G22630.2        69.73%    passed     90.03%
  56  AT2G42830.2        66.93%    passed     32.89%
  57  AT2G45650.1        66.40%    passed     75.83%
  58  AT2G45660.1        71.47%    passed     54.59%
  59  AT3G02310.1        66.67%    passed     23.10%
  60  AT3G30260.1        66.80%    passed     43.44%
  61  AT3G54340.1        69.07%    passed     37.33%
  62  AT3G57230.1        68.00%    passed     50.20%
  63  AT3G57390.1        65.87%    passed     65.08%
  64  AT3G58780.4        62.53%    passed     35.26%
  65  AT3G61120.1        67.47%    passed     24.30%
  66  AT4G09960.4        56.13%    passed     12.38%
  67  AT4G11880.1        70.53%    passed     62.74%
  68  AT4G18960.1        66.40%    passed     26.35%
  69  AT4G22950.1        70.80%    passed     70.36%
  70  AT4G24540.1        70.67%    failed      4.31%
  71  AT4G37940.1        69.60%    passed     97.22%
  72  AT5G10140.1        73.87%    passed     11.43%
  73  AT5G13790.2        63.87%    passed     60.98%
  74  AT5G15800.2        65.07%    passed     17.15%
  75  AT5G20240.1        72.27%    passed     14.90%
  76  AT5G23260.4        64.27%    passed      5.71%
  77  AT5G51860.1        71.87%    passed     13.52%
  78  AT5G51870.3        69.47%    passed     82.27%
  79  AT5G60910.1        67.73%    passed     93.23%
  80  AT5G62165.2        72.00%    passed     66.25%
  81  AT5G65050.3        73.87%    passed     45.49%
  82  AT5G65060.1        73.87%    passed     20.12%
  83  AT5G65070.1        73.33%    passed     11.16%
  84  AT5G65080.2        72.80%    passed     30.64%
WARNING: 81 sequences contain more than 50% gaps/ambiguity
****  TOTAL              66.99%  8 sequences failed composition chi2 test (p-value<5%; df=19)

Create initial parsimony tree by phylogenetic likelihood library (PLL)... 0.027 seconds
Generating 1000 samples for ultrafast bootstrap (seed: 759054)...

NOTE: 38 MB RAM (0 GB) is required!
Measuring multi-threading efficiency up to 10 CPU cores
Increase to 10 rounds for branch lengths
4 trees examined
Threads: 1 / Time: 11.794 sec / Speedup: 1.000 / Efficiency: 100% / LogL: -42454
Threads: 2 / Time: 7.584 sec / Speedup: 1.555 / Efficiency: 78% / LogL: -42454
Threads: 3 / Time: 5.166 sec / Speedup: 2.283 / Efficiency: 76% / LogL: -42454
Threads: 4 / Time: 4.496 sec / Speedup: 2.623 / Efficiency: 66% / LogL: -42454
Threads: 5 / Time: 4.812 sec / Speedup: 2.451 / Efficiency: 49% / LogL: -42454
BEST NUMBER OF THREADS: 4

Estimate model parameters (epsilon = 0.100)
1. Initial log-likelihood: -37692.639
2. Current log-likelihood: -34866.382
3. Current log-likelihood: -34791.799
4. Current log-likelihood: -34789.890
5. Current log-likelihood: -34789.711
Optimal log-likelihood: -34789.674
Gamma shape alpha: 0.916
Parameters optimization took 5 rounds (3.660 sec)
Wrote distance file to... 
Computing ML distances based on estimated model parameters...
Calculating distance matrix: done in 0.589885 secs using 394.1% CPU
Computing ML distances took 0.590185 sec (of wall-clock time) 2.325321 sec (of CPU time)
WARNING: Some pairwise ML distances are too long (saturated)
Setting up auxiliary I and S matrices: done in 0.000174046 secs using 213.7% CPU
Computing RapidNJ tree took 0.006830 sec (of wall-clock time) 0.004816 sec (of CPU time)
Log-likelihood of RapidNJ tree: -34839.726
--------------------------------------------------------------------
|             INITIALIZING CANDIDATE TREE SET                      |
--------------------------------------------------------------------
Generating 98 parsimony trees... 2.605 second
Computing log-likelihood of 98 initial trees ... 14.138 seconds
Current best score: -34789.674

Do NNI search on 20 best initial trees
Estimate model parameters (epsilon = 0.100)
BETTER TREE FOUND at iteration 1: -34742.743
Estimate model parameters (epsilon = 0.100)
BETTER TREE FOUND at iteration 3: -34734.919
Estimate model parameters (epsilon = 0.100)
BETTER TREE FOUND at iteration 4: -34728.226
Iteration 10 / LogL: -34747.758 / Time: 0h:1m:30s
Iteration 20 / LogL: -34732.742 / Time: 0h:2m:6s
Finish initializing candidate tree set (20)
Current best tree score: -34728.226 / CPU time: 87.896
Number of iterations: 20
--------------------------------------------------------------------
|               OPTIMIZING CANDIDATE TREE SET                      |
--------------------------------------------------------------------
Estimate model parameters (epsilon = 0.100)
BETTER TREE FOUND at iteration 21: -34728.122
Estimate model parameters (epsilon = 0.100)
BETTER TREE FOUND at iteration 27: -34727.794
Iteration 30 / LogL: -34730.236 / Time: 0h:2m:43s (0h:9m:6s left)
Estimate model parameters (epsilon = 0.100)
BETTER TREE FOUND at iteration 35: -34727.436
Iteration 40 / LogL: -34731.400 / Time: 0h:3m:16s (0h:7m:59s left)
Estimate model parameters (epsilon = 0.100)
BETTER TREE FOUND at iteration 49: -34727.379
Iteration 50 / LogL: -34728.483 / Time: 0h:3m:56s (0h:7m:57s left)
Log-likelihood cutoff on original alignment: -34777.913
Iteration 60 / LogL: -34727.773 / Time: 0h:4m:29s (0h:6m:46s left)
Iteration 70 / LogL: -34727.967 / Time: 0h:5m:6s (0h:5m:50s left)
Iteration 80 / LogL: -34728.082 / Time: 0h:5m:40s (0h:4m:57s left)
Iteration 90 / LogL: -34731.721 / Time: 0h:6m:16s (0h:4m:9s left)
Iteration 100 / LogL: -34729.638 / Time: 0h:6m:51s (0h:3m:23s left)
Log-likelihood cutoff on original alignment: -34777.913
NOTE: Bootstrap correlation coefficient of split occurrence frequencies: 0.997
Iteration 110 / LogL: -34727.442 / Time: 0h:7m:26s (0h:6m:8s left)
Iteration 120 / LogL: -34727.931 / Time: 0h:7m:57s (0h:5m:20s left)
Iteration 130 / LogL: -34728.375 / Time: 0h:8m:30s (0h:4m:37s left)
Iteration 140 / LogL: -34731.869 / Time: 0h:9m:7s (0h:3m:56s left)
Iteration 150 / LogL: -34728.108 / Time: 0h:9m:41s (0h:3m:15s left)
Log-likelihood cutoff on original alignment: -34777.913
TREE SEARCH COMPLETED AFTER 150 ITERATIONS / Time: 0h:9m:41s

--------------------------------------------------------------------
|                    FINALIZING TREE SEARCH                        |
--------------------------------------------------------------------
Performs final model parameters optimization
Estimate model parameters (epsilon = 0.010)
1. Initial log-likelihood: -34727.379
Optimal log-likelihood: -34727.379
Gamma shape alpha: 0.918
Parameters optimization took 1 rounds (0.362 sec)
BEST SCORE FOUND : -34727.379
Creating bootstrap support values...
Split supports printed to NEXUS file /Users/bushrakhan/Desktop/NIPGR-data/MADS-box-Evolutionary-gene-detection/Advanced_Phylogenetic_Pipeline/3.Phylogeny_Output/Trees_FullLength/Oryza_sativa_ClustalO_ML.splits.nex
Total tree length: 70.228

Total number of iterations: 150
CPU time used for tree search: 1576.898 sec (0h:26m:16s)
Wall-clock time used for tree search: 542.507 sec (0h:9m:2s)
Total CPU time used: 1658.902 sec (0h:27m:38s)
Total wall-clock time used: 582.043 sec (0h:9m:42s)

Computing bootstrap consensus tree...
Reading input file /Users/bushrakhan/Desktop/NIPGR-data/MADS-box-Evolutionary-gene-detection/Advanced_Phylogenetic_Pipeline/3.Phylogeny_Output/Trees_FullLength/Oryza_sativa_ClustalO_ML.splits.nex...
84 taxa and 532 splits.
Consensus tree written to /Users/bushrakhan/Desktop/NIPGR-data/MADS-box-Evolutionary-gene-detection/Advanced_Phylogenetic_Pipeline/3.Phylogeny_Output/Trees_FullLength/Oryza_sativa_ClustalO_ML.contree
Reading input trees file /Users/bushrakhan/Desktop/NIPGR-data/MADS-box-Evolutionary-gene-detection/Advanced_Phylogenetic_Pipeline/3.Phylogeny_Output/Trees_FullLength/Oryza_sativa_ClustalO_ML.contree
Log-likelihood of consensus tree: -34727.437

Analysis results written to: 
  IQ-TREE report:                /Users/bushrakhan/Desktop/NIPGR-data/MADS-box-Evolutionary-gene-detection/Advanced_Phylogenetic_Pipeline/3.Phylogeny_Output/Trees_FullLength/Oryza_sativa_ClustalO_ML.iqtree
  Maximum-likelihood tree:       /Users/bushrakhan/Desktop/NIPGR-data/MADS-box-Evolutionary-gene-detection/Advanced_Phylogenetic_Pipeline/3.Phylogeny_Output/Trees_FullLength/Oryza_sativa_ClustalO_ML.treefile
  Likelihood distances:          /Users/bushrakhan/Desktop/NIPGR-data/MADS-box-Evolutionary-gene-detection/Advanced_Phylogenetic_Pipeline/3.Phylogeny_Output/Trees_FullLength/Oryza_sativa_ClustalO_ML.mldist

Ultrafast bootstrap approximation results written to:
  Split support values:          /Users/bushrakhan/Desktop/NIPGR-data/MADS-box-Evolutionary-gene-detection/Advanced_Phylogenetic_Pipeline/3.Phylogeny_Output/Trees_FullLength/Oryza_sativa_ClustalO_ML.splits.nex
  Consensus tree:                /Users/bushrakhan/Desktop/NIPGR-data/MADS-box-Evolutionary-gene-detection/Advanced_Phylogenetic_Pipeline/3.Phylogeny_Output/Trees_FullLength/Oryza_sativa_ClustalO_ML.contree
  Screen log file:               /Users/bushrakhan/Desktop/NIPGR-data/MADS-box-Evolutionary-gene-detection/Advanced_Phylogenetic_Pipeline/3.Phylogeny_Output/Trees_FullLength/Oryza_sativa_ClustalO_ML.log

Date and Time: Tue Apr 14 08:18:56 2026
