IQ-TREE multicore version 2.3.6 for MacOS ARM 64-bit built Jul 30 2024
Developed by Bui Quang Minh, Nguyen Lam Tung, Olga Chernomor, Heiko Schmidt,
Dominik Schrempf, Michael Woodhams, Ly Trong Nhan, Thomas Wong

Host:    Bushras-MacBook-Air.local (SSE4.2, 16 GB RAM)
Command: /opt/homebrew/bin/iqtree2 -s /Users/bushrakhan/Desktop/NIPGR-data/MADS-box-Evolutionary-gene-detection/Advanced_Phylogenetic_Pipeline/3.Phylogeny_Output/Alignments_FullLength/Piper_auritum_ClustalO_Aligned.fa -m LG+F+G -B 1000 -pre /Users/bushrakhan/Desktop/NIPGR-data/MADS-box-Evolutionary-gene-detection/Advanced_Phylogenetic_Pipeline/3.Phylogeny_Output/Trees_FullLength/Piper_auritum_ClustalO_ML -nt AUTO -redo
Seed:    275046 (Using SPRNG - Scalable Parallel Random Number Generator)
Time:    Tue Apr 14 08:30:17 2026
Kernel:  SSE2 - auto-detect threads (10 CPU cores detected)

Reading alignment file /Users/bushrakhan/Desktop/NIPGR-data/MADS-box-Evolutionary-gene-detection/Advanced_Phylogenetic_Pipeline/3.Phylogeny_Output/Alignments_FullLength/Piper_auritum_ClustalO_Aligned.fa ... Fasta format detected
Reading fasta file: done in 0.000571012 secs using 88.44% CPU
Alignment most likely contains protein sequences
WARNING: 1 sites contain only gaps or ambiguous characters.
Alignment has 52 sequences with 637 columns, 531 distinct patterns
292 parsimony-informative, 159 singleton sites, 186 constant sites
                                     Gap/Ambiguity  Composition  p-value
Analyzing sequences: done in 8.2016e-05 secs using 134.1% CPU
   1  scaffold-MUNP-2001384-Piper_auritum   64.36%    passed     96.20%
   2  scaffold-MUNP-2001472-Piper_auritum   61.38%    passed     96.03%
   3  scaffold-MUNP-2001867-Piper_auritum   64.36%    passed     95.93%
   4  scaffold-MUNP-2004874-Piper_auritum   67.35%    passed     91.29%
   5  scaffold-MUNP-2004875-Piper_auritum   67.35%    passed     91.29%
   6  scaffold-MUNP-2011315-Piper_auritum   75.82%    passed     95.95%
   7  scaffold-MUNP-2011435-Piper_auritum   67.03%    passed     64.57%
   8  AT1G22130.1                           47.41%    passed     26.42%
   9  AT1G24260.2                           60.60%    passed     45.50%
  10  AT1G26310.1                           59.97%    passed     83.03%
  11  AT1G31140.2                           66.25%    passed     64.23%
  12  AT1G59810.1                           55.57%    failed      0.05%
  13  AT1G69120.1                           59.81%    passed     34.40%
  14  AT1G69540.2                           42.39%    passed     12.56%
  15  AT1G71692.1                           66.88%    passed     57.07%
  16  AT1G77080.8                           64.99%    passed     71.11%
  17  AT1G77950.4                           60.44%    passed     65.65%
  18  AT1G77980.1                           47.88%    passed     39.44%
  19  AT2G03060.2                           39.40%    failed      0.08%
  20  AT2G03710.1                           59.50%    passed     82.35%
  21  AT2G14210.2                           63.11%    passed     90.62%
  22  AT2G22540.1                           62.32%    passed     86.39%
  23  AT2G22630.2                           64.36%    passed     97.50%
  24  AT2G42830.2                           61.07%    passed     44.84%
  25  AT2G45650.1                           60.44%    passed     68.86%
  26  AT2G45660.1                           66.41%    passed     75.48%
  27  AT3G02310.1                           60.75%    passed     14.99%
  28  AT3G30260.1                           60.91%    passed     27.38%
  29  AT3G54340.1                           63.58%    passed     44.55%
  30  AT3G57230.1                           62.32%    passed     57.99%
  31  AT3G57390.1                           59.81%    passed     86.22%
  32  AT3G58780.4                           55.89%    passed     41.34%
  33  AT3G61120.1                           61.70%    passed     29.94%
  34  AT4G09960.4                           48.35%    passed     13.37%
  35  AT4G11880.1                           65.31%    passed     83.79%
  36  AT4G18960.1                           60.44%    passed     31.73%
  37  AT4G22950.1                           65.62%    passed     88.40%
  38  AT4G24540.1                           65.46%    passed      9.70%
  39  AT4G37940.1                           64.21%    passed     98.34%
  40  AT5G10140.1                           69.23%    passed     12.55%
  41  AT5G13790.2                           57.46%    passed     72.77%
  42  AT5G15800.2                           58.87%    passed      8.18%
  43  AT5G20240.1                           67.35%    passed     10.69%
  44  AT5G23260.4                           57.93%    failed      4.70%
  45  AT5G51860.1                           66.88%    passed     21.77%
  46  AT5G51870.3                           64.05%    passed     88.01%
  47  AT5G60910.1                           62.01%    passed     96.96%
  48  AT5G62165.2                           67.03%    passed     90.67%
  49  AT5G65050.3                           69.23%    passed     63.01%
  50  AT5G65060.1                           69.23%    passed     35.44%
  51  AT5G65070.1                           68.60%    passed     24.37%
  52  AT5G65080.2                           67.97%    passed     52.53%
WARNING: 47 sequences contain more than 50% gaps/ambiguity
****  TOTAL                                 61.86%  3 sequences failed composition chi2 test (p-value<5%; df=19)
NOTE: scaffold-MUNP-2004875-Piper_auritum is identical to scaffold-MUNP-2004874-Piper_auritum but kept for subsequent analysis

Create initial parsimony tree by phylogenetic likelihood library (PLL)... 0.009 seconds
Generating 1000 samples for ultrafast bootstrap (seed: 275046)...

NOTE: 19 MB RAM (0 GB) is required!
Measuring multi-threading efficiency up to 10 CPU cores
Increase to 10 rounds for branch lengths
7 trees examined
Threads: 1 / Time: 10.135 sec / Speedup: 1.000 / Efficiency: 100% / LogL: -25853
Threads: 2 / Time: 6.580 sec / Speedup: 1.540 / Efficiency: 77% / LogL: -25853
Threads: 3 / Time: 4.529 sec / Speedup: 2.238 / Efficiency: 75% / LogL: -25853
Threads: 4 / Time: 4.155 sec / Speedup: 2.439 / Efficiency: 61% / LogL: -25853
Threads: 5 / Time: 4.279 sec / Speedup: 2.369 / Efficiency: 47% / LogL: -25853
BEST NUMBER OF THREADS: 4

Estimate model parameters (epsilon = 0.100)
1. Initial log-likelihood: -22985.161
2. Current log-likelihood: -21432.946
3. Current log-likelihood: -21391.278
4. Current log-likelihood: -21389.689
Optimal log-likelihood: -21389.571
Gamma shape alpha: 0.867
Parameters optimization took 4 rounds (1.421 sec)
Wrote distance file to... 
Computing ML distances based on estimated model parameters...
Calculating distance matrix: done in 0.248473 secs using 386% CPU
Computing ML distances took 0.248699 sec (of wall-clock time) 0.959313 sec (of CPU time)
WARNING: Some pairwise ML distances are too long (saturated)
Setting up auxiliary I and S matrices: done in 0.000151873 secs using 202.1% CPU
Computing RapidNJ tree took 0.004318 sec (of wall-clock time) 0.002826 sec (of CPU time)
Log-likelihood of RapidNJ tree: -21342.954
--------------------------------------------------------------------
|             INITIALIZING CANDIDATE TREE SET                      |
--------------------------------------------------------------------
Generating 98 parsimony trees... 0.996 second
Computing log-likelihood of 98 initial trees ... 6.926 seconds
Current best score: -21342.954

Do NNI search on 20 best initial trees
Estimate model parameters (epsilon = 0.100)
BETTER TREE FOUND at iteration 1: -21334.206
Estimate model parameters (epsilon = 0.100)
BETTER TREE FOUND at iteration 3: -21328.337
Iteration 10 / LogL: -21332.220 / Time: 0h:0m:59s
Iteration 20 / LogL: -21334.370 / Time: 0h:1m:20s
Finish initializing candidate tree set (16)
Current best tree score: -21328.337 / CPU time: 48.365
Number of iterations: 20
--------------------------------------------------------------------
|               OPTIMIZING CANDIDATE TREE SET                      |
--------------------------------------------------------------------
Iteration 30 / LogL: -21330.093 / Time: 0h:1m:36s (0h:4m:3s left)
Iteration 40 / LogL: -21329.468 / Time: 0h:1m:54s (0h:3m:4s left)
Iteration 50 / LogL: -21328.859 / Time: 0h:2m:13s (0h:2m:24s left)
Log-likelihood cutoff on original alignment: -21371.794
Iteration 60 / LogL: -21328.547 / Time: 0h:2m:30s (0h:1m:49s left)
Iteration 70 / LogL: -21329.959 / Time: 0h:2m:47s (0h:1m:20s left)
Iteration 80 / LogL: -21338.730 / Time: 0h:3m:4s (0h:0m:53s left)
Iteration 90 / LogL: -21328.708 / Time: 0h:3m:20s (0h:0m:29s left)
Iteration 100 / LogL: -21328.546 / Time: 0h:3m:36s (0h:0m:6s left)
Log-likelihood cutoff on original alignment: -21363.002
NOTE: Bootstrap correlation coefficient of split occurrence frequencies: 0.998
TREE SEARCH COMPLETED AFTER 104 ITERATIONS / Time: 0h:3m:42s

--------------------------------------------------------------------
|                    FINALIZING TREE SEARCH                        |
--------------------------------------------------------------------
Performs final model parameters optimization
Estimate model parameters (epsilon = 0.010)
1. Initial log-likelihood: -21328.337
Optimal log-likelihood: -21328.333
Gamma shape alpha: 0.870
Parameters optimization took 1 rounds (0.211 sec)
BEST SCORE FOUND : -21328.333
Creating bootstrap support values...
Split supports printed to NEXUS file /Users/bushrakhan/Desktop/NIPGR-data/MADS-box-Evolutionary-gene-detection/Advanced_Phylogenetic_Pipeline/3.Phylogeny_Output/Trees_FullLength/Piper_auritum_ClustalO_ML.splits.nex
Total tree length: 50.575

Total number of iterations: 104
CPU time used for tree search: 543.723 sec (0h:9m:3s)
Wall-clock time used for tree search: 190.554 sec (0h:3m:10s)
Total CPU time used: 606.915 sec (0h:10m:6s)
Total wall-clock time used: 222.658 sec (0h:3m:42s)

Computing bootstrap consensus tree...
Reading input file /Users/bushrakhan/Desktop/NIPGR-data/MADS-box-Evolutionary-gene-detection/Advanced_Phylogenetic_Pipeline/3.Phylogeny_Output/Trees_FullLength/Piper_auritum_ClustalO_ML.splits.nex...
52 taxa and 409 splits.
Consensus tree written to /Users/bushrakhan/Desktop/NIPGR-data/MADS-box-Evolutionary-gene-detection/Advanced_Phylogenetic_Pipeline/3.Phylogeny_Output/Trees_FullLength/Piper_auritum_ClustalO_ML.contree
Reading input trees file /Users/bushrakhan/Desktop/NIPGR-data/MADS-box-Evolutionary-gene-detection/Advanced_Phylogenetic_Pipeline/3.Phylogeny_Output/Trees_FullLength/Piper_auritum_ClustalO_ML.contree
Log-likelihood of consensus tree: -21328.759

Analysis results written to: 
  IQ-TREE report:                /Users/bushrakhan/Desktop/NIPGR-data/MADS-box-Evolutionary-gene-detection/Advanced_Phylogenetic_Pipeline/3.Phylogeny_Output/Trees_FullLength/Piper_auritum_ClustalO_ML.iqtree
  Maximum-likelihood tree:       /Users/bushrakhan/Desktop/NIPGR-data/MADS-box-Evolutionary-gene-detection/Advanced_Phylogenetic_Pipeline/3.Phylogeny_Output/Trees_FullLength/Piper_auritum_ClustalO_ML.treefile
  Likelihood distances:          /Users/bushrakhan/Desktop/NIPGR-data/MADS-box-Evolutionary-gene-detection/Advanced_Phylogenetic_Pipeline/3.Phylogeny_Output/Trees_FullLength/Piper_auritum_ClustalO_ML.mldist

Ultrafast bootstrap approximation results written to:
  Split support values:          /Users/bushrakhan/Desktop/NIPGR-data/MADS-box-Evolutionary-gene-detection/Advanced_Phylogenetic_Pipeline/3.Phylogeny_Output/Trees_FullLength/Piper_auritum_ClustalO_ML.splits.nex
  Consensus tree:                /Users/bushrakhan/Desktop/NIPGR-data/MADS-box-Evolutionary-gene-detection/Advanced_Phylogenetic_Pipeline/3.Phylogeny_Output/Trees_FullLength/Piper_auritum_ClustalO_ML.contree
  Screen log file:               /Users/bushrakhan/Desktop/NIPGR-data/MADS-box-Evolutionary-gene-detection/Advanced_Phylogenetic_Pipeline/3.Phylogeny_Output/Trees_FullLength/Piper_auritum_ClustalO_ML.log

Date and Time: Tue Apr 14 08:34:00 2026
