IQ-TREE multicore version 2.3.6 for MacOS ARM 64-bit built Jul 30 2024
Developed by Bui Quang Minh, Nguyen Lam Tung, Olga Chernomor, Heiko Schmidt,
Dominik Schrempf, Michael Woodhams, Ly Trong Nhan, Thomas Wong

Host:    Bushras-MacBook-Air.local (SSE4.2, 16 GB RAM)
Command: /opt/homebrew/bin/iqtree2 -s Advanced_Phylogenetic_Pipeline/3.Phylogeny_Output/Alignments_FullLength/Piper_auritum_MAFFT_Aligned.fa -m LG -B 1000 -pre Advanced_Phylogenetic_Pipeline/3.Phylogeny_Output/Trees_FullLength/Piper_auritum_ML -nt AUTO -redo
Seed:    777148 (Using SPRNG - Scalable Parallel Random Number Generator)
Time:    Mon Apr 13 20:04:40 2026
Kernel:  SSE2 - auto-detect threads (10 CPU cores detected)

Reading alignment file Advanced_Phylogenetic_Pipeline/3.Phylogeny_Output/Alignments_FullLength/Piper_auritum_MAFFT_Aligned.fa ... Fasta format detected
Reading fasta file: done in 0.00075388 secs using 84.1% CPU
Alignment most likely contains protein sequences
Alignment has 52 sequences with 663 columns, 569 distinct patterns
283 parsimony-informative, 185 singleton sites, 195 constant sites
                                     Gap/Ambiguity  Composition  p-value
Analyzing sequences: done in 7.58171e-05 secs using 180.7% CPU
   1  scaffold-MUNP-2001384-Piper_auritum   65.76%    passed     96.75%
   2  scaffold-MUNP-2001472-Piper_auritum   62.90%    passed     96.09%
   3  scaffold-MUNP-2001867-Piper_auritum   65.76%    passed     95.59%
   4  scaffold-MUNP-2004874-Piper_auritum   68.63%    passed     91.06%
   5  scaffold-MUNP-2004875-Piper_auritum   68.63%    passed     91.06%
   6  scaffold-MUNP-2011315-Piper_auritum   76.77%    passed     96.08%
   7  scaffold-MUNP-2011435-Piper_auritum   68.33%    passed     63.98%
   8  AT1G22130.1                           49.47%    passed     27.15%
   9  AT1G24260.2                           62.14%    passed     45.56%
  10  AT1G26310.1                           61.54%    passed     83.10%
  11  AT1G31140.2                           67.57%    passed     66.17%
  12  AT1G59810.1                           57.32%    failed      0.05%
  13  AT1G69120.1                           61.39%    passed     35.27%
  14  AT1G69540.2                           44.65%    passed     14.05%
  15  AT1G71692.1                           68.17%    passed     57.53%
  16  AT1G77080.8                           66.37%    passed     70.05%
  17  AT1G77950.4                           61.99%    passed     65.50%
  18  AT1G77980.1                           49.92%    passed     40.21%
  19  AT2G03060.2                           41.78%    failed      0.08%
  20  AT2G03710.1                           61.09%    passed     82.63%
  21  AT2G14210.2                           64.56%    passed     90.24%
  22  AT2G22540.1                           63.80%    passed     85.69%
  23  AT2G22630.2                           65.76%    passed     97.37%
  24  AT2G42830.2                           62.59%    passed     44.36%
  25  AT2G45650.1                           61.99%    passed     70.16%
  26  AT2G45660.1                           67.72%    passed     75.29%
  27  AT3G02310.1                           62.29%    passed     15.43%
  28  AT3G30260.1                           62.44%    passed     27.31%
  29  AT3G54340.1                           65.01%    passed     45.11%
  30  AT3G57230.1                           63.80%    passed     57.77%
  31  AT3G57390.1                           61.39%    passed     85.59%
  32  AT3G58780.4                           57.62%    passed     41.30%
  33  AT3G61120.1                           63.20%    passed     29.87%
  34  AT4G09960.4                           50.38%    passed     14.36%
  35  AT4G11880.1                           66.67%    passed     83.27%
  36  AT4G18960.1                           61.99%    passed     31.44%
  37  AT4G22950.1                           66.97%    passed     87.75%
  38  AT4G24540.1                           66.82%    passed      9.35%
  39  AT4G37940.1                           65.61%    passed     98.24%
  40  AT5G10140.1                           70.44%    passed     12.18%
  41  AT5G13790.2                           59.13%    passed     71.90%
  42  AT5G15800.2                           60.48%    passed      8.51%
  43  AT5G20240.1                           68.63%    passed     10.83%
  44  AT5G23260.4                           59.58%    failed      4.78%
  45  AT5G51860.1                           68.17%    passed     21.67%
  46  AT5G51870.3                           65.46%    passed     87.65%
  47  AT5G60910.1                           63.50%    passed     96.86%
  48  AT5G62165.2                           68.33%    passed     90.24%
  49  AT5G65050.3                           70.44%    passed     61.87%
  50  AT5G65060.1                           70.44%    passed     34.44%
  51  AT5G65070.1                           69.83%    passed     23.68%
  52  AT5G65080.2                           69.23%    passed     52.08%
WARNING: 48 sequences contain more than 50% gaps/ambiguity
****  TOTAL                                 63.35%  3 sequences failed composition chi2 test (p-value<5%; df=19)
NOTE: scaffold-MUNP-2004875-Piper_auritum is identical to scaffold-MUNP-2004874-Piper_auritum but kept for subsequent analysis

Create initial parsimony tree by phylogenetic likelihood library (PLL)... 0.018 seconds
Generating 1000 samples for ultrafast bootstrap (seed: 777148)...

NOTE: 7 MB RAM (0 GB) is required!
Measuring multi-threading efficiency up to 10 CPU cores
Increase to 10 rounds for branch lengths
24 trees examined
Threads: 1 / Time: 10.206 sec / Speedup: 1.000 / Efficiency: 100% / LogL: -27553
Threads: 2 / Time: 9.471 sec / Speedup: 1.078 / Efficiency: 54% / LogL: -27553
Threads: 3 / Time: 6.752 sec / Speedup: 1.511 / Efficiency: 50% / LogL: -27553
Threads: 4 / Time: 6.233 sec / Speedup: 1.637 / Efficiency: 41% / LogL: -27553
BEST NUMBER OF THREADS: 3

Estimate model parameters (epsilon = 0.100)
1. Initial log-likelihood: -24607.616
Optimal log-likelihood: -22135.035
Parameters optimization took 1 rounds (0.229 sec)
Wrote distance file to... 
Computing ML distances based on estimated model parameters...
Calculating distance matrix: done in 0.0631781 secs using 291% CPU
Computing ML distances took 0.063424 sec (of wall-clock time) 0.184049 sec (of CPU time)
Setting up auxiliary I and S matrices: done in 0.000123978 secs using 122.6% CPU
Computing RapidNJ tree took 0.003414 sec (of wall-clock time) 0.002293 sec (of CPU time)
Log-likelihood of RapidNJ tree: -22120.203
--------------------------------------------------------------------
|             INITIALIZING CANDIDATE TREE SET                      |
--------------------------------------------------------------------
Generating 98 parsimony trees... 1.444 second
Computing log-likelihood of 98 initial trees ... 5.329 seconds
Current best score: -22120.203

Do NNI search on 20 best initial trees
Estimate model parameters (epsilon = 0.100)
BETTER TREE FOUND at iteration 1: -22067.497
Estimate model parameters (epsilon = 0.100)
BETTER TREE FOUND at iteration 3: -22067.225
Estimate model parameters (epsilon = 0.100)
BETTER TREE FOUND at iteration 4: -22064.918
Iteration 10 / LogL: -22081.284 / Time: 0h:0m:48s
Iteration 20 / LogL: -22080.225 / Time: 0h:0m:55s
Finish initializing candidate tree set (20)
Current best tree score: -22064.918 / CPU time: 22.643
Number of iterations: 20
--------------------------------------------------------------------
|               OPTIMIZING CANDIDATE TREE SET                      |
--------------------------------------------------------------------
Estimate model parameters (epsilon = 0.100)
BETTER TREE FOUND at iteration 21: -22064.843
Estimate model parameters (epsilon = 0.100)
BETTER TREE FOUND at iteration 23: -22064.806
Estimate model parameters (epsilon = 0.100)
BETTER TREE FOUND at iteration 24: -22064.307
Iteration 30 / LogL: -22064.704 / Time: 0h:1m:6s (0h:3m:36s left)
Iteration 40 / LogL: -22064.342 / Time: 0h:1m:15s (0h:2m:41s left)
Iteration 50 / LogL: -22064.349 / Time: 0h:1m:22s (0h:2m:4s left)
Log-likelihood cutoff on original alignment: -22105.061
Iteration 60 / LogL: -22072.435 / Time: 0h:1m:31s (0h:1m:39s left)
Estimate model parameters (epsilon = 0.100)
BETTER TREE FOUND at iteration 61: -22063.681
Iteration 70 / LogL: -22064.847 / Time: 0h:1m:40s (0h:2m:12s left)
Estimate model parameters (epsilon = 0.100)
BETTER TREE FOUND at iteration 75: -22063.566
Iteration 80 / LogL: -22064.831 / Time: 0h:1m:48s (0h:2m:10s left)
Iteration 90 / LogL: -22063.578 / Time: 0h:1m:58s (0h:1m:53s left)
Iteration 100 / LogL: -22063.795 / Time: 0h:2m:6s (0h:1m:36s left)
Log-likelihood cutoff on original alignment: -22105.061
NOTE: Bootstrap correlation coefficient of split occurrence frequencies: 0.998
Iteration 110 / LogL: -22064.371 / Time: 0h:2m:14s (0h:1m:51s left)
BETTER TREE FOUND at iteration 119: -22063.563
Iteration 120 / LogL: -22064.796 / Time: 0h:2m:23s (0h:1m:58s left)
Iteration 130 / LogL: -22063.577 / Time: 0h:2m:31s (0h:1m:44s left)
Estimate model parameters (epsilon = 0.100)
UPDATE BEST LOG-LIKELIHOOD: -22063.487
Iteration 140 / LogL: -22064.099 / Time: 0h:2m:40s (0h:1m:31s left)
Iteration 150 / LogL: -22066.467 / Time: 0h:2m:49s (0h:1m:18s left)
Log-likelihood cutoff on original alignment: -22105.061
Iteration 160 / LogL: -22063.524 / Time: 0h:2m:57s (0h:1m:5s left)
Iteration 170 / LogL: -22063.709 / Time: 0h:3m:8s (0h:0m:54s left)
Iteration 180 / LogL: -22074.866 / Time: 0h:3m:16s (0h:0m:42s left)
Iteration 190 / LogL: -22074.360 / Time: 0h:3m:24s (0h:0m:31s left)
Iteration 200 / LogL: -22063.515 / Time: 0h:3m:34s (0h:0m:20s left)
Log-likelihood cutoff on original alignment: -22105.061
NOTE: Bootstrap correlation coefficient of split occurrence frequencies: 0.998
Iteration 210 / LogL: -22063.691 / Time: 0h:3m:43s (0h:1m:36s left)
Iteration 220 / LogL: -22063.522 / Time: 0h:3m:53s (0h:1m:25s left)
TREE SEARCH COMPLETED AFTER 220 ITERATIONS / Time: 0h:3m:53s

--------------------------------------------------------------------
|                    FINALIZING TREE SEARCH                        |
--------------------------------------------------------------------
Performs final model parameters optimization
Estimate model parameters (epsilon = 0.010)
1. Initial log-likelihood: -22063.487
Optimal log-likelihood: -22063.486
Parameters optimization took 1 rounds (0.090 sec)
BEST SCORE FOUND : -22063.486
Creating bootstrap support values...
Split supports printed to NEXUS file Advanced_Phylogenetic_Pipeline/3.Phylogeny_Output/Trees_FullLength/Piper_auritum_ML.splits.nex
Total tree length: 26.203

Total number of iterations: 220
CPU time used for tree search: 348.025 sec (0h:5m:48s)
Wall-clock time used for tree search: 200.235 sec (0h:3m:20s)
Total CPU time used: 398.644 sec (0h:6m:38s)
Total wall-clock time used: 233.769 sec (0h:3m:53s)

Computing bootstrap consensus tree...
Reading input file Advanced_Phylogenetic_Pipeline/3.Phylogeny_Output/Trees_FullLength/Piper_auritum_ML.splits.nex...
52 taxa and 350 splits.
Consensus tree written to Advanced_Phylogenetic_Pipeline/3.Phylogeny_Output/Trees_FullLength/Piper_auritum_ML.contree
Reading input trees file Advanced_Phylogenetic_Pipeline/3.Phylogeny_Output/Trees_FullLength/Piper_auritum_ML.contree
Log-likelihood of consensus tree: -22063.567

Analysis results written to: 
  IQ-TREE report:                Advanced_Phylogenetic_Pipeline/3.Phylogeny_Output/Trees_FullLength/Piper_auritum_ML.iqtree
  Maximum-likelihood tree:       Advanced_Phylogenetic_Pipeline/3.Phylogeny_Output/Trees_FullLength/Piper_auritum_ML.treefile
  Likelihood distances:          Advanced_Phylogenetic_Pipeline/3.Phylogeny_Output/Trees_FullLength/Piper_auritum_ML.mldist

Ultrafast bootstrap approximation results written to:
  Split support values:          Advanced_Phylogenetic_Pipeline/3.Phylogeny_Output/Trees_FullLength/Piper_auritum_ML.splits.nex
  Consensus tree:                Advanced_Phylogenetic_Pipeline/3.Phylogeny_Output/Trees_FullLength/Piper_auritum_ML.contree
  Screen log file:               Advanced_Phylogenetic_Pipeline/3.Phylogeny_Output/Trees_FullLength/Piper_auritum_ML.log

Date and Time: Mon Apr 13 20:08:34 2026
