IQ-TREE multicore version 2.3.6 for MacOS ARM 64-bit built Jul 30 2024
Developed by Bui Quang Minh, Nguyen Lam Tung, Olga Chernomor, Heiko Schmidt,
Dominik Schrempf, Michael Woodhams, Ly Trong Nhan, Thomas Wong

Host:    Bushras-MacBook-Air.local (SSE4.2, 16 GB RAM)
Command: iqtree2 -s /Users/bushrakhan/Desktop/NIPGR-data/MADS-box-Evolutionary-gene-detection/Simultaneous_Phylogenetic_Analysis/Results_v4/Helianthus_annuuss/Helianthus_annuuss_MUSCLE.fa -m JTT+G -B 1000 -T AUTO -pre /Users/bushrakhan/Desktop/NIPGR-data/MADS-box-Evolutionary-gene-detection/Simultaneous_Phylogenetic_Analysis/Results_v4/Helianthus_annuuss/Helianthus_annuuss_MUSCLE_NJ -redo
Seed:    216043 (Using SPRNG - Scalable Parallel Random Number Generator)
Time:    Tue Apr  7 05:06:09 2026
Kernel:  SSE2 - auto-detect threads (10 CPU cores detected)

Reading alignment file /Users/bushrakhan/Desktop/NIPGR-data/MADS-box-Evolutionary-gene-detection/Simultaneous_Phylogenetic_Analysis/Results_v4/Helianthus_annuuss/Helianthus_annuuss_MUSCLE.fa ... Fasta format detected
Reading fasta file: done in 0.00316906 secs using 82.58% CPU
Alignment most likely contains protein sequences
Alignment has 137 sequences with 1145 columns, 934 distinct patterns
328 parsimony-informative, 359 singleton sites, 458 constant sites
                          Gap/Ambiguity  Composition  p-value
Analyzing sequences: done in 0.000123978 secs using 279.9% CPU
   1  AT1G59810.1                75.28%    failed      0.17%
   2  HanXRQChr05g0150571        69.17%    failed      0.25%
   3  HanXRQChr15g0483111        74.32%    passed     17.05%
   4  HanXRQChr03g0091451        71.88%    passed     27.15%
   5  AT1G77980.1                71.00%    passed     45.07%
   6  AT1G77950.1                77.99%    passed     45.87%
   7  AT1G77950.2                77.99%    passed     45.87%
   8  AT1G22130.1                70.74%    passed     31.53%
   9  AT1G31140.1                81.40%    passed     86.63%
  10  AT1G31140.2                81.22%    passed     85.69%
  11  HanXRQChr01g0015681        77.21%    passed     82.37%
  12  HanXRQChr10g0299591        75.90%    failed      0.35%
  13  AT5G13790.1                76.59%    passed     29.32%
  14  AT4G18960.1                77.99%    passed     21.04%
  15  HanXRQChr05g0147261        76.86%    passed     43.74%
  16  HanXRQChr16g0519321        79.21%    passed     30.38%
  17  HanXRQChr01g0007431        74.32%    passed     38.11%
  18  AT2G42830.1                78.52%    passed     32.93%
  19  AT2G42830.2                78.34%    passed     31.94%
  20  AT3G58780.3                76.16%    passed     62.32%
  21  AT3G58780.1                78.34%    passed     62.18%
  22  AT3G58780.2                78.95%    passed     67.11%
  23  HanXRQChr10g0291191        80.52%    passed     79.91%
  24  AT3G57230.2                79.13%    passed     52.31%
  25  HanXRQChr05g0163521        78.95%    passed     83.23%
  26  AT3G57230.1                79.04%    passed     44.69%
  27  AT4G37940.1                80.09%    passed     88.11%
  28  AT2G22630.1                80.17%    passed     85.88%
  29  AT5G23260.3                79.21%    passed      7.79%
  30  AT5G23260.2                77.99%    failed      4.02%
  31  AT5G23260.1                78.43%    passed      5.52%
  32  HanXRQChr16g0503081        80.17%    passed     71.86%
  33  HanXRQChr09g0270841        80.09%    passed     55.61%
  34  AT2G22540.1                79.04%    passed     48.79%
  35  AT2G22540.2                79.48%    passed     46.60%
  36  HanXRQChr13g0405061        80.09%    passed     46.41%
  37  HanXRQChr15g0495861        80.44%    passed     43.05%
  38  AT1G71692.1                81.57%    passed     65.63%
  39  AT4G24540.1                80.79%    failed      1.55%
  40  HanXRQChr05g0163381        71.70%    passed      6.84%
  41  HanXRQChr15g0484901        79.65%    passed     11.13%
  42  HanXRQChr09g0273361        82.10%    passed     59.46%
  43  HanXRQChr09g0267081        82.53%    passed     29.07%
  44  HanXRQChr09g0262151        82.62%    passed     49.94%
  45  HanXRQChr15g0474011        86.64%    passed     94.07%
  46  AT5G51870.2                84.98%    passed     26.89%
  47  AT2G45660.1                81.31%    passed     44.57%
  48  AT4G22950.1                80.87%    passed     49.47%
  49  AT4G11880.1                80.70%    passed     53.99%
  50  HanXRQChr12g0358721        82.01%    passed     70.39%
  51  HanXRQChr16g0523531        80.96%    passed     48.88%
  52  HanXRQChr17g0560051        81.14%    passed     36.98%
  53  HanXRQChr04g0122131        81.22%    passed     16.85%
  54  HanXRQChr06g0169281        82.10%    passed      8.72%
  55  AT5G51870.1                81.92%    passed     35.58%
  56  AT5G51870.3                80.87%    passed     46.14%
  57  AT5G51860.1                81.57%    passed     16.53%
  58  AT5G51860.2                82.36%    passed      9.86%
  59  AT5G62165.1                81.66%    passed     60.55%
  60  AT5G62165.3                81.66%    passed     60.55%
  61  AT5G62165.2                81.66%    passed     60.55%
  62  AT5G62165.4                82.88%    passed     84.81%
  63  HanXRQChr12g0358711        77.82%    passed     76.43%
  64  HanXRQChr05g0150661        80.09%    passed     51.28%
  65  AT3G61120.1                78.69%    passed     22.35%
  66  AT2G45650.1                77.99%    passed     80.91%
  67  AT2G14210.1                79.56%    passed     68.11%
  68  AT3G02310.1                78.17%    passed     23.65%
  69  AT5G15800.1                78.08%    passed     22.52%
  70  AT5G15800.2                77.12%    passed     17.00%
  71  AT1G26310.1                77.73%    passed     81.29%
  72  AT1G69120.1                77.64%    passed     52.00%
  73  AT2G03710.1                77.47%    passed     77.35%
  74  AT2G03710.2                77.55%    passed     79.43%
  75  HanXRQChr09g0266391        75.55%    passed     89.16%
  76  AT4G09960.2                81.14%    passed     18.85%
  77  AT4G09960.4                79.56%    passed     20.23%
  78  AT4G09960.3                77.64%    passed     31.83%
  79  AT4G09960.1                79.91%    passed     19.86%
  80  HanXRQChr02g0042981        78.34%    passed     41.04%
  81  HanXRQChr07g0200321        77.90%    passed     94.11%
  82  HanXRQChr09g0265001        78.25%    passed     51.36%
  83  HanXRQChr15g0489071        78.17%    passed     88.68%
  84  AT2G03710.3                83.67%    passed     65.98%
  85  HanXRQChr17g0550551        84.28%    passed     13.18%
  86  AT5G60910.1                78.86%    passed     78.97%
  87  HanXRQChr02g0043891        77.29%    passed      7.79%
  88  HanXRQChr07g0200001        79.39%    passed     62.83%
  89  HanXRQChr14g0452461        79.83%    passed     34.28%
  90  HanXRQChr00c0029g0571181   77.90%    passed      6.43%
  91  AT1G24260.3                79.30%    passed     34.02%
  92  AT1G24260.2                78.08%    passed     40.87%
  93  AT1G24260.1                78.17%    passed     36.06%
  94  HanXRQChr12g0364981        78.08%    passed     96.57%
  95  HanXRQChr08g0223681        78.34%    passed     99.46%
  96  HanXRQChr12g0361321        78.34%    passed     82.32%
  97  HanXRQChr06g0174721        78.52%    passed     81.81%
  98  HanXRQChr04g0110101        79.30%    passed     95.14%
  99  HanXRQChr16g0507561        79.39%    passed     48.75%
 100  HanXRQChr05g0154261        79.39%    passed     59.36%
 101  HanXRQChr08g0223671        85.50%    passed     52.69%
 102  AT3G30260.1                78.25%    passed     18.09%
 103  HanXRQChr16g0530971        80.61%    passed     10.19%
 104  AT3G54340.1                79.74%    passed     59.73%
 105  HanXRQChr05g0151331        79.48%    passed     89.24%
 106  HanXRQChr16g0501741        80.00%    passed     98.25%
 107  HanXRQChr16g0501381        80.00%    passed     98.25%
 108  HanXRQChr09g0269421        80.00%    passed     94.12%
 109  HanXRQChr12g0375471        81.57%    passed     68.06%
 110  HanXRQChr17g0538691        81.48%    passed     27.76%
 111  AT5G20240.1                81.83%    passed     14.62%
 112  HanXRQChr02g0040221        83.23%    passed     39.32%
 113  HanXRQChr12g0358781        82.88%    passed     67.94%
 114  HanXRQChr02g0045511        82.88%    passed     43.19%
 115  HanXRQChr05g0149341        78.08%    failed      0.31%
 116  AT3G57390.1                77.64%    passed     42.58%
 117  HanXRQChr09g0270311        73.97%    passed     99.65%
 118  AT5G65080.2                82.79%    passed     23.98%
 119  AT1G77080.2                83.23%    passed     28.24%
 120  AT5G65060.2                83.84%    passed     16.39%
 121  AT5G10140.4                84.10%    passed      7.70%
 122  AT5G65050.1                84.10%    passed     25.39%
 123  AT5G10140.1                82.88%    failed      4.56%
 124  AT1G77080.4                82.88%    passed     25.78%
 125  AT5G65060.1                82.88%    passed      9.64%
 126  AT5G65050.3                82.88%    passed     25.45%
 127  AT5G65070.3                79.74%    passed     17.06%
 128  AT5G65070.1                82.53%    passed      6.42%
 129  AT5G65070.2                79.83%    passed     14.67%
 130  AT1G77080.5                84.89%    passed      5.70%
 131  AT5G65050.2                84.45%    passed     11.68%
 132  AT5G65080.1                82.10%    passed     17.00%
 133  AT5G10140.2                85.41%    failed      2.88%
 134  AT5G10140.3                83.76%    passed      5.57%
 135  HanXRQChr05g0156101        61.83%    failed      0.23%
 136  AT2G03060.2                66.29%    failed      0.31%
 137  AT1G69540.1                69.96%    passed     61.45%
WARNING: 137 sequences contain more than 50% gaps/ambiguity
****  TOTAL                      79.41%  10 sequences failed composition chi2 test (p-value<5%; df=19)
NOTE: AT1G77950.2 is identical to AT1G77950.1 but kept for subsequent analysis
NOTE: AT5G62165.3 is identical to AT5G62165.1 but kept for subsequent analysis
NOTE: HanXRQChr16g0501381 is identical to HanXRQChr16g0501741 but kept for subsequent analysis
NOTE: 1 identical sequences (see below) will be ignored for subsequent analysis
NOTE: AT5G62165.2 (identical to AT5G62165.1) is ignored but added at the end
Alignment was printed to /Users/bushrakhan/Desktop/NIPGR-data/MADS-box-Evolutionary-gene-detection/Simultaneous_Phylogenetic_Analysis/Results_v4/Helianthus_annuuss/Helianthus_annuuss_MUSCLE_NJ.uniqueseq.phy

For your convenience alignment with unique sequences printed to /Users/bushrakhan/Desktop/NIPGR-data/MADS-box-Evolutionary-gene-detection/Simultaneous_Phylogenetic_Analysis/Results_v4/Helianthus_annuuss/Helianthus_annuuss_MUSCLE_NJ.uniqueseq.phy

Create initial parsimony tree by phylogenetic likelihood library (PLL)... 0.045 seconds
Generating 1000 samples for ultrafast bootstrap (seed: 216043)...

NOTE: 83 MB RAM (0 GB) is required!
Measuring multi-threading efficiency up to 10 CPU cores
Increase to 10 rounds for branch lengths
2 trees examined
Threads: 1 / Time: 13.763 sec / Speedup: 1.000 / Efficiency: 100% / LogL: -63415
Threads: 2 / Time: 8.732 sec / Speedup: 1.576 / Efficiency: 79% / LogL: -63415
Threads: 3 / Time: 5.958 sec / Speedup: 2.310 / Efficiency: 77% / LogL: -63415
Threads: 4 / Time: 5.389 sec / Speedup: 2.554 / Efficiency: 64% / LogL: -63415
Threads: 5 / Time: 5.257 sec / Speedup: 2.618 / Efficiency: 52% / LogL: -63415
Threads: 6 / Time: 5.239 sec / Speedup: 2.627 / Efficiency: 44% / LogL: -63415
BEST NUMBER OF THREADS: 4

Estimate model parameters (epsilon = 0.100)
1. Initial log-likelihood: -44226.100
2. Current log-likelihood: -39183.697
3. Current log-likelihood: -39076.171
4. Current log-likelihood: -39074.273
Optimal log-likelihood: -39074.218
Gamma shape alpha: 0.902
Parameters optimization took 4 rounds (6.812 sec)
Wrote distance file to... 
Computing ML distances based on estimated model parameters...
Calculating distance matrix: done in 1.41193 secs using 396.2% CPU
Computing ML distances took 1.412189 sec (of wall-clock time) 5.594725 sec (of CPU time)
Setting up auxiliary I and S matrices: done in 0.000243902 secs using 276.3% CPU
Computing RapidNJ tree took 0.009884 sec (of wall-clock time) 0.010488 sec (of CPU time)
Log-likelihood of RapidNJ tree: -39198.258
--------------------------------------------------------------------
|             INITIALIZING CANDIDATE TREE SET                      |
--------------------------------------------------------------------
Generating 98 parsimony trees... 4.672 second
Computing log-likelihood of 98 initial trees ... 33.743 seconds
Current best score: -39074.218

Do NNI search on 20 best initial trees
Estimate model parameters (epsilon = 0.100)
BETTER TREE FOUND at iteration 1: -39008.211
Estimate model parameters (epsilon = 0.100)
BETTER TREE FOUND at iteration 2: -38986.770
Estimate model parameters (epsilon = 0.100)
BETTER TREE FOUND at iteration 4: -38983.239
Estimate model parameters (epsilon = 0.100)
BETTER TREE FOUND at iteration 5: -38980.297
Iteration 10 / LogL: -39002.149 / Time: 0h:3m:19s
Iteration 20 / LogL: -38980.424 / Time: 0h:5m:4s
Finish initializing candidate tree set (20)
Current best tree score: -38980.297 / CPU time: 249.408
Number of iterations: 20
--------------------------------------------------------------------
|               OPTIMIZING CANDIDATE TREE SET                      |
--------------------------------------------------------------------
Estimate model parameters (epsilon = 0.100)
BETTER TREE FOUND at iteration 21: -38977.617
Iteration 30 / LogL: -38979.258 / Time: 0h:6m:46s (0h:21m:16s left)
Estimate model parameters (epsilon = 0.100)
BETTER TREE FOUND at iteration 32: -38977.260
Iteration 40 / LogL: -39025.341 / Time: 0h:8m:26s (0h:19m:55s left)
BETTER TREE FOUND at iteration 42: -38977.260
UPDATE BEST LOG-LIKELIHOOD: -38977.259
Iteration 50 / LogL: -38979.259 / Time: 0h:10m:9s (0h:19m:3s left)
Log-likelihood cutoff on original alignment: -39021.832
Iteration 60 / LogL: -38977.868 / Time: 0h:11m:46s (0h:16m:21s left)
Iteration 70 / LogL: -38977.259 / Time: 0h:13m:31s (0h:14m:6s left)
Iteration 80 / LogL: -38978.024 / Time: 0h:15m:8s (0h:11m:53s left)
Iteration 90 / LogL: -38989.519 / Time: 0h:16m:47s (0h:9m:48s left)
Iteration 100 / LogL: -38977.303 / Time: 0h:18m:27s (0h:7m:49s left)
Log-likelihood cutoff on original alignment: -39022.310
NOTE: Bootstrap correlation coefficient of split occurrence frequencies: 0.999
Iteration 110 / LogL: -38979.372 / Time: 0h:20m:12s (0h:16m:40s left)
Iteration 120 / LogL: -38977.588 / Time: 0h:22m:0s (0h:14m:47s left)
Iteration 130 / LogL: -38977.260 / Time: 0h:23m:40s (0h:12m:50s left)
Iteration 140 / LogL: -38977.948 / Time: 0h:25m:23s (0h:10m:57s left)
TREE SEARCH COMPLETED AFTER 143 ITERATIONS / Time: 0h:25m:52s

--------------------------------------------------------------------
|                    FINALIZING TREE SEARCH                        |
--------------------------------------------------------------------
Performs final model parameters optimization
Estimate model parameters (epsilon = 0.010)
1. Initial log-likelihood: -38977.259
Optimal log-likelihood: -38977.259
Gamma shape alpha: 0.941
Parameters optimization took 1 rounds (0.915 sec)
BEST SCORE FOUND : -38977.259
Creating bootstrap support values...
Split supports printed to NEXUS file /Users/bushrakhan/Desktop/NIPGR-data/MADS-box-Evolutionary-gene-detection/Simultaneous_Phylogenetic_Analysis/Results_v4/Helianthus_annuuss/Helianthus_annuuss_MUSCLE_NJ.splits.nex
Total tree length: 74.231

Total number of iterations: 143
CPU time used for tree search: 4473.918 sec (1h:14m:33s)
Wall-clock time used for tree search: 1497.434 sec (0h:24m:57s)
Total CPU time used: 4607.236 sec (1h:16m:47s)
Total wall-clock time used: 1554.085 sec (0h:25m:54s)

Computing bootstrap consensus tree...
Reading input file /Users/bushrakhan/Desktop/NIPGR-data/MADS-box-Evolutionary-gene-detection/Simultaneous_Phylogenetic_Analysis/Results_v4/Helianthus_annuuss/Helianthus_annuuss_MUSCLE_NJ.splits.nex...
136 taxa and 609 splits.
Consensus tree written to /Users/bushrakhan/Desktop/NIPGR-data/MADS-box-Evolutionary-gene-detection/Simultaneous_Phylogenetic_Analysis/Results_v4/Helianthus_annuuss/Helianthus_annuuss_MUSCLE_NJ.contree
Reading input trees file /Users/bushrakhan/Desktop/NIPGR-data/MADS-box-Evolutionary-gene-detection/Simultaneous_Phylogenetic_Analysis/Results_v4/Helianthus_annuuss/Helianthus_annuuss_MUSCLE_NJ.contree
Log-likelihood of consensus tree: -38978.877

Analysis results written to: 
  IQ-TREE report:                /Users/bushrakhan/Desktop/NIPGR-data/MADS-box-Evolutionary-gene-detection/Simultaneous_Phylogenetic_Analysis/Results_v4/Helianthus_annuuss/Helianthus_annuuss_MUSCLE_NJ.iqtree
  Maximum-likelihood tree:       /Users/bushrakhan/Desktop/NIPGR-data/MADS-box-Evolutionary-gene-detection/Simultaneous_Phylogenetic_Analysis/Results_v4/Helianthus_annuuss/Helianthus_annuuss_MUSCLE_NJ.treefile
  Likelihood distances:          /Users/bushrakhan/Desktop/NIPGR-data/MADS-box-Evolutionary-gene-detection/Simultaneous_Phylogenetic_Analysis/Results_v4/Helianthus_annuuss/Helianthus_annuuss_MUSCLE_NJ.mldist

Ultrafast bootstrap approximation results written to:
  Split support values:          /Users/bushrakhan/Desktop/NIPGR-data/MADS-box-Evolutionary-gene-detection/Simultaneous_Phylogenetic_Analysis/Results_v4/Helianthus_annuuss/Helianthus_annuuss_MUSCLE_NJ.splits.nex
  Consensus tree:                /Users/bushrakhan/Desktop/NIPGR-data/MADS-box-Evolutionary-gene-detection/Simultaneous_Phylogenetic_Analysis/Results_v4/Helianthus_annuuss/Helianthus_annuuss_MUSCLE_NJ.contree
  Screen log file:               /Users/bushrakhan/Desktop/NIPGR-data/MADS-box-Evolutionary-gene-detection/Simultaneous_Phylogenetic_Analysis/Results_v4/Helianthus_annuuss/Helianthus_annuuss_MUSCLE_NJ.log

Date and Time: Tue Apr  7 05:32:06 2026
