IQ-TREE multicore version 2.3.6 for MacOS ARM 64-bit built Jul 30 2024
Developed by Bui Quang Minh, Nguyen Lam Tung, Olga Chernomor, Heiko Schmidt,
Dominik Schrempf, Michael Woodhams, Ly Trong Nhan, Thomas Wong

Host:    Bushras-MacBook-Air.local (SSE4.2, 16 GB RAM)
Command: iqtree2 -s /Users/bushrakhan/Desktop/NIPGR-data/MADS-box-Evolutionary-gene-detection/Simultaneous_Phylogenetic_Analysis/Results_v4/Helianthus_annuuss/Helianthus_annuuss_ClustalO.fa -m JTT+G -B 1000 -T AUTO -pre /Users/bushrakhan/Desktop/NIPGR-data/MADS-box-Evolutionary-gene-detection/Simultaneous_Phylogenetic_Analysis/Results_v4/Helianthus_annuuss/Helianthus_annuuss_ClustalO_NJ -redo
Seed:    751212 (Using SPRNG - Scalable Parallel Random Number Generator)
Time:    Tue Apr  7 05:32:06 2026
Kernel:  SSE2 - auto-detect threads (10 CPU cores detected)

Reading alignment file /Users/bushrakhan/Desktop/NIPGR-data/MADS-box-Evolutionary-gene-detection/Simultaneous_Phylogenetic_Analysis/Results_v4/Helianthus_annuuss/Helianthus_annuuss_ClustalO.fa ... Fasta format detected
Reading fasta file: done in 0.00157595 secs using 84.08% CPU
Alignment most likely contains protein sequences
WARNING: 1 sites contain only gaps or ambiguous characters.
Alignment has 137 sequences with 632 columns, 616 distinct patterns
389 parsimony-informative, 187 singleton sites, 56 constant sites
                          Gap/Ambiguity  Composition  p-value
Analyzing sequences: done in 9.29832e-05 secs using 221.5% CPU
   1  HanXRQChr00c0029g0571181   59.97%    failed      1.94%
   2  HanXRQChr10g0299591        56.33%    failed      0.91%
   3  HanXRQChr10g0291191        64.72%    passed     93.04%
   4  HanXRQChr16g0519321        62.34%    passed     33.36%
   5  HanXRQChr16g0501741        63.77%    passed     97.39%
   6  HanXRQChr16g0523531        65.51%    passed     73.48%
   7  HanXRQChr16g0501381        63.77%    passed     97.39%
   8  HanXRQChr16g0507561        62.66%    passed     83.67%
   9  HanXRQChr16g0530971        64.87%    passed      5.92%
  10  HanXRQChr16g0503081        64.08%    passed     91.46%
  11  HanXRQChr07g0200001        62.66%    passed     77.48%
  12  HanXRQChr07g0200321        59.97%    passed     79.41%
  13  HanXRQChr04g0122131        65.98%    passed     37.58%
  14  HanXRQChr04g0110101        62.50%    passed     98.92%
  15  HanXRQChr09g0266391        55.70%    passed     70.78%
  16  HanXRQChr09g0270311        52.85%    passed     97.77%
  17  HanXRQChr09g0267081        68.35%    passed     18.86%
  18  HanXRQChr09g0269421        63.77%    passed     92.58%
  19  HanXRQChr09g0270841        63.92%    passed     88.04%
  20  HanXRQChr09g0262151        68.51%    passed     78.98%
  21  HanXRQChr09g0265001        60.60%    passed     46.04%
  22  HanXRQChr09g0273361        67.56%    passed     68.11%
  23  HanXRQChr05g0151331        62.82%    passed     85.77%
  24  HanXRQChr05g0150661        63.92%    passed     60.11%
  25  HanXRQChr05g0163521        61.87%    passed     94.70%
  26  HanXRQChr05g0150571        44.15%    failed      0.05%
  27  HanXRQChr05g0154261        62.66%    passed     89.15%
  28  HanXRQChr05g0149341        60.28%    failed      1.31%
  29  HanXRQChr05g0147261        58.07%    passed     53.44%
  30  HanXRQChr05g0156101        30.85%    failed      0.00%
  31  HanXRQChr05g0163381        48.73%    failed      3.31%
  32  HanXRQChr13g0405061        63.92%    passed     82.40%
  33  HanXRQChr12g0364981        60.28%    passed     95.77%
  34  HanXRQChr12g0358711        59.81%    passed     57.53%
  35  HanXRQChr12g0375471        66.61%    passed     78.72%
  36  HanXRQChr12g0361321        60.76%    passed     81.73%
  37  HanXRQChr12g0358781        68.99%    passed     64.69%
  38  HanXRQChr12g0358721        67.41%    passed     87.51%
  39  HanXRQChr14g0452461        63.45%    passed     50.43%
  40  HanXRQChr01g0015681        58.70%    passed     92.19%
  41  HanXRQChr01g0007431        53.48%    passed     40.95%
  42  HanXRQChr17g0538691        66.46%    passed     43.70%
  43  HanXRQChr17g0550551        71.52%    passed     21.43%
  44  HanXRQChr17g0560051        65.82%    passed     61.24%
  45  HanXRQChr06g0174721        61.08%    passed     66.88%
  46  HanXRQChr06g0169281        67.56%    passed     20.89%
  47  HanXRQChr03g0091451        49.05%    passed      5.82%
  48  HanXRQChr15g0483111        53.48%    passed     10.17%
  49  HanXRQChr15g0474011        75.79%    passed     96.60%
  50  HanXRQChr15g0489071        60.44%    passed     80.55%
  51  HanXRQChr15g0484901        63.13%    passed     20.27%
  52  HanXRQChr15g0495861        64.56%    passed     79.92%
  53  HanXRQChr02g0043891        58.86%    failed      3.89%
  54  HanXRQChr02g0045511        68.99%    passed     47.97%
  55  HanXRQChr02g0040221        69.62%    passed     43.87%
  56  HanXRQChr02g0042981        60.76%    passed     44.62%
  57  HanXRQChr08g0223671        73.73%    passed     64.45%
  58  HanXRQChr08g0223681        60.76%    passed     98.37%
  59  AT5G65080.1                67.56%    passed     47.32%
  60  AT5G65050.2                71.84%    passed     37.59%
  61  AT2G03710.3                70.41%    passed     85.20%
  62  AT5G20240.1                67.09%    passed     14.62%
  63  AT4G09960.3                59.49%    passed     53.92%
  64  AT3G58780.1                60.76%    passed     80.28%
  65  AT5G15800.1                60.28%    passed     22.90%
  66  AT5G62165.1                66.77%    passed     88.19%
  67  AT3G58780.2                61.87%    passed     82.97%
  68  AT5G23260.2                60.13%    failed      3.81%
  69  AT5G23260.1                60.92%    failed      4.81%
  70  AT5G65060.1                68.99%    passed     32.33%
  71  AT1G24260.3                62.50%    passed     39.20%
  72  AT5G65070.1                68.35%    passed     23.16%
  73  AT5G10140.2                73.58%    passed     11.06%
  74  AT3G57230.1                62.03%    passed     62.81%
  75  AT1G77080.5                72.63%    passed     22.28%
  76  AT5G51870.1                67.25%    passed     58.00%
  77  AT5G62165.3                66.77%    passed     88.19%
  78  AT3G58780.3                56.80%    passed     82.30%
  79  AT5G65050.3                68.99%    passed     62.41%
  80  AT4G09960.4                62.97%    passed     37.57%
  81  AT5G65060.2                70.73%    passed     43.60%
  82  AT2G03710.1                59.18%    passed     81.65%
  83  AT2G22540.1                62.03%    passed     83.55%
  84  AT2G03060.2                38.92%    failed      0.04%
  85  AT1G77950.1                60.13%    passed     61.52%
  86  AT1G77950.2                60.13%    passed     61.52%
  87  AT1G24260.2                60.28%    passed     52.56%
  88  AT5G23260.3                62.34%    passed      5.33%
  89  AT4G37940.1                63.92%    passed     98.17%
  90  AT1G26310.1                59.65%    passed     90.60%
  91  AT5G51860.1                66.61%    passed     24.73%
  92  AT5G62165.4                68.99%    passed     96.98%
  93  AT2G14210.1                62.97%    passed     92.82%
  94  AT1G59810.1                55.22%    failed      0.03%
  95  AT4G09960.2                65.82%    passed     30.48%
  96  AT5G51870.3                65.35%    passed     72.18%
  97  AT1G71692.1                66.61%    passed     63.22%
  98  AT3G02310.1                60.44%    passed     19.88%
  99  AT5G65050.1                71.20%    passed     55.93%
 100  AT4G09960.1                63.61%    passed     35.29%
 101  AT2G42830.1                61.08%    passed     56.02%
 102  AT3G57390.1                59.49%    passed     76.80%
 103  AT5G10140.3                70.57%    passed     15.11%
 104  AT1G22130.1                46.99%    passed     22.74%
 105  AT1G77080.4                68.99%    passed     61.49%
 106  AT3G54340.1                63.29%    passed     55.34%
 107  AT5G65070.3                63.29%    passed     41.95%
 108  AT4G18960.1                60.13%    passed     35.87%
 109  AT1G69540.1                45.57%    passed     33.78%
 110  AT1G31140.1                66.30%    passed     60.51%
 111  AT5G10140.4                71.20%    passed     19.59%
 112  AT4G22950.1                65.35%    passed     83.98%
 113  AT2G03710.2                59.34%    passed     82.86%
 114  AT1G77080.2                69.62%    passed     61.98%
 115  AT1G31140.2                65.98%    passed     59.75%
 116  AT2G42830.2                60.76%    passed     55.07%
 117  AT5G13790.1                57.59%    passed     60.98%
 118  AT1G77980.1                47.47%    passed     37.40%
 119  AT5G60910.1                61.71%    passed     94.50%
 120  AT5G65070.2                63.45%    passed     41.51%
 121  AT5G10140.1                68.99%    passed     14.89%
 122  AT5G15800.2                58.54%    passed     11.31%
 123  AT5G65080.2                68.83%    passed     48.22%
 124  AT2G45650.1                60.13%    passed     66.05%
 125  AT2G22630.1                64.08%    passed     97.93%
 126  AT3G30260.1                60.60%    passed     25.71%
 127  AT4G11880.1                65.03%    passed     80.03%
 128  AT5G51860.2                68.04%    passed     17.60%
 129  AT5G62165.2                66.77%    passed     88.19%
 130  AT4G24540.1                65.19%    passed      7.31%
 131  AT2G45660.1                66.14%    passed     65.65%
 132  AT1G24260.1                60.44%    passed     47.34%
 133  AT3G57230.2                62.18%    passed     75.13%
 134  AT1G69120.1                59.49%    passed     42.57%
 135  AT5G51870.2                72.78%    passed     30.32%
 136  AT2G22540.2                62.82%    passed     81.86%
 137  AT3G61120.1                61.39%    passed     30.93%
WARNING: 129 sequences contain more than 50% gaps/ambiguity
****  TOTAL                      62.70%  11 sequences failed composition chi2 test (p-value<5%; df=19)
NOTE: HanXRQChr16g0501381 is identical to HanXRQChr16g0501741 but kept for subsequent analysis
NOTE: AT5G62165.3 is identical to AT5G62165.1 but kept for subsequent analysis
NOTE: AT1G77950.2 is identical to AT1G77950.1 but kept for subsequent analysis
NOTE: 1 identical sequences (see below) will be ignored for subsequent analysis
NOTE: AT5G62165.2 (identical to AT5G62165.1) is ignored but added at the end
Alignment was printed to /Users/bushrakhan/Desktop/NIPGR-data/MADS-box-Evolutionary-gene-detection/Simultaneous_Phylogenetic_Analysis/Results_v4/Helianthus_annuuss/Helianthus_annuuss_ClustalO_NJ.uniqueseq.phy

For your convenience alignment with unique sequences printed to /Users/bushrakhan/Desktop/NIPGR-data/MADS-box-Evolutionary-gene-detection/Simultaneous_Phylogenetic_Analysis/Results_v4/Helianthus_annuuss/Helianthus_annuuss_ClustalO_NJ.uniqueseq.phy

Create initial parsimony tree by phylogenetic likelihood library (PLL)... 0.037 seconds
Generating 1000 samples for ultrafast bootstrap (seed: 751212)...

NOTE: 55 MB RAM (0 GB) is required!
Measuring multi-threading efficiency up to 10 CPU cores
Increase to 10 rounds for branch lengths
3 trees examined
Threads: 1 / Time: 13.661 sec / Speedup: 1.000 / Efficiency: 100% / LogL: -63519
Threads: 2 / Time: 8.739 sec / Speedup: 1.563 / Efficiency: 78% / LogL: -63519
Threads: 3 / Time: 5.956 sec / Speedup: 2.294 / Efficiency: 76% / LogL: -63519
Threads: 4 / Time: 5.354 sec / Speedup: 2.552 / Efficiency: 64% / LogL: -63519
Threads: 5 / Time: 5.454 sec / Speedup: 2.505 / Efficiency: 50% / LogL: -63519
Threads: 6 / Time: 5.572 sec / Speedup: 2.452 / Efficiency: 41% / LogL: -63519
BEST NUMBER OF THREADS: 4

Estimate model parameters (epsilon = 0.100)
1. Initial log-likelihood: -40108.245
2. Current log-likelihood: -38106.149
3. Current log-likelihood: -38008.938
4. Current log-likelihood: -37994.829
5. Current log-likelihood: -37993.346
6. Current log-likelihood: -37993.181
Optimal log-likelihood: -37993.153
Gamma shape alpha: 0.956
Parameters optimization took 6 rounds (6.536 sec)
Wrote distance file to... 
Computing ML distances based on estimated model parameters...
Calculating distance matrix: done in 1.47839 secs using 392.2% CPU
Computing ML distances took 1.478641 sec (of wall-clock time) 5.799344 sec (of CPU time)
Setting up auxiliary I and S matrices: done in 0.00030303 secs using 264% CPU
Computing RapidNJ tree took 0.010961 sec (of wall-clock time) 0.011160 sec (of CPU time)
Log-likelihood of RapidNJ tree: -38137.761
--------------------------------------------------------------------
|             INITIALIZING CANDIDATE TREE SET                      |
--------------------------------------------------------------------
Generating 98 parsimony trees... 4.529 second
Computing log-likelihood of 98 initial trees ... 21.584 seconds
Current best score: -37993.153

Do NNI search on 20 best initial trees
Estimate model parameters (epsilon = 0.100)
BETTER TREE FOUND at iteration 1: -37929.442
Estimate model parameters (epsilon = 0.100)
BETTER TREE FOUND at iteration 2: -37926.154
Estimate model parameters (epsilon = 0.100)
BETTER TREE FOUND at iteration 3: -37918.954
Iteration 10 / LogL: -37927.293 / Time: 0h:2m:32s
Iteration 20 / LogL: -37924.351 / Time: 0h:3m:48s
Finish initializing candidate tree set (18)
Current best tree score: -37918.954 / CPU time: 173.323
Number of iterations: 20
--------------------------------------------------------------------
|               OPTIMIZING CANDIDATE TREE SET                      |
--------------------------------------------------------------------
Estimate model parameters (epsilon = 0.100)
BETTER TREE FOUND at iteration 22: -37918.590
Estimate model parameters (epsilon = 0.100)
BETTER TREE FOUND at iteration 29: -37917.824
Iteration 30 / LogL: -37922.268 / Time: 0h:4m:59s (0h:17m:3s left)
Iteration 40 / LogL: -37918.714 / Time: 0h:6m:2s (0h:13m:48s left)
Iteration 50 / LogL: -37917.841 / Time: 0h:7m:7s (0h:11m:29s left)
Log-likelihood cutoff on original alignment: -37965.208
Iteration 60 / LogL: -37917.861 / Time: 0h:8m:11s (0h:9m:34s left)
Iteration 70 / LogL: -37935.067 / Time: 0h:9m:17s (0h:7m:56s left)
Iteration 80 / LogL: -37920.915 / Time: 0h:10m:23s (0h:6m:26s left)
Iteration 90 / LogL: -37919.771 / Time: 0h:11m:31s (0h:5m:3s left)
Iteration 100 / LogL: -37924.820 / Time: 0h:12m:39s (0h:3m:42s left)
Log-likelihood cutoff on original alignment: -37965.208
NOTE: Bootstrap correlation coefficient of split occurrence frequencies: 0.999
Iteration 110 / LogL: -37946.976 / Time: 0h:13m:42s (0h:11m:19s left)
Iteration 120 / LogL: -37922.707 / Time: 0h:14m:44s (0h:9m:54s left)
Iteration 130 / LogL: -37923.898 / Time: 0h:15m:53s (0h:8m:37s left)
TREE SEARCH COMPLETED AFTER 130 ITERATIONS / Time: 0h:15m:53s

--------------------------------------------------------------------
|                    FINALIZING TREE SEARCH                        |
--------------------------------------------------------------------
Performs final model parameters optimization
Estimate model parameters (epsilon = 0.010)
1. Initial log-likelihood: -37917.824
Optimal log-likelihood: -37917.822
Gamma shape alpha: 0.976
Parameters optimization took 1 rounds (0.618 sec)
BEST SCORE FOUND : -37917.822
Creating bootstrap support values...
Split supports printed to NEXUS file /Users/bushrakhan/Desktop/NIPGR-data/MADS-box-Evolutionary-gene-detection/Simultaneous_Phylogenetic_Analysis/Results_v4/Helianthus_annuuss/Helianthus_annuuss_ClustalO_NJ.splits.nex
Total tree length: 71.302

Total number of iterations: 130
CPU time used for tree search: 2624.756 sec (0h:43m:44s)
Wall-clock time used for tree search: 898.655 sec (0h:14m:58s)
Total CPU time used: 2752.494 sec (0h:45m:52s)
Total wall-clock time used: 954.624 sec (0h:15m:54s)

Computing bootstrap consensus tree...
Reading input file /Users/bushrakhan/Desktop/NIPGR-data/MADS-box-Evolutionary-gene-detection/Simultaneous_Phylogenetic_Analysis/Results_v4/Helianthus_annuuss/Helianthus_annuuss_ClustalO_NJ.splits.nex...
136 taxa and 558 splits.
Consensus tree written to /Users/bushrakhan/Desktop/NIPGR-data/MADS-box-Evolutionary-gene-detection/Simultaneous_Phylogenetic_Analysis/Results_v4/Helianthus_annuuss/Helianthus_annuuss_ClustalO_NJ.contree
Reading input trees file /Users/bushrakhan/Desktop/NIPGR-data/MADS-box-Evolutionary-gene-detection/Simultaneous_Phylogenetic_Analysis/Results_v4/Helianthus_annuuss/Helianthus_annuuss_ClustalO_NJ.contree
Log-likelihood of consensus tree: -37918.049

Analysis results written to: 
  IQ-TREE report:                /Users/bushrakhan/Desktop/NIPGR-data/MADS-box-Evolutionary-gene-detection/Simultaneous_Phylogenetic_Analysis/Results_v4/Helianthus_annuuss/Helianthus_annuuss_ClustalO_NJ.iqtree
  Maximum-likelihood tree:       /Users/bushrakhan/Desktop/NIPGR-data/MADS-box-Evolutionary-gene-detection/Simultaneous_Phylogenetic_Analysis/Results_v4/Helianthus_annuuss/Helianthus_annuuss_ClustalO_NJ.treefile
  Likelihood distances:          /Users/bushrakhan/Desktop/NIPGR-data/MADS-box-Evolutionary-gene-detection/Simultaneous_Phylogenetic_Analysis/Results_v4/Helianthus_annuuss/Helianthus_annuuss_ClustalO_NJ.mldist

Ultrafast bootstrap approximation results written to:
  Split support values:          /Users/bushrakhan/Desktop/NIPGR-data/MADS-box-Evolutionary-gene-detection/Simultaneous_Phylogenetic_Analysis/Results_v4/Helianthus_annuuss/Helianthus_annuuss_ClustalO_NJ.splits.nex
  Consensus tree:                /Users/bushrakhan/Desktop/NIPGR-data/MADS-box-Evolutionary-gene-detection/Simultaneous_Phylogenetic_Analysis/Results_v4/Helianthus_annuuss/Helianthus_annuuss_ClustalO_NJ.contree
  Screen log file:               /Users/bushrakhan/Desktop/NIPGR-data/MADS-box-Evolutionary-gene-detection/Simultaneous_Phylogenetic_Analysis/Results_v4/Helianthus_annuuss/Helianthus_annuuss_ClustalO_NJ.log

Date and Time: Tue Apr  7 05:48:03 2026
