IQ-TREE multicore version 2.3.6 for MacOS ARM 64-bit built Jul 30 2024
Developed by Bui Quang Minh, Nguyen Lam Tung, Olga Chernomor, Heiko Schmidt,
Dominik Schrempf, Michael Woodhams, Ly Trong Nhan, Thomas Wong

Host:    Bushras-MacBook-Air.local (SSE4.2, 16 GB RAM)
Command: /opt/homebrew/bin/iqtree2 -s /Users/bushrakhan/Desktop/NIPGR-data/MADS-box-Evolutionary-gene-detection/Advanced_Phylogenetic_Pipeline/Uploads/Final_Portfolio_Refined/Alignments/Amborella_trichopoda_MAFFT.fa -m LG+G -B 1000 -T AUTO --prefix /Users/bushrakhan/Desktop/NIPGR-data/MADS-box-Evolutionary-gene-detection/Advanced_Phylogenetic_Pipeline/Uploads/Final_Portfolio_Refined/Trees/Amborella_trichopoda_MAFFT -redo
Seed:    704827 (Using SPRNG - Scalable Parallel Random Number Generator)
Time:    Fri Apr 10 04:31:01 2026
Kernel:  SSE2 - auto-detect threads (10 CPU cores detected)

Reading alignment file /Users/bushrakhan/Desktop/NIPGR-data/MADS-box-Evolutionary-gene-detection/Advanced_Phylogenetic_Pipeline/Uploads/Final_Portfolio_Refined/Alignments/Amborella_trichopoda_MAFFT.fa ... Fasta format detected
Reading fasta file: done in 0.00485706 secs using 9.533% CPU
Alignment most likely contains protein sequences
Alignment has 28 sequences with 611 columns, 400 distinct patterns
236 parsimony-informative, 85 singleton sites, 290 constant sites
WARNING: Some sequence names are changed as follows:
AT1G69120.1|APETALA1|AP1|Length=286 -> AT1G69120.1|APETALA1|AP1|Length_286
AT4G36920.1|APETALA2|AP2|Length=432 -> AT4G36920.1|APETALA2|AP2|Length_432
AT3G54340.1|APETALA3|AP3|Length=232 -> AT3G54340.1|APETALA3|AP3|Length_232
AT5G20240.1|PISTILLATA|PI|Length=208 -> AT5G20240.1|PISTILLATA|PI|Length_208
AT4G18960.1|AGAMOUS|AG|Length=252 -> AT4G18960.1|AGAMOUS|AG|Length_252
AT4G09960.4|SEEDSTICK|STK|Length=329 -> AT4G09960.4|SEEDSTICK|STK|Length_329
AT3G58780.4|SHATTERPROOF1|SHP1|Length=281 -> AT3G58780.4|SHATTERPROOF1|SHP1|Length_281
AT2G42830.2|SHATTERPROOF2|SHP2|Length=248 -> AT2G42830.2|SHATTERPROOF2|SHP2|Length_248
AT5G15800.2|SEPALLATA1|SEP1|Length=262 -> AT5G15800.2|SEPALLATA1|SEP1|Length_262
AT3G02310.1|SEPALLATA2|SEP2|Length=250 -> AT3G02310.1|SEPALLATA2|SEP2|Length_250
AT1G24260.2|SEPALLATA3|SEP3|Length=251 -> AT1G24260.2|SEPALLATA3|SEP3|Length_251
AT2G03710.1|SEPALLATA4|SEP4|Length=258 -> AT2G03710.1|SEPALLATA4|SEP4|Length_258

                                           Gap/Ambiguity  Composition  p-value
Analyzing sequences: done in 0.000237942 secs using 39.09% CPU
   1  AT1G69120.1|APETALA1|AP1|Length_286         58.10%    passed     54.70%
   2  AT4G36920.1|APETALA2|AP2|Length_432         29.30%    failed      0.00%
   3  AT3G54340.1|APETALA3|AP3|Length_232         62.03%    passed     52.22%
   4  AT5G20240.1|PISTILLATA|PI|Length_208        65.96%    passed     10.11%
   5  AT4G18960.1|AGAMOUS|AG|Length_252           58.76%    passed     53.40%
   6  AT4G09960.4|SEEDSTICK|STK|Length_329        46.15%    passed     10.29%
   7  AT3G58780.4|SHATTERPROOF1|SHP1|Length_281   54.01%    passed     46.64%
   8  AT2G42830.2|SHATTERPROOF2|SHP2|Length_248   59.41%    passed     59.37%
   9  AT5G15800.2|SEPALLATA1|SEP1|Length_262      57.12%    passed     45.96%
  10  AT3G02310.1|SEPALLATA2|SEP2|Length_250      59.08%    passed     53.10%
  11  AT1G24260.2|SEPALLATA3|SEP3|Length_251      58.92%    passed     80.46%
  12  AT2G03710.1|SEPALLATA4|SEP4|Length_258      57.77%    passed     96.08%
  13  evm_27.model.AmTr_v1.0_scaffold00089.36     65.30%    passed     98.80%
  14  evm_27.model.AmTr_v1.0_scaffold00013.60     71.85%    passed     87.05%
  15  evm_27.model.AmTr_v1.0_scaffold00013.53     60.56%    passed     96.70%
  16  evm_27.model.AmTr_v1.0_scaffold00001.409    63.50%    passed     70.26%
  17  evm_27.model.AmTr_v1.0_scaffold00001.461    62.19%    passed     88.70%
  18  evm_27.model.AmTr_v1.0_scaffold00001.225    62.36%    passed     44.19%
  19  evm_27.model.AmTr_v1.0_scaffold00001.413    62.52%    passed     88.84%
  20  evm_27.model.AmTr_v1.0_scaffold00046.134    63.67%    passed     97.75%
  21  evm_27.model.AmTr_v1.0_scaffold00053.185    69.23%    passed     23.32%
  22  evm_27.model.AmTr_v1.0_scaffold00095.150    62.68%    failed      3.58%
  23  evm_27.model.AmTr_v1.0_scaffold00071.203    63.67%    passed     79.40%
  24  evm_27.model.AmTr_v1.0_scaffold00021.296    61.70%    passed     97.32%
  25  evm_27.model.AmTr_v1.0_scaffold00047.121    60.23%    passed     85.45%
  26  evm_27.model.AmTr_v1.0_scaffold00047.105    60.39%    passed     18.81%
  27  evm_27.model.AmTr_v1.0_scaffold00066.97     63.99%    passed     38.95%
  28  evm_27.model.AmTr_v1.0_scaffold00127.17     64.16%    passed     41.68%
WARNING: 26 sequences contain more than 50% gaps/ambiguity
****  TOTAL                                       60.16%  2 sequences failed composition chi2 test (p-value<5%; df=19)

Create initial parsimony tree by phylogenetic likelihood library (PLL)... 0.010 seconds
Generating 1000 samples for ultrafast bootstrap (seed: 704827)...

NOTE: 8 MB RAM (0 GB) is required!
Measuring multi-threading efficiency up to 10 CPU cores
8 trees examined
Threads: 1 / Time: 10.641 sec / Speedup: 1.000 / Efficiency: 100% / LogL: -13704
Threads: 2 / Time: 6.706 sec / Speedup: 1.587 / Efficiency: 79% / LogL: -13704
Threads: 3 / Time: 3.907 sec / Speedup: 2.723 / Efficiency: 91% / LogL: -13704
Threads: 4 / Time: 2.077 sec / Speedup: 5.123 / Efficiency: 128% / LogL: -13704
Threads: 5 / Time: 2.599 sec / Speedup: 4.094 / Efficiency: 82% / LogL: -13704
BEST NUMBER OF THREADS: 4

Estimate model parameters (epsilon = 0.100)
1. Initial log-likelihood: -12696.652
2. Current log-likelihood: -11889.032
3. Current log-likelihood: -11869.091
4. Current log-likelihood: -11868.065
Optimal log-likelihood: -11867.926
Gamma shape alpha: 0.969
Parameters optimization took 4 rounds (18.112 sec)
Wrote distance file to... 
Computing ML distances based on estimated model parameters...
Calculating distance matrix: done in 0.463628 secs using 78.77% CPU
Computing ML distances took 0.489800 sec (of wall-clock time) 0.365459 sec (of CPU time)
WARNING: Some pairwise ML distances are too long (saturated)
Setting up auxiliary I and S matrices: done in 0.000106096 secs using 129.1% CPU
Computing RapidNJ tree took 0.001829 sec (of wall-clock time) 0.001076 sec (of CPU time)
Log-likelihood of RapidNJ tree: -11938.383
--------------------------------------------------------------------
|             INITIALIZING CANDIDATE TREE SET                      |
--------------------------------------------------------------------
Generating 98 parsimony trees... 9.968 second
Computing log-likelihood of 98 initial trees ... 72.586 seconds
Current best score: -11867.926

Do NNI search on 20 best initial trees
Estimate model parameters (epsilon = 0.100)
BETTER TREE FOUND at iteration 1: -11838.563
Estimate model parameters (epsilon = 0.100)
BETTER TREE FOUND at iteration 2: -11838.538
Estimate model parameters (epsilon = 0.100)
BETTER TREE FOUND at iteration 3: -11838.504
UPDATE BEST LOG-LIKELIHOOD: -11838.504
UPDATE BEST LOG-LIKELIHOOD: -11838.504
Iteration 10 / LogL: -11838.504 / Time: 0h:5m:27s
UPDATE BEST LOG-LIKELIHOOD: -11838.504
UPDATE BEST LOG-LIKELIHOOD: -11838.504
UPDATE BEST LOG-LIKELIHOOD: -11838.504
Iteration 20 / LogL: -11840.188 / Time: 0h:6m:40s
Finish initializing candidate tree set (7)
Current best tree score: -11838.504 / CPU time: 349.344
Number of iterations: 20
--------------------------------------------------------------------
|               OPTIMIZING CANDIDATE TREE SET                      |
--------------------------------------------------------------------
Iteration 30 / LogL: -11838.504 / Time: 0h:8m:31s (0h:21m:26s left)
Iteration 40 / LogL: -11838.504 / Time: 0h:8m:52s (0h:14m:19s left)
Iteration 50 / LogL: -11838.504 / Time: 0h:9m:33s (0h:10m:20s left)
Log-likelihood cutoff on original alignment: -11869.849
Iteration 60 / LogL: -11861.343 / Time: 0h:10m:12s (0h:7m:26s left)
Iteration 70 / LogL: -11838.504 / Time: 0h:11m:6s (0h:5m:18s left)
Iteration 80 / LogL: -11839.244 / Time: 0h:11m:54s (0h:3m:27s left)
Iteration 90 / LogL: -11838.504 / Time: 0h:12m:23s (0h:1m:48s left)
UPDATE BEST LOG-LIKELIHOOD: -11838.504
Iteration 100 / LogL: -11838.535 / Time: 0h:12m:40s (0h:0m:23s left)
Log-likelihood cutoff on original alignment: -11869.849
NOTE: Bootstrap correlation coefficient of split occurrence frequencies: 0.996
UPDATE BEST LOG-LIKELIHOOD: -11838.504
TREE SEARCH COMPLETED AFTER 104 ITERATIONS / Time: 0h:12m:46s

--------------------------------------------------------------------
|                    FINALIZING TREE SEARCH                        |
--------------------------------------------------------------------
Performs final model parameters optimization
Estimate model parameters (epsilon = 0.010)
1. Initial log-likelihood: -11838.504
Optimal log-likelihood: -11838.503
Gamma shape alpha: 0.910
Parameters optimization took 1 rounds (0.129 sec)
BEST SCORE FOUND : -11838.503
Creating bootstrap support values...
Split supports printed to NEXUS file /Users/bushrakhan/Desktop/NIPGR-data/MADS-box-Evolutionary-gene-detection/Advanced_Phylogenetic_Pipeline/Uploads/Final_Portfolio_Refined/Trees/Amborella_trichopoda_MAFFT.splits.nex
Total tree length: 30.931

Total number of iterations: 104
CPU time used for tree search: 344.958 sec (0h:5m:44s)
Wall-clock time used for tree search: 715.461 sec (0h:11m:55s)
Total CPU time used: 355.031 sec (0h:5m:55s)
Total wall-clock time used: 766.359 sec (0h:12m:46s)

Computing bootstrap consensus tree...
Reading input file /Users/bushrakhan/Desktop/NIPGR-data/MADS-box-Evolutionary-gene-detection/Advanced_Phylogenetic_Pipeline/Uploads/Final_Portfolio_Refined/Trees/Amborella_trichopoda_MAFFT.splits.nex...
28 taxa and 215 splits.
Consensus tree written to /Users/bushrakhan/Desktop/NIPGR-data/MADS-box-Evolutionary-gene-detection/Advanced_Phylogenetic_Pipeline/Uploads/Final_Portfolio_Refined/Trees/Amborella_trichopoda_MAFFT.contree
Reading input trees file /Users/bushrakhan/Desktop/NIPGR-data/MADS-box-Evolutionary-gene-detection/Advanced_Phylogenetic_Pipeline/Uploads/Final_Portfolio_Refined/Trees/Amborella_trichopoda_MAFFT.contree
Log-likelihood of consensus tree: -11838.504

Analysis results written to: 
  IQ-TREE report:                /Users/bushrakhan/Desktop/NIPGR-data/MADS-box-Evolutionary-gene-detection/Advanced_Phylogenetic_Pipeline/Uploads/Final_Portfolio_Refined/Trees/Amborella_trichopoda_MAFFT.iqtree
  Maximum-likelihood tree:       /Users/bushrakhan/Desktop/NIPGR-data/MADS-box-Evolutionary-gene-detection/Advanced_Phylogenetic_Pipeline/Uploads/Final_Portfolio_Refined/Trees/Amborella_trichopoda_MAFFT.treefile
  Likelihood distances:          /Users/bushrakhan/Desktop/NIPGR-data/MADS-box-Evolutionary-gene-detection/Advanced_Phylogenetic_Pipeline/Uploads/Final_Portfolio_Refined/Trees/Amborella_trichopoda_MAFFT.mldist

Ultrafast bootstrap approximation results written to:
  Split support values:          /Users/bushrakhan/Desktop/NIPGR-data/MADS-box-Evolutionary-gene-detection/Advanced_Phylogenetic_Pipeline/Uploads/Final_Portfolio_Refined/Trees/Amborella_trichopoda_MAFFT.splits.nex
  Consensus tree:                /Users/bushrakhan/Desktop/NIPGR-data/MADS-box-Evolutionary-gene-detection/Advanced_Phylogenetic_Pipeline/Uploads/Final_Portfolio_Refined/Trees/Amborella_trichopoda_MAFFT.contree
  Screen log file:               /Users/bushrakhan/Desktop/NIPGR-data/MADS-box-Evolutionary-gene-detection/Advanced_Phylogenetic_Pipeline/Uploads/Final_Portfolio_Refined/Trees/Amborella_trichopoda_MAFFT.log

Date and Time: Fri Apr 10 04:43:48 2026
