IQ-TREE multicore version 2.3.6 for MacOS ARM 64-bit built Jul 30 2024
Developed by Bui Quang Minh, Nguyen Lam Tung, Olga Chernomor, Heiko Schmidt,
Dominik Schrempf, Michael Woodhams, Ly Trong Nhan, Thomas Wong

Host:    Bushras-MacBook-Air.local (SSE4.2, 16 GB RAM)
Command: /opt/homebrew/bin/iqtree2 -s /Users/bushrakhan/Desktop/NIPGR-data/MADS-box-Evolutionary-gene-detection/Advanced_Phylogenetic_Pipeline/Uploads/Final_Portfolio_Refined/Alignments/Prunus_persica_MAFFT.fa -m LG+G -B 1000 -T AUTO --prefix /Users/bushrakhan/Desktop/NIPGR-data/MADS-box-Evolutionary-gene-detection/Advanced_Phylogenetic_Pipeline/Uploads/Final_Portfolio_Refined/Trees/Prunus_persica_MAFFT -redo
Seed:    575987 (Using SPRNG - Scalable Parallel Random Number Generator)
Time:    Fri Apr 10 06:12:55 2026
Kernel:  SSE2 - auto-detect threads (10 CPU cores detected)

Reading alignment file /Users/bushrakhan/Desktop/NIPGR-data/MADS-box-Evolutionary-gene-detection/Advanced_Phylogenetic_Pipeline/Uploads/Final_Portfolio_Refined/Alignments/Prunus_persica_MAFFT.fa ... Fasta format detected
Reading fasta file: done in 0.000665903 secs using 85.9% CPU
Alignment most likely contains protein sequences
Alignment has 47 sequences with 766 columns, 604 distinct patterns
281 parsimony-informative, 199 singleton sites, 286 constant sites
WARNING: Some sequence names are changed as follows:
AT1G69120.1|APETALA1|AP1|Length=286 -> AT1G69120.1|APETALA1|AP1|Length_286
AT4G36920.1|APETALA2|AP2|Length=432 -> AT4G36920.1|APETALA2|AP2|Length_432
AT3G54340.1|APETALA3|AP3|Length=232 -> AT3G54340.1|APETALA3|AP3|Length_232
AT5G20240.1|PISTILLATA|PI|Length=208 -> AT5G20240.1|PISTILLATA|PI|Length_208
AT4G18960.1|AGAMOUS|AG|Length=252 -> AT4G18960.1|AGAMOUS|AG|Length_252
AT4G09960.4|SEEDSTICK|STK|Length=329 -> AT4G09960.4|SEEDSTICK|STK|Length_329
AT3G58780.4|SHATTERPROOF1|SHP1|Length=281 -> AT3G58780.4|SHATTERPROOF1|SHP1|Length_281
AT2G42830.2|SHATTERPROOF2|SHP2|Length=248 -> AT2G42830.2|SHATTERPROOF2|SHP2|Length_248
AT5G15800.2|SEPALLATA1|SEP1|Length=262 -> AT5G15800.2|SEPALLATA1|SEP1|Length_262
AT3G02310.1|SEPALLATA2|SEP2|Length=250 -> AT3G02310.1|SEPALLATA2|SEP2|Length_250
AT1G24260.2|SEPALLATA3|SEP3|Length=251 -> AT1G24260.2|SEPALLATA3|SEP3|Length_251
AT2G03710.1|SEPALLATA4|SEP4|Length=258 -> AT2G03710.1|SEPALLATA4|SEP4|Length_258

                                           Gap/Ambiguity  Composition  p-value
Analyzing sequences: done in 6.79493e-05 secs using 144.2% CPU
   1  Prupe.2G151000.1.p                          68.15%    passed     99.79%
   2  Prupe.2G287500.1.p                          71.67%    passed     60.66%
   3  Prupe.2G287000.1.p                          68.80%    passed     66.70%
   4  Prupe.2G023100.1.p                          66.84%    passed     39.19%
   5  Prupe.2G151200.1.p                          71.93%    passed     68.48%
   6  Prupe.8G069300.1.p                          70.89%    passed     62.71%
   7  Prupe.8G073700.1.p                          68.02%    passed     91.58%
   8  Prupe.6G208900.1.p                          72.58%    passed     90.16%
   9  Prupe.6G199000.1.p                          70.23%    passed     63.22%
  10  Prupe.4G113500.1.p                          63.84%    passed     19.39%
  11  Prupe.4G070500.1.p                          68.28%    passed     27.43%
  12  Prupe.5G208500.1.p                          66.71%    passed     99.06%
  13  Prupe.5G087500.1.p                          71.54%    passed     72.95%
  14  Prupe.5G208400.1.p                          67.23%    passed     69.32%
  15  Prupe.5G149400.1.p                          73.63%    passed     48.69%
  16  Prupe.7G055900.1.p                          69.19%    passed     90.45%
  17  Prupe.7G164100.1.p                          68.93%    failed      3.66%
  18  Prupe.3G307800.1.p                          69.19%    passed     82.97%
  19  Prupe.3G170600.1.p                          68.15%    passed     34.61%
  20  Prupe.3G249400.1.p                          67.89%    passed     90.47%
  21  Prupe.3G249300.1.p                          58.09%    passed     57.24%
  22  Prupe.1G531400.1.p                          69.06%    passed     30.51%
  23  Prupe.1G427500.1.p                          59.01%    passed     43.68%
  24  Prupe.1G223600.1.p                          68.67%    passed     98.74%
  25  Prupe.1G290500.1.p                          67.49%    passed     91.82%
  26  Prupe.1G290600.1.p                          68.93%    passed     78.59%
  27  Prupe.1G531600.1.p                          69.45%    passed     14.94%
  28  Prupe.1G276600.1.p                          54.31%    passed     10.99%
  29  Prupe.1G371300.1.p                          73.50%    passed     64.65%
  30  Prupe.1G549600.1.p                          71.02%    passed     65.73%
  31  Prupe.1G511300.1.p                          53.79%    failed      1.48%
  32  Prupe.1G548000.1.p                          73.37%    passed     22.65%
  33  Prupe.1G531700.1.p                          68.93%    passed     32.13%
  34  Prupe.1G531100.1.p                          53.66%    failed      1.86%
  35  Prupe.1G489400.1.p                          72.58%    passed     86.96%
  36  AT1G69120.1|APETALA1|AP1|Length_286         66.58%    passed     52.57%
  37  AT4G36920.1|APETALA2|AP2|Length_432         43.60%    failed      0.00%
  38  AT3G54340.1|APETALA3|AP3|Length_232         69.71%    passed     34.22%
  39  AT5G20240.1|PISTILLATA|PI|Length_208        72.85%    passed      6.83%
  40  AT4G18960.1|AGAMOUS|AG|Length_252           67.10%    passed     54.18%
  41  AT4G09960.4|SEEDSTICK|STK|Length_329        57.05%    passed     13.19%
  42  AT3G58780.4|SHATTERPROOF1|SHP1|Length_281   63.32%    passed     59.24%
  43  AT2G42830.2|SHATTERPROOF2|SHP2|Length_248   67.62%    passed     61.31%
  44  AT5G15800.2|SEPALLATA1|SEP1|Length_262      65.80%    passed     27.04%
  45  AT3G02310.1|SEPALLATA2|SEP2|Length_250      67.36%    passed     43.70%
  46  AT1G24260.2|SEPALLATA3|SEP3|Length_251      67.23%    passed     71.57%
  47  AT2G03710.1|SEPALLATA4|SEP4|Length_258      66.32%    passed     91.78%
WARNING: 46 sequences contain more than 50% gaps/ambiguity
****  TOTAL                                       66.81%  4 sequences failed composition chi2 test (p-value<5%; df=19)

Create initial parsimony tree by phylogenetic likelihood library (PLL)... 0.007 seconds
Generating 1000 samples for ultrafast bootstrap (seed: 575987)...

NOTE: 20 MB RAM (0 GB) is required!
Measuring multi-threading efficiency up to 10 CPU cores
Increase to 10 rounds for branch lengths
7 trees examined
Threads: 1 / Time: 10.684 sec / Speedup: 1.000 / Efficiency: 100% / LogL: -23783
Threads: 2 / Time: 6.686 sec / Speedup: 1.598 / Efficiency: 80% / LogL: -23783
Threads: 3 / Time: 4.846 sec / Speedup: 2.205 / Efficiency: 73% / LogL: -23783
Threads: 4 / Time: 4.578 sec / Speedup: 2.334 / Efficiency: 58% / LogL: -23783
Threads: 5 / Time: 4.621 sec / Speedup: 2.312 / Efficiency: 46% / LogL: -23783
BEST NUMBER OF THREADS: 4

Estimate model parameters (epsilon = 0.100)
1. Initial log-likelihood: -21927.498
2. Current log-likelihood: -20268.259
3. Current log-likelihood: -20235.597
4. Current log-likelihood: -20231.603
5. Current log-likelihood: -20230.733
6. Current log-likelihood: -20230.543
Optimal log-likelihood: -20230.480
Gamma shape alpha: 0.933
Parameters optimization took 6 rounds (2.409 sec)
Wrote distance file to... 
Computing ML distances based on estimated model parameters...
Calculating distance matrix: done in 0.197476 secs using 386.5% CPU
Computing ML distances took 0.197665 sec (of wall-clock time) 0.763396 sec (of CPU time)
WARNING: Some pairwise ML distances are too long (saturated)
Setting up auxiliary I and S matrices: done in 0.000135899 secs using 172.2% CPU
Computing RapidNJ tree took 0.003329 sec (of wall-clock time) 0.002358 sec (of CPU time)
Log-likelihood of RapidNJ tree: -20239.477
--------------------------------------------------------------------
|             INITIALIZING CANDIDATE TREE SET                      |
--------------------------------------------------------------------
Generating 98 parsimony trees... 0.819 second
Computing log-likelihood of 98 initial trees ... 7.774 seconds
Current best score: -20230.480

Do NNI search on 20 best initial trees
Estimate model parameters (epsilon = 0.100)
BETTER TREE FOUND at iteration 1: -20200.127
Estimate model parameters (epsilon = 0.100)
BETTER TREE FOUND at iteration 3: -20196.395
Estimate model parameters (epsilon = 0.100)
BETTER TREE FOUND at iteration 7: -20195.945
Iteration 10 / LogL: -20201.304 / Time: 0h:1m:6s
Iteration 20 / LogL: -20200.155 / Time: 0h:1m:31s
Finish initializing candidate tree set (18)
Current best tree score: -20195.945 / CPU time: 56.406
Number of iterations: 20
--------------------------------------------------------------------
|               OPTIMIZING CANDIDATE TREE SET                      |
--------------------------------------------------------------------
Estimate model parameters (epsilon = 0.100)
BETTER TREE FOUND at iteration 28: -20195.738
Iteration 30 / LogL: -20196.380 / Time: 0h:1m:48s (0h:6m:5s left)
Iteration 40 / LogL: -20195.748 / Time: 0h:2m:7s (0h:4m:48s left)
Iteration 50 / LogL: -20195.769 / Time: 0h:2m:25s (0h:3m:51s left)
Log-likelihood cutoff on original alignment: -20229.777
Iteration 60 / LogL: -20195.746 / Time: 0h:2m:43s (0h:3m:8s left)
Iteration 70 / LogL: -20197.673 / Time: 0h:3m:1s (0h:2m:32s left)
Iteration 80 / LogL: -20195.854 / Time: 0h:3m:22s (0h:2m:2s left)
Iteration 90 / LogL: -20200.664 / Time: 0h:3m:41s (0h:1m:34s left)
Iteration 100 / LogL: -20196.316 / Time: 0h:3m:58s (0h:1m:7s left)
Log-likelihood cutoff on original alignment: -20228.549
NOTE: Bootstrap correlation coefficient of split occurrence frequencies: 0.999
Iteration 110 / LogL: -20195.973 / Time: 0h:4m:17s (0h:3m:32s left)
Iteration 120 / LogL: -20196.362 / Time: 0h:4m:33s (0h:3m:4s left)
TREE SEARCH COMPLETED AFTER 129 ITERATIONS / Time: 0h:4m:52s

--------------------------------------------------------------------
|                    FINALIZING TREE SEARCH                        |
--------------------------------------------------------------------
Performs final model parameters optimization
Estimate model parameters (epsilon = 0.010)
1. Initial log-likelihood: -20195.738
Optimal log-likelihood: -20195.737
Gamma shape alpha: 0.947
Parameters optimization took 1 rounds (0.224 sec)
BEST SCORE FOUND : -20195.737
Creating bootstrap support values...
Split supports printed to NEXUS file /Users/bushrakhan/Desktop/NIPGR-data/MADS-box-Evolutionary-gene-detection/Advanced_Phylogenetic_Pipeline/Uploads/Final_Portfolio_Refined/Trees/Prunus_persica_MAFFT.splits.nex
Total tree length: 42.916

Total number of iterations: 129
CPU time used for tree search: 718.850 sec (0h:11m:58s)
Wall-clock time used for tree search: 257.792 sec (0h:4m:17s)
Total CPU time used: 789.300 sec (0h:13m:9s)
Total wall-clock time used: 292.752 sec (0h:4m:52s)

Computing bootstrap consensus tree...
Reading input file /Users/bushrakhan/Desktop/NIPGR-data/MADS-box-Evolutionary-gene-detection/Advanced_Phylogenetic_Pipeline/Uploads/Final_Portfolio_Refined/Trees/Prunus_persica_MAFFT.splits.nex...
47 taxa and 362 splits.
Consensus tree written to /Users/bushrakhan/Desktop/NIPGR-data/MADS-box-Evolutionary-gene-detection/Advanced_Phylogenetic_Pipeline/Uploads/Final_Portfolio_Refined/Trees/Prunus_persica_MAFFT.contree
Reading input trees file /Users/bushrakhan/Desktop/NIPGR-data/MADS-box-Evolutionary-gene-detection/Advanced_Phylogenetic_Pipeline/Uploads/Final_Portfolio_Refined/Trees/Prunus_persica_MAFFT.contree
Log-likelihood of consensus tree: -20196.390

Analysis results written to: 
  IQ-TREE report:                /Users/bushrakhan/Desktop/NIPGR-data/MADS-box-Evolutionary-gene-detection/Advanced_Phylogenetic_Pipeline/Uploads/Final_Portfolio_Refined/Trees/Prunus_persica_MAFFT.iqtree
  Maximum-likelihood tree:       /Users/bushrakhan/Desktop/NIPGR-data/MADS-box-Evolutionary-gene-detection/Advanced_Phylogenetic_Pipeline/Uploads/Final_Portfolio_Refined/Trees/Prunus_persica_MAFFT.treefile
  Likelihood distances:          /Users/bushrakhan/Desktop/NIPGR-data/MADS-box-Evolutionary-gene-detection/Advanced_Phylogenetic_Pipeline/Uploads/Final_Portfolio_Refined/Trees/Prunus_persica_MAFFT.mldist

Ultrafast bootstrap approximation results written to:
  Split support values:          /Users/bushrakhan/Desktop/NIPGR-data/MADS-box-Evolutionary-gene-detection/Advanced_Phylogenetic_Pipeline/Uploads/Final_Portfolio_Refined/Trees/Prunus_persica_MAFFT.splits.nex
  Consensus tree:                /Users/bushrakhan/Desktop/NIPGR-data/MADS-box-Evolutionary-gene-detection/Advanced_Phylogenetic_Pipeline/Uploads/Final_Portfolio_Refined/Trees/Prunus_persica_MAFFT.contree
  Screen log file:               /Users/bushrakhan/Desktop/NIPGR-data/MADS-box-Evolutionary-gene-detection/Advanced_Phylogenetic_Pipeline/Uploads/Final_Portfolio_Refined/Trees/Prunus_persica_MAFFT.log

Date and Time: Fri Apr 10 06:17:49 2026
